orbit/sw11_000/ L=(107 54 161) R=(93 26 119) P=(136 86 222) TOTAL=502
*** NEW ORBIT BEST 502 (orbit/sw11_000/) vs published 341 / prior 365 ***
orbit/sw11_001/ L=(106 44 150) R=(89 30 119) P=(139 87 226) TOTAL=495
*** NEW ORBIT BEST 495 (orbit/sw11_001/) vs published 341 / prior 365 ***
orbit/sw11_002/ L=(106 38 144) R=(88 44 132) P=(142 89 231) TOTAL=507
orbit/sw11_003/ L=(108 16 124) R=(88 40 128) P=(140 83 223) TOTAL=475
*** NEW ORBIT BEST 475 (orbit/sw11_003/) vs published 341 / prior 365 ***
orbit/sw11_004/ L=(106 19 125) R=(89 22 111) P=(136 74 210) TOTAL=446
*** NEW ORBIT BEST 446 (orbit/sw11_004/) vs published 341 / prior 365 ***
orbit/sw11_005/ L=(105 42 147) R=(88 18 106) P=(141 67 208) TOTAL=461
orbit/sw11_006/ L=(106 8 114) R=(94 4 98) P=(143 67 210) TOTAL=422
*** NEW ORBIT BEST 422 (orbit/sw11_006/) vs published 341 / prior 365 ***
orbit/sw11_007/ L=(106 36 142) R=(91 31 122) P=(142 77 219) TOTAL=483
orbit/sw11_008/ L=(107 33 140) R=(89 33 122) P=(140 85 225) TOTAL=487
orbit/sw11_009/ L=(106 35 141) R=(89 44 133) P=(137 85 222) TOTAL=496
orbit/sw11_010/ L=(106 30 136) R=(91 27 118) P=(139 80 219) TOTAL=473
orbit/sw11_011/ L=(108 18 126) R=(86 25 111) P=(143 72 215) TOTAL=452
orbit/sw11_012/ L=(106 23 129) R=(88 18 106) P=(145 65 210) TOTAL=445
orbit/sw11_013/ L=(105 35 140) R=(92 41 133) P=(147 83 230) TOTAL=503
orbit/sw11_014/ L=(108 49 157) R=(88 51 139) P=(135 94 229) TOTAL=525
orbit/sw11_015/ L=(106 31 137) R=(91 45 136) P=(139 85 224) TOTAL=497
orbit/sw11_016/ L=(106 30 136) R=(86 43 129) P=(142 88 230) TOTAL=495
orbit/sw11_017/ L=(106 37 143) R=(88 43 131) P=(138 89 227) TOTAL=501
orbit/sw11_018/ L=(105 30 135) R=(90 46 136) P=(138 84 222) TOTAL=493
orbit/sw11_019/ L=(106 24 130) R=(90 36 126) P=(134 78 212) TOTAL=468
orbit/sw11_020/ L=(106 25 131) R=(89 49 138) P=(136 84 220) TOTAL=489
orbit/sw11_021/ L=(108 29 137) R=(90 41 131) P=(145 77 222) TOTAL=490
orbit/sw11_022/ L=(106 54 160) R=(83 39 122) P=(142 98 240) TOTAL=522
orbit/sw11_023/ L=(106 27 133) R=(84 12 96) P=(139 66 205) TOTAL=434
orbit/sw11_024/ L=(107 25 132) R=(88 19 107) P=(138 71 209) TOTAL=448
orbit/sw11_025/ L=(107 33 140) R=(88 43 131) P=(146 80 226) TOTAL=497
orbit/sw11_026/ L=(107 54 161) R=(87 48 135) P=(131 91 222) TOTAL=518
orbit/sw11_027/ L=(106 48 154) R=(88 41 129) P=(143 85 228) TOTAL=511
orbit/sw11_028/ L=(106 33 139) R=(94 31 125) P=(143 79 222) TOTAL=486
orbit/sw11_029/ L=(107 40 147) R=(94 18 112) P=(139 75 214) TOTAL=473
orbit/sw11_030/ L=(106 38 144) R=(88 32 120) P=(140 76 216) TOTAL=480
orbit/sw11_031/ L=(105 46 151) R=(89 53 142) P=(144 87 231) TOTAL=524
orbit/sw11_032/ L=(107 51 158) R=(94 29 123) P=(140 70 210) TOTAL=491
orbit/sw11_033/ L=(104 38 142) R=(89 32 121) P=(144 86 230) TOTAL=493
orbit/sw11_034/ L=(106 8 114) R=(88 17 105) P=(138 68 206) TOTAL=425
orbit/sw11_035/ L=(105 22 127) R=(90 17 107) P=(143 66 209) TOTAL=443
orbit/sw11_036/ L=(105 31 136) R=(85 34 119) P=(142 80 222) TOTAL=477
orbit/sw11_037/ L=(106 36 142) R=(86 38 124) P=(142 90 232) TOTAL=498
orbit/sw11_038/ L=(106 50 156) R=(88 39 127) P=(142 97 239) TOTAL=522
orbit/sw11_039/ L=(107 8 115) R=(86 27 113) P=(137 61 198) TOTAL=426
orbit sweep done: best 422 (published 341; prior ours 365)
