c parsed 21546 variables, 85293 clauses
c hydra_satsuma: structure analysis (xor stage)…
c hydra_satsuma: xor stage: 10935 XOR(s), 729 var(s) GE-forced — ignored in certified mode (585.4ms)
c hydra_satsuma: no Cook shape -> satsuma-iter+kissat (docker) budget=1798s
c hydra_satsuma: satsuma-iter+kissat time 5s / budget 1798s
c hydra_satsuma: satsuma-iter+kissat time 10s / budget 1798s
c hydra_satsuma: satsuma-iter+kissat time 15s / budget 1798s
c hydra_satsuma: satsuma-iter+kissat time 20s / budget 1798s
c hydra_satsuma: satsuma-iter+kissat time 25s / budget 1798s
c hydra_satsuma: satsuma-iter+kissat time 30s / budget 1798s
c hydra_satsuma: satsuma-iter+kissat time 35s / budget 1798s
c hydra_satsuma: satsuma-iter+kissat time 40s / budget 1798s
c hydra_satsuma: satsuma-iter+kissat time 45s / budget 1798s
c hydra_satsuma: satsuma-iter+kissat time 50s / budget 1798s
c hydra_satsuma: satsuma-iter+kissat time 55s / budget 1798s
c hydra_satsuma: satsuma-iter+kissat time 61s / budget 1798s
c hydra_satsuma: satsuma-iter+kissat time 66s / budget 1798s
c hydra_satsuma: satsuma-iter+kissat time 71s / budget 1798s
c hydra_satsuma: satsuma-iter+kissat time 76s / budget 1798s
c hydra_satsuma: satsuma-iter+kissat time 81s / budget 1798s
c hydra_satsuma: satsuma-iter+kissat time 86s / budget 1798s
c hydra_satsuma: satsuma-iter+kissat time 91s / budget 1798s
c hydra_satsuma: satsuma-iter+kissat time 96s / budget 1798s
c hydra_satsuma: satsuma-iter+kissat time 101s / budget 1798s
c hydra_satsuma: satsuma-iter+kissat time 106s / budget 1798s
c hydra_satsuma: satsuma-iter+kissat time 111s / budget 1798s
c hydra_satsuma: satsuma-iter+kissat time 116s / budget 1798s
c hydra_satsuma: satsuma-iter+kissat time 121s / budget 1798s
c hydra_satsuma: satsuma-iter+kissat time 126s / budget 1798s
c hydra_satsuma: satsuma-iter+kissat time 131s / budget 1798s
c hydra_satsuma: satsuma-iter+kissat time 136s / budget 1798s
c hydra_satsuma: satsuma-iter+kissat time 141s / budget 1798s
c hydra_satsuma: satsuma-iter+kissat time 146s / budget 1798s
c hydra_satsuma: satsuma-iter+kissat time 151s / budget 1798s
c hydra_satsuma: satsuma-iter+kissat time 156s / budget 1798s
c hydra_satsuma: satsuma-iter+kissat time 161s / budget 1798s
c hydra_satsuma: satsuma-iter+kissat time 166s / budget 1798s
c hydra_satsuma: satsuma-iter+kissat time 171s / budget 1798s
c hydra_satsuma: satsuma-iter+kissat time 176s / budget 1798s
c hydra_satsuma: satsuma-iter+kissat time 181s / budget 1798s
c hydra_satsuma: satsuma-iter+kissat time 186s / budget 1798s
c hydra_satsuma: satsuma-iter+kissat time 191s / budget 1798s
c hydra_satsuma: satsuma-iter+kissat time 196s / budget 1798s
c hydra_satsuma: satsuma-iter+kissat time 201s / budget 1798s
c hydra_satsuma: satsuma-iter+kissat time 206s / budget 1798s
c hydra_satsuma: satsuma-iter+kissat time 212s / budget 1798s
c hydra_satsuma: satsuma-iter+kissat time 217s / budget 1798s
c hydra_satsuma: satsuma-iter+kissat time 222s / budget 1798s
c hydra_satsuma: satsuma-iter+kissat time 227s / budget 1798s
c hydra_satsuma: satsuma-iter+kissat time 232s / budget 1798s
c hydra_satsuma: satsuma-iter+kissat time 237s / budget 1798s
c hydra_satsuma: satsuma-iter+kissat time 242s / budget 1798s
c hydra_satsuma: satsuma-iter+kissat time 247s / budget 1798s
c hydra_satsuma: satsuma-iter+kissat time 252s / budget 1798s
c hydra_satsuma: satsuma-iter+kissat time 257s / budget 1798s
c hydra_satsuma: satsuma-iter+kissat time 262s / budget 1798s
c hydra_satsuma: satsuma-iter+kissat time 267s / budget 1798s
c hydra_satsuma: satsuma-iter+kissat time 272s / budget 1798s
c hydra_satsuma: satsuma-iter+kissat time 277s / budget 1798s
c hydra_satsuma: satsuma-iter+kissat time 282s / budget 1798s
c hydra_satsuma: satsuma-iter+kissat time 287s / budget 1798s
c hydra_satsuma: satsuma-iter+kissat time 292s / budget 1798s
c hydra_satsuma: satsuma-iter+kissat time 297s / budget 1798s
c hydra_satsuma: satsuma-iter+kissat time 302s / budget 1798s
c hydra_satsuma: satsuma-iter+kissat time 307s / budget 1798s
c hydra_satsuma: satsuma-iter+kissat time 312s / budget 1798s
c hydra_satsuma: satsuma-iter+kissat time 317s / budget 1798s
c hydra_satsuma: satsuma-iter+kissat time 322s / budget 1798s
c hydra_satsuma: satsuma-iter+kissat time 327s / budget 1798s
c hydra_satsuma: satsuma-iter+kissat time 332s / budget 1798s
c hydra_satsuma: satsuma-iter+kissat time 337s / budget 1798s
c hydra_satsuma: satsuma-iter+kissat time 342s / budget 1798s
c hydra_satsuma: satsuma-iter+kissat time 347s / budget 1798s
c hydra_satsuma: satsuma-iter+kissat time 352s / budget 1798s
c hydra_satsuma: satsuma-iter+kissat time 357s / budget 1798s
c hydra_satsuma: satsuma-iter+kissat time 363s / budget 1798s
c hydra_satsuma: satsuma-iter+kissat time 368s / budget 1798s
c hydra_satsuma: satsuma-iter+kissat time 373s / budget 1798s
c hydra_satsuma: satsuma-iter+kissat time 378s / budget 1798s
c hydra_satsuma: satsuma-iter+kissat time 383s / budget 1798s
c hydra_satsuma: satsuma-iter+kissat time 388s / budget 1798s
c hydra_satsuma: satsuma-iter+kissat time 393s / budget 1798s
c hydra_satsuma: satsuma-iter+kissat time 398s / budget 1798s
c hydra_satsuma: satsuma-iter+kissat time 403s / budget 1798s
c hydra_satsuma: satsuma-iter+kissat time 408s / budget 1798s
c hydra_satsuma: satsuma-iter+kissat time 413s / budget 1798s
c hydra_satsuma: satsuma-iter+kissat time 418s / budget 1798s
c hydra_satsuma: satsuma-iter+kissat time 423s / budget 1798s
c hydra_satsuma: satsuma-iter+kissat time 428s / budget 1798s
c hydra_satsuma: satsuma-iter+kissat time 433s / budget 1798s
c hydra_satsuma: satsuma-iter+kissat time 438s / budget 1798s
c hydra_satsuma: satsuma-iter+kissat time 443s / budget 1798s
c hydra_satsuma: satsuma-iter+kissat time 448s / budget 1798s
c hydra_satsuma: satsuma-iter+kissat time 453s / budget 1798s
c hydra_satsuma: satsuma-iter+kissat time 458s / budget 1798s
c hydra_satsuma: satsuma-iter+kissat time 463s / budget 1798s
c hydra_satsuma: satsuma-iter+kissat time 468s / budget 1798s
c hydra_satsuma: satsuma-iter+kissat time 473s / budget 1798s
c hydra_satsuma: satsuma-iter+kissat time 478s / budget 1798s
c hydra_satsuma: satsuma-iter+kissat time 483s / budget 1798s
c hydra_satsuma: satsuma-iter+kissat time 488s / budget 1798s
c hydra_satsuma: satsuma-iter+kissat time 493s / budget 1798s
c hydra_satsuma: satsuma-iter+kissat time 498s / budget 1798s
c hydra_satsuma: satsuma-iter+kissat time 503s / budget 1798s
c hydra_satsuma: satsuma-iter+kissat time 509s / budget 1798s
c hydra_satsuma: satsuma-iter+kissat time 514s / budget 1798s
c hydra_satsuma: satsuma-iter+kissat time 519s / budget 1798s
c hydra_satsuma: satsuma-iter+kissat time 524s / budget 1798s
c hydra_satsuma: satsuma-iter+kissat time 529s / budget 1798s
c hydra_satsuma: satsuma-iter+kissat time 534s / budget 1798s
c hydra_satsuma: satsuma-iter+kissat time 539s / budget 1798s
c hydra_satsuma: satsuma-iter+kissat time 544s / budget 1798s
c hydra_satsuma: satsuma-iter+kissat time 549s / budget 1798s
c hydra_satsuma: satsuma-iter+kissat time 554s / budget 1798s
c hydra_satsuma: satsuma-iter+kissat time 559s / budget 1798s
c hydra_satsuma: satsuma-iter+kissat time 564s / budget 1798s
c hydra_satsuma: satsuma-iter+kissat time 569s / budget 1798s
c hydra_satsuma: satsuma-iter+kissat time 574s / budget 1798s
c hydra_satsuma: satsuma-iter+kissat time 579s / budget 1798s
c hydra_satsuma: satsuma-iter+kissat time 584s / budget 1798s
c hydra_satsuma: satsuma-iter+kissat time 589s / budget 1798s
c hydra_satsuma: satsuma-iter+kissat time 594s / budget 1798s
c hydra_satsuma: satsuma-iter+kissat time 599s / budget 1798s
c hydra_satsuma: satsuma-iter+kissat time 604s / budget 1798s
c hydra_satsuma: satsuma-iter+kissat time 609s / budget 1798s
c hydra_satsuma: satsuma-iter+kissat time 614s / budget 1798s
c hydra_satsuma: satsuma-iter+kissat time 619s / budget 1798s
c hydra_satsuma: satsuma-iter+kissat time 624s / budget 1798s
c hydra_satsuma: satsuma-iter+kissat time 629s / budget 1798s
c hydra_satsuma: satsuma-iter+kissat time 634s / budget 1798s
c hydra_satsuma: satsuma-iter+kissat time 639s / budget 1798s
c hydra_satsuma: satsuma-iter+kissat time 644s / budget 1798s
c hydra_satsuma: satsuma-iter+kissat time 649s / budget 1798s
c hydra_satsuma: satsuma-iter+kissat time 655s / budget 1798s
c hydra_satsuma: satsuma-iter+kissat time 660s / budget 1798s
c hydra_satsuma: satsuma-iter+kissat time 665s / budget 1798s
c hydra_satsuma: satsuma-iter+kissat time 670s / budget 1798s
c hydra_satsuma: satsuma-iter+kissat time 675s / budget 1798s
c hydra_satsuma: satsuma-iter+kissat time 680s / budget 1798s
c hydra_satsuma: satsuma-iter+kissat time 685s / budget 1798s
c hydra_satsuma: satsuma-iter+kissat time 690s / budget 1798s
c hydra_satsuma: satsuma-iter+kissat time 695s / budget 1798s
c hydra_satsuma: satsuma-iter+kissat time 700s / budget 1798s
c hydra_satsuma: satsuma-iter+kissat time 705s / budget 1798s
c hydra_satsuma: satsuma-iter+kissat time 710s / budget 1798s
c hydra_satsuma: satsuma-iter+kissat time 715s / budget 1798s
c hydra_satsuma: satsuma-iter+kissat time 720s / budget 1798s
c hydra_satsuma: satsuma-iter+kissat time 725s / budget 1798s
c hydra_satsuma: satsuma-iter+kissat time 730s / budget 1798s
c hydra_satsuma: satsuma-iter+kissat time 735s / budget 1798s
c hydra_satsuma: satsuma-iter+kissat time 740s / budget 1798s
c hydra_satsuma: satsuma-iter+kissat time 745s / budget 1798s
c hydra_satsuma: satsuma-iter+kissat time 750s / budget 1798s
c hydra_satsuma: satsuma-iter+kissat time 755s / budget 1798s
c hydra_satsuma: satsuma-iter+kissat time 760s / budget 1798s
c hydra_satsuma: satsuma-iter+kissat time 765s / budget 1798s
c hydra_satsuma: satsuma-iter+kissat time 770s / budget 1798s
c hydra_satsuma: satsuma-iter+kissat time 775s / budget 1798s
c hydra_satsuma: satsuma-iter+kissat time 780s / budget 1798s
c hydra_satsuma: satsuma-iter+kissat time 785s / budget 1798s
c hydra_satsuma: satsuma-iter+kissat time 790s / budget 1798s
c hydra_satsuma: satsuma-iter+kissat time 795s / budget 1798s
c hydra_satsuma: satsuma-iter+kissat time 800s / budget 1798s
c hydra_satsuma: satsuma-iter+kissat time 805s / budget 1798s
c hydra_satsuma: satsuma-iter+kissat time 811s / budget 1798s
c hydra_satsuma: satsuma-iter+kissat time 816s / budget 1798s
c hydra_satsuma: satsuma-iter+kissat time 821s / budget 1798s
c hydra_satsuma: satsuma-iter+kissat time 826s / budget 1798s
c hydra_satsuma: satsuma-iter+kissat time 831s / budget 1798s
c hydra_satsuma: satsuma-iter+kissat time 836s / budget 1798s
c hydra_satsuma: satsuma-iter+kissat time 841s / budget 1798s
c hydra_satsuma: satsuma-iter+kissat time 846s / budget 1798s
c hydra_satsuma: satsuma-iter+kissat time 851s / budget 1798s
c hydra_satsuma: satsuma-iter+kissat time 856s / budget 1798s
c hydra_satsuma: satsuma-iter+kissat time 861s / budget 1798s
c hydra_satsuma: satsuma-iter+kissat time 866s / budget 1798s
c hydra_satsuma: satsuma-iter+kissat time 871s / budget 1798s
c hydra_satsuma: satsuma-iter+kissat time 876s / budget 1798s
c hydra_satsuma: satsuma-iter+kissat time 881s / budget 1798s
c hydra_satsuma: satsuma-iter+kissat time 886s / budget 1798s
c hydra_satsuma: satsuma-iter+kissat time 891s / budget 1798s
c hydra_satsuma: satsuma-iter+kissat time 896s / budget 1798s
c hydra_satsuma: satsuma-iter+kissat time 901s / budget 1798s
c hydra_satsuma: satsuma-iter+kissat time 906s / budget 1798s
c hydra_satsuma: satsuma-iter+kissat time 911s / budget 1798s
c hydra_satsuma: satsuma-iter+kissat time 916s / budget 1798s
c hydra_satsuma: satsuma-iter+kissat time 921s / budget 1798s
c hydra_satsuma: satsuma-iter+kissat time 926s / budget 1798s
c hydra_satsuma: satsuma-iter+kissat time 931s / budget 1798s
c hydra_satsuma: satsuma-iter+kissat time 936s / budget 1798s
c hydra_satsuma: satsuma-iter+kissat time 941s / budget 1798s
c hydra_satsuma: satsuma-iter+kissat time 946s / budget 1798s
c hydra_satsuma: satsuma-iter+kissat time 951s / budget 1798s
c hydra_satsuma: satsuma-iter+kissat time 956s / budget 1798s
c hydra_satsuma: satsuma-iter+kissat time 962s / budget 1798s
c hydra_satsuma: satsuma-iter+kissat time 967s / budget 1798s
c hydra_satsuma: satsuma-iter+kissat time 972s / budget 1798s
c hydra_satsuma: satsuma-iter+kissat time 977s / budget 1798s
c hydra_satsuma: satsuma-iter+kissat time 982s / budget 1798s
c hydra_satsuma: satsuma-iter+kissat time 987s / budget 1798s
c hydra_satsuma: satsuma-iter+kissat time 992s / budget 1798s
c hydra_satsuma: satsuma-iter+kissat time 997s / budget 1798s
c hydra_satsuma: satsuma-iter+kissat time 1002s / budget 1798s
c hydra_satsuma: satsuma-iter+kissat time 1007s / budget 1798s
c hydra_satsuma: satsuma-iter+kissat time 1012s / budget 1798s
c hydra_satsuma: satsuma-iter+kissat time 1017s / budget 1798s
c hydra_satsuma: satsuma-iter+kissat time 1022s / budget 1798s
c hydra_satsuma: satsuma-iter+kissat time 1027s / budget 1798s
c hydra_satsuma: satsuma-iter+kissat time 1032s / budget 1798s
c hydra_satsuma: satsuma-iter+kissat time 1037s / budget 1798s
c hydra_satsuma: satsuma-iter+kissat time 1042s / budget 1798s
c hydra_satsuma: satsuma-iter+kissat time 1047s / budget 1798s
c hydra_satsuma: satsuma-iter+kissat time 1052s / budget 1798s
c hydra_satsuma: satsuma-iter+kissat time 1057s / budget 1798s
c hydra_satsuma: satsuma-iter+kissat time 1062s / budget 1798s
c hydra_satsuma: satsuma-iter+kissat time 1067s / budget 1798s
c hydra_satsuma: satsuma-iter+kissat time 1072s / budget 1798s
c hydra_satsuma: satsuma-iter+kissat time 1077s / budget 1798s
c hydra_satsuma: satsuma-iter+kissat time 1082s / budget 1798s
c hydra_satsuma: satsuma-iter+kissat time 1087s / budget 1798s
c hydra_satsuma: satsuma-iter+kissat time 1092s / budget 1798s
c hydra_satsuma: satsuma-iter+kissat time 1097s / budget 1798s
c hydra_satsuma: satsuma-iter+kissat time 1102s / budget 1798s
c hydra_satsuma: satsuma-iter+kissat time 1108s / budget 1798s
c hydra_satsuma: satsuma-iter+kissat time 1113s / budget 1798s
c hydra_satsuma: satsuma-iter+kissat time 1118s / budget 1798s
c hydra_satsuma: satsuma-iter+kissat time 1123s / budget 1798s
c hydra_satsuma: satsuma-iter+kissat time 1128s / budget 1798s
c hydra_satsuma: satsuma-iter+kissat time 1133s / budget 1798s
c hydra_satsuma: satsuma-iter+kissat time 1138s / budget 1798s
c hydra_satsuma: satsuma-iter+kissat time 1143s / budget 1798s
c hydra_satsuma: satsuma-iter+kissat time 1148s / budget 1798s
c hydra_satsuma: satsuma-iter+kissat time 1153s / budget 1798s
c hydra_satsuma: satsuma-iter+kissat time 1158s / budget 1798s
c hydra_satsuma: satsuma-iter+kissat time 1163s / budget 1798s
c hydra_satsuma: satsuma-iter+kissat time 1168s / budget 1798s
c hydra_satsuma: satsuma-iter+kissat time 1173s / budget 1798s
c hydra_satsuma: satsuma-iter+kissat time 1178s / budget 1798s
c hydra_satsuma: satsuma-iter+kissat time 1183s / budget 1798s
c hydra_satsuma: satsuma-iter+kissat time 1188s / budget 1798s
c hydra_satsuma: satsuma-iter+kissat time 1193s / budget 1798s
c hydra_satsuma: satsuma-iter+kissat time 1198s / budget 1798s
c hydra_satsuma: satsuma-iter+kissat time 1203s / budget 1798s
c hydra_satsuma: satsuma-iter+kissat time 1208s / budget 1798s
c hydra_satsuma: satsuma-iter+kissat time 1213s / budget 1798s
c hydra_satsuma: satsuma-iter+kissat time 1218s / budget 1798s
c hydra_satsuma: satsuma-iter+kissat time 1223s / budget 1798s
c hydra_satsuma: satsuma-iter+kissat time 1228s / budget 1798s
c hydra_satsuma: satsuma-iter+kissat time 1233s / budget 1798s
c hydra_satsuma: satsuma-iter+kissat time 1238s / budget 1798s
c hydra_satsuma: satsuma-iter+kissat time 1243s / budget 1798s
c hydra_satsuma: satsuma-iter+kissat time 1248s / budget 1798s
c hydra_satsuma: satsuma-iter+kissat time 1253s / budget 1798s
c hydra_satsuma: satsuma-iter+kissat time 1258s / budget 1798s
c hydra_satsuma: satsuma-iter+kissat time 1263s / budget 1798s
c hydra_satsuma: satsuma-iter+kissat time 1269s / budget 1798s
c hydra_satsuma: satsuma-iter+kissat time 1274s / budget 1798s
c hydra_satsuma: satsuma-iter+kissat time 1279s / budget 1798s
c hydra_satsuma: satsuma-iter+kissat time 1284s / budget 1798s
c hydra_satsuma: satsuma-iter+kissat time 1289s / budget 1798s
c hydra_satsuma: satsuma-iter+kissat time 1294s / budget 1798s
c hydra_satsuma: satsuma-iter+kissat time 1299s / budget 1798s
c hydra_satsuma: satsuma-iter+kissat time 1304s / budget 1798s
c hydra_satsuma: satsuma-iter+kissat time 1309s / budget 1798s
c hydra_satsuma: satsuma-iter+kissat time 1314s / budget 1798s
c hydra_satsuma: satsuma-iter+kissat time 1319s / budget 1798s
c hydra_satsuma: satsuma-iter+kissat time 1324s / budget 1798s
c hydra_satsuma: satsuma-iter+kissat time 1329s / budget 1798s
c hydra_satsuma: satsuma-iter+kissat time 1334s / budget 1798s
c hydra_satsuma: satsuma-iter+kissat time 1339s / budget 1798s
c hydra_satsuma: satsuma-iter+kissat time 1344s / budget 1798s
c hydra_satsuma: satsuma-iter+kissat time 1349s / budget 1798s
c hydra_satsuma: satsuma-iter+kissat time 1354s / budget 1798s
c hydra_satsuma: satsuma-iter+kissat time 1359s / budget 1798s
c hydra_satsuma: satsuma-iter+kissat time 1364s / budget 1798s
c hydra_satsuma: satsuma-iter+kissat time 1369s / budget 1798s
c hydra_satsuma: satsuma-iter+kissat time 1374s / budget 1798s
c hydra_satsuma: satsuma-iter+kissat time 1379s / budget 1798s
c hydra_satsuma: satsuma-iter+kissat time 1384s / budget 1798s
c hydra_satsuma: satsuma-iter+kissat time 1389s / budget 1798s
c hydra_satsuma: satsuma-iter+kissat time 1394s / budget 1798s
c hydra_satsuma: satsuma-iter+kissat time 1399s / budget 1798s
c hydra_satsuma: satsuma-iter+kissat time 1404s / budget 1798s
c hydra_satsuma: satsuma-iter+kissat time 1409s / budget 1798s
c hydra_satsuma: satsuma-iter+kissat time 1414s / budget 1798s
c hydra_satsuma: satsuma-iter+kissat time 1419s / budget 1798s
c hydra_satsuma: satsuma-iter+kissat time 1424s / budget 1798s
c hydra_satsuma: satsuma-iter+kissat time 1429s / budget 1798s
c hydra_satsuma: satsuma-iter+kissat time 1435s / budget 1798s
c hydra_satsuma: satsuma-iter+kissat time 1440s / budget 1798s
c hydra_satsuma: satsuma-iter+kissat time 1445s / budget 1798s
c hydra_satsuma: satsuma-iter+kissat time 1450s / budget 1798s
c hydra_satsuma: satsuma-iter+kissat time 1455s / budget 1798s
c hydra_satsuma: satsuma-iter+kissat time 1460s / budget 1798s
c hydra_satsuma: satsuma-iter+kissat time 1465s / budget 1798s
c hydra_satsuma: satsuma-iter+kissat time 1470s / budget 1798s
c hydra_satsuma: satsuma-iter+kissat time 1475s / budget 1798s
c hydra_satsuma: satsuma-iter+kissat time 1480s / budget 1798s
c hydra_satsuma: satsuma-iter+kissat time 1485s / budget 1798s
c hydra_satsuma: satsuma-iter+kissat time 1490s / budget 1798s
c hydra_satsuma: satsuma-iter+kissat time 1495s / budget 1798s
c hydra_satsuma: satsuma-iter+kissat time 1500s / budget 1798s
c hydra_satsuma: satsuma-iter+kissat time 1505s / budget 1798s
c hydra_satsuma: satsuma-iter+kissat time 1510s / budget 1798s
c hydra_satsuma: satsuma-iter+kissat time 1515s / budget 1798s
c hydra_satsuma: satsuma-iter+kissat time 1520s / budget 1798s
c hydra_satsuma: satsuma-iter+kissat time 1525s / budget 1798s
c hydra_satsuma: satsuma-iter+kissat time 1530s / budget 1798s
c hydra_satsuma: satsuma-iter+kissat time 1535s / budget 1798s
c hydra_satsuma: satsuma-iter+kissat time 1540s / budget 1798s
c hydra_satsuma: satsuma-iter+kissat time 1545s / budget 1798s
c hydra_satsuma: satsuma-iter+kissat time 1550s / budget 1798s
c hydra_satsuma: satsuma-iter+kissat time 1555s / budget 1798s
c hydra_satsuma: satsuma-iter+kissat time 1560s / budget 1798s
c hydra_satsuma: satsuma-iter+kissat time 1565s / budget 1798s
c hydra_satsuma: satsuma-iter+kissat time 1570s / budget 1798s
c hydra_satsuma: satsuma-iter+kissat time 1575s / budget 1798s
c hydra_satsuma: satsuma-iter+kissat time 1580s / budget 1798s
c hydra_satsuma: satsuma-iter+kissat time 1586s / budget 1798s
c hydra_satsuma: satsuma-iter+kissat time 1591s / budget 1798s
c hydra_satsuma: satsuma-iter+kissat time 1596s / budget 1798s
c hydra_satsuma: satsuma-iter+kissat time 1601s / budget 1798s
c hydra_satsuma: satsuma-iter+kissat time 1606s / budget 1798s
c hydra_satsuma: satsuma-iter+kissat time 1611s / budget 1798s
c hydra_satsuma: satsuma-iter+kissat time 1616s / budget 1798s
c hydra_satsuma: satsuma-iter+kissat time 1621s / budget 1798s
c hydra_satsuma: satsuma-iter+kissat time 1626s / budget 1798s
c hydra_satsuma: satsuma-iter+kissat time 1631s / budget 1798s
c hydra_satsuma: satsuma-iter+kissat time 1636s / budget 1798s
c hydra_satsuma: satsuma-iter+kissat time 1641s / budget 1798s
c hydra_satsuma: satsuma-iter+kissat time 1646s / budget 1798s
c hydra_satsuma: satsuma-iter+kissat time 1651s / budget 1798s
c hydra_satsuma: satsuma-iter+kissat time 1656s / budget 1798s
c hydra_satsuma: satsuma-iter+kissat time 1661s / budget 1798s
c hydra_satsuma: satsuma-iter+kissat time 1666s / budget 1798s
c hydra_satsuma: satsuma-iter+kissat time 1671s / budget 1798s
c hydra_satsuma: satsuma-iter+kissat time 1676s / budget 1798s
c hydra_satsuma: satsuma-iter+kissat time 1681s / budget 1798s
c hydra_satsuma: satsuma-iter+kissat time 1686s / budget 1798s
c hydra_satsuma: satsuma-iter+kissat time 1691s / budget 1798s
c hydra_satsuma: satsuma-iter+kissat time 1696s / budget 1798s
c hydra_satsuma: satsuma-iter+kissat time 1701s / budget 1798s
c hydra_satsuma: satsuma-iter+kissat time 1706s / budget 1798s
c hydra_satsuma: satsuma-iter+kissat time 1711s / budget 1798s
c hydra_satsuma: satsuma-iter+kissat time 1716s / budget 1798s
c hydra_satsuma: satsuma-iter+kissat time 1721s / budget 1798s
c hydra_satsuma: satsuma-iter+kissat time 1726s / budget 1798s
c hydra_satsuma: satsuma-iter+kissat time 1731s / budget 1798s
c hydra_satsuma: satsuma-iter+kissat time 1736s / budget 1798s
c hydra_satsuma: satsuma-iter+kissat time 1742s / budget 1798s
c hydra_satsuma: satsuma-iter+kissat time 1747s / budget 1798s
c hydra_satsuma: satsuma-iter+kissat time 1752s / budget 1798s
c hydra_satsuma: satsuma-iter+kissat time 1757s / budget 1798s
c hydra_satsuma: satsuma-iter+kissat time 1762s / budget 1798s
c hydra_satsuma: satsuma-iter+kissat time 1767s / budget 1798s
c hydra_satsuma: satsuma-iter+kissat time 1772s / budget 1798s
c hydra_satsuma: satsuma-iter+kissat time 1777s / budget 1798s
c hydra_satsuma: satsuma-iter+kissat time 1782s / budget 1798s
c hydra_satsuma: satsuma-iter+kissat time 1787s / budget 1798s
c hydra_satsuma: satsuma-iter+kissat time 1792s / budget 1798s
c hydra_satsuma: satsuma-iter+kissat time 1797s / budget 1798s
c TIMEOUT after 1799396.4ms
c hydra_satsuma: satsuma-iter+kissat reached no verdict (timeout/unknown; includes an in-container OOM kill under --satsuma-mem-gb)
c hydra_satsuma: container-out: c Running satsuma on /work/f.cnf
EXIT=0
