c parsed 11151 variables, 44469 clauses
c hydra_satsuma: structure analysis (xor stage)…
c hydra_satsuma: xor stage: 5832 XOR(s), 729 var(s) GE-forced — ignored in certified mode (60.0ms)
c hydra_satsuma: no Cook shape -> satsuma-iter+kissat (docker) budget=7198s
c hydra_satsuma: satsuma-iter+kissat time 5s / budget 7198s
c hydra_satsuma: satsuma-iter+kissat time 10s / budget 7198s
c hydra_satsuma: satsuma-iter+kissat time 15s / budget 7198s
c hydra_satsuma: satsuma-iter+kissat time 20s / budget 7198s
c hydra_satsuma: satsuma-iter+kissat time 25s / budget 7198s
c hydra_satsuma: satsuma-iter+kissat time 30s / budget 7198s
c hydra_satsuma: satsuma-iter+kissat time 35s / budget 7198s
c hydra_satsuma: satsuma-iter+kissat time 40s / budget 7198s
c hydra_satsuma: satsuma-iter+kissat time 45s / budget 7198s
c hydra_satsuma: satsuma-iter+kissat time 50s / budget 7198s
c hydra_satsuma: satsuma-iter+kissat time 55s / budget 7198s
c hydra_satsuma: satsuma-iter+kissat time 60s / budget 7198s
c hydra_satsuma: satsuma-iter+kissat time 65s / budget 7198s
c hydra_satsuma: satsuma-iter+kissat time 71s / budget 7198s
c hydra_satsuma: satsuma-iter+kissat time 76s / budget 7198s
c hydra_satsuma: satsuma-iter+kissat time 81s / budget 7198s
c hydra_satsuma: satsuma-iter+kissat time 86s / budget 7198s
c hydra_satsuma: satsuma-iter+kissat time 91s / budget 7198s
c hydra_satsuma: satsuma-iter+kissat time 96s / budget 7198s
c hydra_satsuma: satsuma-iter+kissat time 101s / budget 7198s
c hydra_satsuma: satsuma-iter+kissat time 106s / budget 7198s
c hydra_satsuma: satsuma-iter+kissat time 111s / budget 7198s
c hydra_satsuma: satsuma-iter+kissat time 116s / budget 7198s
c hydra_satsuma: satsuma-iter+kissat time 121s / budget 7198s
c hydra_satsuma: satsuma-iter+kissat time 126s / budget 7198s
c hydra_satsuma: satsuma-iter+kissat time 131s / budget 7198s
c hydra_satsuma: satsuma-iter+kissat time 137s / budget 7198s
c hydra_satsuma: satsuma-iter+kissat time 142s / budget 7198s
c hydra_satsuma: satsuma-iter+kissat time 147s / budget 7198s
c hydra_satsuma: satsuma-iter+kissat time 152s / budget 7198s
c hydra_satsuma: satsuma-iter+kissat time 157s / budget 7198s
c hydra_satsuma: satsuma-iter+kissat time 162s / budget 7198s
c hydra_satsuma: satsuma-iter+kissat time 167s / budget 7198s
c hydra_satsuma: satsuma-iter+kissat time 172s / budget 7198s
c hydra_satsuma: satsuma-iter+kissat time 177s / budget 7198s
c hydra_satsuma: satsuma-iter+kissat time 182s / budget 7198s
c hydra_satsuma: satsuma-iter+kissat time 187s / budget 7198s
c hydra_satsuma: satsuma-iter+kissat time 192s / budget 7198s
c hydra_satsuma: satsuma-iter+kissat time 197s / budget 7198s
c hydra_satsuma: satsuma-iter+kissat time 202s / budget 7198s
c hydra_satsuma: satsuma-iter+kissat time 208s / budget 7198s
c hydra_satsuma: satsuma-iter+kissat time 213s / budget 7198s
c hydra_satsuma: satsuma-iter+kissat time 218s / budget 7198s
c hydra_satsuma: satsuma-iter+kissat time 223s / budget 7198s
c hydra_satsuma: satsuma-iter+kissat time 228s / budget 7198s
c hydra_satsuma: satsuma-iter+kissat time 233s / budget 7198s
c hydra_satsuma: satsuma-iter+kissat time 238s / budget 7198s
c hydra_satsuma: satsuma-iter+kissat time 243s / budget 7198s
c hydra_satsuma: satsuma-iter+kissat time 248s / budget 7198s
c hydra_satsuma: satsuma-iter+kissat time 253s / budget 7198s
c hydra_satsuma: satsuma-iter+kissat time 258s / budget 7198s
c hydra_satsuma: satsuma-iter+kissat time 263s / budget 7198s
c hydra_satsuma: satsuma-iter+kissat time 268s / budget 7198s
c hydra_satsuma: satsuma-iter+kissat time 274s / budget 7198s
c hydra_satsuma: satsuma-iter+kissat time 279s / budget 7198s
c hydra_satsuma: satsuma-iter+kissat time 284s / budget 7198s
c hydra_satsuma: satsuma-iter+kissat time 289s / budget 7198s
c hydra_satsuma: satsuma-iter+kissat time 294s / budget 7198s
c hydra_satsuma: satsuma-iter+kissat time 299s / budget 7198s
c hydra_satsuma: satsuma-iter+kissat time 304s / budget 7198s
c hydra_satsuma: satsuma-iter+kissat time 309s / budget 7198s
c hydra_satsuma: satsuma-iter+kissat time 314s / budget 7198s
c hydra_satsuma: satsuma-iter+kissat time 319s / budget 7198s
c hydra_satsuma: satsuma-iter+kissat time 324s / budget 7198s
c hydra_satsuma: satsuma-iter+kissat time 329s / budget 7198s
c hydra_satsuma: satsuma-iter+kissat time 334s / budget 7198s
c hydra_satsuma: satsuma-iter+kissat time 340s / budget 7198s
c hydra_satsuma: satsuma-iter+kissat time 345s / budget 7198s
c hydra_satsuma: satsuma-iter+kissat time 350s / budget 7198s
c hydra_satsuma: satsuma-iter+kissat time 355s / budget 7198s
c hydra_satsuma: satsuma-iter+kissat time 360s / budget 7198s
c hydra_satsuma: satsuma-iter+kissat time 365s / budget 7198s
c hydra_satsuma: satsuma-iter+kissat time 370s / budget 7198s
c hydra_satsuma: satsuma-iter+kissat time 375s / budget 7198s
c hydra_satsuma: satsuma-iter+kissat time 380s / budget 7198s
c hydra_satsuma: satsuma-iter+kissat time 385s / budget 7198s
c hydra_satsuma: satsuma-iter+kissat time 390s / budget 7198s
c hydra_satsuma: satsuma-iter+kissat time 395s / budget 7198s
c hydra_satsuma: satsuma-iter+kissat time 400s / budget 7198s
c hydra_satsuma: satsuma-iter+kissat time 405s / budget 7198s
c hydra_satsuma: satsuma-iter+kissat time 410s / budget 7198s
c hydra_satsuma: satsuma-iter+kissat time 416s / budget 7198s
c hydra_satsuma: satsuma-iter+kissat time 421s / budget 7198s
c hydra_satsuma: satsuma-iter+kissat time 426s / budget 7198s
c hydra_satsuma: satsuma-iter+kissat time 431s / budget 7198s
c hydra_satsuma: satsuma-iter+kissat time 436s / budget 7198s
c hydra_satsuma: satsuma-iter+kissat time 441s / budget 7198s
c hydra_satsuma: satsuma-iter+kissat time 446s / budget 7198s
c hydra_satsuma: satsuma-iter+kissat time 451s / budget 7198s
c hydra_satsuma: satsuma-iter+kissat time 456s / budget 7198s
c hydra_satsuma: satsuma-iter+kissat time 461s / budget 7198s
c hydra_satsuma: satsuma-iter+kissat time 466s / budget 7198s
c hydra_satsuma: satsuma-iter+kissat time 471s / budget 7198s
c hydra_satsuma: satsuma-iter+kissat time 476s / budget 7198s
c hydra_satsuma: satsuma-iter+kissat time 481s / budget 7198s
c hydra_satsuma: satsuma-iter+kissat time 486s / budget 7198s
c hydra_satsuma: satsuma-iter+kissat time 492s / budget 7198s
c hydra_satsuma: satsuma-iter+kissat time 497s / budget 7198s
c hydra_satsuma: satsuma-iter+kissat time 502s / budget 7198s
c hydra_satsuma: satsuma-iter+kissat time 507s / budget 7198s
c hydra_satsuma: satsuma-iter+kissat time 512s / budget 7198s
c hydra_satsuma: satsuma-iter+kissat time 517s / budget 7198s
c hydra_satsuma: satsuma-iter+kissat time 522s / budget 7198s
c hydra_satsuma: satsuma-iter+kissat time 527s / budget 7198s
c hydra_satsuma: satsuma-iter+kissat time 532s / budget 7198s
c hydra_satsuma: satsuma-iter+kissat time 537s / budget 7198s
c hydra_satsuma: satsuma-iter+kissat time 542s / budget 7198s
c hydra_satsuma: satsuma-iter+kissat time 547s / budget 7198s
c hydra_satsuma: satsuma-iter+kissat time 552s / budget 7198s
c hydra_satsuma: satsuma-iter+kissat time 557s / budget 7198s
c hydra_satsuma: satsuma-iter+kissat time 562s / budget 7198s
c hydra_satsuma: satsuma-iter+kissat time 567s / budget 7198s
c hydra_satsuma: satsuma-iter+kissat time 573s / budget 7198s
c hydra_satsuma: satsuma-iter+kissat time 578s / budget 7198s
c hydra_satsuma: satsuma-iter+kissat time 583s / budget 7198s
c hydra_satsuma: satsuma-iter+kissat time 588s / budget 7198s
c hydra_satsuma: satsuma-iter+kissat time 593s / budget 7198s
c hydra_satsuma: satsuma-iter+kissat time 598s / budget 7198s
c hydra_satsuma: satsuma-iter+kissat time 603s / budget 7198s
c hydra_satsuma: satsuma-iter+kissat time 608s / budget 7198s
c hydra_satsuma: satsuma-iter+kissat time 613s / budget 7198s
c hydra_satsuma: satsuma-iter+kissat time 618s / budget 7198s
c hydra_satsuma: satsuma-iter+kissat time 623s / budget 7198s
c hydra_satsuma: satsuma-iter+kissat time 628s / budget 7198s
c hydra_satsuma: satsuma-iter+kissat time 633s / budget 7198s
c hydra_satsuma: satsuma-iter+kissat time 638s / budget 7198s
c hydra_satsuma: satsuma-iter+kissat time 643s / budget 7198s
c hydra_satsuma: satsuma-iter+kissat time 648s / budget 7198s
c hydra_satsuma: satsuma-iter+kissat time 654s / budget 7198s
c hydra_satsuma: satsuma-iter+kissat time 659s / budget 7198s
c hydra_satsuma: satsuma-iter+kissat time 664s / budget 7198s
c hydra_satsuma: satsuma-iter+kissat time 669s / budget 7198s
c hydra_satsuma: satsuma-iter+kissat time 674s / budget 7198s
c hydra_satsuma: satsuma-iter+kissat time 679s / budget 7198s
c hydra_satsuma: satsuma-iter+kissat time 684s / budget 7198s
c hydra_satsuma: satsuma-iter+kissat time 689s / budget 7198s
c hydra_satsuma: satsuma-iter+kissat time 694s / budget 7198s
c hydra_satsuma: satsuma-iter+kissat time 699s / budget 7198s
c hydra_satsuma: satsuma-iter+kissat time 704s / budget 7198s
c hydra_satsuma: satsuma-iter+kissat time 709s / budget 7198s
c hydra_satsuma: satsuma-iter+kissat time 714s / budget 7198s
c hydra_satsuma: satsuma-iter+kissat time 719s / budget 7198s
c hydra_satsuma: satsuma-iter+kissat time 724s / budget 7198s
c hydra_satsuma: satsuma-iter+kissat time 729s / budget 7198s
c hydra_satsuma: satsuma-iter+kissat time 734s / budget 7198s
c hydra_satsuma: satsuma-iter+kissat time 740s / budget 7198s
c hydra_satsuma: satsuma-iter+kissat time 745s / budget 7198s
c hydra_satsuma: satsuma-iter+kissat time 750s / budget 7198s
c hydra_satsuma: satsuma-iter+kissat time 755s / budget 7198s
c hydra_satsuma: satsuma-iter+kissat time 760s / budget 7198s
c hydra_satsuma: satsuma-iter+kissat time 765s / budget 7198s
c hydra_satsuma: satsuma-iter+kissat time 770s / budget 7198s
c hydra_satsuma: satsuma-iter+kissat time 775s / budget 7198s
c hydra_satsuma: satsuma-iter+kissat time 780s / budget 7198s
c hydra_satsuma: satsuma-iter+kissat time 785s / budget 7198s
c hydra_satsuma: satsuma-iter+kissat time 790s / budget 7198s
c hydra_satsuma: satsuma-iter+kissat time 795s / budget 7198s
c hydra_satsuma: satsuma-iter+kissat time 800s / budget 7198s
c hydra_satsuma: satsuma-iter+kissat time 805s / budget 7198s
c hydra_satsuma: satsuma-iter+kissat time 810s / budget 7198s
c hydra_satsuma: satsuma-iter+kissat time 815s / budget 7198s
c hydra_satsuma: satsuma-iter+kissat time 821s / budget 7198s
c hydra_satsuma: satsuma-iter+kissat time 826s / budget 7198s
c hydra_satsuma: satsuma-iter+kissat time 831s / budget 7198s
c hydra_satsuma: satsuma-iter+kissat time 836s / budget 7198s
c hydra_satsuma: satsuma-iter+kissat time 841s / budget 7198s
c hydra_satsuma: satsuma-iter+kissat time 846s / budget 7198s
c hydra_satsuma: satsuma-iter+kissat time 851s / budget 7198s
c hydra_satsuma: satsuma-iter+kissat time 856s / budget 7198s
c hydra_satsuma: satsuma-iter+kissat time 861s / budget 7198s
c hydra_satsuma: satsuma-iter+kissat time 866s / budget 7198s
c hydra_satsuma: satsuma-iter+kissat time 871s / budget 7198s
c hydra_satsuma: satsuma-iter+kissat time 876s / budget 7198s
c hydra_satsuma: satsuma-iter+kissat time 881s / budget 7198s
c hydra_satsuma: satsuma-iter+kissat time 886s / budget 7198s
c hydra_satsuma: satsuma-iter+kissat time 891s / budget 7198s
c hydra_satsuma: satsuma-iter+kissat time 896s / budget 7198s
c hydra_satsuma: satsuma-iter+kissat time 902s / budget 7198s
c hydra_satsuma: satsuma-iter+kissat time 907s / budget 7198s
c hydra_satsuma: satsuma-iter+kissat time 912s / budget 7198s
c hydra_satsuma: satsuma-iter+kissat time 917s / budget 7198s
c hydra_satsuma: satsuma-iter+kissat time 922s / budget 7198s
c hydra_satsuma: satsuma-iter+kissat time 927s / budget 7198s
c hydra_satsuma: satsuma-iter+kissat time 932s / budget 7198s
c hydra_satsuma: satsuma-iter+kissat time 937s / budget 7198s
c hydra_satsuma: satsuma-iter+kissat time 942s / budget 7198s
c hydra_satsuma: satsuma-iter+kissat time 947s / budget 7198s
c hydra_satsuma: satsuma-iter+kissat time 952s / budget 7198s
c hydra_satsuma: satsuma-iter+kissat time 957s / budget 7198s
c hydra_satsuma: satsuma-iter+kissat time 962s / budget 7198s
c hydra_satsuma: satsuma-iter+kissat time 967s / budget 7198s
c hydra_satsuma: satsuma-iter+kissat time 972s / budget 7198s
c hydra_satsuma: satsuma-iter+kissat time 977s / budget 7198s
c hydra_satsuma: satsuma-iter+kissat time 982s / budget 7198s
c hydra_satsuma: satsuma-iter+kissat time 988s / budget 7198s
c hydra_satsuma: satsuma-iter+kissat time 993s / budget 7198s
c hydra_satsuma: satsuma-iter+kissat time 998s / budget 7198s
c hydra_satsuma: satsuma-iter+kissat time 1003s / budget 7198s
c hydra_satsuma: satsuma-iter+kissat time 1008s / budget 7198s
c hydra_satsuma: satsuma-iter+kissat time 1013s / budget 7198s
c hydra_satsuma: satsuma-iter+kissat time 1018s / budget 7198s
c hydra_satsuma: satsuma-iter+kissat time 1023s / budget 7198s
c hydra_satsuma: satsuma-iter+kissat time 1028s / budget 7198s
c hydra_satsuma: satsuma-iter+kissat time 1033s / budget 7198s
c hydra_satsuma: satsuma-iter+kissat time 1038s / budget 7198s
c hydra_satsuma: satsuma-iter+kissat time 1043s / budget 7198s
c hydra_satsuma: satsuma-iter+kissat time 1048s / budget 7198s
c hydra_satsuma: satsuma-iter+kissat time 1053s / budget 7198s
c hydra_satsuma: satsuma-iter+kissat time 1058s / budget 7198s
c hydra_satsuma: satsuma-iter+kissat time 1063s / budget 7198s
c hydra_satsuma: satsuma-iter+kissat time 1069s / budget 7198s
c hydra_satsuma: satsuma-iter+kissat time 1074s / budget 7198s
c hydra_satsuma: satsuma-iter+kissat time 1079s / budget 7198s
c hydra_satsuma: satsuma-iter+kissat time 1084s / budget 7198s
c hydra_satsuma: satsuma-iter+kissat time 1089s / budget 7198s
c hydra_satsuma: satsuma-iter+kissat time 1094s / budget 7198s
c hydra_satsuma: satsuma-iter+kissat time 1099s / budget 7198s
c hydra_satsuma: satsuma-iter+kissat time 1104s / budget 7198s
c hydra_satsuma: satsuma-iter+kissat time 1109s / budget 7198s
c hydra_satsuma: satsuma-iter+kissat time 1114s / budget 7198s
c hydra_satsuma: satsuma-iter+kissat time 1119s / budget 7198s
c hydra_satsuma: satsuma-iter+kissat time 1124s / budget 7198s
c hydra_satsuma: satsuma-iter+kissat time 1129s / budget 7198s
c hydra_satsuma: satsuma-iter+kissat time 1134s / budget 7198s
c hydra_satsuma: satsuma-iter+kissat time 1139s / budget 7198s
c hydra_satsuma: satsuma-iter+kissat time 1144s / budget 7198s
c hydra_satsuma: satsuma-iter+kissat time 1150s / budget 7198s
c hydra_satsuma: satsuma-iter+kissat time 1155s / budget 7198s
c hydra_satsuma: satsuma-iter+kissat time 1160s / budget 7198s
c hydra_satsuma: satsuma-iter+kissat time 1165s / budget 7198s
c hydra_satsuma: satsuma-iter+kissat time 1170s / budget 7198s
c hydra_satsuma: satsuma-iter+kissat time 1175s / budget 7198s
c hydra_satsuma: satsuma-iter+kissat time 1180s / budget 7198s
c hydra_satsuma: satsuma-iter+kissat time 1185s / budget 7198s
c hydra_satsuma: satsuma-iter+kissat time 1190s / budget 7198s
c hydra_satsuma: satsuma-iter+kissat time 1195s / budget 7198s
c hydra_satsuma: satsuma-iter+kissat time 1200s / budget 7198s
c hydra_satsuma: satsuma-iter+kissat time 1205s / budget 7198s
c hydra_satsuma: satsuma-iter+kissat time 1210s / budget 7198s
c hydra_satsuma: satsuma-iter+kissat time 1215s / budget 7198s
c hydra_satsuma: satsuma-iter+kissat time 1220s / budget 7198s
c hydra_satsuma: satsuma-iter+kissat time 1226s / budget 7198s
c hydra_satsuma: satsuma-iter+kissat time 1231s / budget 7198s
c hydra_satsuma: satsuma-iter+kissat time 1236s / budget 7198s
c hydra_satsuma: satsuma-iter+kissat time 1241s / budget 7198s
c hydra_satsuma: satsuma-iter+kissat time 1246s / budget 7198s
c hydra_satsuma: satsuma-iter+kissat time 1251s / budget 7198s
c hydra_satsuma: satsuma-iter+kissat time 1256s / budget 7198s
c hydra_satsuma: satsuma-iter+kissat time 1261s / budget 7198s
c hydra_satsuma: satsuma-iter+kissat time 1266s / budget 7198s
c hydra_satsuma: satsuma-iter+kissat time 1271s / budget 7198s
c hydra_satsuma: satsuma-iter+kissat time 1276s / budget 7198s
c hydra_satsuma: satsuma-iter+kissat time 1281s / budget 7198s
c hydra_satsuma: satsuma-iter+kissat time 1286s / budget 7198s
c hydra_satsuma: satsuma-iter+kissat time 1291s / budget 7198s
c hydra_satsuma: satsuma-iter+kissat time 1296s / budget 7198s
c hydra_satsuma: satsuma-iter+kissat time 1301s / budget 7198s
c hydra_satsuma: satsuma-iter+kissat time 1307s / budget 7198s
c hydra_satsuma: satsuma-iter+kissat time 1312s / budget 7198s
c hydra_satsuma: satsuma-iter+kissat time 1317s / budget 7198s
c hydra_satsuma: satsuma-iter+kissat time 1322s / budget 7198s
c hydra_satsuma: satsuma-iter+kissat time 1327s / budget 7198s
c hydra_satsuma: satsuma-iter+kissat time 1332s / budget 7198s
c hydra_satsuma: satsuma-iter+kissat time 1337s / budget 7198s
c hydra_satsuma: satsuma-iter+kissat time 1342s / budget 7198s
c hydra_satsuma: satsuma-iter+kissat time 1347s / budget 7198s
c hydra_satsuma: satsuma-iter+kissat time 1352s / budget 7198s
c hydra_satsuma: satsuma-iter+kissat time 1357s / budget 7198s
c hydra_satsuma: satsuma-iter+kissat time 1362s / budget 7198s
c hydra_satsuma: satsuma-iter+kissat time 1367s / budget 7198s
c hydra_satsuma: satsuma-iter+kissat time 1372s / budget 7198s
c hydra_satsuma: satsuma-iter+kissat time 1377s / budget 7198s
c hydra_satsuma: satsuma-iter+kissat time 1382s / budget 7198s
c hydra_satsuma: satsuma-iter+kissat time 1387s / budget 7198s
c hydra_satsuma: satsuma-iter+kissat time 1393s / budget 7198s
c hydra_satsuma: satsuma-iter+kissat time 1398s / budget 7198s
c hydra_satsuma: satsuma-iter+kissat time 1403s / budget 7198s
c hydra_satsuma: satsuma-iter+kissat time 1408s / budget 7198s
c hydra_satsuma: satsuma-iter+kissat time 1413s / budget 7198s
c hydra_satsuma: satsuma-iter+kissat time 1418s / budget 7198s
c hydra_satsuma: satsuma-iter+kissat time 1423s / budget 7198s
c hydra_satsuma: satsuma-iter+kissat time 1428s / budget 7198s
c hydra_satsuma: satsuma-iter+kissat time 1433s / budget 7198s
c hydra_satsuma: satsuma-iter+kissat time 1438s / budget 7198s
c hydra_satsuma: satsuma-iter+kissat time 1443s / budget 7198s
c hydra_satsuma: satsuma-iter+kissat time 1448s / budget 7198s
c hydra_satsuma: satsuma-iter+kissat time 1453s / budget 7198s
c hydra_satsuma: satsuma-iter+kissat time 1458s / budget 7198s
c hydra_satsuma: satsuma-iter+kissat time 1463s / budget 7198s
c hydra_satsuma: satsuma-iter+kissat time 1469s / budget 7198s
c hydra_satsuma: satsuma-iter+kissat time 1474s / budget 7198s
c hydra_satsuma: satsuma-iter+kissat time 1479s / budget 7198s
c hydra_satsuma: satsuma-iter+kissat time 1484s / budget 7198s
c hydra_satsuma: satsuma-iter+kissat time 1489s / budget 7198s
c hydra_satsuma: satsuma-iter+kissat time 1494s / budget 7198s
c hydra_satsuma: satsuma-iter+kissat time 1499s / budget 7198s
c hydra_satsuma: satsuma-iter+kissat time 1504s / budget 7198s
c hydra_satsuma: satsuma-iter+kissat time 1509s / budget 7198s
c hydra_satsuma: satsuma-iter+kissat time 1514s / budget 7198s
c hydra_satsuma: satsuma-iter+kissat time 1519s / budget 7198s
c hydra_satsuma: satsuma-iter+kissat time 1524s / budget 7198s
c hydra_satsuma: satsuma-iter+kissat time 1529s / budget 7198s
c hydra_satsuma: satsuma-iter+kissat time 1534s / budget 7198s
c hydra_satsuma: satsuma-iter+kissat time 1539s / budget 7198s
c hydra_satsuma: satsuma-iter+kissat time 1544s / budget 7198s
c hydra_satsuma: satsuma-iter+kissat time 1550s / budget 7198s
c hydra_satsuma: satsuma-iter+kissat time 1555s / budget 7198s
c hydra_satsuma: satsuma-iter+kissat time 1560s / budget 7198s
c hydra_satsuma: satsuma-iter+kissat time 1565s / budget 7198s
c hydra_satsuma: satsuma-iter+kissat time 1570s / budget 7198s
c hydra_satsuma: satsuma-iter+kissat time 1575s / budget 7198s
c hydra_satsuma: satsuma-iter+kissat time 1580s / budget 7198s
c hydra_satsuma: satsuma-iter+kissat time 1585s / budget 7198s
c hydra_satsuma: satsuma-iter+kissat time 1590s / budget 7198s
c hydra_satsuma: satsuma-iter+kissat time 1595s / budget 7198s
c hydra_satsuma: satsuma-iter+kissat time 1600s / budget 7198s
c hydra_satsuma: satsuma-iter+kissat time 1605s / budget 7198s
c hydra_satsuma: satsuma-iter+kissat time 1610s / budget 7198s
c hydra_satsuma: satsuma-iter+kissat time 1615s / budget 7198s
c hydra_satsuma: satsuma-iter+kissat time 1620s / budget 7198s
c hydra_satsuma: satsuma-iter+kissat time 1626s / budget 7198s
c hydra_satsuma: satsuma-iter+kissat time 1631s / budget 7198s
c hydra_satsuma: satsuma-iter+kissat time 1636s / budget 7198s
c hydra_satsuma: satsuma-iter+kissat time 1641s / budget 7198s
c hydra_satsuma: satsuma-iter+kissat time 1646s / budget 7198s
c hydra_satsuma: satsuma-iter+kissat time 1651s / budget 7198s
c hydra_satsuma: satsuma-iter+kissat time 1656s / budget 7198s
c hydra_satsuma: satsuma-iter+kissat time 1661s / budget 7198s
c hydra_satsuma: satsuma-iter+kissat time 1666s / budget 7198s
c hydra_satsuma: satsuma-iter+kissat time 1671s / budget 7198s
c hydra_satsuma: satsuma-iter+kissat time 1676s / budget 7198s
c hydra_satsuma: satsuma-iter+kissat time 1681s / budget 7198s
c hydra_satsuma: satsuma-iter+kissat time 1686s / budget 7198s
c hydra_satsuma: satsuma-iter+kissat time 1691s / budget 7198s
c hydra_satsuma: satsuma-iter+kissat time 1696s / budget 7198s
c hydra_satsuma: satsuma-iter+kissat time 1701s / budget 7198s
c hydra_satsuma: satsuma-iter+kissat time 1707s / budget 7198s
c hydra_satsuma: satsuma-iter+kissat time 1712s / budget 7198s
c hydra_satsuma: satsuma-iter+kissat time 1717s / budget 7198s
c hydra_satsuma: satsuma-iter+kissat time 1722s / budget 7198s
c hydra_satsuma: satsuma-iter+kissat time 1727s / budget 7198s
c hydra_satsuma: satsuma-iter+kissat time 1732s / budget 7198s
c hydra_satsuma: satsuma-iter+kissat time 1737s / budget 7198s
c hydra_satsuma: satsuma-iter+kissat time 1742s / budget 7198s
c hydra_satsuma: satsuma-iter+kissat time 1747s / budget 7198s
c hydra_satsuma: satsuma-iter+kissat time 1752s / budget 7198s
c hydra_satsuma: satsuma-iter+kissat time 1757s / budget 7198s
c hydra_satsuma: satsuma-iter+kissat time 1762s / budget 7198s
c hydra_satsuma: satsuma-iter+kissat time 1767s / budget 7198s
c hydra_satsuma: satsuma-iter+kissat time 1772s / budget 7198s
c hydra_satsuma: satsuma-iter+kissat time 1777s / budget 7198s
c hydra_satsuma: satsuma-iter+kissat time 1783s / budget 7198s
c hydra_satsuma: satsuma-iter+kissat time 1788s / budget 7198s
c hydra_satsuma: satsuma-iter+kissat time 1793s / budget 7198s
c hydra_satsuma: satsuma-iter+kissat time 1798s / budget 7198s
c hydra_satsuma: satsuma-iter+kissat time 1803s / budget 7198s
c hydra_satsuma: satsuma-iter+kissat time 1808s / budget 7198s
c hydra_satsuma: satsuma-iter+kissat time 1813s / budget 7198s
c hydra_satsuma: satsuma-iter+kissat time 1818s / budget 7198s
c hydra_satsuma: satsuma-iter+kissat time 1823s / budget 7198s
c hydra_satsuma: satsuma-iter+kissat time 1828s / budget 7198s
c hydra_satsuma: satsuma-iter+kissat time 1833s / budget 7198s
c hydra_satsuma: satsuma-iter+kissat time 1838s / budget 7198s
c hydra_satsuma: satsuma-iter+kissat time 1843s / budget 7198s
c hydra_satsuma: satsuma-iter+kissat time 1848s / budget 7198s
c hydra_satsuma: satsuma-iter+kissat time 1853s / budget 7198s
c hydra_satsuma: satsuma-iter+kissat time 1858s / budget 7198s
c hydra_satsuma: satsuma-iter+kissat time 1864s / budget 7198s
c hydra_satsuma: satsuma-iter+kissat time 1869s / budget 7198s
c hydra_satsuma: satsuma-iter+kissat time 1874s / budget 7198s
c hydra_satsuma: satsuma-iter+kissat time 1879s / budget 7198s
c hydra_satsuma: satsuma-iter+kissat time 1884s / budget 7198s
c hydra_satsuma: satsuma-iter+kissat time 1889s / budget 7198s
c hydra_satsuma: satsuma-iter+kissat time 1894s / budget 7198s
c hydra_satsuma: satsuma-iter+kissat time 1899s / budget 7198s
c hydra_satsuma: satsuma-iter+kissat time 1904s / budget 7198s
c hydra_satsuma: satsuma-iter+kissat time 1909s / budget 7198s
c hydra_satsuma: satsuma-iter+kissat time 1914s / budget 7198s
c hydra_satsuma: satsuma-iter+kissat time 1919s / budget 7198s
c hydra_satsuma: satsuma-iter+kissat time 1924s / budget 7198s
c hydra_satsuma: satsuma-iter+kissat time 1929s / budget 7198s
c hydra_satsuma: satsuma-iter+kissat time 1934s / budget 7198s
c hydra_satsuma: satsuma-iter+kissat time 1939s / budget 7198s
c hydra_satsuma: satsuma-iter+kissat time 1945s / budget 7198s
c hydra_satsuma: satsuma-iter+kissat time 1950s / budget 7198s
c hydra_satsuma: satsuma-iter+kissat time 1955s / budget 7198s
c hydra_satsuma: satsuma-iter+kissat time 1960s / budget 7198s
c hydra_satsuma: satsuma-iter+kissat time 1965s / budget 7198s
c hydra_satsuma: satsuma-iter+kissat time 1970s / budget 7198s
c hydra_satsuma: satsuma-iter+kissat time 1975s / budget 7198s
c hydra_satsuma: satsuma-iter+kissat time 1980s / budget 7198s
c hydra_satsuma: satsuma-iter+kissat time 1985s / budget 7198s
c hydra_satsuma: satsuma-iter+kissat time 1990s / budget 7198s
c hydra_satsuma: satsuma-iter+kissat time 1995s / budget 7198s
c hydra_satsuma: satsuma-iter+kissat time 2000s / budget 7198s
c hydra_satsuma: satsuma-iter+kissat time 2005s / budget 7198s
c hydra_satsuma: satsuma-iter+kissat time 2010s / budget 7198s
c hydra_satsuma: satsuma-iter+kissat time 2015s / budget 7198s
c hydra_satsuma: satsuma-iter+kissat time 2020s / budget 7198s
c hydra_satsuma: satsuma-iter+kissat time 2026s / budget 7198s
c hydra_satsuma: satsuma-iter+kissat time 2031s / budget 7198s
c hydra_satsuma: satsuma-iter+kissat time 2036s / budget 7198s
c hydra_satsuma: satsuma-iter+kissat time 2041s / budget 7198s
c hydra_satsuma: satsuma-iter+kissat time 2046s / budget 7198s
c hydra_satsuma: satsuma-iter+kissat time 2051s / budget 7198s
c hydra_satsuma: satsuma-iter+kissat time 2056s / budget 7198s
c hydra_satsuma: satsuma-iter+kissat time 2061s / budget 7198s
c hydra_satsuma: satsuma-iter+kissat time 2066s / budget 7198s
c hydra_satsuma: satsuma-iter+kissat time 2071s / budget 7198s
c hydra_satsuma: satsuma-iter+kissat time 2076s / budget 7198s
c hydra_satsuma: satsuma-iter+kissat time 2081s / budget 7198s
c hydra_satsuma: satsuma-iter+kissat time 2086s / budget 7198s
c hydra_satsuma: satsuma-iter+kissat time 2091s / budget 7198s
c hydra_satsuma: satsuma-iter+kissat time 2096s / budget 7198s
c hydra_satsuma: satsuma-iter+kissat time 2101s / budget 7198s
c hydra_satsuma: satsuma-iter+kissat time 2106s / budget 7198s
c hydra_satsuma: satsuma-iter+kissat time 2112s / budget 7198s
c hydra_satsuma: satsuma-iter+kissat time 2117s / budget 7198s
c hydra_satsuma: satsuma-iter+kissat time 2122s / budget 7198s
c hydra_satsuma: satsuma-iter+kissat time 2127s / budget 7198s
c hydra_satsuma: satsuma-iter+kissat time 2132s / budget 7198s
c hydra_satsuma: satsuma-iter+kissat time 2137s / budget 7198s
c hydra_satsuma: satsuma-iter+kissat time 2142s / budget 7198s
c hydra_satsuma: satsuma-iter+kissat time 2147s / budget 7198s
c hydra_satsuma: satsuma-iter+kissat time 2152s / budget 7198s
c hydra_satsuma: satsuma-iter+kissat time 2157s / budget 7198s
c hydra_satsuma: satsuma-iter+kissat time 2162s / budget 7198s
c hydra_satsuma: satsuma-iter+kissat time 2167s / budget 7198s
c hydra_satsuma: satsuma-iter+kissat time 2172s / budget 7198s
c hydra_satsuma: satsuma-iter+kissat time 2177s / budget 7198s
c hydra_satsuma: satsuma-iter+kissat time 2182s / budget 7198s
c hydra_satsuma: satsuma-iter+kissat time 2188s / budget 7198s
c hydra_satsuma: satsuma-iter+kissat time 2193s / budget 7198s
c hydra_satsuma: satsuma-iter+kissat time 2198s / budget 7198s
c hydra_satsuma: satsuma-iter+kissat time 2203s / budget 7198s
c hydra_satsuma: satsuma-iter+kissat time 2208s / budget 7198s
c hydra_satsuma: satsuma-iter+kissat time 2213s / budget 7198s
c hydra_satsuma: satsuma-iter+kissat time 2218s / budget 7198s
c hydra_satsuma: satsuma-iter+kissat time 2223s / budget 7198s
c hydra_satsuma: satsuma-iter+kissat time 2228s / budget 7198s
c hydra_satsuma: satsuma-iter+kissat time 2233s / budget 7198s
c hydra_satsuma: satsuma-iter+kissat time 2238s / budget 7198s
c hydra_satsuma: satsuma-iter+kissat time 2243s / budget 7198s
c hydra_satsuma: satsuma-iter+kissat time 2248s / budget 7198s
c hydra_satsuma: satsuma-iter+kissat time 2253s / budget 7198s
c hydra_satsuma: satsuma-iter+kissat time 2258s / budget 7198s
c hydra_satsuma: satsuma-iter+kissat time 2263s / budget 7198s
c hydra_satsuma: satsuma-iter+kissat time 2269s / budget 7198s
c hydra_satsuma: satsuma-iter+kissat time 2274s / budget 7198s
c hydra_satsuma: satsuma-iter+kissat time 2279s / budget 7198s
c hydra_satsuma: satsuma-iter+kissat time 2284s / budget 7198s
c hydra_satsuma: satsuma-iter+kissat time 2289s / budget 7198s
c hydra_satsuma: satsuma-iter+kissat time 2294s / budget 7198s
c hydra_satsuma: satsuma-iter+kissat time 2299s / budget 7198s
c hydra_satsuma: satsuma-iter+kissat time 2304s / budget 7198s
c hydra_satsuma: satsuma-iter+kissat time 2309s / budget 7198s
c hydra_satsuma: satsuma-iter+kissat time 2314s / budget 7198s
c hydra_satsuma: satsuma-iter+kissat time 2319s / budget 7198s
c hydra_satsuma: satsuma-iter+kissat time 2324s / budget 7198s
c hydra_satsuma: satsuma-iter+kissat time 2329s / budget 7198s
c hydra_satsuma: satsuma-iter+kissat time 2334s / budget 7198s
c hydra_satsuma: satsuma-iter+kissat time 2339s / budget 7198s
c hydra_satsuma: satsuma-iter+kissat time 2344s / budget 7198s
c hydra_satsuma: satsuma-iter+kissat time 2350s / budget 7198s
c hydra_satsuma: satsuma-iter+kissat time 2355s / budget 7198s
c hydra_satsuma: satsuma-iter+kissat time 2360s / budget 7198s
c hydra_satsuma: satsuma-iter+kissat time 2365s / budget 7198s
c hydra_satsuma: satsuma-iter+kissat time 2370s / budget 7198s
c hydra_satsuma: satsuma-iter+kissat time 2375s / budget 7198s
c hydra_satsuma: satsuma-iter+kissat time 2380s / budget 7198s
c hydra_satsuma: satsuma-iter+kissat time 2385s / budget 7198s
c hydra_satsuma: satsuma-iter+kissat time 2390s / budget 7198s
c hydra_satsuma: satsuma-iter+kissat time 2395s / budget 7198s
c hydra_satsuma: satsuma-iter+kissat time 2400s / budget 7198s
c hydra_satsuma: satsuma-iter+kissat time 2405s / budget 7198s
c hydra_satsuma: satsuma-iter+kissat time 2410s / budget 7198s
c hydra_satsuma: satsuma-iter+kissat time 2415s / budget 7198s
c hydra_satsuma: satsuma-iter+kissat time 2420s / budget 7198s
c hydra_satsuma: satsuma-iter+kissat time 2425s / budget 7198s
c hydra_satsuma: satsuma-iter+kissat time 2430s / budget 7198s
c hydra_satsuma: satsuma-iter+kissat time 2436s / budget 7198s
c hydra_satsuma: satsuma-iter+kissat time 2441s / budget 7198s
c hydra_satsuma: satsuma-iter+kissat time 2446s / budget 7198s
c hydra_satsuma: satsuma-iter+kissat time 2451s / budget 7198s
c hydra_satsuma: satsuma-iter+kissat time 2456s / budget 7198s
c hydra_satsuma: satsuma-iter+kissat time 2461s / budget 7198s
c hydra_satsuma: satsuma-iter+kissat time 2466s / budget 7198s
c hydra_satsuma: satsuma-iter+kissat time 2471s / budget 7198s
c hydra_satsuma: satsuma-iter+kissat time 2476s / budget 7198s
c hydra_satsuma: satsuma-iter+kissat time 2481s / budget 7198s
c hydra_satsuma: satsuma-iter+kissat time 2486s / budget 7198s
c hydra_satsuma: satsuma-iter+kissat time 2491s / budget 7198s
c hydra_satsuma: satsuma-iter+kissat time 2496s / budget 7198s
c hydra_satsuma: satsuma-iter+kissat time 2501s / budget 7198s
c hydra_satsuma: satsuma-iter+kissat time 2506s / budget 7198s
c hydra_satsuma: satsuma-iter+kissat time 2511s / budget 7198s
c hydra_satsuma: satsuma-iter+kissat time 2517s / budget 7198s
c hydra_satsuma: satsuma-iter+kissat time 2522s / budget 7198s
c hydra_satsuma: satsuma-iter+kissat time 2527s / budget 7198s
c hydra_satsuma: satsuma-iter+kissat time 2532s / budget 7198s
c hydra_satsuma: satsuma-iter+kissat time 2537s / budget 7198s
c hydra_satsuma: satsuma-iter+kissat time 2542s / budget 7198s
c hydra_satsuma: satsuma-iter+kissat time 2547s / budget 7198s
c hydra_satsuma: satsuma-iter+kissat time 2552s / budget 7198s
c hydra_satsuma: satsuma-iter+kissat time 2557s / budget 7198s
c hydra_satsuma: satsuma-iter+kissat time 2562s / budget 7198s
c hydra_satsuma: satsuma-iter+kissat time 2567s / budget 7198s
c hydra_satsuma: satsuma-iter+kissat time 2572s / budget 7198s
c hydra_satsuma: satsuma-iter+kissat time 2577s / budget 7198s
c hydra_satsuma: satsuma-iter+kissat time 2582s / budget 7198s
c hydra_satsuma: satsuma-iter+kissat time 2587s / budget 7198s
c hydra_satsuma: satsuma-iter+kissat time 2592s / budget 7198s
c hydra_satsuma: satsuma-iter+kissat time 2598s / budget 7198s
c hydra_satsuma: satsuma-iter+kissat time 2603s / budget 7198s
c hydra_satsuma: satsuma-iter+kissat time 2608s / budget 7198s
c hydra_satsuma: satsuma-iter+kissat time 2613s / budget 7198s
c hydra_satsuma: satsuma-iter+kissat time 2618s / budget 7198s
c hydra_satsuma: satsuma-iter+kissat time 2623s / budget 7198s
c hydra_satsuma: satsuma-iter+kissat time 2628s / budget 7198s
c hydra_satsuma: satsuma-iter+kissat time 2633s / budget 7198s
c hydra_satsuma: satsuma-iter+kissat time 2638s / budget 7198s
c hydra_satsuma: satsuma-iter+kissat time 2643s / budget 7198s
c hydra_satsuma: satsuma-iter+kissat time 2648s / budget 7198s
c hydra_satsuma: satsuma-iter+kissat time 2653s / budget 7198s
c hydra_satsuma: satsuma-iter+kissat time 2658s / budget 7198s
c hydra_satsuma: satsuma-iter+kissat time 2663s / budget 7198s
c hydra_satsuma: satsuma-iter+kissat time 2668s / budget 7198s
c hydra_satsuma: satsuma-iter+kissat time 2674s / budget 7198s
c hydra_satsuma: satsuma-iter+kissat time 2679s / budget 7198s
c hydra_satsuma: satsuma-iter+kissat time 2684s / budget 7198s
c hydra_satsuma: satsuma-iter+kissat time 2689s / budget 7198s
c hydra_satsuma: satsuma-iter+kissat time 2694s / budget 7198s
c hydra_satsuma: satsuma-iter+kissat time 2699s / budget 7198s
c hydra_satsuma: satsuma-iter+kissat time 2704s / budget 7198s
c hydra_satsuma: satsuma-iter+kissat time 2709s / budget 7198s
c hydra_satsuma: satsuma-iter+kissat time 2714s / budget 7198s
c hydra_satsuma: satsuma-iter+kissat time 2719s / budget 7198s
c hydra_satsuma: satsuma-iter+kissat time 2724s / budget 7198s
c hydra_satsuma: satsuma-iter+kissat time 2729s / budget 7198s
c hydra_satsuma: satsuma-iter+kissat time 2734s / budget 7198s
c hydra_satsuma: satsuma-iter+kissat time 2739s / budget 7198s
c hydra_satsuma: satsuma-iter+kissat time 2744s / budget 7198s
c hydra_satsuma: satsuma-iter+kissat time 2749s / budget 7198s
c hydra_satsuma: satsuma-iter+kissat time 2754s / budget 7198s
c hydra_satsuma: satsuma-iter+kissat time 2760s / budget 7198s
c hydra_satsuma: satsuma-iter+kissat time 2765s / budget 7198s
c hydra_satsuma: satsuma-iter+kissat time 2770s / budget 7198s
c hydra_satsuma: satsuma-iter+kissat time 2775s / budget 7198s
c hydra_satsuma: satsuma-iter+kissat time 2780s / budget 7198s
c hydra_satsuma: satsuma-iter+kissat time 2785s / budget 7198s
c hydra_satsuma: satsuma-iter+kissat time 2790s / budget 7198s
c hydra_satsuma: satsuma-iter+kissat time 2795s / budget 7198s
c hydra_satsuma: satsuma-iter+kissat time 2800s / budget 7198s
c hydra_satsuma: satsuma-iter+kissat time 2805s / budget 7198s
c hydra_satsuma: satsuma-iter+kissat time 2810s / budget 7198s
c hydra_satsuma: satsuma-iter+kissat time 2815s / budget 7198s
c hydra_satsuma: satsuma-iter+kissat time 2820s / budget 7198s
c hydra_satsuma: satsuma-iter+kissat time 2825s / budget 7198s
c hydra_satsuma: satsuma-iter+kissat time 2830s / budget 7198s
c hydra_satsuma: satsuma-iter+kissat time 2835s / budget 7198s
c hydra_satsuma: satsuma-iter+kissat time 2841s / budget 7198s
c hydra_satsuma: satsuma-iter+kissat time 2846s / budget 7198s
c hydra_satsuma: satsuma-iter+kissat time 2851s / budget 7198s
c hydra_satsuma: satsuma-iter+kissat time 2856s / budget 7198s
c hydra_satsuma: satsuma-iter+kissat time 2861s / budget 7198s
c hydra_satsuma: satsuma-iter+kissat time 2866s / budget 7198s
c hydra_satsuma: satsuma-iter+kissat time 2871s / budget 7198s
c hydra_satsuma: satsuma-iter+kissat time 2876s / budget 7198s
c hydra_satsuma: satsuma-iter+kissat time 2881s / budget 7198s
c hydra_satsuma: satsuma-iter+kissat time 2886s / budget 7198s
c hydra_satsuma: satsuma-iter+kissat time 2891s / budget 7198s
c hydra_satsuma: satsuma-iter+kissat time 2896s / budget 7198s
c hydra_satsuma: satsuma-iter+kissat time 2901s / budget 7198s
c hydra_satsuma: satsuma-iter+kissat time 2906s / budget 7198s
c hydra_satsuma: satsuma-iter+kissat time 2911s / budget 7198s
c hydra_satsuma: satsuma-iter+kissat time 2916s / budget 7198s
c hydra_satsuma: satsuma-iter+kissat time 2922s / budget 7198s
c hydra_satsuma: satsuma-iter+kissat time 2927s / budget 7198s
c hydra_satsuma: satsuma-iter+kissat time 2932s / budget 7198s
c hydra_satsuma: satsuma-iter+kissat time 2937s / budget 7198s
c hydra_satsuma: satsuma-iter+kissat time 2942s / budget 7198s
c hydra_satsuma: satsuma-iter+kissat time 2947s / budget 7198s
c hydra_satsuma: satsuma-iter+kissat time 2952s / budget 7198s
c hydra_satsuma: satsuma-iter+kissat time 2957s / budget 7198s
c hydra_satsuma: satsuma-iter+kissat time 2962s / budget 7198s
c hydra_satsuma: satsuma-iter+kissat time 2967s / budget 7198s
c hydra_satsuma: satsuma-iter+kissat time 2972s / budget 7198s
c hydra_satsuma: satsuma-iter+kissat time 2977s / budget 7198s
c hydra_satsuma: satsuma-iter+kissat time 2982s / budget 7198s
c hydra_satsuma: satsuma-iter+kissat time 2987s / budget 7198s
c hydra_satsuma: satsuma-iter+kissat time 2992s / budget 7198s
c hydra_satsuma: satsuma-iter+kissat time 2997s / budget 7198s
c hydra_satsuma: satsuma-iter+kissat time 3003s / budget 7198s
c hydra_satsuma: satsuma-iter+kissat time 3008s / budget 7198s
c hydra_satsuma: satsuma-iter+kissat time 3013s / budget 7198s
c hydra_satsuma: satsuma-iter+kissat time 3018s / budget 7198s
c hydra_satsuma: satsuma-iter+kissat time 3023s / budget 7198s
c hydra_satsuma: satsuma-iter+kissat time 3028s / budget 7198s
c hydra_satsuma: satsuma-iter+kissat time 3033s / budget 7198s
c hydra_satsuma: satsuma-iter+kissat time 3038s / budget 7198s
c hydra_satsuma: satsuma-iter+kissat time 3043s / budget 7198s
c hydra_satsuma: satsuma-iter+kissat time 3048s / budget 7198s
c hydra_satsuma: satsuma-iter+kissat time 3053s / budget 7198s
c hydra_satsuma: satsuma-iter+kissat time 3058s / budget 7198s
c hydra_satsuma: satsuma-iter+kissat time 3063s / budget 7198s
c hydra_satsuma: satsuma-iter+kissat time 3068s / budget 7198s
c hydra_satsuma: satsuma-iter+kissat time 3073s / budget 7198s
c hydra_satsuma: satsuma-iter+kissat time 3079s / budget 7198s
c hydra_satsuma: satsuma-iter+kissat time 3084s / budget 7198s
c hydra_satsuma: satsuma-iter+kissat time 3089s / budget 7198s
c hydra_satsuma: satsuma-iter+kissat time 3094s / budget 7198s
c hydra_satsuma: satsuma-iter+kissat time 3099s / budget 7198s
c hydra_satsuma: satsuma-iter+kissat time 3104s / budget 7198s
c hydra_satsuma: satsuma-iter+kissat time 3109s / budget 7198s
c hydra_satsuma: satsuma-iter+kissat time 3114s / budget 7198s
c hydra_satsuma: satsuma-iter+kissat time 3119s / budget 7198s
c hydra_satsuma: satsuma-iter+kissat time 3124s / budget 7198s
c hydra_satsuma: satsuma-iter+kissat time 3129s / budget 7198s
c hydra_satsuma: satsuma-iter+kissat time 3134s / budget 7198s
c hydra_satsuma: satsuma-iter+kissat time 3139s / budget 7198s
c hydra_satsuma: satsuma-iter+kissat time 3144s / budget 7198s
c hydra_satsuma: satsuma-iter+kissat time 3149s / budget 7198s
c hydra_satsuma: satsuma-iter+kissat time 3154s / budget 7198s
c hydra_satsuma: satsuma-iter+kissat time 3160s / budget 7198s
c hydra_satsuma: satsuma-iter+kissat time 3165s / budget 7198s
c hydra_satsuma: satsuma-iter+kissat time 3170s / budget 7198s
c hydra_satsuma: satsuma-iter+kissat time 3175s / budget 7198s
c hydra_satsuma: satsuma-iter+kissat time 3180s / budget 7198s
c hydra_satsuma: satsuma-iter+kissat time 3185s / budget 7198s
c hydra_satsuma: satsuma-iter+kissat time 3190s / budget 7198s
c hydra_satsuma: satsuma-iter+kissat time 3195s / budget 7198s
c hydra_satsuma: satsuma-iter+kissat time 3200s / budget 7198s
c hydra_satsuma: satsuma-iter+kissat time 3205s / budget 7198s
c hydra_satsuma: satsuma-iter+kissat time 3210s / budget 7198s
c hydra_satsuma: satsuma-iter+kissat time 3215s / budget 7198s
c hydra_satsuma: satsuma-iter+kissat time 3220s / budget 7198s
c hydra_satsuma: satsuma-iter+kissat time 3225s / budget 7198s
c hydra_satsuma: satsuma-iter+kissat time 3230s / budget 7198s
c hydra_satsuma: satsuma-iter+kissat time 3235s / budget 7198s
c hydra_satsuma: satsuma-iter+kissat time 3240s / budget 7198s
c hydra_satsuma: satsuma-iter+kissat time 3245s / budget 7198s
c hydra_satsuma: satsuma-iter+kissat time 3250s / budget 7198s
c hydra_satsuma: satsuma-iter+kissat time 3255s / budget 7198s
c hydra_satsuma: satsuma-iter+kissat time 3260s / budget 7198s
c hydra_satsuma: satsuma-iter+kissat time 3265s / budget 7198s
c hydra_satsuma: satsuma-iter+kissat time 3270s / budget 7198s
c hydra_satsuma: satsuma-iter+kissat time 3275s / budget 7198s
c hydra_satsuma: satsuma-iter+kissat time 3280s / budget 7198s
c hydra_satsuma: satsuma-iter+kissat time 3285s / budget 7198s
c hydra_satsuma: satsuma-iter+kissat time 3290s / budget 7198s
c hydra_satsuma: satsuma-iter+kissat time 3295s / budget 7198s
c hydra_satsuma: satsuma-iter+kissat time 3300s / budget 7198s
c hydra_satsuma: satsuma-iter+kissat time 3306s / budget 7198s
c hydra_satsuma: satsuma-iter+kissat time 3311s / budget 7198s
c hydra_satsuma: satsuma-iter+kissat time 3316s / budget 7198s
c hydra_satsuma: satsuma-iter+kissat time 3321s / budget 7198s
c hydra_satsuma: satsuma-iter+kissat time 3326s / budget 7198s
c hydra_satsuma: satsuma-iter+kissat time 3331s / budget 7198s
c hydra_satsuma: satsuma-iter+kissat time 3336s / budget 7198s
c hydra_satsuma: satsuma-iter+kissat time 3341s / budget 7198s
c hydra_satsuma: satsuma-iter+kissat time 3346s / budget 7198s
c hydra_satsuma: satsuma-iter+kissat time 3351s / budget 7198s
c hydra_satsuma: satsuma-iter+kissat time 3356s / budget 7198s
c hydra_satsuma: satsuma-iter+kissat time 3361s / budget 7198s
c hydra_satsuma: satsuma-iter+kissat time 3366s / budget 7198s
c hydra_satsuma: satsuma-iter+kissat time 3371s / budget 7198s
c hydra_satsuma: satsuma-iter+kissat time 3376s / budget 7198s
c hydra_satsuma: satsuma-iter+kissat time 3381s / budget 7198s
c hydra_satsuma: satsuma-iter+kissat time 3386s / budget 7198s
c hydra_satsuma: satsuma-iter+kissat time 3391s / budget 7198s
c hydra_satsuma: satsuma-iter+kissat time 3396s / budget 7198s
c hydra_satsuma: satsuma-iter+kissat time 3401s / budget 7198s
c hydra_satsuma: satsuma-iter+kissat time 3406s / budget 7198s
c hydra_satsuma: satsuma-iter+kissat time 3411s / budget 7198s
c hydra_satsuma: satsuma-iter+kissat time 3416s / budget 7198s
c hydra_satsuma: satsuma-iter+kissat time 3421s / budget 7198s
c hydra_satsuma: satsuma-iter+kissat time 3426s / budget 7198s
c hydra_satsuma: satsuma-iter+kissat time 3431s / budget 7198s
c hydra_satsuma: satsuma-iter+kissat time 3436s / budget 7198s
c hydra_satsuma: satsuma-iter+kissat time 3441s / budget 7198s
c hydra_satsuma: satsuma-iter+kissat time 3446s / budget 7198s
c hydra_satsuma: satsuma-iter+kissat time 3451s / budget 7198s
c hydra_satsuma: satsuma-iter+kissat time 3457s / budget 7198s
c hydra_satsuma: satsuma-iter+kissat time 3462s / budget 7198s
c hydra_satsuma: satsuma-iter+kissat time 3467s / budget 7198s
c hydra_satsuma: satsuma-iter+kissat time 3472s / budget 7198s
c hydra_satsuma: satsuma-iter+kissat time 3477s / budget 7198s
c hydra_satsuma: satsuma-iter+kissat time 3482s / budget 7198s
c hydra_satsuma: satsuma-iter+kissat time 3487s / budget 7198s
c hydra_satsuma: satsuma-iter+kissat time 3492s / budget 7198s
c hydra_satsuma: satsuma-iter+kissat time 3497s / budget 7198s
c hydra_satsuma: satsuma-iter+kissat time 3502s / budget 7198s
c hydra_satsuma: satsuma-iter+kissat time 3507s / budget 7198s
c hydra_satsuma: satsuma-iter+kissat time 3512s / budget 7198s
c hydra_satsuma: satsuma-iter+kissat time 3517s / budget 7198s
c hydra_satsuma: satsuma-iter+kissat time 3522s / budget 7198s
c hydra_satsuma: satsuma-iter+kissat time 3527s / budget 7198s
c hydra_satsuma: satsuma-iter+kissat time 3532s / budget 7198s
c hydra_satsuma: satsuma-iter+kissat time 3537s / budget 7198s
c hydra_satsuma: satsuma-iter+kissat time 3542s / budget 7198s
c hydra_satsuma: satsuma-iter+kissat time 3547s / budget 7198s
c hydra_satsuma: satsuma-iter+kissat time 3552s / budget 7198s
c hydra_satsuma: satsuma-iter+kissat time 3557s / budget 7198s
c hydra_satsuma: satsuma-iter+kissat time 3562s / budget 7198s
c hydra_satsuma: satsuma-iter+kissat time 3567s / budget 7198s
c hydra_satsuma: satsuma-iter+kissat time 3572s / budget 7198s
c hydra_satsuma: satsuma-iter+kissat time 3577s / budget 7198s
c hydra_satsuma: satsuma-iter+kissat time 3582s / budget 7198s
c hydra_satsuma: satsuma-iter+kissat time 3587s / budget 7198s
c hydra_satsuma: satsuma-iter+kissat time 3592s / budget 7198s
c hydra_satsuma: satsuma-iter+kissat time 3597s / budget 7198s
c hydra_satsuma: satsuma-iter+kissat time 3602s / budget 7198s
c hydra_satsuma: satsuma-iter+kissat time 3607s / budget 7198s
c hydra_satsuma: satsuma-iter+kissat time 3613s / budget 7198s
c hydra_satsuma: satsuma-iter+kissat time 3618s / budget 7198s
c hydra_satsuma: satsuma-iter+kissat time 3623s / budget 7198s
c hydra_satsuma: satsuma-iter+kissat time 3628s / budget 7198s
c hydra_satsuma: satsuma-iter+kissat time 3633s / budget 7198s
c hydra_satsuma: satsuma-iter+kissat time 3638s / budget 7198s
c hydra_satsuma: satsuma-iter+kissat time 3643s / budget 7198s
c hydra_satsuma: satsuma-iter+kissat time 3648s / budget 7198s
c hydra_satsuma: satsuma-iter+kissat time 3653s / budget 7198s
c hydra_satsuma: satsuma-iter+kissat time 3658s / budget 7198s
c hydra_satsuma: satsuma-iter+kissat time 3663s / budget 7198s
c hydra_satsuma: satsuma-iter+kissat time 3668s / budget 7198s
c hydra_satsuma: satsuma-iter+kissat time 3673s / budget 7198s
c hydra_satsuma: satsuma-iter+kissat time 3678s / budget 7198s
c hydra_satsuma: satsuma-iter+kissat time 3683s / budget 7198s
c hydra_satsuma: satsuma-iter+kissat time 3688s / budget 7198s
c hydra_satsuma: satsuma-iter+kissat time 3693s / budget 7198s
c hydra_satsuma: satsuma-iter+kissat time 3698s / budget 7198s
c hydra_satsuma: satsuma-iter+kissat time 3703s / budget 7198s
c hydra_satsuma: satsuma-iter+kissat time 3708s / budget 7198s
c hydra_satsuma: satsuma-iter+kissat time 3713s / budget 7198s
c hydra_satsuma: satsuma-iter+kissat time 3718s / budget 7198s
c hydra_satsuma: satsuma-iter+kissat time 3723s / budget 7198s
c hydra_satsuma: satsuma-iter+kissat time 3728s / budget 7198s
c hydra_satsuma: satsuma-iter+kissat time 3733s / budget 7198s
c hydra_satsuma: satsuma-iter+kissat time 3738s / budget 7198s
c hydra_satsuma: satsuma-iter+kissat time 3743s / budget 7198s
c hydra_satsuma: satsuma-iter+kissat time 3748s / budget 7198s
c hydra_satsuma: satsuma-iter+kissat time 3753s / budget 7198s
c hydra_satsuma: satsuma-iter+kissat time 3759s / budget 7198s
c hydra_satsuma: satsuma-iter+kissat time 3764s / budget 7198s
c hydra_satsuma: satsuma-iter+kissat time 3769s / budget 7198s
c hydra_satsuma: satsuma-iter+kissat time 3774s / budget 7198s
c hydra_satsuma: satsuma-iter+kissat time 3779s / budget 7198s
c hydra_satsuma: satsuma-iter+kissat time 3784s / budget 7198s
c hydra_satsuma: satsuma-iter+kissat time 3789s / budget 7198s
c hydra_satsuma: satsuma-iter+kissat time 3794s / budget 7198s
c hydra_satsuma: satsuma-iter+kissat time 3799s / budget 7198s
c hydra_satsuma: satsuma-iter+kissat time 3804s / budget 7198s
c hydra_satsuma: satsuma-iter+kissat time 3809s / budget 7198s
c hydra_satsuma: satsuma-iter+kissat time 3814s / budget 7198s
c hydra_satsuma: satsuma-iter+kissat time 3819s / budget 7198s
c hydra_satsuma: satsuma-iter+kissat time 3824s / budget 7198s
c hydra_satsuma: satsuma-iter+kissat time 3829s / budget 7198s
c hydra_satsuma: satsuma-iter+kissat time 3834s / budget 7198s
c hydra_satsuma: satsuma-iter+kissat time 3839s / budget 7198s
c hydra_satsuma: satsuma-iter+kissat time 3844s / budget 7198s
c hydra_satsuma: satsuma-iter+kissat time 3849s / budget 7198s
c hydra_satsuma: satsuma-iter+kissat time 3854s / budget 7198s
c hydra_satsuma: satsuma-iter+kissat time 3859s / budget 7198s
c hydra_satsuma: satsuma-iter+kissat time 3864s / budget 7198s
c hydra_satsuma: satsuma-iter+kissat time 3869s / budget 7198s
c hydra_satsuma: satsuma-iter+kissat time 3874s / budget 7198s
c hydra_satsuma: satsuma-iter+kissat time 3879s / budget 7198s
c hydra_satsuma: satsuma-iter+kissat time 3884s / budget 7198s
c hydra_satsuma: satsuma-iter+kissat time 3889s / budget 7198s
c hydra_satsuma: satsuma-iter+kissat time 3894s / budget 7198s
c hydra_satsuma: satsuma-iter+kissat time 3899s / budget 7198s
c hydra_satsuma: satsuma-iter+kissat time 3904s / budget 7198s
c hydra_satsuma: satsuma-iter+kissat time 3909s / budget 7198s
c hydra_satsuma: satsuma-iter+kissat time 3915s / budget 7198s
c hydra_satsuma: satsuma-iter+kissat time 3920s / budget 7198s
c hydra_satsuma: satsuma-iter+kissat time 3925s / budget 7198s
c hydra_satsuma: satsuma-iter+kissat time 3930s / budget 7198s
c hydra_satsuma: satsuma-iter+kissat time 3935s / budget 7198s
c hydra_satsuma: satsuma-iter+kissat time 3940s / budget 7198s
c hydra_satsuma: satsuma-iter+kissat time 3945s / budget 7198s
c hydra_satsuma: satsuma-iter+kissat time 3950s / budget 7198s
c hydra_satsuma: satsuma-iter+kissat time 3955s / budget 7198s
c hydra_satsuma: satsuma-iter+kissat time 3960s / budget 7198s
c hydra_satsuma: satsuma-iter+kissat time 3965s / budget 7198s
c hydra_satsuma: satsuma-iter+kissat time 3970s / budget 7198s
c hydra_satsuma: satsuma-iter+kissat time 3975s / budget 7198s
c hydra_satsuma: satsuma-iter+kissat time 3980s / budget 7198s
c hydra_satsuma: satsuma-iter+kissat time 3985s / budget 7198s
c hydra_satsuma: satsuma-iter+kissat time 3990s / budget 7198s
c hydra_satsuma: satsuma-iter+kissat time 3995s / budget 7198s
c hydra_satsuma: satsuma-iter+kissat time 4000s / budget 7198s
c hydra_satsuma: satsuma-iter+kissat time 4005s / budget 7198s
c hydra_satsuma: satsuma-iter+kissat time 4010s / budget 7198s
c hydra_satsuma: satsuma-iter+kissat time 4015s / budget 7198s
c hydra_satsuma: satsuma-iter+kissat time 4020s / budget 7198s
c hydra_satsuma: satsuma-iter+kissat time 4025s / budget 7198s
c hydra_satsuma: satsuma-iter+kissat time 4030s / budget 7198s
c hydra_satsuma: satsuma-iter+kissat time 4035s / budget 7198s
c hydra_satsuma: satsuma-iter+kissat time 4040s / budget 7198s
c hydra_satsuma: satsuma-iter+kissat time 4045s / budget 7198s
c hydra_satsuma: satsuma-iter+kissat time 4051s / budget 7198s
c hydra_satsuma: satsuma-iter+kissat time 4056s / budget 7198s
c hydra_satsuma: satsuma-iter+kissat time 4061s / budget 7198s
c hydra_satsuma: satsuma-iter+kissat time 4066s / budget 7198s
c hydra_satsuma: satsuma-iter+kissat time 4071s / budget 7198s
c hydra_satsuma: satsuma-iter+kissat time 4076s / budget 7198s
c hydra_satsuma: satsuma-iter+kissat time 4081s / budget 7198s
c hydra_satsuma: satsuma-iter+kissat time 4086s / budget 7198s
c hydra_satsuma: satsuma-iter+kissat time 4091s / budget 7198s
c hydra_satsuma: satsuma-iter+kissat time 4096s / budget 7198s
c hydra_satsuma: satsuma-iter+kissat time 4101s / budget 7198s
c hydra_satsuma: satsuma-iter+kissat time 4106s / budget 7198s
c hydra_satsuma: satsuma-iter+kissat time 4111s / budget 7198s
c hydra_satsuma: satsuma-iter+kissat time 4116s / budget 7198s
c hydra_satsuma: satsuma-iter+kissat time 4121s / budget 7198s
c hydra_satsuma: satsuma-iter+kissat time 4126s / budget 7198s
c hydra_satsuma: satsuma-iter+kissat time 4131s / budget 7198s
c hydra_satsuma: satsuma-iter+kissat time 4136s / budget 7198s
c hydra_satsuma: satsuma-iter+kissat time 4141s / budget 7198s
c hydra_satsuma: satsuma-iter+kissat time 4146s / budget 7198s
c hydra_satsuma: satsuma-iter+kissat time 4151s / budget 7198s
c hydra_satsuma: satsuma-iter+kissat time 4156s / budget 7198s
c hydra_satsuma: satsuma-iter+kissat time 4161s / budget 7198s
c hydra_satsuma: satsuma-iter+kissat time 4166s / budget 7198s
c hydra_satsuma: satsuma-iter+kissat time 4171s / budget 7198s
c hydra_satsuma: satsuma-iter+kissat time 4176s / budget 7198s
c hydra_satsuma: satsuma-iter+kissat time 4181s / budget 7198s
c hydra_satsuma: satsuma-iter+kissat time 4186s / budget 7198s
c hydra_satsuma: satsuma-iter+kissat time 4191s / budget 7198s
c hydra_satsuma: satsuma-iter+kissat time 4196s / budget 7198s
c hydra_satsuma: satsuma-iter+kissat time 4201s / budget 7198s
c hydra_satsuma: satsuma-iter+kissat time 4206s / budget 7198s
c hydra_satsuma: satsuma-iter+kissat time 4212s / budget 7198s
c hydra_satsuma: satsuma-iter+kissat time 4217s / budget 7198s
c hydra_satsuma: satsuma-iter+kissat time 4222s / budget 7198s
c hydra_satsuma: satsuma-iter+kissat time 4227s / budget 7198s
c hydra_satsuma: satsuma-iter+kissat time 4232s / budget 7198s
c hydra_satsuma: satsuma-iter+kissat time 4237s / budget 7198s
c hydra_satsuma: satsuma-iter+kissat time 4242s / budget 7198s
c hydra_satsuma: satsuma-iter+kissat time 4247s / budget 7198s
c hydra_satsuma: satsuma-iter+kissat time 4252s / budget 7198s
c hydra_satsuma: satsuma-iter+kissat time 4257s / budget 7198s
c hydra_satsuma: satsuma-iter+kissat time 4262s / budget 7198s
c hydra_satsuma: satsuma-iter+kissat time 4267s / budget 7198s
c hydra_satsuma: satsuma-iter+kissat time 4272s / budget 7198s
c hydra_satsuma: satsuma-iter+kissat time 4277s / budget 7198s
c hydra_satsuma: satsuma-iter+kissat time 4282s / budget 7198s
c hydra_satsuma: satsuma-iter+kissat time 4287s / budget 7198s
c hydra_satsuma: satsuma-iter+kissat time 4292s / budget 7198s
c hydra_satsuma: satsuma-iter+kissat time 4297s / budget 7198s
c hydra_satsuma: satsuma-iter+kissat time 4302s / budget 7198s
c hydra_satsuma: satsuma-iter+kissat time 4307s / budget 7198s
c hydra_satsuma: satsuma-iter+kissat time 4312s / budget 7198s
c hydra_satsuma: satsuma-iter+kissat time 4317s / budget 7198s
c hydra_satsuma: satsuma-iter+kissat time 4322s / budget 7198s
c hydra_satsuma: satsuma-iter+kissat time 4327s / budget 7198s
c hydra_satsuma: satsuma-iter+kissat time 4332s / budget 7198s
c hydra_satsuma: satsuma-iter+kissat time 4337s / budget 7198s
c hydra_satsuma: satsuma-iter+kissat time 4342s / budget 7198s
c hydra_satsuma: satsuma-iter+kissat time 4347s / budget 7198s
c hydra_satsuma: satsuma-iter+kissat time 4352s / budget 7198s
c hydra_satsuma: satsuma-iter+kissat time 4358s / budget 7198s
c hydra_satsuma: satsuma-iter+kissat time 4363s / budget 7198s
c hydra_satsuma: satsuma-iter+kissat time 4368s / budget 7198s
c hydra_satsuma: satsuma-iter+kissat time 4373s / budget 7198s
c hydra_satsuma: satsuma-iter+kissat time 4378s / budget 7198s
c hydra_satsuma: satsuma-iter+kissat time 4383s / budget 7198s
c hydra_satsuma: satsuma-iter+kissat time 4388s / budget 7198s
c hydra_satsuma: satsuma-iter+kissat time 4393s / budget 7198s
c hydra_satsuma: satsuma-iter+kissat time 4398s / budget 7198s
c hydra_satsuma: satsuma-iter+kissat time 4403s / budget 7198s
c hydra_satsuma: satsuma-iter+kissat time 4408s / budget 7198s
c hydra_satsuma: satsuma-iter+kissat time 4413s / budget 7198s
c hydra_satsuma: satsuma-iter+kissat time 4418s / budget 7198s
c hydra_satsuma: satsuma-iter+kissat time 4423s / budget 7198s
c hydra_satsuma: satsuma-iter+kissat time 4428s / budget 7198s
c hydra_satsuma: satsuma-iter+kissat time 4433s / budget 7198s
c hydra_satsuma: satsuma-iter+kissat time 4438s / budget 7198s
c hydra_satsuma: satsuma-iter+kissat time 4443s / budget 7198s
c hydra_satsuma: satsuma-iter+kissat time 4449s / budget 7198s
c hydra_satsuma: satsuma-iter+kissat time 4454s / budget 7198s
c hydra_satsuma: satsuma-iter+kissat time 4459s / budget 7198s
c hydra_satsuma: satsuma-iter+kissat time 4464s / budget 7198s
c hydra_satsuma: satsuma-iter+kissat time 4469s / budget 7198s
c hydra_satsuma: satsuma-iter+kissat time 4474s / budget 7198s
c hydra_satsuma: satsuma-iter+kissat time 4479s / budget 7198s
c hydra_satsuma: satsuma-iter+kissat time 4484s / budget 7198s
c hydra_satsuma: satsuma-iter+kissat time 4489s / budget 7198s
c hydra_satsuma: satsuma-iter+kissat time 4494s / budget 7198s
c hydra_satsuma: satsuma-iter+kissat time 4499s / budget 7198s
c hydra_satsuma: satsuma-iter+kissat time 4504s / budget 7198s
c hydra_satsuma: satsuma-iter+kissat time 4509s / budget 7198s
c hydra_satsuma: satsuma-iter+kissat time 4514s / budget 7198s
c hydra_satsuma: satsuma-iter+kissat time 4519s / budget 7198s
c hydra_satsuma: satsuma-iter+kissat time 4524s / budget 7198s
c hydra_satsuma: satsuma-iter+kissat time 4530s / budget 7198s
c hydra_satsuma: satsuma-iter+kissat time 4535s / budget 7198s
c hydra_satsuma: satsuma-iter+kissat time 4540s / budget 7198s
c hydra_satsuma: satsuma-iter+kissat time 4545s / budget 7198s
c hydra_satsuma: satsuma-iter+kissat time 4550s / budget 7198s
c hydra_satsuma: satsuma-iter+kissat time 4555s / budget 7198s
c hydra_satsuma: satsuma-iter+kissat time 4560s / budget 7198s
c hydra_satsuma: satsuma-iter+kissat time 4565s / budget 7198s
c hydra_satsuma: satsuma-iter+kissat time 4570s / budget 7198s
c hydra_satsuma: satsuma-iter+kissat time 4575s / budget 7198s
c hydra_satsuma: satsuma-iter+kissat time 4580s / budget 7198s
c hydra_satsuma: satsuma-iter+kissat time 4585s / budget 7198s
c hydra_satsuma: satsuma-iter+kissat time 4590s / budget 7198s
c hydra_satsuma: satsuma-iter+kissat time 4595s / budget 7198s
c hydra_satsuma: satsuma-iter+kissat time 4600s / budget 7198s
c hydra_satsuma: satsuma-iter+kissat time 4605s / budget 7198s
c hydra_satsuma: satsuma-iter+kissat time 4611s / budget 7198s
c hydra_satsuma: satsuma-iter+kissat time 4616s / budget 7198s
c hydra_satsuma: satsuma-iter+kissat time 4621s / budget 7198s
c hydra_satsuma: satsuma-iter+kissat time 4626s / budget 7198s
c hydra_satsuma: satsuma-iter+kissat time 4631s / budget 7198s
c hydra_satsuma: satsuma-iter+kissat time 4636s / budget 7198s
c hydra_satsuma: satsuma-iter+kissat time 4641s / budget 7198s
c hydra_satsuma: satsuma-iter+kissat time 4646s / budget 7198s
c hydra_satsuma: satsuma-iter+kissat time 4651s / budget 7198s
c hydra_satsuma: satsuma-iter+kissat time 4656s / budget 7198s
c hydra_satsuma: satsuma-iter+kissat time 4661s / budget 7198s
c hydra_satsuma: satsuma-iter+kissat time 4666s / budget 7198s
c hydra_satsuma: satsuma-iter+kissat time 4671s / budget 7198s
c hydra_satsuma: satsuma-iter+kissat time 4676s / budget 7198s
c hydra_satsuma: satsuma-iter+kissat time 4681s / budget 7198s
c hydra_satsuma: satsuma-iter+kissat time 4686s / budget 7198s
c hydra_satsuma: satsuma-iter+kissat time 4692s / budget 7198s
c hydra_satsuma: satsuma-iter+kissat time 4697s / budget 7198s
c hydra_satsuma: satsuma-iter+kissat time 4702s / budget 7198s
c hydra_satsuma: satsuma-iter+kissat time 4707s / budget 7198s
c hydra_satsuma: satsuma-iter+kissat time 4712s / budget 7198s
c hydra_satsuma: satsuma-iter+kissat time 4717s / budget 7198s
c hydra_satsuma: satsuma-iter+kissat time 4722s / budget 7198s
c hydra_satsuma: satsuma-iter+kissat time 4727s / budget 7198s
c hydra_satsuma: satsuma-iter+kissat time 4732s / budget 7198s
c hydra_satsuma: satsuma-iter+kissat time 4737s / budget 7198s
c hydra_satsuma: satsuma-iter+kissat time 4742s / budget 7198s
c hydra_satsuma: satsuma-iter+kissat time 4747s / budget 7198s
c hydra_satsuma: satsuma-iter+kissat time 4752s / budget 7198s
c hydra_satsuma: satsuma-iter+kissat time 4757s / budget 7198s
c hydra_satsuma: satsuma-iter+kissat time 4762s / budget 7198s
c hydra_satsuma: satsuma-iter+kissat time 4767s / budget 7198s
c hydra_satsuma: satsuma-iter+kissat time 4772s / budget 7198s
c hydra_satsuma: satsuma-iter+kissat time 4778s / budget 7198s
c hydra_satsuma: satsuma-iter+kissat time 4783s / budget 7198s
c hydra_satsuma: satsuma-iter+kissat time 4788s / budget 7198s
c hydra_satsuma: satsuma-iter+kissat time 4793s / budget 7198s
c hydra_satsuma: satsuma-iter+kissat time 4798s / budget 7198s
c hydra_satsuma: satsuma-iter+kissat time 4803s / budget 7198s
c hydra_satsuma: satsuma-iter+kissat time 4808s / budget 7198s
c hydra_satsuma: satsuma-iter+kissat time 4813s / budget 7198s
c hydra_satsuma: satsuma-iter+kissat time 4818s / budget 7198s
c hydra_satsuma: satsuma-iter+kissat time 4823s / budget 7198s
c hydra_satsuma: satsuma-iter+kissat time 4828s / budget 7198s
c hydra_satsuma: satsuma-iter+kissat time 4833s / budget 7198s
c hydra_satsuma: satsuma-iter+kissat time 4838s / budget 7198s
c hydra_satsuma: satsuma-iter+kissat time 4843s / budget 7198s
c hydra_satsuma: satsuma-iter+kissat time 4848s / budget 7198s
c hydra_satsuma: satsuma-iter+kissat time 4853s / budget 7198s
c hydra_satsuma: satsuma-iter+kissat time 4859s / budget 7198s
c hydra_satsuma: satsuma-iter+kissat time 4864s / budget 7198s
c hydra_satsuma: satsuma-iter+kissat time 4869s / budget 7198s
c hydra_satsuma: satsuma-iter+kissat time 4874s / budget 7198s
c hydra_satsuma: satsuma-iter+kissat time 4879s / budget 7198s
c hydra_satsuma: satsuma-iter+kissat time 4884s / budget 7198s
c hydra_satsuma: satsuma-iter+kissat time 4889s / budget 7198s
c hydra_satsuma: satsuma-iter+kissat time 4894s / budget 7198s
c hydra_satsuma: satsuma-iter+kissat time 4899s / budget 7198s
c hydra_satsuma: satsuma-iter+kissat time 4904s / budget 7198s
c hydra_satsuma: satsuma-iter+kissat time 4909s / budget 7198s
c hydra_satsuma: satsuma-iter+kissat time 4914s / budget 7198s
c hydra_satsuma: satsuma-iter+kissat time 4919s / budget 7198s
c hydra_satsuma: satsuma-iter+kissat time 4924s / budget 7198s
c hydra_satsuma: satsuma-iter+kissat time 4929s / budget 7198s
c hydra_satsuma: satsuma-iter+kissat time 4934s / budget 7198s
c hydra_satsuma: satsuma-iter+kissat time 4940s / budget 7198s
c hydra_satsuma: satsuma-iter+kissat time 4945s / budget 7198s
c hydra_satsuma: satsuma-iter+kissat time 4950s / budget 7198s
c hydra_satsuma: satsuma-iter+kissat time 4955s / budget 7198s
c hydra_satsuma: satsuma-iter+kissat time 4960s / budget 7198s
c hydra_satsuma: satsuma-iter+kissat time 4965s / budget 7198s
c hydra_satsuma: satsuma-iter+kissat time 4970s / budget 7198s
c hydra_satsuma: satsuma-iter+kissat time 4975s / budget 7198s
c hydra_satsuma: satsuma-iter+kissat time 4980s / budget 7198s
c hydra_satsuma: satsuma-iter+kissat time 4985s / budget 7198s
c hydra_satsuma: satsuma-iter+kissat time 4990s / budget 7198s
c hydra_satsuma: satsuma-iter+kissat time 4995s / budget 7198s
c hydra_satsuma: satsuma-iter+kissat time 5000s / budget 7198s
c hydra_satsuma: satsuma-iter+kissat time 5005s / budget 7198s
c hydra_satsuma: satsuma-iter+kissat time 5010s / budget 7198s
c hydra_satsuma: satsuma-iter+kissat time 5015s / budget 7198s
c hydra_satsuma: satsuma-iter+kissat time 5020s / budget 7198s
c hydra_satsuma: satsuma-iter+kissat time 5026s / budget 7198s
c hydra_satsuma: satsuma-iter+kissat time 5031s / budget 7198s
c hydra_satsuma: satsuma-iter+kissat time 5036s / budget 7198s
c hydra_satsuma: satsuma-iter+kissat time 5041s / budget 7198s
c hydra_satsuma: satsuma-iter+kissat time 5046s / budget 7198s
c hydra_satsuma: satsuma-iter+kissat time 5051s / budget 7198s
c hydra_satsuma: satsuma-iter+kissat time 5056s / budget 7198s
c hydra_satsuma: satsuma-iter+kissat time 5061s / budget 7198s
c hydra_satsuma: satsuma-iter+kissat time 5066s / budget 7198s
c hydra_satsuma: satsuma-iter+kissat time 5071s / budget 7198s
c hydra_satsuma: satsuma-iter+kissat time 5076s / budget 7198s
c hydra_satsuma: satsuma-iter+kissat time 5081s / budget 7198s
c hydra_satsuma: satsuma-iter+kissat time 5086s / budget 7198s
c hydra_satsuma: satsuma-iter+kissat time 5091s / budget 7198s
c hydra_satsuma: satsuma-iter+kissat time 5096s / budget 7198s
c hydra_satsuma: satsuma-iter+kissat time 5101s / budget 7198s
c hydra_satsuma: satsuma-iter+kissat time 5107s / budget 7198s
c hydra_satsuma: satsuma-iter+kissat time 5112s / budget 7198s
c hydra_satsuma: satsuma-iter+kissat time 5117s / budget 7198s
c hydra_satsuma: satsuma-iter+kissat time 5122s / budget 7198s
c hydra_satsuma: satsuma-iter+kissat time 5127s / budget 7198s
c hydra_satsuma: satsuma-iter+kissat time 5132s / budget 7198s
c hydra_satsuma: satsuma-iter+kissat time 5137s / budget 7198s
c hydra_satsuma: satsuma-iter+kissat time 5142s / budget 7198s
c hydra_satsuma: satsuma-iter+kissat time 5147s / budget 7198s
c hydra_satsuma: satsuma-iter+kissat time 5152s / budget 7198s
c hydra_satsuma: satsuma-iter+kissat time 5157s / budget 7198s
c hydra_satsuma: satsuma-iter+kissat time 5162s / budget 7198s
c hydra_satsuma: satsuma-iter+kissat time 5167s / budget 7198s
c hydra_satsuma: satsuma-iter+kissat time 5172s / budget 7198s
c hydra_satsuma: satsuma-iter+kissat time 5177s / budget 7198s
c hydra_satsuma: satsuma-iter+kissat time 5182s / budget 7198s
c hydra_satsuma: satsuma-iter+kissat time 5187s / budget 7198s
c hydra_satsuma: satsuma-iter+kissat time 5193s / budget 7198s
c hydra_satsuma: satsuma-iter+kissat time 5198s / budget 7198s
c hydra_satsuma: satsuma-iter+kissat time 5203s / budget 7198s
c hydra_satsuma: satsuma-iter+kissat time 5208s / budget 7198s
c hydra_satsuma: satsuma-iter+kissat time 5213s / budget 7198s
c hydra_satsuma: satsuma-iter+kissat time 5218s / budget 7198s
c hydra_satsuma: satsuma-iter+kissat time 5223s / budget 7198s
c hydra_satsuma: satsuma-iter+kissat time 5228s / budget 7198s
c hydra_satsuma: satsuma-iter+kissat time 5233s / budget 7198s
c hydra_satsuma: satsuma-iter+kissat time 5238s / budget 7198s
c hydra_satsuma: satsuma-iter+kissat time 5243s / budget 7198s
c hydra_satsuma: satsuma-iter+kissat time 5248s / budget 7198s
c hydra_satsuma: satsuma-iter+kissat time 5253s / budget 7198s
c hydra_satsuma: satsuma-iter+kissat time 5258s / budget 7198s
c hydra_satsuma: satsuma-iter+kissat time 5263s / budget 7198s
c hydra_satsuma: satsuma-iter+kissat time 5268s / budget 7198s
c hydra_satsuma: satsuma-iter+kissat time 5274s / budget 7198s
c hydra_satsuma: satsuma-iter+kissat time 5279s / budget 7198s
c hydra_satsuma: satsuma-iter+kissat time 5284s / budget 7198s
c hydra_satsuma: satsuma-iter+kissat time 5289s / budget 7198s
c hydra_satsuma: satsuma-iter+kissat time 5294s / budget 7198s
c hydra_satsuma: satsuma-iter+kissat time 5299s / budget 7198s
c hydra_satsuma: satsuma-iter+kissat time 5304s / budget 7198s
c hydra_satsuma: satsuma-iter+kissat time 5309s / budget 7198s
c hydra_satsuma: satsuma-iter+kissat time 5314s / budget 7198s
c hydra_satsuma: satsuma-iter+kissat time 5319s / budget 7198s
c hydra_satsuma: satsuma-iter+kissat time 5324s / budget 7198s
c hydra_satsuma: satsuma-iter+kissat time 5329s / budget 7198s
c hydra_satsuma: satsuma-iter+kissat time 5334s / budget 7198s
c hydra_satsuma: satsuma-iter+kissat time 5339s / budget 7198s
c hydra_satsuma: satsuma-iter+kissat time 5344s / budget 7198s
c hydra_satsuma: satsuma-iter+kissat time 5349s / budget 7198s
c hydra_satsuma: satsuma-iter+kissat time 5355s / budget 7198s
c hydra_satsuma: satsuma-iter+kissat time 5360s / budget 7198s
c hydra_satsuma: satsuma-iter+kissat time 5365s / budget 7198s
c hydra_satsuma: satsuma-iter+kissat time 5370s / budget 7198s
c hydra_satsuma: satsuma-iter+kissat time 5375s / budget 7198s
c hydra_satsuma: satsuma-iter+kissat time 5380s / budget 7198s
c hydra_satsuma: satsuma-iter+kissat time 5385s / budget 7198s
c hydra_satsuma: satsuma-iter+kissat time 5390s / budget 7198s
c hydra_satsuma: satsuma-iter+kissat time 5395s / budget 7198s
c hydra_satsuma: satsuma-iter+kissat time 5400s / budget 7198s
c hydra_satsuma: satsuma-iter+kissat time 5405s / budget 7198s
c hydra_satsuma: satsuma-iter+kissat time 5410s / budget 7198s
c hydra_satsuma: satsuma-iter+kissat time 5415s / budget 7198s
c hydra_satsuma: satsuma-iter+kissat time 5420s / budget 7198s
c hydra_satsuma: satsuma-iter+kissat time 5425s / budget 7198s
c hydra_satsuma: satsuma-iter+kissat time 5430s / budget 7198s
c hydra_satsuma: satsuma-iter+kissat time 5436s / budget 7198s
c hydra_satsuma: satsuma-iter+kissat time 5441s / budget 7198s
c hydra_satsuma: satsuma-iter+kissat time 5446s / budget 7198s
c hydra_satsuma: satsuma-iter+kissat time 5451s / budget 7198s
c hydra_satsuma: satsuma-iter+kissat time 5456s / budget 7198s
c hydra_satsuma: satsuma-iter+kissat time 5461s / budget 7198s
c hydra_satsuma: satsuma-iter+kissat time 5466s / budget 7198s
c hydra_satsuma: satsuma-iter+kissat time 5471s / budget 7198s
c hydra_satsuma: satsuma-iter+kissat time 5476s / budget 7198s
c hydra_satsuma: satsuma-iter+kissat time 5481s / budget 7198s
c hydra_satsuma: satsuma-iter+kissat time 5486s / budget 7198s
c hydra_satsuma: satsuma-iter+kissat time 5491s / budget 7198s
c hydra_satsuma: satsuma-iter+kissat time 5496s / budget 7198s
c hydra_satsuma: satsuma-iter+kissat time 5501s / budget 7198s
c hydra_satsuma: satsuma-iter+kissat time 5506s / budget 7198s
c hydra_satsuma: satsuma-iter+kissat time 5511s / budget 7198s
c hydra_satsuma: satsuma-iter+kissat time 5517s / budget 7198s
c hydra_satsuma: satsuma-iter+kissat time 5522s / budget 7198s
c hydra_satsuma: satsuma-iter+kissat time 5527s / budget 7198s
c hydra_satsuma: satsuma-iter+kissat time 5532s / budget 7198s
c hydra_satsuma: satsuma-iter+kissat time 5537s / budget 7198s
c hydra_satsuma: satsuma-iter+kissat time 5542s / budget 7198s
c hydra_satsuma: satsuma-iter+kissat time 5547s / budget 7198s
c hydra_satsuma: satsuma-iter+kissat time 5552s / budget 7198s
c hydra_satsuma: satsuma-iter+kissat time 5557s / budget 7198s
c hydra_satsuma: satsuma-iter+kissat time 5562s / budget 7198s
c hydra_satsuma: satsuma-iter+kissat time 5567s / budget 7198s
c hydra_satsuma: satsuma-iter+kissat time 5572s / budget 7198s
c hydra_satsuma: satsuma-iter+kissat time 5577s / budget 7198s
c hydra_satsuma: satsuma-iter+kissat time 5582s / budget 7198s
c hydra_satsuma: satsuma-iter+kissat time 5587s / budget 7198s
c hydra_satsuma: satsuma-iter+kissat time 5592s / budget 7198s
c hydra_satsuma: satsuma-iter+kissat time 5598s / budget 7198s
c hydra_satsuma: satsuma-iter+kissat time 5603s / budget 7198s
c hydra_satsuma: satsuma-iter+kissat time 5608s / budget 7198s
c hydra_satsuma: satsuma-iter+kissat time 5613s / budget 7198s
c hydra_satsuma: satsuma-iter+kissat time 5618s / budget 7198s
c hydra_satsuma: satsuma-iter+kissat time 5623s / budget 7198s
c hydra_satsuma: satsuma-iter+kissat time 5628s / budget 7198s
c hydra_satsuma: satsuma-iter+kissat time 5633s / budget 7198s
c hydra_satsuma: satsuma-iter+kissat time 5638s / budget 7198s
c hydra_satsuma: satsuma-iter+kissat time 5643s / budget 7198s
c hydra_satsuma: satsuma-iter+kissat time 5648s / budget 7198s
c hydra_satsuma: satsuma-iter+kissat time 5653s / budget 7198s
c hydra_satsuma: satsuma-iter+kissat time 5658s / budget 7198s
c hydra_satsuma: satsuma-iter+kissat time 5663s / budget 7198s
c hydra_satsuma: satsuma-iter+kissat time 5668s / budget 7198s
c hydra_satsuma: satsuma-iter+kissat time 5673s / budget 7198s
c hydra_satsuma: satsuma-iter+kissat time 5679s / budget 7198s
c hydra_satsuma: satsuma-iter+kissat time 5684s / budget 7198s
c hydra_satsuma: satsuma-iter+kissat time 5689s / budget 7198s
c hydra_satsuma: satsuma-iter+kissat time 5694s / budget 7198s
c hydra_satsuma: satsuma-iter+kissat time 5699s / budget 7198s
c hydra_satsuma: satsuma-iter+kissat time 5704s / budget 7198s
c hydra_satsuma: satsuma-iter+kissat time 5709s / budget 7198s
c hydra_satsuma: satsuma-iter+kissat time 5714s / budget 7198s
c hydra_satsuma: satsuma-iter+kissat time 5719s / budget 7198s
c hydra_satsuma: satsuma-iter+kissat time 5724s / budget 7198s
c hydra_satsuma: satsuma-iter+kissat time 5729s / budget 7198s
c hydra_satsuma: satsuma-iter+kissat time 5734s / budget 7198s
c hydra_satsuma: satsuma-iter+kissat time 5739s / budget 7198s
c hydra_satsuma: satsuma-iter+kissat time 5744s / budget 7198s
c hydra_satsuma: satsuma-iter+kissat time 5749s / budget 7198s
c hydra_satsuma: satsuma-iter+kissat time 5754s / budget 7198s
c hydra_satsuma: satsuma-iter+kissat time 5759s / budget 7198s
c hydra_satsuma: satsuma-iter+kissat time 5765s / budget 7198s
c hydra_satsuma: satsuma-iter+kissat time 5770s / budget 7198s
c hydra_satsuma: satsuma-iter+kissat time 5775s / budget 7198s
c hydra_satsuma: satsuma-iter+kissat time 5780s / budget 7198s
c hydra_satsuma: satsuma-iter+kissat time 5785s / budget 7198s
c hydra_satsuma: satsuma-iter+kissat time 5790s / budget 7198s
c hydra_satsuma: satsuma-iter+kissat time 5795s / budget 7198s
c hydra_satsuma: satsuma-iter+kissat time 5800s / budget 7198s
c hydra_satsuma: satsuma-iter+kissat time 5805s / budget 7198s
c hydra_satsuma: satsuma-iter+kissat time 5810s / budget 7198s
c hydra_satsuma: satsuma-iter+kissat time 5815s / budget 7198s
c hydra_satsuma: satsuma-iter+kissat time 5820s / budget 7198s
c hydra_satsuma: satsuma-iter+kissat time 5825s / budget 7198s
c hydra_satsuma: satsuma-iter+kissat time 5830s / budget 7198s
c hydra_satsuma: satsuma-iter+kissat time 5835s / budget 7198s
c hydra_satsuma: satsuma-iter+kissat time 5840s / budget 7198s
c hydra_satsuma: satsuma-iter+kissat time 5845s / budget 7198s
c hydra_satsuma: satsuma-iter+kissat time 5850s / budget 7198s
c hydra_satsuma: satsuma-iter+kissat time 5855s / budget 7198s
c hydra_satsuma: satsuma-iter+kissat time 5860s / budget 7198s
c hydra_satsuma: satsuma-iter+kissat time 5865s / budget 7198s
c hydra_satsuma: satsuma-iter+kissat time 5871s / budget 7198s
c hydra_satsuma: satsuma-iter+kissat time 5876s / budget 7198s
c hydra_satsuma: satsuma-iter+kissat time 5881s / budget 7198s
c hydra_satsuma: satsuma-iter+kissat time 5886s / budget 7198s
c hydra_satsuma: satsuma-iter+kissat time 5891s / budget 7198s
c hydra_satsuma: satsuma-iter+kissat time 5896s / budget 7198s
c hydra_satsuma: satsuma-iter+kissat time 5901s / budget 7198s
c hydra_satsuma: satsuma-iter+kissat time 5906s / budget 7198s
c hydra_satsuma: satsuma-iter+kissat time 5911s / budget 7198s
c hydra_satsuma: satsuma-iter+kissat time 5916s / budget 7198s
c hydra_satsuma: satsuma-iter+kissat time 5921s / budget 7198s
c hydra_satsuma: satsuma-iter+kissat time 5926s / budget 7198s
c hydra_satsuma: satsuma-iter+kissat time 5931s / budget 7198s
c hydra_satsuma: satsuma-iter+kissat time 5936s / budget 7198s
c hydra_satsuma: satsuma-iter+kissat time 5941s / budget 7198s
c hydra_satsuma: satsuma-iter+kissat time 5946s / budget 7198s
c hydra_satsuma: satsuma-iter+kissat time 5951s / budget 7198s
c hydra_satsuma: satsuma-iter+kissat time 5956s / budget 7198s
c hydra_satsuma: satsuma-iter+kissat time 5961s / budget 7198s
c hydra_satsuma: satsuma-iter+kissat time 5966s / budget 7198s
c hydra_satsuma: satsuma-iter+kissat time 5971s / budget 7198s
c hydra_satsuma: satsuma-iter+kissat time 5976s / budget 7198s
c hydra_satsuma: satsuma-iter+kissat time 5981s / budget 7198s
c hydra_satsuma: satsuma-iter+kissat time 5986s / budget 7198s
c hydra_satsuma: satsuma-iter+kissat time 5991s / budget 7198s
c hydra_satsuma: satsuma-iter+kissat time 5996s / budget 7198s
c hydra_satsuma: satsuma-iter+kissat time 6001s / budget 7198s
c hydra_satsuma: satsuma-iter+kissat time 6006s / budget 7198s
c hydra_satsuma: satsuma-iter+kissat time 6012s / budget 7198s
c hydra_satsuma: satsuma-iter+kissat time 6017s / budget 7198s
c hydra_satsuma: satsuma-iter+kissat time 6022s / budget 7198s
c hydra_satsuma: satsuma-iter+kissat time 6027s / budget 7198s
c hydra_satsuma: satsuma-iter+kissat time 6032s / budget 7198s
c hydra_satsuma: satsuma-iter+kissat time 6037s / budget 7198s
c hydra_satsuma: satsuma-iter+kissat time 6042s / budget 7198s
c hydra_satsuma: satsuma-iter+kissat time 6047s / budget 7198s
c hydra_satsuma: satsuma-iter+kissat time 6052s / budget 7198s
c hydra_satsuma: satsuma-iter+kissat time 6057s / budget 7198s
c hydra_satsuma: satsuma-iter+kissat time 6062s / budget 7198s
c hydra_satsuma: satsuma-iter+kissat time 6067s / budget 7198s
c hydra_satsuma: satsuma-iter+kissat time 6072s / budget 7198s
c hydra_satsuma: satsuma-iter+kissat time 6077s / budget 7198s
c hydra_satsuma: satsuma-iter+kissat time 6082s / budget 7198s
c hydra_satsuma: satsuma-iter+kissat time 6087s / budget 7198s
c hydra_satsuma: satsuma-iter+kissat time 6092s / budget 7198s
c hydra_satsuma: satsuma-iter+kissat time 6097s / budget 7198s
c hydra_satsuma: satsuma-iter+kissat time 6102s / budget 7198s
c hydra_satsuma: satsuma-iter+kissat time 6107s / budget 7198s
c hydra_satsuma: satsuma-iter+kissat time 6112s / budget 7198s
c hydra_satsuma: satsuma-iter+kissat time 6117s / budget 7198s
c hydra_satsuma: satsuma-iter+kissat time 6122s / budget 7198s
c hydra_satsuma: satsuma-iter+kissat time 6127s / budget 7198s
c hydra_satsuma: satsuma-iter+kissat time 6132s / budget 7198s
c hydra_satsuma: satsuma-iter+kissat time 6137s / budget 7198s
c hydra_satsuma: satsuma-iter+kissat time 6142s / budget 7198s
c hydra_satsuma: satsuma-iter+kissat time 6147s / budget 7198s
c hydra_satsuma: satsuma-iter+kissat time 6153s / budget 7198s
c hydra_satsuma: satsuma-iter+kissat time 6158s / budget 7198s
c hydra_satsuma: satsuma-iter+kissat time 6163s / budget 7198s
c hydra_satsuma: satsuma-iter+kissat time 6168s / budget 7198s
c hydra_satsuma: satsuma-iter+kissat time 6173s / budget 7198s
c hydra_satsuma: satsuma-iter+kissat time 6178s / budget 7198s
c hydra_satsuma: satsuma-iter+kissat time 6183s / budget 7198s
c hydra_satsuma: satsuma-iter+kissat time 6188s / budget 7198s
c hydra_satsuma: satsuma-iter+kissat time 6193s / budget 7198s
c hydra_satsuma: satsuma-iter+kissat time 6198s / budget 7198s
c hydra_satsuma: satsuma-iter+kissat time 6203s / budget 7198s
c hydra_satsuma: satsuma-iter+kissat time 6208s / budget 7198s
c hydra_satsuma: satsuma-iter+kissat time 6213s / budget 7198s
c hydra_satsuma: satsuma-iter+kissat time 6218s / budget 7198s
c hydra_satsuma: satsuma-iter+kissat time 6223s / budget 7198s
c hydra_satsuma: satsuma-iter+kissat time 6228s / budget 7198s
c hydra_satsuma: satsuma-iter+kissat time 6233s / budget 7198s
c hydra_satsuma: satsuma-iter+kissat time 6238s / budget 7198s
c hydra_satsuma: satsuma-iter+kissat time 6243s / budget 7198s
c hydra_satsuma: satsuma-iter+kissat time 6248s / budget 7198s
c hydra_satsuma: satsuma-iter+kissat time 6253s / budget 7198s
c hydra_satsuma: satsuma-iter+kissat time 6258s / budget 7198s
c hydra_satsuma: satsuma-iter+kissat time 6263s / budget 7198s
c hydra_satsuma: satsuma-iter+kissat time 6269s / budget 7198s
c hydra_satsuma: satsuma-iter+kissat time 6274s / budget 7198s
c hydra_satsuma: satsuma-iter+kissat time 6279s / budget 7198s
c hydra_satsuma: satsuma-iter+kissat time 6284s / budget 7198s
c hydra_satsuma: satsuma-iter+kissat time 6289s / budget 7198s
c hydra_satsuma: satsuma-iter+kissat time 6294s / budget 7198s
c hydra_satsuma: satsuma-iter+kissat time 6299s / budget 7198s
c hydra_satsuma: satsuma-iter+kissat time 6304s / budget 7198s
c hydra_satsuma: satsuma-iter+kissat time 6309s / budget 7198s
c hydra_satsuma: satsuma-iter+kissat time 6314s / budget 7198s
c hydra_satsuma: satsuma-iter+kissat time 6319s / budget 7198s
c hydra_satsuma: satsuma-iter+kissat time 6324s / budget 7198s
c hydra_satsuma: satsuma-iter+kissat time 6329s / budget 7198s
c hydra_satsuma: satsuma-iter+kissat time 6334s / budget 7198s
c hydra_satsuma: satsuma-iter+kissat time 6339s / budget 7198s
c hydra_satsuma: satsuma-iter+kissat time 6344s / budget 7198s
c hydra_satsuma: satsuma-iter+kissat time 6349s / budget 7198s
c hydra_satsuma: satsuma-iter+kissat time 6354s / budget 7198s
c hydra_satsuma: satsuma-iter+kissat time 6359s / budget 7198s
c hydra_satsuma: satsuma-iter+kissat time 6364s / budget 7198s
c hydra_satsuma: satsuma-iter+kissat time 6369s / budget 7198s
c hydra_satsuma: satsuma-iter+kissat time 6374s / budget 7198s
c hydra_satsuma: satsuma-iter+kissat time 6379s / budget 7198s
c hydra_satsuma: satsuma-iter+kissat time 6384s / budget 7198s
c hydra_satsuma: satsuma-iter+kissat time 6389s / budget 7198s
c hydra_satsuma: satsuma-iter+kissat time 6394s / budget 7198s
c hydra_satsuma: satsuma-iter+kissat time 6399s / budget 7198s
c hydra_satsuma: satsuma-iter+kissat time 6405s / budget 7198s
c hydra_satsuma: satsuma-iter+kissat time 6410s / budget 7198s
c hydra_satsuma: satsuma-iter+kissat time 6415s / budget 7198s
c hydra_satsuma: satsuma-iter+kissat time 6420s / budget 7198s
c hydra_satsuma: satsuma-iter+kissat time 6425s / budget 7198s
c hydra_satsuma: satsuma-iter+kissat time 6430s / budget 7198s
c hydra_satsuma: satsuma-iter+kissat time 6435s / budget 7198s
c hydra_satsuma: satsuma-iter+kissat time 6440s / budget 7198s
c hydra_satsuma: satsuma-iter+kissat time 6445s / budget 7198s
c hydra_satsuma: satsuma-iter+kissat time 6450s / budget 7198s
c hydra_satsuma: satsuma-iter+kissat time 6455s / budget 7198s
c hydra_satsuma: satsuma-iter+kissat time 6460s / budget 7198s
c hydra_satsuma: satsuma-iter+kissat time 6465s / budget 7198s
c hydra_satsuma: satsuma-iter+kissat time 6470s / budget 7198s
c hydra_satsuma: satsuma-iter+kissat time 6475s / budget 7198s
c hydra_satsuma: satsuma-iter+kissat time 6480s / budget 7198s
c hydra_satsuma: satsuma-iter+kissat time 6485s / budget 7198s
c hydra_satsuma: satsuma-iter+kissat time 6490s / budget 7198s
c hydra_satsuma: satsuma-iter+kissat time 6495s / budget 7198s
c hydra_satsuma: satsuma-iter+kissat time 6500s / budget 7198s
c hydra_satsuma: satsuma-iter+kissat time 6505s / budget 7198s
c hydra_satsuma: satsuma-iter+kissat time 6510s / budget 7198s
c hydra_satsuma: satsuma-iter+kissat time 6515s / budget 7198s
c hydra_satsuma: satsuma-iter+kissat time 6520s / budget 7198s
c hydra_satsuma: satsuma-iter+kissat time 6525s / budget 7198s
c hydra_satsuma: satsuma-iter+kissat time 6530s / budget 7198s
c hydra_satsuma: satsuma-iter+kissat time 6535s / budget 7198s
c hydra_satsuma: satsuma-iter+kissat time 6541s / budget 7198s
c hydra_satsuma: satsuma-iter+kissat time 6546s / budget 7198s
c hydra_satsuma: satsuma-iter+kissat time 6551s / budget 7198s
c hydra_satsuma: satsuma-iter+kissat time 6556s / budget 7198s
c hydra_satsuma: satsuma-iter+kissat time 6561s / budget 7198s
c hydra_satsuma: satsuma-iter+kissat time 6566s / budget 7198s
c hydra_satsuma: satsuma-iter+kissat time 6571s / budget 7198s
c hydra_satsuma: satsuma-iter+kissat time 6576s / budget 7198s
c hydra_satsuma: satsuma-iter+kissat time 6581s / budget 7198s
c hydra_satsuma: satsuma-iter+kissat time 6586s / budget 7198s
c hydra_satsuma: satsuma-iter+kissat time 6591s / budget 7198s
c hydra_satsuma: satsuma-iter+kissat time 6596s / budget 7198s
c hydra_satsuma: satsuma-iter+kissat time 6601s / budget 7198s
c hydra_satsuma: satsuma-iter+kissat time 6606s / budget 7198s
c hydra_satsuma: satsuma-iter+kissat time 6611s / budget 7198s
c hydra_satsuma: satsuma-iter+kissat time 6616s / budget 7198s
c hydra_satsuma: satsuma-iter+kissat time 6621s / budget 7198s
c hydra_satsuma: satsuma-iter+kissat time 6627s / budget 7198s
c hydra_satsuma: satsuma-iter+kissat time 6632s / budget 7198s
c hydra_satsuma: satsuma-iter+kissat time 6637s / budget 7198s
c hydra_satsuma: satsuma-iter+kissat time 6642s / budget 7198s
c hydra_satsuma: satsuma-iter+kissat time 6647s / budget 7198s
c hydra_satsuma: satsuma-iter+kissat time 6652s / budget 7198s
c hydra_satsuma: satsuma-iter+kissat time 6657s / budget 7198s
c hydra_satsuma: satsuma-iter+kissat time 6662s / budget 7198s
c hydra_satsuma: satsuma-iter+kissat time 6667s / budget 7198s
c hydra_satsuma: satsuma-iter+kissat time 6672s / budget 7198s
c hydra_satsuma: satsuma-iter+kissat time 6677s / budget 7198s
c hydra_satsuma: satsuma-iter+kissat time 6682s / budget 7198s
c hydra_satsuma: satsuma-iter+kissat time 6687s / budget 7198s
c hydra_satsuma: satsuma-iter+kissat time 6692s / budget 7198s
c hydra_satsuma: satsuma-iter+kissat time 6697s / budget 7198s
c hydra_satsuma: satsuma-iter+kissat time 6702s / budget 7198s
c hydra_satsuma: satsuma-iter+kissat time 6707s / budget 7198s
c hydra_satsuma: satsuma-iter+kissat time 6712s / budget 7198s
c hydra_satsuma: satsuma-iter+kissat time 6717s / budget 7198s
c hydra_satsuma: satsuma-iter+kissat time 6722s / budget 7198s
c hydra_satsuma: satsuma-iter+kissat time 6727s / budget 7198s
c hydra_satsuma: satsuma-iter+kissat time 6732s / budget 7198s
c hydra_satsuma: satsuma-iter+kissat time 6737s / budget 7198s
c hydra_satsuma: satsuma-iter+kissat time 6742s / budget 7198s
c hydra_satsuma: satsuma-iter+kissat time 6747s / budget 7198s
c hydra_satsuma: satsuma-iter+kissat time 6752s / budget 7198s
c hydra_satsuma: satsuma-iter+kissat time 6758s / budget 7198s
c hydra_satsuma: satsuma-iter+kissat time 6763s / budget 7198s
c hydra_satsuma: satsuma-iter+kissat time 6768s / budget 7198s
c hydra_satsuma: satsuma-iter+kissat time 6773s / budget 7198s
c hydra_satsuma: satsuma-iter+kissat time 6778s / budget 7198s
c hydra_satsuma: satsuma-iter+kissat time 6783s / budget 7198s
c hydra_satsuma: satsuma-iter+kissat time 6788s / budget 7198s
c hydra_satsuma: satsuma-iter+kissat time 6793s / budget 7198s
c hydra_satsuma: satsuma-iter+kissat time 6798s / budget 7198s
c hydra_satsuma: satsuma-iter+kissat time 6803s / budget 7198s
c hydra_satsuma: satsuma-iter+kissat time 6808s / budget 7198s
c hydra_satsuma: satsuma-iter+kissat time 6813s / budget 7198s
c hydra_satsuma: satsuma-iter+kissat time 6818s / budget 7198s
c hydra_satsuma: satsuma-iter+kissat time 6823s / budget 7198s
c hydra_satsuma: satsuma-iter+kissat time 6828s / budget 7198s
c hydra_satsuma: satsuma-iter+kissat time 6833s / budget 7198s
c hydra_satsuma: satsuma-iter+kissat time 6838s / budget 7198s
c hydra_satsuma: satsuma-iter+kissat time 6843s / budget 7198s
c hydra_satsuma: satsuma-iter+kissat time 6848s / budget 7198s
c hydra_satsuma: satsuma-iter+kissat time 6853s / budget 7198s
c hydra_satsuma: satsuma-iter+kissat time 6858s / budget 7198s
c hydra_satsuma: satsuma-iter+kissat time 6863s / budget 7198s
c hydra_satsuma: satsuma-iter+kissat time 6868s / budget 7198s
c hydra_satsuma: satsuma-iter+kissat time 6873s / budget 7198s
c hydra_satsuma: satsuma-iter+kissat time 6878s / budget 7198s
c hydra_satsuma: satsuma-iter+kissat time 6883s / budget 7198s
c hydra_satsuma: satsuma-iter+kissat time 6888s / budget 7198s
c hydra_satsuma: satsuma-iter+kissat time 6894s / budget 7198s
c hydra_satsuma: satsuma-iter+kissat time 6899s / budget 7198s
c hydra_satsuma: satsuma-iter+kissat time 6904s / budget 7198s
c hydra_satsuma: satsuma-iter+kissat time 6909s / budget 7198s
c hydra_satsuma: satsuma-iter+kissat time 6914s / budget 7198s
c hydra_satsuma: satsuma-iter+kissat time 6919s / budget 7198s
c hydra_satsuma: satsuma-iter+kissat time 6924s / budget 7198s
c hydra_satsuma: satsuma-iter+kissat time 6929s / budget 7198s
c hydra_satsuma: satsuma-iter+kissat time 6934s / budget 7198s
c hydra_satsuma: satsuma-iter+kissat time 6939s / budget 7198s
c hydra_satsuma: satsuma-iter+kissat time 6944s / budget 7198s
c hydra_satsuma: satsuma-iter+kissat time 6949s / budget 7198s
c hydra_satsuma: satsuma-iter+kissat time 6954s / budget 7198s
c hydra_satsuma: satsuma-iter+kissat time 6959s / budget 7198s
c hydra_satsuma: satsuma-iter+kissat time 6964s / budget 7198s
c hydra_satsuma: satsuma-iter+kissat time 6970s / budget 7198s
c hydra_satsuma: satsuma-iter+kissat time 6975s / budget 7198s
c hydra_satsuma: satsuma-iter+kissat time 6980s / budget 7198s
c hydra_satsuma: satsuma-iter+kissat time 6985s / budget 7198s
c hydra_satsuma: satsuma-iter+kissat time 6990s / budget 7198s
c hydra_satsuma: satsuma-iter+kissat time 6995s / budget 7198s
c hydra_satsuma: satsuma-iter+kissat time 7000s / budget 7198s
c hydra_satsuma: satsuma-iter+kissat time 7005s / budget 7198s
c hydra_satsuma: satsuma-iter+kissat time 7010s / budget 7198s
c hydra_satsuma: satsuma-iter+kissat time 7015s / budget 7198s
c hydra_satsuma: satsuma-iter+kissat time 7020s / budget 7198s
c hydra_satsuma: satsuma-iter+kissat time 7025s / budget 7198s
c hydra_satsuma: satsuma-iter+kissat time 7030s / budget 7198s
c hydra_satsuma: satsuma-iter+kissat time 7035s / budget 7198s
c hydra_satsuma: satsuma-iter+kissat time 7040s / budget 7198s
c hydra_satsuma: satsuma-iter+kissat time 7045s / budget 7198s
c hydra_satsuma: satsuma-iter+kissat time 7051s / budget 7198s
c hydra_satsuma: satsuma-iter+kissat time 7056s / budget 7198s
c hydra_satsuma: satsuma-iter+kissat time 7061s / budget 7198s
c hydra_satsuma: satsuma-iter+kissat time 7066s / budget 7198s
c hydra_satsuma: satsuma-iter+kissat time 7071s / budget 7198s
c hydra_satsuma: satsuma-iter+kissat time 7076s / budget 7198s
c hydra_satsuma: satsuma-iter+kissat time 7081s / budget 7198s
c hydra_satsuma: satsuma-iter+kissat time 7086s / budget 7198s
c hydra_satsuma: satsuma-iter+kissat time 7091s / budget 7198s
c hydra_satsuma: satsuma-iter+kissat time 7096s / budget 7198s
c hydra_satsuma: satsuma-iter+kissat time 7101s / budget 7198s
c hydra_satsuma: satsuma-iter+kissat time 7106s / budget 7198s
c hydra_satsuma: satsuma-iter+kissat time 7111s / budget 7198s
c hydra_satsuma: satsuma-iter+kissat time 7116s / budget 7198s
c hydra_satsuma: satsuma-iter+kissat time 7121s / budget 7198s
c hydra_satsuma: satsuma-iter+kissat time 7127s / budget 7198s
c hydra_satsuma: satsuma-iter+kissat time 7132s / budget 7198s
c hydra_satsuma: satsuma-iter+kissat time 7137s / budget 7198s
c hydra_satsuma: satsuma-iter+kissat time 7142s / budget 7198s
c hydra_satsuma: satsuma-iter+kissat time 7147s / budget 7198s
c hydra_satsuma: satsuma-iter+kissat time 7152s / budget 7198s
c hydra_satsuma: satsuma-iter+kissat time 7157s / budget 7198s
c hydra_satsuma: satsuma-iter+kissat time 7162s / budget 7198s
c hydra_satsuma: satsuma-iter+kissat time 7167s / budget 7198s
c hydra_satsuma: satsuma-iter+kissat time 7172s / budget 7198s
c hydra_satsuma: satsuma-iter+kissat time 7177s / budget 7198s
c hydra_satsuma: satsuma-iter+kissat time 7182s / budget 7198s
c hydra_satsuma: satsuma-iter+kissat time 7187s / budget 7198s
c hydra_satsuma: satsuma-iter+kissat time 7192s / budget 7198s
c hydra_satsuma: satsuma-iter+kissat time 7197s / budget 7198s
c TIMEOUT after 7198305.2ms
c hydra_satsuma: satsuma-iter+kissat reached no verdict (timeout/unknown; includes an in-container OOM kill under --satsuma-mem-gb)
c hydra_satsuma: container-out: c Running satsuma on /work/f.cnf
EXIT=0
