c parsed 12636 variables, 50301 clauses
c hydra_satsuma: structure analysis (xor stage)…
c hydra_satsuma: xor stage: 6561 XOR(s), 729 var(s) GE-forced — ignored in certified mode (125.5ms)
c hydra_satsuma: no Cook shape -> satsuma-iter+kissat (docker) budget=1798s
c hydra_satsuma: satsuma-iter+kissat time 5s / budget 1798s
c hydra_satsuma: satsuma-iter+kissat time 10s / budget 1798s
c hydra_satsuma: satsuma-iter+kissat time 15s / budget 1798s
c hydra_satsuma: satsuma-iter+kissat time 20s / budget 1798s
c hydra_satsuma: satsuma-iter+kissat time 25s / budget 1798s
c hydra_satsuma: satsuma-iter+kissat time 30s / budget 1798s
c hydra_satsuma: satsuma-iter+kissat time 35s / budget 1798s
c hydra_satsuma: satsuma-iter+kissat time 40s / budget 1798s
c hydra_satsuma: satsuma-iter+kissat time 45s / budget 1798s
c hydra_satsuma: satsuma-iter+kissat time 50s / budget 1798s
c hydra_satsuma: satsuma-iter+kissat time 55s / budget 1798s
c hydra_satsuma: satsuma-iter+kissat time 60s / budget 1798s
c hydra_satsuma: satsuma-iter+kissat time 65s / budget 1798s
c hydra_satsuma: satsuma-iter+kissat time 70s / budget 1798s
c hydra_satsuma: satsuma-iter+kissat time 75s / budget 1798s
c hydra_satsuma: satsuma-iter+kissat time 80s / budget 1798s
c hydra_satsuma: satsuma-iter+kissat time 85s / budget 1798s
c hydra_satsuma: satsuma-iter+kissat time 90s / budget 1798s
c hydra_satsuma: satsuma-iter+kissat time 95s / budget 1798s
c hydra_satsuma: satsuma-iter+kissat time 100s / budget 1798s
c hydra_satsuma: satsuma-iter+kissat time 105s / budget 1798s
c hydra_satsuma: satsuma-iter+kissat time 110s / budget 1798s
c hydra_satsuma: satsuma-iter+kissat time 115s / budget 1798s
c hydra_satsuma: satsuma-iter+kissat time 120s / budget 1798s
c hydra_satsuma: satsuma-iter+kissat time 125s / budget 1798s
c hydra_satsuma: satsuma-iter+kissat time 131s / budget 1798s
c hydra_satsuma: satsuma-iter+kissat time 136s / budget 1798s
c hydra_satsuma: satsuma-iter+kissat time 141s / budget 1798s
c hydra_satsuma: satsuma-iter+kissat time 146s / budget 1798s
c hydra_satsuma: satsuma-iter+kissat time 151s / budget 1798s
c hydra_satsuma: satsuma-iter+kissat time 156s / budget 1798s
c hydra_satsuma: satsuma-iter+kissat time 161s / budget 1798s
c hydra_satsuma: satsuma-iter+kissat time 166s / budget 1798s
c hydra_satsuma: satsuma-iter+kissat time 171s / budget 1798s
c hydra_satsuma: satsuma-iter+kissat time 176s / budget 1798s
c hydra_satsuma: satsuma-iter+kissat time 181s / budget 1798s
c hydra_satsuma: satsuma-iter+kissat time 186s / budget 1798s
c hydra_satsuma: satsuma-iter+kissat time 191s / budget 1798s
c hydra_satsuma: satsuma-iter+kissat time 196s / budget 1798s
c hydra_satsuma: satsuma-iter+kissat time 201s / budget 1798s
c hydra_satsuma: satsuma-iter+kissat time 206s / budget 1798s
c hydra_satsuma: satsuma-iter+kissat time 211s / budget 1798s
c hydra_satsuma: satsuma-iter+kissat time 216s / budget 1798s
c hydra_satsuma: satsuma-iter+kissat time 221s / budget 1798s
c hydra_satsuma: satsuma-iter+kissat time 226s / budget 1798s
c hydra_satsuma: satsuma-iter+kissat time 231s / budget 1798s
c hydra_satsuma: satsuma-iter+kissat time 236s / budget 1798s
c hydra_satsuma: satsuma-iter+kissat time 241s / budget 1798s
c hydra_satsuma: satsuma-iter+kissat time 246s / budget 1798s
c hydra_satsuma: satsuma-iter+kissat time 251s / budget 1798s
c hydra_satsuma: satsuma-iter+kissat time 256s / budget 1798s
c hydra_satsuma: satsuma-iter+kissat time 261s / budget 1798s
c hydra_satsuma: satsuma-iter+kissat time 266s / budget 1798s
c hydra_satsuma: satsuma-iter+kissat time 271s / budget 1798s
c hydra_satsuma: satsuma-iter+kissat time 276s / budget 1798s
c hydra_satsuma: satsuma-iter+kissat time 281s / budget 1798s
c hydra_satsuma: satsuma-iter+kissat time 286s / budget 1798s
c hydra_satsuma: satsuma-iter+kissat time 292s / budget 1798s
c hydra_satsuma: satsuma-iter+kissat time 297s / budget 1798s
c hydra_satsuma: satsuma-iter+kissat time 302s / budget 1798s
c hydra_satsuma: satsuma-iter+kissat time 307s / budget 1798s
c hydra_satsuma: satsuma-iter+kissat time 312s / budget 1798s
c hydra_satsuma: satsuma-iter+kissat time 317s / budget 1798s
c hydra_satsuma: satsuma-iter+kissat time 322s / budget 1798s
c hydra_satsuma: satsuma-iter+kissat time 327s / budget 1798s
c hydra_satsuma: satsuma-iter+kissat time 332s / budget 1798s
c hydra_satsuma: satsuma-iter+kissat time 337s / budget 1798s
c hydra_satsuma: satsuma-iter+kissat time 342s / budget 1798s
c hydra_satsuma: satsuma-iter+kissat time 347s / budget 1798s
c hydra_satsuma: satsuma-iter+kissat time 352s / budget 1798s
c hydra_satsuma: satsuma-iter+kissat time 357s / budget 1798s
c hydra_satsuma: satsuma-iter+kissat time 362s / budget 1798s
c hydra_satsuma: satsuma-iter+kissat time 367s / budget 1798s
c hydra_satsuma: satsuma-iter+kissat time 372s / budget 1798s
c hydra_satsuma: satsuma-iter+kissat time 377s / budget 1798s
c hydra_satsuma: satsuma-iter+kissat time 382s / budget 1798s
c hydra_satsuma: satsuma-iter+kissat time 387s / budget 1798s
c hydra_satsuma: satsuma-iter+kissat time 392s / budget 1798s
c hydra_satsuma: satsuma-iter+kissat time 397s / budget 1798s
c hydra_satsuma: satsuma-iter+kissat time 402s / budget 1798s
c hydra_satsuma: satsuma-iter+kissat time 407s / budget 1798s
c hydra_satsuma: satsuma-iter+kissat time 412s / budget 1798s
c hydra_satsuma: satsuma-iter+kissat time 417s / budget 1798s
c hydra_satsuma: satsuma-iter+kissat time 422s / budget 1798s
c hydra_satsuma: satsuma-iter+kissat time 427s / budget 1798s
c hydra_satsuma: satsuma-iter+kissat time 432s / budget 1798s
c hydra_satsuma: satsuma-iter+kissat time 437s / budget 1798s
c hydra_satsuma: satsuma-iter+kissat time 442s / budget 1798s
c hydra_satsuma: satsuma-iter+kissat time 448s / budget 1798s
c hydra_satsuma: satsuma-iter+kissat time 453s / budget 1798s
c hydra_satsuma: satsuma-iter+kissat time 458s / budget 1798s
c hydra_satsuma: satsuma-iter+kissat time 463s / budget 1798s
c hydra_satsuma: satsuma-iter+kissat time 468s / budget 1798s
c hydra_satsuma: satsuma-iter+kissat time 473s / budget 1798s
c hydra_satsuma: satsuma-iter+kissat time 478s / budget 1798s
c hydra_satsuma: satsuma-iter+kissat time 483s / budget 1798s
c hydra_satsuma: satsuma-iter+kissat time 488s / budget 1798s
c hydra_satsuma: satsuma-iter+kissat time 493s / budget 1798s
c hydra_satsuma: satsuma-iter+kissat time 498s / budget 1798s
c hydra_satsuma: satsuma-iter+kissat time 503s / budget 1798s
c hydra_satsuma: satsuma-iter+kissat time 508s / budget 1798s
c hydra_satsuma: satsuma-iter+kissat time 513s / budget 1798s
c hydra_satsuma: satsuma-iter+kissat time 518s / budget 1798s
c hydra_satsuma: satsuma-iter+kissat time 523s / budget 1798s
c hydra_satsuma: satsuma-iter+kissat time 528s / budget 1798s
c hydra_satsuma: satsuma-iter+kissat time 533s / budget 1798s
c hydra_satsuma: satsuma-iter+kissat time 538s / budget 1798s
c hydra_satsuma: satsuma-iter+kissat time 543s / budget 1798s
c hydra_satsuma: satsuma-iter+kissat time 548s / budget 1798s
c hydra_satsuma: satsuma-iter+kissat time 553s / budget 1798s
c hydra_satsuma: satsuma-iter+kissat time 558s / budget 1798s
c hydra_satsuma: satsuma-iter+kissat time 563s / budget 1798s
c hydra_satsuma: satsuma-iter+kissat time 568s / budget 1798s
c hydra_satsuma: satsuma-iter+kissat time 573s / budget 1798s
c hydra_satsuma: satsuma-iter+kissat time 578s / budget 1798s
c hydra_satsuma: satsuma-iter+kissat time 583s / budget 1798s
c hydra_satsuma: satsuma-iter+kissat time 588s / budget 1798s
c hydra_satsuma: satsuma-iter+kissat time 594s / budget 1798s
c hydra_satsuma: satsuma-iter+kissat time 599s / budget 1798s
c hydra_satsuma: satsuma-iter+kissat time 604s / budget 1798s
c hydra_satsuma: satsuma-iter+kissat time 609s / budget 1798s
c hydra_satsuma: satsuma-iter+kissat time 614s / budget 1798s
c hydra_satsuma: satsuma-iter+kissat time 619s / budget 1798s
c hydra_satsuma: satsuma-iter+kissat time 624s / budget 1798s
c hydra_satsuma: satsuma-iter+kissat time 629s / budget 1798s
c hydra_satsuma: satsuma-iter+kissat time 634s / budget 1798s
c hydra_satsuma: satsuma-iter+kissat time 639s / budget 1798s
c hydra_satsuma: satsuma-iter+kissat time 644s / budget 1798s
c hydra_satsuma: satsuma-iter+kissat time 649s / budget 1798s
c hydra_satsuma: satsuma-iter+kissat time 654s / budget 1798s
c hydra_satsuma: satsuma-iter+kissat time 659s / budget 1798s
c hydra_satsuma: satsuma-iter+kissat time 664s / budget 1798s
c hydra_satsuma: satsuma-iter+kissat time 669s / budget 1798s
c hydra_satsuma: satsuma-iter+kissat time 674s / budget 1798s
c hydra_satsuma: satsuma-iter+kissat time 679s / budget 1798s
c hydra_satsuma: satsuma-iter+kissat time 684s / budget 1798s
c hydra_satsuma: satsuma-iter+kissat time 689s / budget 1798s
c hydra_satsuma: satsuma-iter+kissat time 694s / budget 1798s
c hydra_satsuma: satsuma-iter+kissat time 699s / budget 1798s
c hydra_satsuma: satsuma-iter+kissat time 704s / budget 1798s
c hydra_satsuma: satsuma-iter+kissat time 709s / budget 1798s
c hydra_satsuma: satsuma-iter+kissat time 714s / budget 1798s
c hydra_satsuma: satsuma-iter+kissat time 719s / budget 1798s
c hydra_satsuma: satsuma-iter+kissat time 724s / budget 1798s
c hydra_satsuma: satsuma-iter+kissat time 729s / budget 1798s
c hydra_satsuma: satsuma-iter+kissat time 734s / budget 1798s
c hydra_satsuma: satsuma-iter+kissat time 740s / budget 1798s
c hydra_satsuma: satsuma-iter+kissat time 745s / budget 1798s
c hydra_satsuma: satsuma-iter+kissat time 750s / budget 1798s
c hydra_satsuma: satsuma-iter+kissat time 755s / budget 1798s
c hydra_satsuma: satsuma-iter+kissat time 760s / budget 1798s
c hydra_satsuma: satsuma-iter+kissat time 765s / budget 1798s
c hydra_satsuma: satsuma-iter+kissat time 770s / budget 1798s
c hydra_satsuma: satsuma-iter+kissat time 775s / budget 1798s
c hydra_satsuma: satsuma-iter+kissat time 780s / budget 1798s
c hydra_satsuma: satsuma-iter+kissat time 785s / budget 1798s
c hydra_satsuma: satsuma-iter+kissat time 790s / budget 1798s
c hydra_satsuma: satsuma-iter+kissat time 795s / budget 1798s
c hydra_satsuma: satsuma-iter+kissat time 800s / budget 1798s
c hydra_satsuma: satsuma-iter+kissat time 805s / budget 1798s
c hydra_satsuma: satsuma-iter+kissat time 810s / budget 1798s
c hydra_satsuma: satsuma-iter+kissat time 815s / budget 1798s
c hydra_satsuma: satsuma-iter+kissat time 820s / budget 1798s
c hydra_satsuma: satsuma-iter+kissat time 825s / budget 1798s
c hydra_satsuma: satsuma-iter+kissat time 830s / budget 1798s
c hydra_satsuma: satsuma-iter+kissat time 835s / budget 1798s
c hydra_satsuma: satsuma-iter+kissat time 840s / budget 1798s
c hydra_satsuma: satsuma-iter+kissat time 845s / budget 1798s
c hydra_satsuma: satsuma-iter+kissat time 850s / budget 1798s
c hydra_satsuma: satsuma-iter+kissat time 855s / budget 1798s
c hydra_satsuma: satsuma-iter+kissat time 860s / budget 1798s
c hydra_satsuma: satsuma-iter+kissat time 865s / budget 1798s
c hydra_satsuma: satsuma-iter+kissat time 870s / budget 1798s
c hydra_satsuma: satsuma-iter+kissat time 875s / budget 1798s
c hydra_satsuma: satsuma-iter+kissat time 880s / budget 1798s
c hydra_satsuma: satsuma-iter+kissat time 885s / budget 1798s
c hydra_satsuma: satsuma-iter+kissat time 890s / budget 1798s
c hydra_satsuma: satsuma-iter+kissat time 896s / budget 1798s
c hydra_satsuma: satsuma-iter+kissat time 901s / budget 1798s
c hydra_satsuma: satsuma-iter+kissat time 906s / budget 1798s
c hydra_satsuma: satsuma-iter+kissat time 911s / budget 1798s
c hydra_satsuma: satsuma-iter+kissat time 916s / budget 1798s
c hydra_satsuma: satsuma-iter+kissat time 921s / budget 1798s
c hydra_satsuma: satsuma-iter+kissat time 926s / budget 1798s
c hydra_satsuma: satsuma-iter+kissat time 931s / budget 1798s
c hydra_satsuma: satsuma-iter+kissat time 936s / budget 1798s
c hydra_satsuma: satsuma-iter+kissat time 941s / budget 1798s
c hydra_satsuma: satsuma-iter+kissat time 946s / budget 1798s
c hydra_satsuma: satsuma-iter+kissat time 951s / budget 1798s
c hydra_satsuma: satsuma-iter+kissat time 956s / budget 1798s
c hydra_satsuma: satsuma-iter+kissat time 961s / budget 1798s
c hydra_satsuma: satsuma-iter+kissat time 966s / budget 1798s
c hydra_satsuma: satsuma-iter+kissat time 971s / budget 1798s
c hydra_satsuma: satsuma-iter+kissat time 976s / budget 1798s
c hydra_satsuma: satsuma-iter+kissat time 981s / budget 1798s
c hydra_satsuma: satsuma-iter+kissat time 986s / budget 1798s
c hydra_satsuma: satsuma-iter+kissat time 991s / budget 1798s
c hydra_satsuma: satsuma-iter+kissat time 996s / budget 1798s
c hydra_satsuma: satsuma-iter+kissat time 1001s / budget 1798s
c hydra_satsuma: satsuma-iter+kissat time 1006s / budget 1798s
c hydra_satsuma: satsuma-iter+kissat time 1011s / budget 1798s
c hydra_satsuma: satsuma-iter+kissat time 1016s / budget 1798s
c hydra_satsuma: satsuma-iter+kissat time 1021s / budget 1798s
c hydra_satsuma: satsuma-iter+kissat time 1026s / budget 1798s
c hydra_satsuma: satsuma-iter+kissat time 1031s / budget 1798s
c hydra_satsuma: satsuma-iter+kissat time 1036s / budget 1798s
c hydra_satsuma: satsuma-iter+kissat time 1042s / budget 1798s
c hydra_satsuma: satsuma-iter+kissat time 1047s / budget 1798s
c hydra_satsuma: satsuma-iter+kissat time 1052s / budget 1798s
c hydra_satsuma: satsuma-iter+kissat time 1057s / budget 1798s
c hydra_satsuma: satsuma-iter+kissat time 1062s / budget 1798s
c hydra_satsuma: satsuma-iter+kissat time 1067s / budget 1798s
c hydra_satsuma: satsuma-iter+kissat time 1072s / budget 1798s
c hydra_satsuma: satsuma-iter+kissat time 1077s / budget 1798s
c hydra_satsuma: satsuma-iter+kissat time 1082s / budget 1798s
c hydra_satsuma: satsuma-iter+kissat time 1087s / budget 1798s
c hydra_satsuma: satsuma-iter+kissat time 1092s / budget 1798s
c hydra_satsuma: satsuma-iter+kissat time 1097s / budget 1798s
c hydra_satsuma: satsuma-iter+kissat time 1102s / budget 1798s
c hydra_satsuma: satsuma-iter+kissat time 1107s / budget 1798s
c hydra_satsuma: satsuma-iter+kissat time 1112s / budget 1798s
c hydra_satsuma: satsuma-iter+kissat time 1117s / budget 1798s
c hydra_satsuma: satsuma-iter+kissat time 1122s / budget 1798s
c hydra_satsuma: satsuma-iter+kissat time 1127s / budget 1798s
c hydra_satsuma: satsuma-iter+kissat time 1132s / budget 1798s
c hydra_satsuma: satsuma-iter+kissat time 1137s / budget 1798s
c hydra_satsuma: satsuma-iter+kissat time 1142s / budget 1798s
c hydra_satsuma: satsuma-iter+kissat time 1147s / budget 1798s
c hydra_satsuma: satsuma-iter+kissat time 1152s / budget 1798s
c hydra_satsuma: satsuma-iter+kissat time 1157s / budget 1798s
c hydra_satsuma: satsuma-iter+kissat time 1162s / budget 1798s
c hydra_satsuma: satsuma-iter+kissat time 1167s / budget 1798s
c hydra_satsuma: satsuma-iter+kissat time 1172s / budget 1798s
c hydra_satsuma: satsuma-iter+kissat time 1177s / budget 1798s
c hydra_satsuma: satsuma-iter+kissat time 1182s / budget 1798s
c hydra_satsuma: satsuma-iter+kissat time 1187s / budget 1798s
c hydra_satsuma: satsuma-iter+kissat time 1192s / budget 1798s
c hydra_satsuma: satsuma-iter+kissat time 1198s / budget 1798s
c hydra_satsuma: satsuma-iter+kissat time 1203s / budget 1798s
c hydra_satsuma: satsuma-iter+kissat time 1208s / budget 1798s
c hydra_satsuma: satsuma-iter+kissat time 1213s / budget 1798s
c hydra_satsuma: satsuma-iter+kissat time 1218s / budget 1798s
c hydra_satsuma: satsuma-iter+kissat time 1223s / budget 1798s
c hydra_satsuma: satsuma-iter+kissat time 1228s / budget 1798s
c hydra_satsuma: satsuma-iter+kissat time 1233s / budget 1798s
c hydra_satsuma: satsuma-iter+kissat time 1238s / budget 1798s
c hydra_satsuma: satsuma-iter+kissat time 1243s / budget 1798s
c hydra_satsuma: satsuma-iter+kissat time 1248s / budget 1798s
c hydra_satsuma: satsuma-iter+kissat time 1253s / budget 1798s
c hydra_satsuma: satsuma-iter+kissat time 1258s / budget 1798s
c hydra_satsuma: satsuma-iter+kissat time 1263s / budget 1798s
c hydra_satsuma: satsuma-iter+kissat time 1268s / budget 1798s
c hydra_satsuma: satsuma-iter+kissat time 1273s / budget 1798s
c hydra_satsuma: satsuma-iter+kissat time 1278s / budget 1798s
c hydra_satsuma: satsuma-iter+kissat time 1283s / budget 1798s
c hydra_satsuma: satsuma-iter+kissat time 1288s / budget 1798s
c hydra_satsuma: satsuma-iter+kissat time 1293s / budget 1798s
c hydra_satsuma: satsuma-iter+kissat time 1298s / budget 1798s
c hydra_satsuma: satsuma-iter+kissat time 1303s / budget 1798s
c hydra_satsuma: satsuma-iter+kissat time 1308s / budget 1798s
c hydra_satsuma: satsuma-iter+kissat time 1313s / budget 1798s
c hydra_satsuma: satsuma-iter+kissat time 1318s / budget 1798s
c hydra_satsuma: satsuma-iter+kissat time 1323s / budget 1798s
c hydra_satsuma: satsuma-iter+kissat time 1328s / budget 1798s
c hydra_satsuma: satsuma-iter+kissat time 1333s / budget 1798s
c hydra_satsuma: satsuma-iter+kissat time 1338s / budget 1798s
c hydra_satsuma: satsuma-iter+kissat time 1343s / budget 1798s
c hydra_satsuma: satsuma-iter+kissat time 1349s / budget 1798s
c hydra_satsuma: satsuma-iter+kissat time 1354s / budget 1798s
c hydra_satsuma: satsuma-iter+kissat time 1359s / budget 1798s
c hydra_satsuma: satsuma-iter+kissat time 1364s / budget 1798s
c hydra_satsuma: satsuma-iter+kissat time 1369s / budget 1798s
c hydra_satsuma: satsuma-iter+kissat time 1374s / budget 1798s
c hydra_satsuma: satsuma-iter+kissat time 1379s / budget 1798s
c hydra_satsuma: satsuma-iter+kissat time 1384s / budget 1798s
c hydra_satsuma: satsuma-iter+kissat time 1389s / budget 1798s
c hydra_satsuma: satsuma-iter+kissat time 1394s / budget 1798s
c hydra_satsuma: satsuma-iter+kissat time 1399s / budget 1798s
c hydra_satsuma: satsuma-iter+kissat time 1404s / budget 1798s
c hydra_satsuma: satsuma-iter+kissat time 1409s / budget 1798s
c hydra_satsuma: satsuma-iter+kissat time 1414s / budget 1798s
c hydra_satsuma: satsuma-iter+kissat time 1419s / budget 1798s
c hydra_satsuma: satsuma-iter+kissat time 1424s / budget 1798s
c hydra_satsuma: satsuma-iter+kissat time 1429s / budget 1798s
c hydra_satsuma: satsuma-iter+kissat time 1434s / budget 1798s
c hydra_satsuma: satsuma-iter+kissat time 1439s / budget 1798s
c hydra_satsuma: satsuma-iter+kissat time 1444s / budget 1798s
c hydra_satsuma: satsuma-iter+kissat time 1449s / budget 1798s
c hydra_satsuma: satsuma-iter+kissat time 1454s / budget 1798s
c hydra_satsuma: satsuma-iter+kissat time 1459s / budget 1798s
c hydra_satsuma: satsuma-iter+kissat time 1464s / budget 1798s
c hydra_satsuma: satsuma-iter+kissat time 1469s / budget 1798s
c hydra_satsuma: satsuma-iter+kissat time 1474s / budget 1798s
c hydra_satsuma: satsuma-iter+kissat time 1479s / budget 1798s
c hydra_satsuma: satsuma-iter+kissat time 1484s / budget 1798s
c hydra_satsuma: satsuma-iter+kissat time 1489s / budget 1798s
c hydra_satsuma: satsuma-iter+kissat time 1494s / budget 1798s
c hydra_satsuma: satsuma-iter+kissat time 1499s / budget 1798s
c hydra_satsuma: satsuma-iter+kissat time 1505s / budget 1798s
c hydra_satsuma: satsuma-iter+kissat time 1510s / budget 1798s
c hydra_satsuma: satsuma-iter+kissat time 1515s / budget 1798s
c hydra_satsuma: satsuma-iter+kissat time 1520s / budget 1798s
c hydra_satsuma: satsuma-iter+kissat time 1525s / budget 1798s
c hydra_satsuma: satsuma-iter+kissat time 1530s / budget 1798s
c hydra_satsuma: satsuma-iter+kissat time 1535s / budget 1798s
c hydra_satsuma: satsuma-iter+kissat time 1540s / budget 1798s
c hydra_satsuma: satsuma-iter+kissat time 1545s / budget 1798s
c hydra_satsuma: satsuma-iter+kissat time 1550s / budget 1798s
c hydra_satsuma: satsuma-iter+kissat time 1555s / budget 1798s
c hydra_satsuma: satsuma-iter+kissat time 1560s / budget 1798s
c hydra_satsuma: satsuma-iter+kissat time 1565s / budget 1798s
c hydra_satsuma: satsuma-iter+kissat time 1570s / budget 1798s
c hydra_satsuma: satsuma-iter+kissat time 1575s / budget 1798s
c hydra_satsuma: satsuma-iter+kissat time 1580s / budget 1798s
c hydra_satsuma: satsuma-iter+kissat time 1585s / budget 1798s
c hydra_satsuma: satsuma-iter+kissat time 1590s / budget 1798s
c hydra_satsuma: satsuma-iter+kissat time 1595s / budget 1798s
c hydra_satsuma: satsuma-iter+kissat time 1600s / budget 1798s
c hydra_satsuma: satsuma-iter+kissat time 1605s / budget 1798s
c hydra_satsuma: satsuma-iter+kissat time 1610s / budget 1798s
c hydra_satsuma: satsuma-iter+kissat time 1615s / budget 1798s
c hydra_satsuma: satsuma-iter+kissat time 1620s / budget 1798s
c hydra_satsuma: satsuma-iter+kissat time 1625s / budget 1798s
c hydra_satsuma: satsuma-iter+kissat time 1630s / budget 1798s
c hydra_satsuma: satsuma-iter+kissat time 1635s / budget 1798s
c hydra_satsuma: satsuma-iter+kissat time 1640s / budget 1798s
c hydra_satsuma: satsuma-iter+kissat time 1645s / budget 1798s
c hydra_satsuma: satsuma-iter+kissat time 1650s / budget 1798s
c hydra_satsuma: satsuma-iter+kissat time 1656s / budget 1798s
c hydra_satsuma: satsuma-iter+kissat time 1661s / budget 1798s
c hydra_satsuma: satsuma-iter+kissat time 1666s / budget 1798s
c hydra_satsuma: satsuma-iter+kissat time 1671s / budget 1798s
c hydra_satsuma: satsuma-iter+kissat time 1676s / budget 1798s
c hydra_satsuma: satsuma-iter+kissat time 1681s / budget 1798s
c hydra_satsuma: satsuma-iter+kissat time 1686s / budget 1798s
c hydra_satsuma: satsuma-iter+kissat time 1691s / budget 1798s
c hydra_satsuma: satsuma-iter+kissat time 1696s / budget 1798s
c hydra_satsuma: satsuma-iter+kissat time 1701s / budget 1798s
c hydra_satsuma: satsuma-iter+kissat time 1706s / budget 1798s
c hydra_satsuma: satsuma-iter+kissat time 1711s / budget 1798s
c hydra_satsuma: satsuma-iter+kissat time 1716s / budget 1798s
c hydra_satsuma: satsuma-iter+kissat time 1721s / budget 1798s
c hydra_satsuma: satsuma-iter+kissat time 1726s / budget 1798s
c hydra_satsuma: satsuma-iter+kissat time 1731s / budget 1798s
c hydra_satsuma: satsuma-iter+kissat time 1736s / budget 1798s
c hydra_satsuma: satsuma-iter+kissat time 1741s / budget 1798s
c hydra_satsuma: satsuma-iter+kissat time 1746s / budget 1798s
c hydra_satsuma: satsuma-iter+kissat time 1751s / budget 1798s
c hydra_satsuma: satsuma-iter+kissat time 1756s / budget 1798s
c hydra_satsuma: satsuma-iter+kissat time 1761s / budget 1798s
c hydra_satsuma: satsuma-iter+kissat time 1766s / budget 1798s
c hydra_satsuma: satsuma-iter+kissat time 1771s / budget 1798s
c hydra_satsuma: satsuma-iter+kissat time 1776s / budget 1798s
c hydra_satsuma: satsuma-iter+kissat time 1781s / budget 1798s
c hydra_satsuma: satsuma-iter+kissat time 1786s / budget 1798s
c hydra_satsuma: satsuma-iter+kissat time 1791s / budget 1798s
c hydra_satsuma: satsuma-iter+kissat time 1796s / budget 1798s
c TIMEOUT after 1798435.4ms
c hydra_satsuma: satsuma-iter+kissat reached no verdict (timeout/unknown; includes an in-container OOM kill under --satsuma-mem-gb)
c hydra_satsuma: container-out: c Running satsuma on /work/f.cnf
EXIT=0
