c parsed 8181 variables, 32805 clauses
c hydra_satsuma: structure analysis (xor stage)…
c hydra_satsuma: xor stage: 4374 XOR(s), 729 var(s) GE-forced — ignored in certified mode (36.5ms)
c hydra_satsuma: no Cook shape -> satsuma-iter+kissat (docker) budget=598s
c hydra_satsuma: satsuma-iter+kissat time 5s / budget 598s
c hydra_satsuma: satsuma-iter+kissat time 10s / budget 598s
c hydra_satsuma: satsuma-iter+kissat time 15s / budget 598s
c hydra_satsuma: prover=satsuma-kissat
c UNSAT in 19872.8ms
c hydra_satsuma: verifying composed SR proof (dsr-trim, budget 600s)…
c hydra_satsuma: satsuma-iter+kissat time 20s / budget 598s
c hydra_satsuma: dsr-trim verify time 5s / budget 600s
c hydra_satsuma: dsr-trim verify time 10s / budget 600s
c hydra_satsuma: dsr-trim verify time 15s / budget 600s
c hydra_satsuma: dsr-trim verify time 20s / budget 600s
c hydra_satsuma: dsr-trim verify time 25s / budget 600s
c hydra_satsuma: dsr-trim verify time 30s / budget 600s
c hydra_satsuma: dsr-trim verify time 35s / budget 600s
c hydra_satsuma: dsr-trim verify 38.7s total
c hydra_satsuma: dsr-trim VERIFIED UNSAT (composed satsuma SR + kissat refutation checks against the input formula)
c hydra_satsuma: SR proof copied to matmul/r22/brent_3x3x6.sr (binary SR — check with dsr-trim, not cake_lpr)
EXIT=0
