c parsed 2896 variables, 11088 clauses
c hydra_satsuma: structure analysis (xor stage)…
c hydra_satsuma: xor stage: 1440 XOR(s), 144 var(s) GE-forced — ignored in certified mode (4.9ms)
c hydra_satsuma: no Cook shape -> satsuma-iter+kissat (docker) budget=3598s
c hydra_satsuma: satsuma-iter+kissat time 5s / budget 3598s
c hydra_satsuma: satsuma-iter+kissat time 10s / budget 3598s
c hydra_satsuma: satsuma-iter+kissat time 15s / budget 3598s
c hydra_satsuma: satsuma-iter+kissat time 20s / budget 3598s
c hydra_satsuma: satsuma-iter+kissat time 25s / budget 3598s
c hydra_satsuma: satsuma-iter+kissat time 30s / budget 3598s
c hydra_satsuma: satsuma-iter+kissat time 35s / budget 3598s
c hydra_satsuma: satsuma-iter+kissat time 40s / budget 3598s
c hydra_satsuma: satsuma-iter+kissat time 45s / budget 3598s
c hydra_satsuma: satsuma-iter+kissat time 50s / budget 3598s
c hydra_satsuma: satsuma-iter+kissat time 55s / budget 3598s
c hydra_satsuma: satsuma-iter+kissat time 60s / budget 3598s
c hydra_satsuma: satsuma-iter+kissat time 65s / budget 3598s
c hydra_satsuma: satsuma-iter+kissat time 70s / budget 3598s
c hydra_satsuma: satsuma-iter+kissat time 75s / budget 3598s
c hydra_satsuma: satsuma-iter+kissat time 80s / budget 3598s
c hydra_satsuma: satsuma-iter+kissat time 85s / budget 3598s
c hydra_satsuma: satsuma-iter+kissat time 90s / budget 3598s
c hydra_satsuma: satsuma-iter+kissat time 95s / budget 3598s
c hydra_satsuma: satsuma-iter+kissat time 100s / budget 3598s
c hydra_satsuma: satsuma-iter+kissat time 105s / budget 3598s
c hydra_satsuma: satsuma-iter+kissat time 110s / budget 3598s
c hydra_satsuma: satsuma-iter+kissat time 115s / budget 3598s
c hydra_satsuma: satsuma-iter+kissat time 120s / budget 3598s
c hydra_satsuma: satsuma-iter+kissat time 125s / budget 3598s
c hydra_satsuma: satsuma-iter+kissat time 130s / budget 3598s
c hydra_satsuma: satsuma-iter+kissat time 135s / budget 3598s
c hydra_satsuma: satsuma-iter+kissat time 140s / budget 3598s
c hydra_satsuma: satsuma-iter+kissat time 146s / budget 3598s
c hydra_satsuma: satsuma-iter+kissat time 151s / budget 3598s
c hydra_satsuma: satsuma-iter+kissat time 156s / budget 3598s
c hydra_satsuma: satsuma-iter+kissat time 161s / budget 3598s
c hydra_satsuma: satsuma-iter+kissat time 166s / budget 3598s
c hydra_satsuma: satsuma-iter+kissat time 171s / budget 3598s
c hydra_satsuma: satsuma-iter+kissat time 176s / budget 3598s
c hydra_satsuma: satsuma-iter+kissat time 181s / budget 3598s
c hydra_satsuma: satsuma-iter+kissat time 186s / budget 3598s
c hydra_satsuma: satsuma-iter+kissat time 191s / budget 3598s
c hydra_satsuma: satsuma-iter+kissat time 196s / budget 3598s
c hydra_satsuma: satsuma-iter+kissat time 201s / budget 3598s
c hydra_satsuma: satsuma-iter+kissat time 206s / budget 3598s
c hydra_satsuma: satsuma-iter+kissat time 211s / budget 3598s
c hydra_satsuma: satsuma-iter+kissat time 216s / budget 3598s
c hydra_satsuma: satsuma-iter+kissat time 221s / budget 3598s
c hydra_satsuma: satsuma-iter+kissat time 226s / budget 3598s
c hydra_satsuma: satsuma-iter+kissat time 231s / budget 3598s
c hydra_satsuma: satsuma-iter+kissat time 236s / budget 3598s
c hydra_satsuma: satsuma-iter+kissat time 241s / budget 3598s
c hydra_satsuma: satsuma-iter+kissat time 246s / budget 3598s
c hydra_satsuma: satsuma-iter+kissat time 251s / budget 3598s
c hydra_satsuma: satsuma-iter+kissat time 256s / budget 3598s
c hydra_satsuma: satsuma-iter+kissat time 261s / budget 3598s
c hydra_satsuma: satsuma-iter+kissat time 266s / budget 3598s
c hydra_satsuma: satsuma-iter+kissat time 271s / budget 3598s
c hydra_satsuma: satsuma-iter+kissat time 276s / budget 3598s
c hydra_satsuma: satsuma-iter+kissat time 281s / budget 3598s
c hydra_satsuma: satsuma-iter+kissat time 286s / budget 3598s
c hydra_satsuma: satsuma-iter+kissat time 291s / budget 3598s
c hydra_satsuma: satsuma-iter+kissat time 296s / budget 3598s
c hydra_satsuma: satsuma-iter+kissat time 301s / budget 3598s
c hydra_satsuma: satsuma-iter+kissat time 307s / budget 3598s
c hydra_satsuma: satsuma-iter+kissat time 312s / budget 3598s
c hydra_satsuma: satsuma-iter+kissat time 317s / budget 3598s
c hydra_satsuma: satsuma-iter+kissat time 322s / budget 3598s
c hydra_satsuma: satsuma-iter+kissat time 327s / budget 3598s
c hydra_satsuma: satsuma-iter+kissat time 332s / budget 3598s
c hydra_satsuma: satsuma-iter+kissat time 337s / budget 3598s
c hydra_satsuma: satsuma-iter+kissat time 342s / budget 3598s
c hydra_satsuma: satsuma-iter+kissat time 347s / budget 3598s
c hydra_satsuma: satsuma-iter+kissat time 352s / budget 3598s
c hydra_satsuma: satsuma-iter+kissat time 357s / budget 3598s
c hydra_satsuma: satsuma-iter+kissat time 362s / budget 3598s
c hydra_satsuma: satsuma-iter+kissat time 367s / budget 3598s
c hydra_satsuma: satsuma-iter+kissat time 372s / budget 3598s
c hydra_satsuma: satsuma-iter+kissat time 377s / budget 3598s
c hydra_satsuma: satsuma-iter+kissat time 382s / budget 3598s
c hydra_satsuma: satsuma-iter+kissat time 387s / budget 3598s
c hydra_satsuma: satsuma-iter+kissat time 392s / budget 3598s
c hydra_satsuma: satsuma-iter+kissat time 397s / budget 3598s
c hydra_satsuma: satsuma-iter+kissat time 402s / budget 3598s
c hydra_satsuma: satsuma-iter+kissat time 407s / budget 3598s
c hydra_satsuma: satsuma-iter+kissat time 412s / budget 3598s
c hydra_satsuma: satsuma-iter+kissat time 417s / budget 3598s
c hydra_satsuma: satsuma-iter+kissat time 422s / budget 3598s
c hydra_satsuma: satsuma-iter+kissat time 427s / budget 3598s
c hydra_satsuma: satsuma-iter+kissat time 432s / budget 3598s
c hydra_satsuma: satsuma-iter+kissat time 437s / budget 3598s
c hydra_satsuma: satsuma-iter+kissat time 442s / budget 3598s
c hydra_satsuma: satsuma-iter+kissat time 448s / budget 3598s
c hydra_satsuma: satsuma-iter+kissat time 453s / budget 3598s
c hydra_satsuma: satsuma-iter+kissat time 458s / budget 3598s
c hydra_satsuma: satsuma-iter+kissat time 463s / budget 3598s
c hydra_satsuma: satsuma-iter+kissat time 468s / budget 3598s
c hydra_satsuma: satsuma-iter+kissat time 473s / budget 3598s
c hydra_satsuma: satsuma-iter+kissat time 478s / budget 3598s
c hydra_satsuma: satsuma-iter+kissat time 483s / budget 3598s
c hydra_satsuma: satsuma-iter+kissat time 488s / budget 3598s
c hydra_satsuma: satsuma-iter+kissat time 493s / budget 3598s
c hydra_satsuma: satsuma-iter+kissat time 498s / budget 3598s
c hydra_satsuma: satsuma-iter+kissat time 503s / budget 3598s
c hydra_satsuma: satsuma-iter+kissat time 508s / budget 3598s
c hydra_satsuma: satsuma-iter+kissat time 513s / budget 3598s
c hydra_satsuma: satsuma-iter+kissat time 518s / budget 3598s
c hydra_satsuma: satsuma-iter+kissat time 523s / budget 3598s
c hydra_satsuma: satsuma-iter+kissat time 528s / budget 3598s
c hydra_satsuma: satsuma-iter+kissat time 533s / budget 3598s
c hydra_satsuma: satsuma-iter+kissat time 538s / budget 3598s
c hydra_satsuma: satsuma-iter+kissat time 543s / budget 3598s
c hydra_satsuma: satsuma-iter+kissat time 548s / budget 3598s
c hydra_satsuma: satsuma-iter+kissat time 553s / budget 3598s
c hydra_satsuma: satsuma-iter+kissat time 558s / budget 3598s
c hydra_satsuma: satsuma-iter+kissat time 563s / budget 3598s
c hydra_satsuma: satsuma-iter+kissat time 568s / budget 3598s
c hydra_satsuma: satsuma-iter+kissat time 573s / budget 3598s
c hydra_satsuma: satsuma-iter+kissat time 578s / budget 3598s
c hydra_satsuma: satsuma-iter+kissat time 583s / budget 3598s
c hydra_satsuma: satsuma-iter+kissat time 588s / budget 3598s
c hydra_satsuma: satsuma-iter+kissat time 593s / budget 3598s
c hydra_satsuma: satsuma-iter+kissat time 598s / budget 3598s
c hydra_satsuma: satsuma-iter+kissat time 604s / budget 3598s
c hydra_satsuma: satsuma-iter+kissat time 609s / budget 3598s
c hydra_satsuma: satsuma-iter+kissat time 614s / budget 3598s
c hydra_satsuma: satsuma-iter+kissat time 619s / budget 3598s
c hydra_satsuma: satsuma-iter+kissat time 624s / budget 3598s
c hydra_satsuma: satsuma-iter+kissat time 629s / budget 3598s
c hydra_satsuma: satsuma-iter+kissat time 634s / budget 3598s
c hydra_satsuma: satsuma-iter+kissat time 639s / budget 3598s
c hydra_satsuma: satsuma-iter+kissat time 644s / budget 3598s
c hydra_satsuma: satsuma-iter+kissat time 649s / budget 3598s
c hydra_satsuma: satsuma-iter+kissat time 654s / budget 3598s
c hydra_satsuma: satsuma-iter+kissat time 659s / budget 3598s
c hydra_satsuma: satsuma-iter+kissat time 664s / budget 3598s
c hydra_satsuma: satsuma-iter+kissat time 669s / budget 3598s
c hydra_satsuma: satsuma-iter+kissat time 674s / budget 3598s
c hydra_satsuma: satsuma-iter+kissat time 679s / budget 3598s
c hydra_satsuma: satsuma-iter+kissat time 684s / budget 3598s
c hydra_satsuma: satsuma-iter+kissat time 689s / budget 3598s
c hydra_satsuma: satsuma-iter+kissat time 694s / budget 3598s
c hydra_satsuma: satsuma-iter+kissat time 699s / budget 3598s
c hydra_satsuma: satsuma-iter+kissat time 704s / budget 3598s
c hydra_satsuma: satsuma-iter+kissat time 709s / budget 3598s
c hydra_satsuma: satsuma-iter+kissat time 714s / budget 3598s
c hydra_satsuma: satsuma-iter+kissat time 719s / budget 3598s
c hydra_satsuma: satsuma-iter+kissat time 724s / budget 3598s
c hydra_satsuma: satsuma-iter+kissat time 729s / budget 3598s
c hydra_satsuma: satsuma-iter+kissat time 734s / budget 3598s
c hydra_satsuma: satsuma-iter+kissat time 739s / budget 3598s
c hydra_satsuma: satsuma-iter+kissat time 744s / budget 3598s
c hydra_satsuma: satsuma-iter+kissat time 750s / budget 3598s
c hydra_satsuma: satsuma-iter+kissat time 755s / budget 3598s
c hydra_satsuma: satsuma-iter+kissat time 760s / budget 3598s
c hydra_satsuma: satsuma-iter+kissat time 765s / budget 3598s
c hydra_satsuma: satsuma-iter+kissat time 770s / budget 3598s
c hydra_satsuma: satsuma-iter+kissat time 775s / budget 3598s
c hydra_satsuma: satsuma-iter+kissat time 780s / budget 3598s
c hydra_satsuma: satsuma-iter+kissat time 785s / budget 3598s
c hydra_satsuma: satsuma-iter+kissat time 790s / budget 3598s
c hydra_satsuma: satsuma-iter+kissat time 795s / budget 3598s
c hydra_satsuma: satsuma-iter+kissat time 800s / budget 3598s
c hydra_satsuma: satsuma-iter+kissat time 805s / budget 3598s
c hydra_satsuma: satsuma-iter+kissat time 810s / budget 3598s
c hydra_satsuma: satsuma-iter+kissat time 815s / budget 3598s
c hydra_satsuma: satsuma-iter+kissat time 820s / budget 3598s
c hydra_satsuma: satsuma-iter+kissat time 825s / budget 3598s
c hydra_satsuma: satsuma-iter+kissat time 830s / budget 3598s
c hydra_satsuma: satsuma-iter+kissat time 835s / budget 3598s
c hydra_satsuma: satsuma-iter+kissat time 840s / budget 3598s
c hydra_satsuma: satsuma-iter+kissat time 845s / budget 3598s
c hydra_satsuma: satsuma-iter+kissat time 850s / budget 3598s
c hydra_satsuma: satsuma-iter+kissat time 855s / budget 3598s
c hydra_satsuma: satsuma-iter+kissat time 860s / budget 3598s
c hydra_satsuma: satsuma-iter+kissat time 865s / budget 3598s
c hydra_satsuma: satsuma-iter+kissat time 870s / budget 3598s
c hydra_satsuma: satsuma-iter+kissat time 875s / budget 3598s
c hydra_satsuma: satsuma-iter+kissat time 880s / budget 3598s
c hydra_satsuma: satsuma-iter+kissat time 885s / budget 3598s
c hydra_satsuma: satsuma-iter+kissat time 890s / budget 3598s
c hydra_satsuma: satsuma-iter+kissat time 895s / budget 3598s
c hydra_satsuma: satsuma-iter+kissat time 901s / budget 3598s
c hydra_satsuma: satsuma-iter+kissat time 906s / budget 3598s
c hydra_satsuma: satsuma-iter+kissat time 911s / budget 3598s
c hydra_satsuma: satsuma-iter+kissat time 916s / budget 3598s
c hydra_satsuma: satsuma-iter+kissat time 921s / budget 3598s
c hydra_satsuma: satsuma-iter+kissat time 926s / budget 3598s
c hydra_satsuma: satsuma-iter+kissat time 931s / budget 3598s
c hydra_satsuma: satsuma-iter+kissat time 936s / budget 3598s
c hydra_satsuma: satsuma-iter+kissat time 941s / budget 3598s
c hydra_satsuma: satsuma-iter+kissat time 946s / budget 3598s
c hydra_satsuma: satsuma-iter+kissat time 951s / budget 3598s
c hydra_satsuma: satsuma-iter+kissat time 956s / budget 3598s
c hydra_satsuma: satsuma-iter+kissat time 961s / budget 3598s
c hydra_satsuma: satsuma-iter+kissat time 966s / budget 3598s
c hydra_satsuma: satsuma-iter+kissat time 971s / budget 3598s
c hydra_satsuma: satsuma-iter+kissat time 976s / budget 3598s
c hydra_satsuma: satsuma-iter+kissat time 981s / budget 3598s
c hydra_satsuma: satsuma-iter+kissat time 986s / budget 3598s
c hydra_satsuma: satsuma-iter+kissat time 991s / budget 3598s
c hydra_satsuma: satsuma-iter+kissat time 996s / budget 3598s
c hydra_satsuma: satsuma-iter+kissat time 1001s / budget 3598s
c hydra_satsuma: satsuma-iter+kissat time 1006s / budget 3598s
c hydra_satsuma: satsuma-iter+kissat time 1011s / budget 3598s
c hydra_satsuma: satsuma-iter+kissat time 1016s / budget 3598s
c hydra_satsuma: satsuma-iter+kissat time 1021s / budget 3598s
c hydra_satsuma: satsuma-iter+kissat time 1026s / budget 3598s
c hydra_satsuma: satsuma-iter+kissat time 1031s / budget 3598s
c hydra_satsuma: satsuma-iter+kissat time 1036s / budget 3598s
c hydra_satsuma: satsuma-iter+kissat time 1041s / budget 3598s
c hydra_satsuma: satsuma-iter+kissat time 1046s / budget 3598s
c hydra_satsuma: satsuma-iter+kissat time 1052s / budget 3598s
c hydra_satsuma: satsuma-iter+kissat time 1057s / budget 3598s
c hydra_satsuma: satsuma-iter+kissat time 1062s / budget 3598s
c hydra_satsuma: satsuma-iter+kissat time 1067s / budget 3598s
c hydra_satsuma: satsuma-iter+kissat time 1072s / budget 3598s
c hydra_satsuma: satsuma-iter+kissat time 1077s / budget 3598s
c hydra_satsuma: satsuma-iter+kissat time 1082s / budget 3598s
c hydra_satsuma: satsuma-iter+kissat time 1087s / budget 3598s
c hydra_satsuma: satsuma-iter+kissat time 1092s / budget 3598s
c hydra_satsuma: satsuma-iter+kissat time 1097s / budget 3598s
c hydra_satsuma: satsuma-iter+kissat time 1102s / budget 3598s
c hydra_satsuma: satsuma-iter+kissat time 1107s / budget 3598s
c hydra_satsuma: satsuma-iter+kissat time 1112s / budget 3598s
c hydra_satsuma: satsuma-iter+kissat time 1117s / budget 3598s
c hydra_satsuma: satsuma-iter+kissat time 1122s / budget 3598s
c hydra_satsuma: satsuma-iter+kissat time 1127s / budget 3598s
c hydra_satsuma: satsuma-iter+kissat time 1132s / budget 3598s
c hydra_satsuma: satsuma-iter+kissat time 1137s / budget 3598s
c hydra_satsuma: satsuma-iter+kissat time 1142s / budget 3598s
c hydra_satsuma: satsuma-iter+kissat time 1147s / budget 3598s
c hydra_satsuma: satsuma-iter+kissat time 1152s / budget 3598s
c hydra_satsuma: satsuma-iter+kissat time 1157s / budget 3598s
c hydra_satsuma: satsuma-iter+kissat time 1162s / budget 3598s
c hydra_satsuma: satsuma-iter+kissat time 1167s / budget 3598s
c hydra_satsuma: satsuma-iter+kissat time 1172s / budget 3598s
c hydra_satsuma: satsuma-iter+kissat time 1177s / budget 3598s
c hydra_satsuma: satsuma-iter+kissat time 1182s / budget 3598s
c hydra_satsuma: satsuma-iter+kissat time 1187s / budget 3598s
c hydra_satsuma: satsuma-iter+kissat time 1192s / budget 3598s
c hydra_satsuma: satsuma-iter+kissat time 1197s / budget 3598s
c hydra_satsuma: satsuma-iter+kissat time 1202s / budget 3598s
c hydra_satsuma: satsuma-iter+kissat time 1207s / budget 3598s
c hydra_satsuma: satsuma-iter+kissat time 1213s / budget 3598s
c hydra_satsuma: satsuma-iter+kissat time 1218s / budget 3598s
c hydra_satsuma: satsuma-iter+kissat time 1223s / budget 3598s
c hydra_satsuma: satsuma-iter+kissat time 1228s / budget 3598s
c hydra_satsuma: satsuma-iter+kissat time 1233s / budget 3598s
c hydra_satsuma: satsuma-iter+kissat time 1238s / budget 3598s
c hydra_satsuma: satsuma-iter+kissat time 1243s / budget 3598s
c hydra_satsuma: satsuma-iter+kissat time 1248s / budget 3598s
c hydra_satsuma: satsuma-iter+kissat time 1253s / budget 3598s
c hydra_satsuma: satsuma-iter+kissat time 1258s / budget 3598s
c hydra_satsuma: satsuma-iter+kissat time 1263s / budget 3598s
c hydra_satsuma: satsuma-iter+kissat time 1268s / budget 3598s
c hydra_satsuma: satsuma-iter+kissat time 1273s / budget 3598s
c hydra_satsuma: satsuma-iter+kissat time 1278s / budget 3598s
c hydra_satsuma: satsuma-iter+kissat time 1283s / budget 3598s
c hydra_satsuma: satsuma-iter+kissat time 1288s / budget 3598s
c hydra_satsuma: satsuma-iter+kissat time 1293s / budget 3598s
c hydra_satsuma: satsuma-iter+kissat time 1298s / budget 3598s
c hydra_satsuma: satsuma-iter+kissat time 1303s / budget 3598s
c hydra_satsuma: satsuma-iter+kissat time 1308s / budget 3598s
c hydra_satsuma: satsuma-iter+kissat time 1313s / budget 3598s
c hydra_satsuma: satsuma-iter+kissat time 1318s / budget 3598s
c hydra_satsuma: satsuma-iter+kissat time 1323s / budget 3598s
c hydra_satsuma: satsuma-iter+kissat time 1328s / budget 3598s
c hydra_satsuma: satsuma-iter+kissat time 1333s / budget 3598s
c hydra_satsuma: satsuma-iter+kissat time 1338s / budget 3598s
c hydra_satsuma: satsuma-iter+kissat time 1343s / budget 3598s
c hydra_satsuma: satsuma-iter+kissat time 1348s / budget 3598s
c hydra_satsuma: satsuma-iter+kissat time 1353s / budget 3598s
c hydra_satsuma: satsuma-iter+kissat time 1358s / budget 3598s
c hydra_satsuma: satsuma-iter+kissat time 1363s / budget 3598s
c hydra_satsuma: satsuma-iter+kissat time 1369s / budget 3598s
c hydra_satsuma: satsuma-iter+kissat time 1374s / budget 3598s
c hydra_satsuma: satsuma-iter+kissat time 1379s / budget 3598s
c hydra_satsuma: satsuma-iter+kissat time 1384s / budget 3598s
c hydra_satsuma: satsuma-iter+kissat time 1389s / budget 3598s
c hydra_satsuma: satsuma-iter+kissat time 1394s / budget 3598s
c hydra_satsuma: satsuma-iter+kissat time 1399s / budget 3598s
c hydra_satsuma: satsuma-iter+kissat time 1404s / budget 3598s
c hydra_satsuma: satsuma-iter+kissat time 1409s / budget 3598s
c hydra_satsuma: satsuma-iter+kissat time 1414s / budget 3598s
c hydra_satsuma: satsuma-iter+kissat time 1419s / budget 3598s
c hydra_satsuma: satsuma-iter+kissat time 1424s / budget 3598s
c hydra_satsuma: satsuma-iter+kissat time 1429s / budget 3598s
c hydra_satsuma: satsuma-iter+kissat time 1434s / budget 3598s
c hydra_satsuma: satsuma-iter+kissat time 1439s / budget 3598s
c hydra_satsuma: satsuma-iter+kissat time 1444s / budget 3598s
c hydra_satsuma: satsuma-iter+kissat time 1449s / budget 3598s
c hydra_satsuma: satsuma-iter+kissat time 1454s / budget 3598s
c hydra_satsuma: satsuma-iter+kissat time 1459s / budget 3598s
c hydra_satsuma: satsuma-iter+kissat time 1464s / budget 3598s
c hydra_satsuma: satsuma-iter+kissat time 1469s / budget 3598s
c hydra_satsuma: satsuma-iter+kissat time 1474s / budget 3598s
c hydra_satsuma: satsuma-iter+kissat time 1479s / budget 3598s
c hydra_satsuma: satsuma-iter+kissat time 1484s / budget 3598s
c hydra_satsuma: satsuma-iter+kissat time 1489s / budget 3598s
c hydra_satsuma: satsuma-iter+kissat time 1494s / budget 3598s
c hydra_satsuma: satsuma-iter+kissat time 1499s / budget 3598s
c hydra_satsuma: satsuma-iter+kissat time 1504s / budget 3598s
c hydra_satsuma: satsuma-iter+kissat time 1509s / budget 3598s
c hydra_satsuma: satsuma-iter+kissat time 1515s / budget 3598s
c hydra_satsuma: satsuma-iter+kissat time 1520s / budget 3598s
c hydra_satsuma: satsuma-iter+kissat time 1525s / budget 3598s
c hydra_satsuma: satsuma-iter+kissat time 1530s / budget 3598s
c hydra_satsuma: satsuma-iter+kissat time 1535s / budget 3598s
c hydra_satsuma: satsuma-iter+kissat time 1540s / budget 3598s
c hydra_satsuma: satsuma-iter+kissat time 1545s / budget 3598s
c hydra_satsuma: satsuma-iter+kissat time 1550s / budget 3598s
c hydra_satsuma: satsuma-iter+kissat time 1555s / budget 3598s
c hydra_satsuma: satsuma-iter+kissat time 1560s / budget 3598s
c hydra_satsuma: satsuma-iter+kissat time 1565s / budget 3598s
c hydra_satsuma: satsuma-iter+kissat time 1570s / budget 3598s
c hydra_satsuma: satsuma-iter+kissat time 1575s / budget 3598s
c hydra_satsuma: satsuma-iter+kissat time 1580s / budget 3598s
c hydra_satsuma: satsuma-iter+kissat time 1585s / budget 3598s
c hydra_satsuma: satsuma-iter+kissat time 1590s / budget 3598s
c hydra_satsuma: satsuma-iter+kissat time 1595s / budget 3598s
c hydra_satsuma: satsuma-iter+kissat time 1600s / budget 3598s
c hydra_satsuma: satsuma-iter+kissat time 1605s / budget 3598s
c hydra_satsuma: satsuma-iter+kissat time 1610s / budget 3598s
c hydra_satsuma: satsuma-iter+kissat time 1615s / budget 3598s
c hydra_satsuma: satsuma-iter+kissat time 1620s / budget 3598s
c hydra_satsuma: satsuma-iter+kissat time 1625s / budget 3598s
c hydra_satsuma: satsuma-iter+kissat time 1630s / budget 3598s
c hydra_satsuma: satsuma-iter+kissat time 1635s / budget 3598s
c hydra_satsuma: satsuma-iter+kissat time 1640s / budget 3598s
c hydra_satsuma: satsuma-iter+kissat time 1645s / budget 3598s
c hydra_satsuma: satsuma-iter+kissat time 1650s / budget 3598s
c hydra_satsuma: satsuma-iter+kissat time 1655s / budget 3598s
c hydra_satsuma: satsuma-iter+kissat time 1661s / budget 3598s
c hydra_satsuma: satsuma-iter+kissat time 1666s / budget 3598s
c hydra_satsuma: satsuma-iter+kissat time 1671s / budget 3598s
c hydra_satsuma: satsuma-iter+kissat time 1676s / budget 3598s
c hydra_satsuma: satsuma-iter+kissat time 1681s / budget 3598s
c hydra_satsuma: satsuma-iter+kissat time 1686s / budget 3598s
c hydra_satsuma: satsuma-iter+kissat time 1691s / budget 3598s
c hydra_satsuma: satsuma-iter+kissat time 1696s / budget 3598s
c hydra_satsuma: satsuma-iter+kissat time 1701s / budget 3598s
c hydra_satsuma: satsuma-iter+kissat time 1706s / budget 3598s
c hydra_satsuma: satsuma-iter+kissat time 1711s / budget 3598s
c hydra_satsuma: satsuma-iter+kissat time 1716s / budget 3598s
c hydra_satsuma: satsuma-iter+kissat time 1721s / budget 3598s
c hydra_satsuma: satsuma-iter+kissat time 1726s / budget 3598s
c hydra_satsuma: satsuma-iter+kissat time 1731s / budget 3598s
c hydra_satsuma: satsuma-iter+kissat time 1736s / budget 3598s
c hydra_satsuma: satsuma-iter+kissat time 1741s / budget 3598s
c hydra_satsuma: satsuma-iter+kissat time 1746s / budget 3598s
c hydra_satsuma: satsuma-iter+kissat time 1751s / budget 3598s
c hydra_satsuma: satsuma-iter+kissat time 1756s / budget 3598s
c hydra_satsuma: satsuma-iter+kissat time 1761s / budget 3598s
c hydra_satsuma: satsuma-iter+kissat time 1766s / budget 3598s
c hydra_satsuma: satsuma-iter+kissat time 1771s / budget 3598s
c hydra_satsuma: satsuma-iter+kissat time 1776s / budget 3598s
c hydra_satsuma: satsuma-iter+kissat time 1781s / budget 3598s
c hydra_satsuma: satsuma-iter+kissat time 1786s / budget 3598s
c hydra_satsuma: satsuma-iter+kissat time 1791s / budget 3598s
c hydra_satsuma: satsuma-iter+kissat time 1796s / budget 3598s
c hydra_satsuma: satsuma-iter+kissat time 1801s / budget 3598s
c hydra_satsuma: satsuma-iter+kissat time 1806s / budget 3598s
c hydra_satsuma: satsuma-iter+kissat time 1812s / budget 3598s
c hydra_satsuma: satsuma-iter+kissat time 1817s / budget 3598s
c hydra_satsuma: satsuma-iter+kissat time 1822s / budget 3598s
c hydra_satsuma: satsuma-iter+kissat time 1827s / budget 3598s
c hydra_satsuma: satsuma-iter+kissat time 1832s / budget 3598s
c hydra_satsuma: satsuma-iter+kissat time 1837s / budget 3598s
c hydra_satsuma: satsuma-iter+kissat time 1842s / budget 3598s
c hydra_satsuma: satsuma-iter+kissat time 1847s / budget 3598s
c hydra_satsuma: satsuma-iter+kissat time 1852s / budget 3598s
c hydra_satsuma: satsuma-iter+kissat time 1857s / budget 3598s
c hydra_satsuma: satsuma-iter+kissat time 1862s / budget 3598s
c hydra_satsuma: satsuma-iter+kissat time 1867s / budget 3598s
c hydra_satsuma: satsuma-iter+kissat time 1872s / budget 3598s
c hydra_satsuma: satsuma-iter+kissat time 1877s / budget 3598s
c hydra_satsuma: satsuma-iter+kissat time 1882s / budget 3598s
c hydra_satsuma: satsuma-iter+kissat time 1887s / budget 3598s
c hydra_satsuma: satsuma-iter+kissat time 1892s / budget 3598s
c hydra_satsuma: satsuma-iter+kissat time 1897s / budget 3598s
c hydra_satsuma: satsuma-iter+kissat time 1902s / budget 3598s
c hydra_satsuma: satsuma-iter+kissat time 1907s / budget 3598s
c hydra_satsuma: satsuma-iter+kissat time 1912s / budget 3598s
c hydra_satsuma: satsuma-iter+kissat time 1917s / budget 3598s
c hydra_satsuma: satsuma-iter+kissat time 1922s / budget 3598s
c hydra_satsuma: satsuma-iter+kissat time 1927s / budget 3598s
c hydra_satsuma: satsuma-iter+kissat time 1932s / budget 3598s
c hydra_satsuma: satsuma-iter+kissat time 1937s / budget 3598s
c hydra_satsuma: satsuma-iter+kissat time 1942s / budget 3598s
c hydra_satsuma: satsuma-iter+kissat time 1947s / budget 3598s
c hydra_satsuma: satsuma-iter+kissat time 1952s / budget 3598s
c hydra_satsuma: satsuma-iter+kissat time 1957s / budget 3598s
c hydra_satsuma: satsuma-iter+kissat time 1962s / budget 3598s
c hydra_satsuma: satsuma-iter+kissat time 1968s / budget 3598s
c hydra_satsuma: satsuma-iter+kissat time 1973s / budget 3598s
c hydra_satsuma: satsuma-iter+kissat time 1978s / budget 3598s
c hydra_satsuma: satsuma-iter+kissat time 1983s / budget 3598s
c hydra_satsuma: satsuma-iter+kissat time 1988s / budget 3598s
c hydra_satsuma: satsuma-iter+kissat time 1993s / budget 3598s
c hydra_satsuma: satsuma-iter+kissat time 1998s / budget 3598s
c hydra_satsuma: satsuma-iter+kissat time 2003s / budget 3598s
c hydra_satsuma: satsuma-iter+kissat time 2008s / budget 3598s
c hydra_satsuma: satsuma-iter+kissat time 2013s / budget 3598s
c hydra_satsuma: satsuma-iter+kissat time 2018s / budget 3598s
c hydra_satsuma: satsuma-iter+kissat time 2023s / budget 3598s
c hydra_satsuma: satsuma-iter+kissat time 2028s / budget 3598s
c hydra_satsuma: satsuma-iter+kissat time 2033s / budget 3598s
c hydra_satsuma: satsuma-iter+kissat time 2038s / budget 3598s
c hydra_satsuma: satsuma-iter+kissat time 2043s / budget 3598s
c hydra_satsuma: satsuma-iter+kissat time 2048s / budget 3598s
c hydra_satsuma: satsuma-iter+kissat time 2053s / budget 3598s
c hydra_satsuma: satsuma-iter+kissat time 2058s / budget 3598s
c hydra_satsuma: satsuma-iter+kissat time 2063s / budget 3598s
c hydra_satsuma: satsuma-iter+kissat time 2068s / budget 3598s
c hydra_satsuma: satsuma-iter+kissat time 2073s / budget 3598s
c hydra_satsuma: satsuma-iter+kissat time 2078s / budget 3598s
c hydra_satsuma: satsuma-iter+kissat time 2083s / budget 3598s
c hydra_satsuma: satsuma-iter+kissat time 2088s / budget 3598s
c hydra_satsuma: satsuma-iter+kissat time 2093s / budget 3598s
c hydra_satsuma: satsuma-iter+kissat time 2098s / budget 3598s
c hydra_satsuma: satsuma-iter+kissat time 2103s / budget 3598s
c hydra_satsuma: satsuma-iter+kissat time 2108s / budget 3598s
c hydra_satsuma: satsuma-iter+kissat time 2113s / budget 3598s
c hydra_satsuma: satsuma-iter+kissat time 2118s / budget 3598s
c hydra_satsuma: satsuma-iter+kissat time 2124s / budget 3598s
c hydra_satsuma: satsuma-iter+kissat time 2129s / budget 3598s
c hydra_satsuma: satsuma-iter+kissat time 2134s / budget 3598s
c hydra_satsuma: satsuma-iter+kissat time 2139s / budget 3598s
c hydra_satsuma: satsuma-iter+kissat time 2144s / budget 3598s
c hydra_satsuma: satsuma-iter+kissat time 2149s / budget 3598s
c hydra_satsuma: satsuma-iter+kissat time 2154s / budget 3598s
c hydra_satsuma: satsuma-iter+kissat time 2159s / budget 3598s
c hydra_satsuma: satsuma-iter+kissat time 2164s / budget 3598s
c hydra_satsuma: satsuma-iter+kissat time 2169s / budget 3598s
c hydra_satsuma: satsuma-iter+kissat time 2174s / budget 3598s
c hydra_satsuma: satsuma-iter+kissat time 2179s / budget 3598s
c hydra_satsuma: satsuma-iter+kissat time 2184s / budget 3598s
c hydra_satsuma: satsuma-iter+kissat time 2189s / budget 3598s
c hydra_satsuma: satsuma-iter+kissat time 2194s / budget 3598s
c hydra_satsuma: satsuma-iter+kissat time 2199s / budget 3598s
c hydra_satsuma: satsuma-iter+kissat time 2204s / budget 3598s
c hydra_satsuma: satsuma-iter+kissat time 2209s / budget 3598s
c hydra_satsuma: satsuma-iter+kissat time 2214s / budget 3598s
c hydra_satsuma: satsuma-iter+kissat time 2219s / budget 3598s
c hydra_satsuma: satsuma-iter+kissat time 2224s / budget 3598s
c hydra_satsuma: satsuma-iter+kissat time 2229s / budget 3598s
c hydra_satsuma: satsuma-iter+kissat time 2234s / budget 3598s
c hydra_satsuma: satsuma-iter+kissat time 2239s / budget 3598s
c hydra_satsuma: satsuma-iter+kissat time 2244s / budget 3598s
c hydra_satsuma: satsuma-iter+kissat time 2249s / budget 3598s
c hydra_satsuma: satsuma-iter+kissat time 2254s / budget 3598s
c hydra_satsuma: satsuma-iter+kissat time 2259s / budget 3598s
c hydra_satsuma: satsuma-iter+kissat time 2264s / budget 3598s
c hydra_satsuma: satsuma-iter+kissat time 2269s / budget 3598s
c hydra_satsuma: satsuma-iter+kissat time 2275s / budget 3598s
c hydra_satsuma: satsuma-iter+kissat time 2280s / budget 3598s
c hydra_satsuma: satsuma-iter+kissat time 2285s / budget 3598s
c hydra_satsuma: satsuma-iter+kissat time 2290s / budget 3598s
c hydra_satsuma: satsuma-iter+kissat time 2295s / budget 3598s
c hydra_satsuma: satsuma-iter+kissat time 2300s / budget 3598s
c hydra_satsuma: satsuma-iter+kissat time 2305s / budget 3598s
c hydra_satsuma: satsuma-iter+kissat time 2310s / budget 3598s
c hydra_satsuma: satsuma-iter+kissat time 2315s / budget 3598s
c hydra_satsuma: satsuma-iter+kissat time 2320s / budget 3598s
c hydra_satsuma: satsuma-iter+kissat time 2325s / budget 3598s
c hydra_satsuma: satsuma-iter+kissat time 2330s / budget 3598s
c hydra_satsuma: satsuma-iter+kissat time 2335s / budget 3598s
c hydra_satsuma: satsuma-iter+kissat time 2340s / budget 3598s
c hydra_satsuma: satsuma-iter+kissat time 2345s / budget 3598s
c hydra_satsuma: satsuma-iter+kissat time 2350s / budget 3598s
c hydra_satsuma: satsuma-iter+kissat time 2355s / budget 3598s
c hydra_satsuma: satsuma-iter+kissat time 2360s / budget 3598s
c hydra_satsuma: satsuma-iter+kissat time 2365s / budget 3598s
c hydra_satsuma: satsuma-iter+kissat time 2370s / budget 3598s
c hydra_satsuma: satsuma-iter+kissat time 2375s / budget 3598s
c hydra_satsuma: satsuma-iter+kissat time 2380s / budget 3598s
c hydra_satsuma: satsuma-iter+kissat time 2385s / budget 3598s
c hydra_satsuma: satsuma-iter+kissat time 2390s / budget 3598s
c hydra_satsuma: satsuma-iter+kissat time 2395s / budget 3598s
c hydra_satsuma: satsuma-iter+kissat time 2400s / budget 3598s
c hydra_satsuma: satsuma-iter+kissat time 2405s / budget 3598s
c hydra_satsuma: satsuma-iter+kissat time 2410s / budget 3598s
c hydra_satsuma: satsuma-iter+kissat time 2415s / budget 3598s
c hydra_satsuma: satsuma-iter+kissat time 2420s / budget 3598s
c hydra_satsuma: satsuma-iter+kissat time 2426s / budget 3598s
c hydra_satsuma: satsuma-iter+kissat time 2431s / budget 3598s
c hydra_satsuma: satsuma-iter+kissat time 2436s / budget 3598s
c hydra_satsuma: satsuma-iter+kissat time 2441s / budget 3598s
c hydra_satsuma: satsuma-iter+kissat time 2446s / budget 3598s
c hydra_satsuma: satsuma-iter+kissat time 2451s / budget 3598s
c hydra_satsuma: satsuma-iter+kissat time 2456s / budget 3598s
c hydra_satsuma: satsuma-iter+kissat time 2461s / budget 3598s
c hydra_satsuma: satsuma-iter+kissat time 2466s / budget 3598s
c hydra_satsuma: satsuma-iter+kissat time 2471s / budget 3598s
c hydra_satsuma: satsuma-iter+kissat time 2476s / budget 3598s
c hydra_satsuma: satsuma-iter+kissat time 2481s / budget 3598s
c hydra_satsuma: satsuma-iter+kissat time 2486s / budget 3598s
c hydra_satsuma: satsuma-iter+kissat time 2491s / budget 3598s
c hydra_satsuma: satsuma-iter+kissat time 2496s / budget 3598s
c hydra_satsuma: satsuma-iter+kissat time 2501s / budget 3598s
c hydra_satsuma: satsuma-iter+kissat time 2506s / budget 3598s
c hydra_satsuma: satsuma-iter+kissat time 2511s / budget 3598s
c hydra_satsuma: satsuma-iter+kissat time 2516s / budget 3598s
c hydra_satsuma: satsuma-iter+kissat time 2521s / budget 3598s
c hydra_satsuma: satsuma-iter+kissat time 2526s / budget 3598s
c hydra_satsuma: satsuma-iter+kissat time 2531s / budget 3598s
c hydra_satsuma: satsuma-iter+kissat time 2536s / budget 3598s
c hydra_satsuma: satsuma-iter+kissat time 2541s / budget 3598s
c hydra_satsuma: satsuma-iter+kissat time 2546s / budget 3598s
c hydra_satsuma: satsuma-iter+kissat time 2551s / budget 3598s
c hydra_satsuma: satsuma-iter+kissat time 2556s / budget 3598s
c hydra_satsuma: satsuma-iter+kissat time 2561s / budget 3598s
c hydra_satsuma: satsuma-iter+kissat time 2566s / budget 3598s
c hydra_satsuma: satsuma-iter+kissat time 2571s / budget 3598s
c hydra_satsuma: satsuma-iter+kissat time 2577s / budget 3598s
c hydra_satsuma: satsuma-iter+kissat time 2582s / budget 3598s
c hydra_satsuma: satsuma-iter+kissat time 2587s / budget 3598s
c hydra_satsuma: satsuma-iter+kissat time 2592s / budget 3598s
c hydra_satsuma: satsuma-iter+kissat time 2597s / budget 3598s
c hydra_satsuma: satsuma-iter+kissat time 2602s / budget 3598s
c hydra_satsuma: satsuma-iter+kissat time 2607s / budget 3598s
c hydra_satsuma: satsuma-iter+kissat time 2612s / budget 3598s
c hydra_satsuma: satsuma-iter+kissat time 2617s / budget 3598s
c hydra_satsuma: satsuma-iter+kissat time 2622s / budget 3598s
c hydra_satsuma: satsuma-iter+kissat time 2627s / budget 3598s
c hydra_satsuma: satsuma-iter+kissat time 2632s / budget 3598s
c hydra_satsuma: satsuma-iter+kissat time 2637s / budget 3598s
c hydra_satsuma: satsuma-iter+kissat time 2642s / budget 3598s
c hydra_satsuma: satsuma-iter+kissat time 2647s / budget 3598s
c hydra_satsuma: satsuma-iter+kissat time 2652s / budget 3598s
c hydra_satsuma: satsuma-iter+kissat time 2657s / budget 3598s
c hydra_satsuma: satsuma-iter+kissat time 2662s / budget 3598s
c hydra_satsuma: satsuma-iter+kissat time 2667s / budget 3598s
c hydra_satsuma: satsuma-iter+kissat time 2672s / budget 3598s
c hydra_satsuma: satsuma-iter+kissat time 2677s / budget 3598s
c hydra_satsuma: satsuma-iter+kissat time 2682s / budget 3598s
c hydra_satsuma: satsuma-iter+kissat time 2687s / budget 3598s
c hydra_satsuma: satsuma-iter+kissat time 2692s / budget 3598s
c hydra_satsuma: satsuma-iter+kissat time 2697s / budget 3598s
c hydra_satsuma: satsuma-iter+kissat time 2702s / budget 3598s
c hydra_satsuma: satsuma-iter+kissat time 2707s / budget 3598s
c hydra_satsuma: satsuma-iter+kissat time 2712s / budget 3598s
c hydra_satsuma: satsuma-iter+kissat time 2717s / budget 3598s
c hydra_satsuma: satsuma-iter+kissat time 2723s / budget 3598s
c hydra_satsuma: satsuma-iter+kissat time 2728s / budget 3598s
c hydra_satsuma: satsuma-iter+kissat time 2733s / budget 3598s
c hydra_satsuma: satsuma-iter+kissat time 2738s / budget 3598s
c hydra_satsuma: satsuma-iter+kissat time 2743s / budget 3598s
c hydra_satsuma: satsuma-iter+kissat time 2748s / budget 3598s
c hydra_satsuma: satsuma-iter+kissat time 2753s / budget 3598s
c hydra_satsuma: satsuma-iter+kissat time 2758s / budget 3598s
c hydra_satsuma: satsuma-iter+kissat time 2763s / budget 3598s
c hydra_satsuma: satsuma-iter+kissat time 2768s / budget 3598s
c hydra_satsuma: satsuma-iter+kissat time 2773s / budget 3598s
c hydra_satsuma: satsuma-iter+kissat time 2778s / budget 3598s
c hydra_satsuma: satsuma-iter+kissat time 2783s / budget 3598s
c hydra_satsuma: satsuma-iter+kissat time 2788s / budget 3598s
c hydra_satsuma: satsuma-iter+kissat time 2793s / budget 3598s
c hydra_satsuma: satsuma-iter+kissat time 2798s / budget 3598s
c hydra_satsuma: satsuma-iter+kissat time 2803s / budget 3598s
c hydra_satsuma: satsuma-iter+kissat time 2808s / budget 3598s
c hydra_satsuma: satsuma-iter+kissat time 2813s / budget 3598s
c hydra_satsuma: satsuma-iter+kissat time 2818s / budget 3598s
c hydra_satsuma: satsuma-iter+kissat time 2823s / budget 3598s
c hydra_satsuma: satsuma-iter+kissat time 2828s / budget 3598s
c hydra_satsuma: satsuma-iter+kissat time 2833s / budget 3598s
c hydra_satsuma: satsuma-iter+kissat time 2838s / budget 3598s
c hydra_satsuma: satsuma-iter+kissat time 2843s / budget 3598s
c hydra_satsuma: satsuma-iter+kissat time 2848s / budget 3598s
c hydra_satsuma: satsuma-iter+kissat time 2853s / budget 3598s
c hydra_satsuma: satsuma-iter+kissat time 2858s / budget 3598s
c hydra_satsuma: satsuma-iter+kissat time 2863s / budget 3598s
c hydra_satsuma: satsuma-iter+kissat time 2869s / budget 3598s
c hydra_satsuma: satsuma-iter+kissat time 2874s / budget 3598s
c hydra_satsuma: satsuma-iter+kissat time 2879s / budget 3598s
c hydra_satsuma: satsuma-iter+kissat time 2884s / budget 3598s
c hydra_satsuma: satsuma-iter+kissat time 2889s / budget 3598s
c hydra_satsuma: satsuma-iter+kissat time 2894s / budget 3598s
c hydra_satsuma: satsuma-iter+kissat time 2899s / budget 3598s
c hydra_satsuma: satsuma-iter+kissat time 2904s / budget 3598s
c hydra_satsuma: satsuma-iter+kissat time 2909s / budget 3598s
c hydra_satsuma: satsuma-iter+kissat time 2914s / budget 3598s
c hydra_satsuma: satsuma-iter+kissat time 2919s / budget 3598s
c hydra_satsuma: satsuma-iter+kissat time 2924s / budget 3598s
c hydra_satsuma: satsuma-iter+kissat time 2929s / budget 3598s
c hydra_satsuma: satsuma-iter+kissat time 2934s / budget 3598s
c hydra_satsuma: satsuma-iter+kissat time 2939s / budget 3598s
c hydra_satsuma: satsuma-iter+kissat time 2944s / budget 3598s
c hydra_satsuma: satsuma-iter+kissat time 2949s / budget 3598s
c hydra_satsuma: satsuma-iter+kissat time 2954s / budget 3598s
c hydra_satsuma: satsuma-iter+kissat time 2959s / budget 3598s
c hydra_satsuma: satsuma-iter+kissat time 2964s / budget 3598s
c hydra_satsuma: satsuma-iter+kissat time 2969s / budget 3598s
c hydra_satsuma: satsuma-iter+kissat time 2974s / budget 3598s
c hydra_satsuma: satsuma-iter+kissat time 2979s / budget 3598s
c hydra_satsuma: satsuma-iter+kissat time 2984s / budget 3598s
c hydra_satsuma: satsuma-iter+kissat time 2989s / budget 3598s
c hydra_satsuma: satsuma-iter+kissat time 2994s / budget 3598s
c hydra_satsuma: satsuma-iter+kissat time 2999s / budget 3598s
c hydra_satsuma: satsuma-iter+kissat time 3005s / budget 3598s
c hydra_satsuma: satsuma-iter+kissat time 3010s / budget 3598s
c hydra_satsuma: satsuma-iter+kissat time 3015s / budget 3598s
c hydra_satsuma: satsuma-iter+kissat time 3020s / budget 3598s
c hydra_satsuma: satsuma-iter+kissat time 3025s / budget 3598s
c hydra_satsuma: satsuma-iter+kissat time 3030s / budget 3598s
c hydra_satsuma: satsuma-iter+kissat time 3035s / budget 3598s
c hydra_satsuma: satsuma-iter+kissat time 3040s / budget 3598s
c hydra_satsuma: satsuma-iter+kissat time 3045s / budget 3598s
c hydra_satsuma: satsuma-iter+kissat time 3050s / budget 3598s
c hydra_satsuma: satsuma-iter+kissat time 3055s / budget 3598s
c hydra_satsuma: satsuma-iter+kissat time 3060s / budget 3598s
c hydra_satsuma: satsuma-iter+kissat time 3065s / budget 3598s
c hydra_satsuma: satsuma-iter+kissat time 3070s / budget 3598s
c hydra_satsuma: satsuma-iter+kissat time 3075s / budget 3598s
c hydra_satsuma: satsuma-iter+kissat time 3080s / budget 3598s
c hydra_satsuma: satsuma-iter+kissat time 3085s / budget 3598s
c hydra_satsuma: satsuma-iter+kissat time 3090s / budget 3598s
c hydra_satsuma: satsuma-iter+kissat time 3095s / budget 3598s
c hydra_satsuma: satsuma-iter+kissat time 3100s / budget 3598s
c hydra_satsuma: satsuma-iter+kissat time 3105s / budget 3598s
c hydra_satsuma: satsuma-iter+kissat time 3110s / budget 3598s
c hydra_satsuma: satsuma-iter+kissat time 3116s / budget 3598s
c hydra_satsuma: satsuma-iter+kissat time 3121s / budget 3598s
c hydra_satsuma: satsuma-iter+kissat time 3126s / budget 3598s
c hydra_satsuma: satsuma-iter+kissat time 3131s / budget 3598s
c hydra_satsuma: satsuma-iter+kissat time 3136s / budget 3598s
c hydra_satsuma: satsuma-iter+kissat time 3141s / budget 3598s
c hydra_satsuma: satsuma-iter+kissat time 3146s / budget 3598s
c hydra_satsuma: satsuma-iter+kissat time 3151s / budget 3598s
c hydra_satsuma: satsuma-iter+kissat time 3156s / budget 3598s
c hydra_satsuma: satsuma-iter+kissat time 3161s / budget 3598s
c hydra_satsuma: satsuma-iter+kissat time 3166s / budget 3598s
c hydra_satsuma: satsuma-iter+kissat time 3171s / budget 3598s
c hydra_satsuma: satsuma-iter+kissat time 3176s / budget 3598s
c hydra_satsuma: satsuma-iter+kissat time 3181s / budget 3598s
c hydra_satsuma: satsuma-iter+kissat time 3187s / budget 3598s
c hydra_satsuma: satsuma-iter+kissat time 3192s / budget 3598s
c hydra_satsuma: satsuma-iter+kissat time 3197s / budget 3598s
c hydra_satsuma: satsuma-iter+kissat time 3202s / budget 3598s
c hydra_satsuma: satsuma-iter+kissat time 3207s / budget 3598s
c hydra_satsuma: satsuma-iter+kissat time 3212s / budget 3598s
c hydra_satsuma: satsuma-iter+kissat time 3217s / budget 3598s
c hydra_satsuma: satsuma-iter+kissat time 3222s / budget 3598s
c hydra_satsuma: satsuma-iter+kissat time 3227s / budget 3598s
c hydra_satsuma: satsuma-iter+kissat time 3232s / budget 3598s
c hydra_satsuma: satsuma-iter+kissat time 3237s / budget 3598s
c hydra_satsuma: satsuma-iter+kissat time 3242s / budget 3598s
c hydra_satsuma: satsuma-iter+kissat time 3247s / budget 3598s
c hydra_satsuma: satsuma-iter+kissat time 3253s / budget 3598s
c hydra_satsuma: satsuma-iter+kissat time 3258s / budget 3598s
c hydra_satsuma: satsuma-iter+kissat time 3263s / budget 3598s
c hydra_satsuma: satsuma-iter+kissat time 3268s / budget 3598s
c hydra_satsuma: satsuma-iter+kissat time 3273s / budget 3598s
c hydra_satsuma: satsuma-iter+kissat time 3278s / budget 3598s
c hydra_satsuma: satsuma-iter+kissat time 3283s / budget 3598s
c hydra_satsuma: satsuma-iter+kissat time 3288s / budget 3598s
c hydra_satsuma: satsuma-iter+kissat time 3293s / budget 3598s
c hydra_satsuma: satsuma-iter+kissat time 3298s / budget 3598s
c hydra_satsuma: satsuma-iter+kissat time 3303s / budget 3598s
c hydra_satsuma: satsuma-iter+kissat time 3308s / budget 3598s
c hydra_satsuma: satsuma-iter+kissat time 3313s / budget 3598s
c hydra_satsuma: satsuma-iter+kissat time 3318s / budget 3598s
c hydra_satsuma: satsuma-iter+kissat time 3324s / budget 3598s
c hydra_satsuma: satsuma-iter+kissat time 3329s / budget 3598s
c hydra_satsuma: satsuma-iter+kissat time 3334s / budget 3598s
c hydra_satsuma: satsuma-iter+kissat time 3339s / budget 3598s
c hydra_satsuma: satsuma-iter+kissat time 3344s / budget 3598s
c hydra_satsuma: satsuma-iter+kissat time 3349s / budget 3598s
c hydra_satsuma: satsuma-iter+kissat time 3354s / budget 3598s
c hydra_satsuma: satsuma-iter+kissat time 3359s / budget 3598s
c hydra_satsuma: satsuma-iter+kissat time 3364s / budget 3598s
c hydra_satsuma: satsuma-iter+kissat time 3369s / budget 3598s
c hydra_satsuma: satsuma-iter+kissat time 3374s / budget 3598s
c hydra_satsuma: satsuma-iter+kissat time 3379s / budget 3598s
c hydra_satsuma: satsuma-iter+kissat time 3384s / budget 3598s
c hydra_satsuma: satsuma-iter+kissat time 3390s / budget 3598s
c hydra_satsuma: satsuma-iter+kissat time 3395s / budget 3598s
c hydra_satsuma: satsuma-iter+kissat time 3400s / budget 3598s
c hydra_satsuma: satsuma-iter+kissat time 3405s / budget 3598s
c hydra_satsuma: satsuma-iter+kissat time 3410s / budget 3598s
c hydra_satsuma: satsuma-iter+kissat time 3415s / budget 3598s
c hydra_satsuma: satsuma-iter+kissat time 3420s / budget 3598s
c hydra_satsuma: satsuma-iter+kissat time 3425s / budget 3598s
c hydra_satsuma: satsuma-iter+kissat time 3430s / budget 3598s
c hydra_satsuma: satsuma-iter+kissat time 3435s / budget 3598s
c hydra_satsuma: satsuma-iter+kissat time 3440s / budget 3598s
c hydra_satsuma: satsuma-iter+kissat time 3445s / budget 3598s
c hydra_satsuma: satsuma-iter+kissat time 3450s / budget 3598s
c hydra_satsuma: satsuma-iter+kissat time 3455s / budget 3598s
c hydra_satsuma: satsuma-iter+kissat time 3461s / budget 3598s
c hydra_satsuma: satsuma-iter+kissat time 3466s / budget 3598s
c hydra_satsuma: satsuma-iter+kissat time 3471s / budget 3598s
c hydra_satsuma: satsuma-iter+kissat time 3476s / budget 3598s
c hydra_satsuma: satsuma-iter+kissat time 3481s / budget 3598s
c hydra_satsuma: satsuma-iter+kissat time 3486s / budget 3598s
c hydra_satsuma: satsuma-iter+kissat time 3491s / budget 3598s
c hydra_satsuma: satsuma-iter+kissat time 3496s / budget 3598s
c hydra_satsuma: satsuma-iter+kissat time 3501s / budget 3598s
c hydra_satsuma: satsuma-iter+kissat time 3506s / budget 3598s
c hydra_satsuma: satsuma-iter+kissat time 3511s / budget 3598s
c hydra_satsuma: satsuma-iter+kissat time 3516s / budget 3598s
c hydra_satsuma: satsuma-iter+kissat time 3521s / budget 3598s
c hydra_satsuma: satsuma-iter+kissat time 3526s / budget 3598s
c hydra_satsuma: satsuma-iter+kissat time 3531s / budget 3598s
c hydra_satsuma: satsuma-iter+kissat time 3537s / budget 3598s
c hydra_satsuma: satsuma-iter+kissat time 3542s / budget 3598s
c hydra_satsuma: satsuma-iter+kissat time 3547s / budget 3598s
c hydra_satsuma: satsuma-iter+kissat time 3552s / budget 3598s
c hydra_satsuma: satsuma-iter+kissat time 3557s / budget 3598s
c hydra_satsuma: satsuma-iter+kissat time 3562s / budget 3598s
c hydra_satsuma: satsuma-iter+kissat time 3567s / budget 3598s
c hydra_satsuma: satsuma-iter+kissat time 3572s / budget 3598s
c hydra_satsuma: satsuma-iter+kissat time 3577s / budget 3598s
c hydra_satsuma: satsuma-iter+kissat time 3582s / budget 3598s
c hydra_satsuma: satsuma-iter+kissat time 3587s / budget 3598s
c hydra_satsuma: satsuma-iter+kissat time 3592s / budget 3598s
c hydra_satsuma: satsuma-iter+kissat time 3597s / budget 3598s
c TIMEOUT after 3598241.6ms
c hydra_satsuma: satsuma-iter+kissat reached no verdict (timeout/unknown; includes an in-container OOM kill under --satsuma-mem-gb)
c hydra_satsuma: container-out: c Running satsuma on /work/f.cnf
EXIT=0
