c parsed 28971 variables, 114453 clauses
c hydra_satsuma: structure analysis (xor stage)…
c hydra_satsuma: xor stage: 14580 XOR(s), 729 var(s) GE-forced — ignored in certified mode (1487.0ms)
c hydra_satsuma: no Cook shape -> satsuma-iter+kissat (docker) budget=1797s
c hydra_satsuma: satsuma-iter+kissat time 6s / budget 1797s
c hydra_satsuma: satsuma-iter+kissat time 11s / budget 1797s
c hydra_satsuma: satsuma-iter+kissat time 16s / budget 1797s
c hydra_satsuma: satsuma-iter+kissat time 21s / budget 1797s
c hydra_satsuma: satsuma-iter+kissat time 26s / budget 1797s
c hydra_satsuma: satsuma-iter+kissat time 31s / budget 1797s
c hydra_satsuma: satsuma-iter+kissat time 36s / budget 1797s
c hydra_satsuma: satsuma-iter+kissat time 41s / budget 1797s
c hydra_satsuma: satsuma-iter+kissat time 46s / budget 1797s
c hydra_satsuma: satsuma-iter+kissat time 51s / budget 1797s
c hydra_satsuma: satsuma-iter+kissat time 56s / budget 1797s
c hydra_satsuma: satsuma-iter+kissat time 61s / budget 1797s
c hydra_satsuma: satsuma-iter+kissat time 66s / budget 1797s
c hydra_satsuma: satsuma-iter+kissat time 71s / budget 1797s
c hydra_satsuma: satsuma-iter+kissat time 77s / budget 1797s
c hydra_satsuma: satsuma-iter+kissat time 82s / budget 1797s
c hydra_satsuma: satsuma-iter+kissat time 87s / budget 1797s
c hydra_satsuma: satsuma-iter+kissat time 92s / budget 1797s
c hydra_satsuma: satsuma-iter+kissat time 97s / budget 1797s
c hydra_satsuma: satsuma-iter+kissat time 102s / budget 1797s
c hydra_satsuma: satsuma-iter+kissat time 107s / budget 1797s
c hydra_satsuma: satsuma-iter+kissat time 112s / budget 1797s
c hydra_satsuma: satsuma-iter+kissat time 117s / budget 1797s
c hydra_satsuma: satsuma-iter+kissat time 122s / budget 1797s
c hydra_satsuma: satsuma-iter+kissat time 127s / budget 1797s
c hydra_satsuma: satsuma-iter+kissat time 132s / budget 1797s
c hydra_satsuma: satsuma-iter+kissat time 137s / budget 1797s
c hydra_satsuma: satsuma-iter+kissat time 142s / budget 1797s
c hydra_satsuma: satsuma-iter+kissat time 147s / budget 1797s
c hydra_satsuma: satsuma-iter+kissat time 152s / budget 1797s
c hydra_satsuma: satsuma-iter+kissat time 157s / budget 1797s
c hydra_satsuma: satsuma-iter+kissat time 162s / budget 1797s
c hydra_satsuma: satsuma-iter+kissat time 167s / budget 1797s
c hydra_satsuma: satsuma-iter+kissat time 172s / budget 1797s
c hydra_satsuma: satsuma-iter+kissat time 177s / budget 1797s
c hydra_satsuma: satsuma-iter+kissat time 182s / budget 1797s
c hydra_satsuma: satsuma-iter+kissat time 187s / budget 1797s
c hydra_satsuma: satsuma-iter+kissat time 192s / budget 1797s
c hydra_satsuma: satsuma-iter+kissat time 197s / budget 1797s
c hydra_satsuma: satsuma-iter+kissat time 202s / budget 1797s
c hydra_satsuma: satsuma-iter+kissat time 207s / budget 1797s
c hydra_satsuma: satsuma-iter+kissat time 212s / budget 1797s
c hydra_satsuma: satsuma-iter+kissat time 217s / budget 1797s
c hydra_satsuma: satsuma-iter+kissat time 222s / budget 1797s
c hydra_satsuma: satsuma-iter+kissat time 227s / budget 1797s
c hydra_satsuma: satsuma-iter+kissat time 233s / budget 1797s
c hydra_satsuma: satsuma-iter+kissat time 238s / budget 1797s
c hydra_satsuma: satsuma-iter+kissat time 243s / budget 1797s
c hydra_satsuma: satsuma-iter+kissat time 248s / budget 1797s
c hydra_satsuma: satsuma-iter+kissat time 253s / budget 1797s
c hydra_satsuma: satsuma-iter+kissat time 258s / budget 1797s
c hydra_satsuma: satsuma-iter+kissat time 263s / budget 1797s
c hydra_satsuma: satsuma-iter+kissat time 268s / budget 1797s
c hydra_satsuma: satsuma-iter+kissat time 273s / budget 1797s
c hydra_satsuma: satsuma-iter+kissat time 278s / budget 1797s
c hydra_satsuma: satsuma-iter+kissat time 283s / budget 1797s
c hydra_satsuma: satsuma-iter+kissat time 288s / budget 1797s
c hydra_satsuma: satsuma-iter+kissat time 293s / budget 1797s
c hydra_satsuma: satsuma-iter+kissat time 298s / budget 1797s
c hydra_satsuma: satsuma-iter+kissat time 303s / budget 1797s
c hydra_satsuma: satsuma-iter+kissat time 308s / budget 1797s
c hydra_satsuma: satsuma-iter+kissat time 313s / budget 1797s
c hydra_satsuma: satsuma-iter+kissat time 318s / budget 1797s
c hydra_satsuma: satsuma-iter+kissat time 323s / budget 1797s
c hydra_satsuma: satsuma-iter+kissat time 328s / budget 1797s
c hydra_satsuma: satsuma-iter+kissat time 333s / budget 1797s
c hydra_satsuma: satsuma-iter+kissat time 338s / budget 1797s
c hydra_satsuma: satsuma-iter+kissat time 343s / budget 1797s
c hydra_satsuma: satsuma-iter+kissat time 348s / budget 1797s
c hydra_satsuma: satsuma-iter+kissat time 353s / budget 1797s
c hydra_satsuma: satsuma-iter+kissat time 358s / budget 1797s
c hydra_satsuma: satsuma-iter+kissat time 363s / budget 1797s
c hydra_satsuma: satsuma-iter+kissat time 368s / budget 1797s
c hydra_satsuma: satsuma-iter+kissat time 373s / budget 1797s
c hydra_satsuma: satsuma-iter+kissat time 378s / budget 1797s
c hydra_satsuma: satsuma-iter+kissat time 384s / budget 1797s
c hydra_satsuma: satsuma-iter+kissat time 389s / budget 1797s
c hydra_satsuma: satsuma-iter+kissat time 394s / budget 1797s
c hydra_satsuma: satsuma-iter+kissat time 399s / budget 1797s
c hydra_satsuma: satsuma-iter+kissat time 404s / budget 1797s
c hydra_satsuma: satsuma-iter+kissat time 409s / budget 1797s
c hydra_satsuma: satsuma-iter+kissat time 414s / budget 1797s
c hydra_satsuma: satsuma-iter+kissat time 419s / budget 1797s
c hydra_satsuma: satsuma-iter+kissat time 424s / budget 1797s
c hydra_satsuma: satsuma-iter+kissat time 429s / budget 1797s
c hydra_satsuma: satsuma-iter+kissat time 434s / budget 1797s
c hydra_satsuma: satsuma-iter+kissat time 439s / budget 1797s
c hydra_satsuma: satsuma-iter+kissat time 444s / budget 1797s
c hydra_satsuma: satsuma-iter+kissat time 449s / budget 1797s
c hydra_satsuma: satsuma-iter+kissat time 454s / budget 1797s
c hydra_satsuma: satsuma-iter+kissat time 459s / budget 1797s
c hydra_satsuma: satsuma-iter+kissat time 464s / budget 1797s
c hydra_satsuma: satsuma-iter+kissat time 469s / budget 1797s
c hydra_satsuma: satsuma-iter+kissat time 474s / budget 1797s
c hydra_satsuma: satsuma-iter+kissat time 479s / budget 1797s
c hydra_satsuma: satsuma-iter+kissat time 484s / budget 1797s
c hydra_satsuma: satsuma-iter+kissat time 489s / budget 1797s
c hydra_satsuma: satsuma-iter+kissat time 494s / budget 1797s
c hydra_satsuma: satsuma-iter+kissat time 499s / budget 1797s
c hydra_satsuma: satsuma-iter+kissat time 504s / budget 1797s
c hydra_satsuma: satsuma-iter+kissat time 509s / budget 1797s
c hydra_satsuma: satsuma-iter+kissat time 514s / budget 1797s
c hydra_satsuma: satsuma-iter+kissat time 519s / budget 1797s
c hydra_satsuma: satsuma-iter+kissat time 524s / budget 1797s
c hydra_satsuma: satsuma-iter+kissat time 529s / budget 1797s
c hydra_satsuma: satsuma-iter+kissat time 535s / budget 1797s
c hydra_satsuma: satsuma-iter+kissat time 540s / budget 1797s
c hydra_satsuma: satsuma-iter+kissat time 545s / budget 1797s
c hydra_satsuma: satsuma-iter+kissat time 550s / budget 1797s
c hydra_satsuma: satsuma-iter+kissat time 555s / budget 1797s
c hydra_satsuma: satsuma-iter+kissat time 560s / budget 1797s
c hydra_satsuma: satsuma-iter+kissat time 565s / budget 1797s
c hydra_satsuma: satsuma-iter+kissat time 570s / budget 1797s
c hydra_satsuma: satsuma-iter+kissat time 575s / budget 1797s
c hydra_satsuma: satsuma-iter+kissat time 580s / budget 1797s
c hydra_satsuma: satsuma-iter+kissat time 585s / budget 1797s
c hydra_satsuma: satsuma-iter+kissat time 590s / budget 1797s
c hydra_satsuma: satsuma-iter+kissat time 595s / budget 1797s
c hydra_satsuma: satsuma-iter+kissat time 600s / budget 1797s
c hydra_satsuma: satsuma-iter+kissat time 605s / budget 1797s
c hydra_satsuma: satsuma-iter+kissat time 610s / budget 1797s
c hydra_satsuma: satsuma-iter+kissat time 615s / budget 1797s
c hydra_satsuma: satsuma-iter+kissat time 620s / budget 1797s
c hydra_satsuma: satsuma-iter+kissat time 625s / budget 1797s
c hydra_satsuma: satsuma-iter+kissat time 630s / budget 1797s
c hydra_satsuma: satsuma-iter+kissat time 635s / budget 1797s
c hydra_satsuma: satsuma-iter+kissat time 640s / budget 1797s
c hydra_satsuma: satsuma-iter+kissat time 645s / budget 1797s
c hydra_satsuma: satsuma-iter+kissat time 650s / budget 1797s
c hydra_satsuma: satsuma-iter+kissat time 655s / budget 1797s
c hydra_satsuma: satsuma-iter+kissat time 660s / budget 1797s
c hydra_satsuma: satsuma-iter+kissat time 665s / budget 1797s
c hydra_satsuma: satsuma-iter+kissat time 670s / budget 1797s
c hydra_satsuma: satsuma-iter+kissat time 675s / budget 1797s
c hydra_satsuma: satsuma-iter+kissat time 681s / budget 1797s
c hydra_satsuma: satsuma-iter+kissat time 686s / budget 1797s
c hydra_satsuma: satsuma-iter+kissat time 691s / budget 1797s
c hydra_satsuma: satsuma-iter+kissat time 696s / budget 1797s
c hydra_satsuma: satsuma-iter+kissat time 701s / budget 1797s
c hydra_satsuma: satsuma-iter+kissat time 706s / budget 1797s
c hydra_satsuma: satsuma-iter+kissat time 711s / budget 1797s
c hydra_satsuma: satsuma-iter+kissat time 716s / budget 1797s
c hydra_satsuma: satsuma-iter+kissat time 721s / budget 1797s
c hydra_satsuma: satsuma-iter+kissat time 726s / budget 1797s
c hydra_satsuma: satsuma-iter+kissat time 731s / budget 1797s
c hydra_satsuma: satsuma-iter+kissat time 736s / budget 1797s
c hydra_satsuma: satsuma-iter+kissat time 741s / budget 1797s
c hydra_satsuma: satsuma-iter+kissat time 746s / budget 1797s
c hydra_satsuma: satsuma-iter+kissat time 751s / budget 1797s
c hydra_satsuma: satsuma-iter+kissat time 756s / budget 1797s
c hydra_satsuma: satsuma-iter+kissat time 761s / budget 1797s
c hydra_satsuma: satsuma-iter+kissat time 766s / budget 1797s
c hydra_satsuma: satsuma-iter+kissat time 771s / budget 1797s
c hydra_satsuma: satsuma-iter+kissat time 776s / budget 1797s
c hydra_satsuma: satsuma-iter+kissat time 781s / budget 1797s
c hydra_satsuma: satsuma-iter+kissat time 786s / budget 1797s
c hydra_satsuma: satsuma-iter+kissat time 791s / budget 1797s
c hydra_satsuma: satsuma-iter+kissat time 796s / budget 1797s
c hydra_satsuma: satsuma-iter+kissat time 801s / budget 1797s
c hydra_satsuma: satsuma-iter+kissat time 806s / budget 1797s
c hydra_satsuma: satsuma-iter+kissat time 811s / budget 1797s
c hydra_satsuma: satsuma-iter+kissat time 816s / budget 1797s
c hydra_satsuma: satsuma-iter+kissat time 821s / budget 1797s
c hydra_satsuma: satsuma-iter+kissat time 826s / budget 1797s
c hydra_satsuma: satsuma-iter+kissat time 832s / budget 1797s
c hydra_satsuma: satsuma-iter+kissat time 837s / budget 1797s
c hydra_satsuma: satsuma-iter+kissat time 842s / budget 1797s
c hydra_satsuma: satsuma-iter+kissat time 847s / budget 1797s
c hydra_satsuma: satsuma-iter+kissat time 852s / budget 1797s
c hydra_satsuma: satsuma-iter+kissat time 857s / budget 1797s
c hydra_satsuma: satsuma-iter+kissat time 862s / budget 1797s
c hydra_satsuma: satsuma-iter+kissat time 867s / budget 1797s
c hydra_satsuma: satsuma-iter+kissat time 872s / budget 1797s
c hydra_satsuma: satsuma-iter+kissat time 877s / budget 1797s
c hydra_satsuma: satsuma-iter+kissat time 882s / budget 1797s
c hydra_satsuma: satsuma-iter+kissat time 887s / budget 1797s
c hydra_satsuma: satsuma-iter+kissat time 892s / budget 1797s
c hydra_satsuma: satsuma-iter+kissat time 897s / budget 1797s
c hydra_satsuma: satsuma-iter+kissat time 902s / budget 1797s
c hydra_satsuma: satsuma-iter+kissat time 907s / budget 1797s
c hydra_satsuma: satsuma-iter+kissat time 912s / budget 1797s
c hydra_satsuma: satsuma-iter+kissat time 917s / budget 1797s
c hydra_satsuma: satsuma-iter+kissat time 922s / budget 1797s
c hydra_satsuma: satsuma-iter+kissat time 927s / budget 1797s
c hydra_satsuma: satsuma-iter+kissat time 932s / budget 1797s
c hydra_satsuma: satsuma-iter+kissat time 937s / budget 1797s
c hydra_satsuma: satsuma-iter+kissat time 942s / budget 1797s
c hydra_satsuma: satsuma-iter+kissat time 947s / budget 1797s
c hydra_satsuma: satsuma-iter+kissat time 952s / budget 1797s
c hydra_satsuma: satsuma-iter+kissat time 957s / budget 1797s
c hydra_satsuma: satsuma-iter+kissat time 962s / budget 1797s
c hydra_satsuma: satsuma-iter+kissat time 967s / budget 1797s
c hydra_satsuma: satsuma-iter+kissat time 972s / budget 1797s
c hydra_satsuma: satsuma-iter+kissat time 978s / budget 1797s
c hydra_satsuma: satsuma-iter+kissat time 983s / budget 1797s
c hydra_satsuma: satsuma-iter+kissat time 988s / budget 1797s
c hydra_satsuma: satsuma-iter+kissat time 993s / budget 1797s
c hydra_satsuma: satsuma-iter+kissat time 998s / budget 1797s
c hydra_satsuma: satsuma-iter+kissat time 1003s / budget 1797s
c hydra_satsuma: satsuma-iter+kissat time 1008s / budget 1797s
c hydra_satsuma: satsuma-iter+kissat time 1013s / budget 1797s
c hydra_satsuma: satsuma-iter+kissat time 1018s / budget 1797s
c hydra_satsuma: satsuma-iter+kissat time 1023s / budget 1797s
c hydra_satsuma: satsuma-iter+kissat time 1028s / budget 1797s
c hydra_satsuma: satsuma-iter+kissat time 1033s / budget 1797s
c hydra_satsuma: satsuma-iter+kissat time 1038s / budget 1797s
c hydra_satsuma: satsuma-iter+kissat time 1043s / budget 1797s
c hydra_satsuma: satsuma-iter+kissat time 1048s / budget 1797s
c hydra_satsuma: satsuma-iter+kissat time 1053s / budget 1797s
c hydra_satsuma: satsuma-iter+kissat time 1058s / budget 1797s
c hydra_satsuma: satsuma-iter+kissat time 1063s / budget 1797s
c hydra_satsuma: satsuma-iter+kissat time 1068s / budget 1797s
c hydra_satsuma: satsuma-iter+kissat time 1073s / budget 1797s
c hydra_satsuma: satsuma-iter+kissat time 1078s / budget 1797s
c hydra_satsuma: satsuma-iter+kissat time 1083s / budget 1797s
c hydra_satsuma: satsuma-iter+kissat time 1088s / budget 1797s
c hydra_satsuma: satsuma-iter+kissat time 1093s / budget 1797s
c hydra_satsuma: satsuma-iter+kissat time 1098s / budget 1797s
c hydra_satsuma: satsuma-iter+kissat time 1103s / budget 1797s
c hydra_satsuma: satsuma-iter+kissat time 1108s / budget 1797s
c hydra_satsuma: satsuma-iter+kissat time 1113s / budget 1797s
c hydra_satsuma: satsuma-iter+kissat time 1118s / budget 1797s
c hydra_satsuma: satsuma-iter+kissat time 1124s / budget 1797s
c hydra_satsuma: satsuma-iter+kissat time 1129s / budget 1797s
c hydra_satsuma: satsuma-iter+kissat time 1134s / budget 1797s
c hydra_satsuma: satsuma-iter+kissat time 1139s / budget 1797s
c hydra_satsuma: satsuma-iter+kissat time 1144s / budget 1797s
c hydra_satsuma: satsuma-iter+kissat time 1149s / budget 1797s
c hydra_satsuma: satsuma-iter+kissat time 1154s / budget 1797s
c hydra_satsuma: satsuma-iter+kissat time 1159s / budget 1797s
c hydra_satsuma: satsuma-iter+kissat time 1164s / budget 1797s
c hydra_satsuma: satsuma-iter+kissat time 1169s / budget 1797s
c hydra_satsuma: satsuma-iter+kissat time 1174s / budget 1797s
c hydra_satsuma: satsuma-iter+kissat time 1179s / budget 1797s
c hydra_satsuma: satsuma-iter+kissat time 1184s / budget 1797s
c hydra_satsuma: satsuma-iter+kissat time 1189s / budget 1797s
c hydra_satsuma: satsuma-iter+kissat time 1194s / budget 1797s
c hydra_satsuma: satsuma-iter+kissat time 1199s / budget 1797s
c hydra_satsuma: satsuma-iter+kissat time 1204s / budget 1797s
c hydra_satsuma: satsuma-iter+kissat time 1209s / budget 1797s
c hydra_satsuma: satsuma-iter+kissat time 1214s / budget 1797s
c hydra_satsuma: satsuma-iter+kissat time 1219s / budget 1797s
c hydra_satsuma: satsuma-iter+kissat time 1224s / budget 1797s
c hydra_satsuma: satsuma-iter+kissat time 1229s / budget 1797s
c hydra_satsuma: satsuma-iter+kissat time 1234s / budget 1797s
c hydra_satsuma: satsuma-iter+kissat time 1239s / budget 1797s
c hydra_satsuma: satsuma-iter+kissat time 1244s / budget 1797s
c hydra_satsuma: satsuma-iter+kissat time 1249s / budget 1797s
c hydra_satsuma: satsuma-iter+kissat time 1254s / budget 1797s
c hydra_satsuma: satsuma-iter+kissat time 1259s / budget 1797s
c hydra_satsuma: satsuma-iter+kissat time 1264s / budget 1797s
c hydra_satsuma: satsuma-iter+kissat time 1270s / budget 1797s
c hydra_satsuma: satsuma-iter+kissat time 1275s / budget 1797s
c hydra_satsuma: satsuma-iter+kissat time 1280s / budget 1797s
c hydra_satsuma: satsuma-iter+kissat time 1285s / budget 1797s
c hydra_satsuma: satsuma-iter+kissat time 1290s / budget 1797s
c hydra_satsuma: satsuma-iter+kissat time 1295s / budget 1797s
c hydra_satsuma: satsuma-iter+kissat time 1300s / budget 1797s
c hydra_satsuma: satsuma-iter+kissat time 1305s / budget 1797s
c hydra_satsuma: satsuma-iter+kissat time 1310s / budget 1797s
c hydra_satsuma: satsuma-iter+kissat time 1315s / budget 1797s
c hydra_satsuma: satsuma-iter+kissat time 1320s / budget 1797s
c hydra_satsuma: satsuma-iter+kissat time 1325s / budget 1797s
c hydra_satsuma: satsuma-iter+kissat time 1330s / budget 1797s
c hydra_satsuma: satsuma-iter+kissat time 1335s / budget 1797s
c hydra_satsuma: satsuma-iter+kissat time 1340s / budget 1797s
c hydra_satsuma: satsuma-iter+kissat time 1345s / budget 1797s
c hydra_satsuma: satsuma-iter+kissat time 1350s / budget 1797s
c hydra_satsuma: satsuma-iter+kissat time 1355s / budget 1797s
c hydra_satsuma: satsuma-iter+kissat time 1360s / budget 1797s
c hydra_satsuma: satsuma-iter+kissat time 1365s / budget 1797s
c hydra_satsuma: satsuma-iter+kissat time 1370s / budget 1797s
c hydra_satsuma: satsuma-iter+kissat time 1375s / budget 1797s
c hydra_satsuma: satsuma-iter+kissat time 1380s / budget 1797s
c hydra_satsuma: satsuma-iter+kissat time 1385s / budget 1797s
c hydra_satsuma: satsuma-iter+kissat time 1390s / budget 1797s
c hydra_satsuma: satsuma-iter+kissat time 1395s / budget 1797s
c hydra_satsuma: satsuma-iter+kissat time 1400s / budget 1797s
c hydra_satsuma: satsuma-iter+kissat time 1405s / budget 1797s
c hydra_satsuma: satsuma-iter+kissat time 1410s / budget 1797s
c hydra_satsuma: satsuma-iter+kissat time 1416s / budget 1797s
c hydra_satsuma: satsuma-iter+kissat time 1421s / budget 1797s
c hydra_satsuma: satsuma-iter+kissat time 1426s / budget 1797s
c hydra_satsuma: satsuma-iter+kissat time 1431s / budget 1797s
c hydra_satsuma: satsuma-iter+kissat time 1436s / budget 1797s
c hydra_satsuma: satsuma-iter+kissat time 1441s / budget 1797s
c hydra_satsuma: satsuma-iter+kissat time 1446s / budget 1797s
c hydra_satsuma: satsuma-iter+kissat time 1451s / budget 1797s
c hydra_satsuma: satsuma-iter+kissat time 1456s / budget 1797s
c hydra_satsuma: satsuma-iter+kissat time 1461s / budget 1797s
c hydra_satsuma: satsuma-iter+kissat time 1466s / budget 1797s
c hydra_satsuma: satsuma-iter+kissat time 1471s / budget 1797s
c hydra_satsuma: satsuma-iter+kissat time 1476s / budget 1797s
c hydra_satsuma: satsuma-iter+kissat time 1481s / budget 1797s
c hydra_satsuma: satsuma-iter+kissat time 1486s / budget 1797s
c hydra_satsuma: satsuma-iter+kissat time 1491s / budget 1797s
c hydra_satsuma: satsuma-iter+kissat time 1496s / budget 1797s
c hydra_satsuma: satsuma-iter+kissat time 1501s / budget 1797s
c hydra_satsuma: satsuma-iter+kissat time 1506s / budget 1797s
c hydra_satsuma: satsuma-iter+kissat time 1511s / budget 1797s
c hydra_satsuma: satsuma-iter+kissat time 1516s / budget 1797s
c hydra_satsuma: satsuma-iter+kissat time 1521s / budget 1797s
c hydra_satsuma: satsuma-iter+kissat time 1526s / budget 1797s
c hydra_satsuma: satsuma-iter+kissat time 1531s / budget 1797s
c hydra_satsuma: satsuma-iter+kissat time 1536s / budget 1797s
c hydra_satsuma: satsuma-iter+kissat time 1541s / budget 1797s
c hydra_satsuma: satsuma-iter+kissat time 1546s / budget 1797s
c hydra_satsuma: satsuma-iter+kissat time 1551s / budget 1797s
c hydra_satsuma: satsuma-iter+kissat time 1556s / budget 1797s
c hydra_satsuma: satsuma-iter+kissat time 1561s / budget 1797s
c hydra_satsuma: satsuma-iter+kissat time 1567s / budget 1797s
c hydra_satsuma: satsuma-iter+kissat time 1572s / budget 1797s
c hydra_satsuma: satsuma-iter+kissat time 1577s / budget 1797s
c hydra_satsuma: satsuma-iter+kissat time 1582s / budget 1797s
c hydra_satsuma: satsuma-iter+kissat time 1587s / budget 1797s
c hydra_satsuma: satsuma-iter+kissat time 1592s / budget 1797s
c hydra_satsuma: satsuma-iter+kissat time 1597s / budget 1797s
c hydra_satsuma: satsuma-iter+kissat time 1602s / budget 1797s
c hydra_satsuma: satsuma-iter+kissat time 1607s / budget 1797s
c hydra_satsuma: satsuma-iter+kissat time 1612s / budget 1797s
c hydra_satsuma: satsuma-iter+kissat time 1617s / budget 1797s
c hydra_satsuma: satsuma-iter+kissat time 1622s / budget 1797s
c hydra_satsuma: satsuma-iter+kissat time 1627s / budget 1797s
c hydra_satsuma: satsuma-iter+kissat time 1632s / budget 1797s
c hydra_satsuma: satsuma-iter+kissat time 1637s / budget 1797s
c hydra_satsuma: satsuma-iter+kissat time 1642s / budget 1797s
c hydra_satsuma: satsuma-iter+kissat time 1647s / budget 1797s
c hydra_satsuma: satsuma-iter+kissat time 1652s / budget 1797s
c hydra_satsuma: satsuma-iter+kissat time 1657s / budget 1797s
c hydra_satsuma: satsuma-iter+kissat time 1662s / budget 1797s
c hydra_satsuma: satsuma-iter+kissat time 1667s / budget 1797s
c hydra_satsuma: satsuma-iter+kissat time 1672s / budget 1797s
c hydra_satsuma: satsuma-iter+kissat time 1677s / budget 1797s
c hydra_satsuma: satsuma-iter+kissat time 1682s / budget 1797s
c hydra_satsuma: satsuma-iter+kissat time 1687s / budget 1797s
c hydra_satsuma: satsuma-iter+kissat time 1692s / budget 1797s
c hydra_satsuma: satsuma-iter+kissat time 1697s / budget 1797s
c hydra_satsuma: satsuma-iter+kissat time 1702s / budget 1797s
c hydra_satsuma: satsuma-iter+kissat time 1707s / budget 1797s
c hydra_satsuma: satsuma-iter+kissat time 1712s / budget 1797s
c hydra_satsuma: satsuma-iter+kissat time 1717s / budget 1797s
c hydra_satsuma: satsuma-iter+kissat time 1722s / budget 1797s
c hydra_satsuma: satsuma-iter+kissat time 1728s / budget 1797s
c hydra_satsuma: satsuma-iter+kissat time 1733s / budget 1797s
c hydra_satsuma: satsuma-iter+kissat time 1738s / budget 1797s
c hydra_satsuma: satsuma-iter+kissat time 1743s / budget 1797s
c hydra_satsuma: satsuma-iter+kissat time 1748s / budget 1797s
c hydra_satsuma: satsuma-iter+kissat time 1753s / budget 1797s
c hydra_satsuma: satsuma-iter+kissat time 1758s / budget 1797s
c hydra_satsuma: satsuma-iter+kissat time 1763s / budget 1797s
c hydra_satsuma: satsuma-iter+kissat time 1768s / budget 1797s
c hydra_satsuma: satsuma-iter+kissat time 1773s / budget 1797s
c hydra_satsuma: satsuma-iter+kissat time 1778s / budget 1797s
c hydra_satsuma: satsuma-iter+kissat time 1783s / budget 1797s
c hydra_satsuma: satsuma-iter+kissat time 1788s / budget 1797s
c hydra_satsuma: satsuma-iter+kissat time 1793s / budget 1797s
c hydra_satsuma: satsuma-iter+kissat time 1798s / budget 1797s
c TIMEOUT after 1798969.5ms
c hydra_satsuma: satsuma-iter+kissat reached no verdict (timeout/unknown; includes an in-container OOM kill under --satsuma-mem-gb)
c hydra_satsuma: container-out: c Running satsuma on /work/f.cnf
EXIT=0
