symmetry tables built (0.0s); sandwich action verified on the tensor
wang table: 496 orbits -> 710 canonical keys (0.6s)
root state: u = [258, 10] (dim 2)
c heartbeat 120s: nodes 56327 states 50631 failed 13012 forms 87685 hits 174265
c heartbeat 240s: nodes 110931 states 100464 failed 25751 forms 171928 hits 370527
c heartbeat 360s: nodes 156288 states 141732 failed 37822 forms 247742 hits 570699
c heartbeat 480s: nodes 202320 states 183620 failed 50746 forms 328482 hits 791245
c heartbeat 600s: nodes 254335 states 231763 failed 62654 forms 412903 hits 1001619
c heartbeat 720s: nodes 305869 states 279521 failed 74010 forms 494463 hits 1202348
c heartbeat 840s: nodes 360161 states 329891 failed 85972 forms 580901 hits 1412882
c heartbeat 960s: nodes 398256 states 364539 failed 97566 forms 651221 hits 1616578
c heartbeat 1080s: nodes 449161 states 411973 failed 109783 forms 739566 hits 1858046
c heartbeat 1200s: nodes 498521 states 458302 failed 119882 forms 819141 hits 2054763
c heartbeat 1320s: nodes 550473 states 506778 failed 130885 forms 901502 hits 2254934
c heartbeat 1440s: nodes 605986 states 557819 failed 146066 forms 1000764 hits 2533190
c heartbeat 1560s: nodes 657594 states 605576 failed 160396 forms 1101358 hits 2827965
c heartbeat 1680s: nodes 719528 states 663939 failed 172375 forms 1201329 hits 3071319
c heartbeat 1800s: nodes 776916 states 717895 failed 183934 forms 1296571 hits 3308578
c heartbeat 1920s: nodes 825276 states 762945 failed 195582 forms 1379307 hits 3530531
c heartbeat 2040s: nodes 874076 states 808407 failed 207305 forms 1461699 hits 3744340
c heartbeat 2160s: nodes 917893 states 849008 failed 220285 forms 1547186 hits 4006572
c heartbeat 2280s: nodes 966058 states 893846 failed 234333 forms 1643632 hits 4304560
c heartbeat 2400s: nodes 1021858 states 945876 failed 249368 forms 1746596 hits 4601866
c heartbeat 2520s: nodes 1070031 states 990163 failed 265891 forms 1851968 hits 4954232
c heartbeat 2640s: nodes 1120686 states 1037535 failed 281228 forms 1963975 hits 5327111
c heartbeat 2760s: nodes 1162197 states 1075667 failed 294530 forms 2047820 hits 5586798
c heartbeat 2880s: nodes 1199122 states 1109710 failed 306704 forms 2124370 hits 5833236
c heartbeat 3000s: nodes 1245159 states 1152886 failed 318674 forms 2209959 hits 6076895
c heartbeat 3120s: nodes 1286666 states 1191488 failed 330775 forms 2292308 hits 6335913
c heartbeat 3240s: nodes 1328602 states 1230442 failed 342696 forms 2373001 hits 6578554
c heartbeat 3360s: nodes 1369442 states 1267993 failed 355919 forms 2456820 hits 6840894
c heartbeat 3480s: nodes 1411396 states 1306878 failed 368386 forms 2539418 hits 7093676
k=20: CAP (nodes 1451707 / 3600.5s) — last proven 0
=> rank_F2(<3,3,3> | A-restricted u=[258, 10]) >= 0 by the substitution game
