<2,2,2> (rank 7) target 7: pooled true [0.03s; 77 tasks]
  depth: run skipped | leaf flat/strassen/koszul | expanded failed | folds kept/total | memo hits T/F | ub-fail
  0: 0 0 | 0/0/0 | 0 0 | 8/8 | 0/0 | 0
  1: 8 0 | 0/0/4 | 4 0 | 56/56 | 0/0 | 0
  2: 33 12 | 0/0/14 | 14 0 | 88/88 | 8/3 | 5
  3: 36 10 | 12/0/22 | 0 0 | 0/0 | 39/3 | 2
  memo entries: 56

<2,2,2> (rank 7) target 8: pooled false [0.00s; 10 tasks]
  depth: run skipped | leaf flat/strassen/koszul | expanded failed | folds kept/total | memo hits T/F | ub-fail
  0: 0 0 | 0/0/0 | 0 0 | 24/24 | 0/0 | 0
  1: 10 9 | 0/0/0 | 0 0 | 0/0 | 0/1 | 10
  memo entries: 8

<2,2,3> (rank 11) target 11: pooled false [0.02s; 79 tasks]
  depth: run skipped | leaf flat/strassen/koszul | expanded failed | folds kept/total | memo hits T/F | ub-fail
  0: 0 0 | 0/0/0 | 0 0 | 72/72 | 0/0 | 0
  1: 26 4 | 0/0/0 | 22 0 | 688/688 | 0/0 | 4
  2: 26 0 | 0/0/0 | 12 0 | 248/248 | 0/9 | 14
  3: 16 16 | 0/0/0 | 10 0 | 144/144 | 0/4 | 6
  4: 11 32 | 0/0/0 | 4 0 | 24/24 | 0/0 | 7
  memo entries: 35

<2,2,3> (rank 11) target 12: pooled false [0.00s; 12 tasks]
  depth: run skipped | leaf flat/strassen/koszul | expanded failed | folds kept/total | memo hits T/F | ub-fail
  0: 0 0 | 0/0/0 | 0 0 | 72/72 | 0/0 | 0
  1: 12 34 | 0/0/0 | 0 0 | 0/0 | 0/0 | 12
  memo entries: 10

known-value gate passed (no over-certification)
known-gate exit 0
root 1,10,64 t=15 depth=6: recorded true [0.00s] pooled true [0.36s; 873 tasks run, 0 skipped; |Stab| 96]
  depth: run skipped | leaf flat/strassen/koszul | expanded failed | folds kept/total | memo hits T/F | ub-fail
  0: 0 0 | 0/0/0 | 0 0 | 41/256 | 0/0 | 0
  1: 41 0 | 0/0/35 | 6 0 | 768/768 | 0/0 | 0
  2: 768 0 | 0/213/554 | 1 0 | 64/64 | 0/0 | 0
  3: 64 0 | 0/28/36 | 0 0 | 0/0 | 0/0 | 0
  memo entries: 873

root 1,10,66 t=15 depth=6: recorded true [0.00s] pooled true [0.46s; 1213 tasks run, 0 skipped; |Stab| 32]
  depth: run skipped | leaf flat/strassen/koszul | expanded failed | folds kept/total | memo hits T/F | ub-fail
  0: 0 0 | 0/0/0 | 0 0 | 61/256 | 0/0 | 0
  1: 61 0 | 0/0/52 | 9 0 | 1152/1152 | 0/0 | 0
  2: 1152 0 | 0/414/738 | 0 0 | 0/0 | 0/0 | 0
  memo entries: 1213

root 84,10,142 t=15 depth=6: recorded true [0.00s] pooled true [0.70s; 2248 tasks run, 0 skipped; |Stab| 2]
  depth: run skipped | leaf flat/strassen/koszul | expanded failed | folds kept/total | memo hits T/F | ub-fail
  0: 0 0 | 0/0/0 | 0 0 | 200/256 | 0/0 | 0
  1: 200 0 | 0/0/184 | 16 0 | 2048/2048 | 0/0 | 0
  2: 2048 0 | 0/1232/816 | 0 0 | 0/0 | 0/0 | 0
  memo entries: 2248

root 1,1,1 t=15 depth=6: recorded true [0.00s] pooled true [0.31s; 668 tasks run, 0 skipped; |Stab| 216]
  depth: run skipped | leaf flat/strassen/koszul | expanded failed | folds kept/total | memo hits T/F | ub-fail
  0: 0 0 | 0/0/0 | 0 0 | 28/256 | 0/0 | 0
  1: 28 0 | 0/0/23 | 5 0 | 640/640 | 0/0 | 0
  2: 640 0 | 0/56/584 | 0 0 | 0/0 | 0/0 | 0
  memo entries: 668

probe-pool-test: all cases agree
recorded-gate exit 0
