leaflim k=7 dims 3x3x9: exhausted [0.01s; 163 tasks]
leaflim k=7 dims 3x3x9: exhausted [0.00s; 157 tasks]
leaflim k=7 dims 3x3x9: exhausted [0.00s; 129 tasks]
leaflim k=7 dims 3x3x9: exhausted [0.00s; 140 tasks]
leaflim k=7 dims 3x3x9: exhausted [0.00s; 109 tasks]
leaflim k=7 dims 3x3x9: exhausted [0.00s; 138 tasks]
leaflim k=7 dims 3x3x9: exhausted [0.00s; 11 tasks]
leaflim k=7 dims 3x3x9: exhausted [0.00s; 69 tasks]
leaflim k=8 dims 2x5x9: exhausted [0.00s; 119 tasks]
leaflim k=8 dims 3x4x9: exhausted [0.01s; 614 tasks]
leaflim k=8 dims 4x3x9: exhausted [0.00s; 339 tasks]
leaflim k=8 dims 4x3x9: exhausted [0.01s; 833 tasks]
leaflim k=8 dims 3x4x9: exhausted [0.00s; 17 tasks]
leaflim k=8 dims 4x3x9: exhausted [0.00s; 13 tasks]
leaflim k=8 dims 3x4x9: exhausted [0.00s; 25 tasks]
leaflim k=8 dims 4x3x9: exhausted [0.01s; 554 tasks]
leaflim k=8 dims 4x3x9: exhausted [0.00s; 255 tasks]
leaflim k=8 dims 3x4x9: exhausted [0.00s; 128 tasks]
leaflim k=9 dims 3x5x9: exhausted [0.01s; 3059 tasks]
leaflim k=9 dims 5x3x9: exhausted [0.01s; 1305 tasks]
leaflim k=9 dims 5x3x9: exhausted [0.01s; 1463 tasks]
leaflim k=9 dims 3x5x9: exhausted [0.01s; 527 tasks]
leaflim k=9 dims 3x5x9: exhausted [0.02s; 3982 tasks]
leaflim k=9 dims 4x4x9: exhausted [0.01s; 2517 tasks]
leaflim k=9 dims 4x4x9: exhausted [0.01s; 1215 tasks]
leaflim k=9 dims 4x4x9: exhausted [0.01s; 2866 tasks]
leaflim k=9 dims 4x4x9: exhausted [0.01s; 2376 tasks]
leaflim k=9 dims 4x4x9: exhausted [0.01s; 629 tasks]
leaflim k=10 dims 3x6x9: exhausted [0.06s; 15524 tasks]
leaflim k=10 dims 3x6x9: exhausted [0.01s; 805 tasks]
open k=10 dims 3x6x9: certified [0.02s; 2884 tasks]
leaflim k=10 dims 3x6x9: exhausted [0.02s; 4942 tasks]
leaflim k=10 dims 3x6x9: certified [0.35s; 85521 tasks]
open k=10 dims 3x6x9: exhausted [0.02s; 3641 tasks]
leaflim k=10 dims 3x6x9: exhausted [0.04s; 9286 tasks]
open k=10 dims 4x5x9: exhausted [0.00s; 10 tasks]
open k=10 dims 4x5x9: exhausted [0.03s; 4543 tasks]
open k=10 dims 4x5x9: exhausted [0.04s; 10571 tasks]
open k=10 dims 4x5x9: exhausted [0.03s; 7429 tasks]
open k=10 dims 5x4x9: exhausted [0.02s; 3167 tasks]
open k=10 dims 5x4x9: exhausted [0.02s; 4713 tasks]
open k=10 dims 4x5x9: exhausted [0.00s; 71 tasks]
open k=10 dims 4x5x9: exhausted [0.03s; 8602 tasks]
open k=10 dims 5x4x9: exhausted [0.40s; 101892 tasks]
open k=10 dims 5x4x9: exhausted [0.06s; 14167 tasks]
open k=11 dims 3x7x9: exhausted [0.15s; 26520 tasks]
open k=11 dims 3x7x9: exhausted [0.38s; 82915 tasks]
open k=11 dims 3x7x9: certified [0.28s; 37844 tasks]
open k=11 dims 3x7x9: exhausted [0.08s; 18692 tasks]
open k=11 dims 3x7x9: exhausted [0.06s; 14454 tasks]
open k=11 dims 3x7x9: exhausted [0.17s; 40121 tasks]
open k=11 dims 3x7x9: exhausted [0.34s; 73950 tasks]
open k=11 dims 3x7x9: exhausted [1.13s; 210426 tasks]
open k=11 dims 3x7x9: exhausted [0.03s; 4587 tasks]
open k=11 dims 4x6x9: certified [0.52s; 119027 tasks]
open k=11 dims 4x6x9: exhausted [0.03s; 4938 tasks]
open k=11 dims 4x6x9: exhausted [1.81s; 420829 tasks]
open k=11 dims 4x6x9: certified [1.87s; 366567 tasks]
open k=11 dims 6x4x9: exhausted [0.03s; 6738 tasks]
open k=11 dims 4x6x9: exhausted [0.02s; 4661 tasks]
open k=11 dims 4x6x9: exhausted [1.46s; 328996 tasks]
open k=11 dims 4x6x9: exhausted [0.37s; 93814 tasks]
open k=12 dims 4x7x9: exhausted [17.19s; 2927554 tasks]
open k=12 dims 4x7x9: exhausted [1.46s; 238724 tasks]
open k=12 dims 4x7x9: certified [10.92s; 2051425 tasks]
open k=12 dims 4x7x9: certified [8.84s; 1551772 tasks]
open k=12 dims 4x7x9: exhausted [4.91s; 1037637 tasks]
open k=12 dims 4x7x9: exhausted [0.34s; 61915 tasks]
open k=12 dims 4x7x9: certified [30.15s; 5798686 tasks]
open k=12 dims 4x7x9: exhausted [0.30s; 60926 tasks]
open k=12 dims 4x7x9: exhausted [0.92s; 193497 tasks]
open k=12 dims 4x7x9: certified [0.77s; 141152 tasks]
open k=12 dims 4x7x9: exhausted [0.80s; 208244 tasks]

TALLY (verdict, probe outcome) -> count:
  ("leaflim", "certified"): 1
  ("leaflim", "exhausted"): 32
  ("open", "certified"): 8
  ("open", "exhausted"): 32
unsound certifications: 0
