timeout instances reproduced: 113
arms: ['cadical', 'cadical_lex', 'kissat', 'hydra_satsuma']
  inst 050 cadical_lex    UNSAT    0.3s
  inst 066 cadical_lex    UNSAT    0.4s
  inst 060 cadical_lex    UNSAT    0.4s
  inst 080 cadical_lex    UNSAT    0.7s
  inst 060 hydra_satsuma  UNSAT    44.6s
  inst 060 kissat         UNSAT    47.3s
  inst 099 cadical_lex    UNSAT    2.4s
  inst 050 kissat         UNSAT    54.1s
  inst 050 hydra_satsuma  UNSAT    64.0s
  inst 066 hydra_satsuma  UNSAT    65.3s
  inst 100 cadical_lex    UNSAT    1.9s
  inst 066 kissat         UNSAT    72.1s
  inst 066 cadical        UNSAT    78.7s
  inst 060 cadical        UNSAT    88.0s
  inst 050 cadical        UNSAT    88.0s
  inst 101 cadical_lex    UNSAT    1.4s
  inst 080 hydra_satsuma  TIMEOUT  298.4s
  inst 080 cadical        TIMEOUT  300.0s
  inst 080 kissat         TIMEOUT  300.0s
  inst 103 cadical_lex    UNSAT    1.9s
  inst 099 cadical        TIMEOUT  300.0s
  inst 099 kissat         TIMEOUT  300.0s
  inst 104 cadical_lex    UNSAT    1.5s
  inst 099 hydra_satsuma  TIMEOUT  298.4s
  inst 100 cadical        TIMEOUT  300.0s
  inst 100 kissat         TIMEOUT  300.0s
  inst 105 cadical_lex    UNSAT    3.0s
  inst 100 hydra_satsuma  TIMEOUT  298.4s
  inst 101 cadical        TIMEOUT  300.0s
  inst 101 hydra_satsuma  TIMEOUT  298.4s
  inst 101 kissat         TIMEOUT  300.0s
  inst 107 cadical_lex    UNSAT    2.1s
  inst 103 cadical        TIMEOUT  300.0s
  inst 103 kissat         TIMEOUT  300.0s
  inst 103 hydra_satsuma  TIMEOUT  298.4s
  inst 110 cadical_lex    UNSAT    1.7s
  inst 104 cadical        TIMEOUT  300.0s
  inst 104 hydra_satsuma  TIMEOUT  298.4s
  inst 104 kissat         TIMEOUT  300.0s
  inst 113 cadical_lex    UNSAT    2.1s
  inst 105 cadical        TIMEOUT  300.0s
  inst 105 hydra_satsuma  TIMEOUT  298.4s
  inst 105 kissat         TIMEOUT  300.0s
  inst 116 cadical_lex    UNSAT    1.9s
  inst 107 cadical        TIMEOUT  300.0s
  inst 107 kissat         TIMEOUT  300.0s
  inst 107 hydra_satsuma  TIMEOUT  298.4s
  inst 117 cadical_lex    UNSAT    1.6s
  inst 110 cadical        TIMEOUT  300.0s
  inst 110 hydra_satsuma  TIMEOUT  298.4s
  inst 110 kissat         TIMEOUT  300.0s
  inst 119 cadical_lex    UNSAT    1.7s
  inst 113 cadical        TIMEOUT  300.0s
  inst 113 kissat         TIMEOUT  300.0s
  inst 113 hydra_satsuma  TIMEOUT  298.4s
  inst 168 cadical_lex    UNSAT    6.2s
  inst 116 cadical        TIMEOUT  300.0s
  inst 116 hydra_satsuma  TIMEOUT  298.4s
  inst 116 kissat         TIMEOUT  300.0s
  inst 117 cadical        TIMEOUT  300.0s
  inst 117 hydra_satsuma  TIMEOUT  298.4s
  inst 117 kissat         TIMEOUT  300.0s
  inst 169 cadical_lex    UNSAT    23.2s
  inst 173 cadical_lex    UNSAT    11.3s
  inst 119 cadical        TIMEOUT  300.0s
  inst 119 kissat         TIMEOUT  300.0s
  inst 119 hydra_satsuma  TIMEOUT  298.4s
  inst 174 cadical_lex    UNSAT    16.7s
  inst 168 cadical        TIMEOUT  300.0s
  inst 168 kissat         TIMEOUT  300.0s
  inst 168 hydra_satsuma  TIMEOUT  298.4s
  inst 169 cadical        TIMEOUT  300.0s
  inst 175 cadical_lex    UNSAT    14.0s
  inst 169 kissat         TIMEOUT  300.0s
  inst 169 hydra_satsuma  TIMEOUT  298.4s
  inst 177 cadical_lex    UNSAT    11.0s
  inst 173 cadical        TIMEOUT  300.0s
  inst 173 kissat         TIMEOUT  300.0s
  inst 173 hydra_satsuma  TIMEOUT  298.3s
  inst 181 cadical_lex    UNSAT    25.5s
  inst 174 cadical        TIMEOUT  300.0s
  inst 174 kissat         TIMEOUT  300.0s
  inst 189 cadical_lex    UNSAT    12.6s
  inst 174 hydra_satsuma  TIMEOUT  298.4s
  inst 175 cadical        TIMEOUT  300.0s
  inst 175 kissat         TIMEOUT  300.0s
  inst 175 hydra_satsuma  TIMEOUT  298.3s
  inst 177 cadical        TIMEOUT  300.0s
  inst 177 kissat         TIMEOUT  300.0s
  inst 177 hydra_satsuma  TIMEOUT  298.4s
  inst 181 cadical        TIMEOUT  300.0s
  inst 181 kissat         TIMEOUT  300.0s
  inst 181 hydra_satsuma  TIMEOUT  298.4s
  inst 192 cadical_lex    UNSAT    69.5s
  inst 193 cadical_lex    UNSAT    60.3s
  inst 194 cadical_lex    UNSAT    31.9s
  inst 189 cadical        TIMEOUT  300.0s
  inst 189 kissat         TIMEOUT  300.0s
  inst 189 hydra_satsuma  TIMEOUT  298.4s
  inst 195 cadical_lex    UNSAT    27.6s
  inst 192 cadical        TIMEOUT  300.0s
  inst 192 kissat         TIMEOUT  300.0s
  inst 192 hydra_satsuma  TIMEOUT  298.4s
  inst 193 cadical        TIMEOUT  300.0s
  inst 196 cadical_lex    UNSAT    19.5s
  inst 193 kissat         TIMEOUT  300.0s
  inst 193 hydra_satsuma  TIMEOUT  298.4s
  inst 194 cadical        TIMEOUT  300.0s
  inst 194 kissat         TIMEOUT  300.0s
  inst 194 hydra_satsuma  TIMEOUT  298.4s
  inst 197 cadical_lex    UNSAT    92.3s
  inst 198 cadical_lex    UNSAT    62.5s
  inst 195 cadical        TIMEOUT  300.0s
  inst 195 kissat         TIMEOUT  300.0s
  inst 195 hydra_satsuma  TIMEOUT  298.3s
  inst 196 cadical        TIMEOUT  300.0s
  inst 199 cadical_lex    UNSAT    40.9s
  inst 196 kissat         TIMEOUT  300.0s
  inst 196 hydra_satsuma  TIMEOUT  298.4s
  inst 197 cadical        TIMEOUT  300.0s
  inst 197 kissat         TIMEOUT  300.0s
  inst 200 cadical_lex    UNSAT    47.0s
  inst 197 hydra_satsuma  TIMEOUT  298.4s
  inst 198 cadical        TIMEOUT  300.0s
  inst 198 kissat         TIMEOUT  300.0s
  inst 204 cadical_lex    UNSAT    70.0s
  inst 207 cadical_lex    UNSAT    33.1s
  inst 198 hydra_satsuma  TIMEOUT  298.3s
  inst 199 cadical        TIMEOUT  300.0s
  inst 199 kissat         TIMEOUT  300.0s
  inst 199 hydra_satsuma  TIMEOUT  298.3s
  inst 200 cadical        TIMEOUT  300.0s
  inst 200 kissat         TIMEOUT  300.0s
  inst 200 hydra_satsuma  TIMEOUT  298.4s
  inst 204 cadical        TIMEOUT  300.0s
  inst 208 cadical_lex    UNSAT    72.4s
  inst 204 kissat         TIMEOUT  300.0s
  inst 213 cadical_lex    UNSAT    54.6s
  inst 204 hydra_satsuma  TIMEOUT  298.4s
  inst 207 cadical        TIMEOUT  300.0s
  inst 207 kissat         TIMEOUT  300.0s
  inst 207 hydra_satsuma  TIMEOUT  298.4s
  inst 215 cadical_lex    UNSAT    97.8s
  inst 208 cadical        TIMEOUT  300.0s
  inst 208 kissat         TIMEOUT  300.0s
  inst 208 hydra_satsuma  TIMEOUT  298.4s
  inst 213 cadical        TIMEOUT  300.0s
  inst 213 kissat         TIMEOUT  300.0s
  inst 213 hydra_satsuma  TIMEOUT  298.4s
  inst 215 cadical        TIMEOUT  300.0s
  inst 215 kissat         TIMEOUT  300.0s
  inst 215 hydra_satsuma  TIMEOUT  298.4s
  inst 218 cadical_lex    UNSAT    267.0s
  inst 219 cadical_lex    UNSAT    133.3s
  inst 218 cadical        TIMEOUT  300.0s
  inst 218 kissat         TIMEOUT  300.0s
  inst 221 cadical_lex    UNSAT    153.2s
  inst 218 hydra_satsuma  TIMEOUT  298.3s
  inst 219 cadical        TIMEOUT  300.0s
  inst 227 cadical_lex    UNSAT    166.9s
  inst 219 kissat         TIMEOUT  300.0s
  inst 219 hydra_satsuma  TIMEOUT  298.4s
  inst 221 cadical        TIMEOUT  300.0s
  inst 221 kissat         TIMEOUT  300.0s
  inst 221 hydra_satsuma  TIMEOUT  298.3s
  inst 227 cadical        TIMEOUT  300.0s
  inst 227 kissat         TIMEOUT  300.0s
  inst 231 cadical_lex    UNSAT    129.8s
  inst 227 hydra_satsuma  TIMEOUT  298.4s
  inst 228 cadical        TIMEOUT  300.0s
  inst 228 cadical_lex    TIMEOUT  300.0s
  inst 228 kissat         TIMEOUT  300.0s
  inst 228 hydra_satsuma  TIMEOUT  298.3s
  inst 232 cadical_lex    UNSAT    171.2s
  inst 231 cadical        TIMEOUT  300.0s
  inst 231 kissat         TIMEOUT  300.0s
  inst 231 hydra_satsuma  TIMEOUT  298.3s
  inst 232 cadical        TIMEOUT  300.0s
  inst 232 kissat         TIMEOUT  300.0s
  inst 232 hydra_satsuma  TIMEOUT  298.4s
  inst 233 cadical        TIMEOUT  300.0s
  inst 233 cadical_lex    TIMEOUT  300.0s
  inst 234 cadical_lex    UNSAT    218.4s
  inst 233 kissat         TIMEOUT  300.0s
  inst 233 hydra_satsuma  TIMEOUT  298.3s
  inst 235 cadical_lex    UNSAT    168.5s
  inst 234 cadical        TIMEOUT  300.0s
  inst 234 kissat         TIMEOUT  300.0s
  inst 234 hydra_satsuma  TIMEOUT  298.3s
  inst 239 cadical_lex    UNSAT    142.9s
  inst 235 cadical        TIMEOUT  300.0s
  inst 235 kissat         TIMEOUT  300.0s
  inst 235 hydra_satsuma  TIMEOUT  298.3s
  inst 239 cadical        TIMEOUT  300.0s
  inst 239 kissat         TIMEOUT  300.0s
  inst 239 hydra_satsuma  TIMEOUT  298.3s
  inst 241 cadical        TIMEOUT  300.0s
  inst 241 cadical_lex    TIMEOUT  300.0s
  inst 241 kissat         TIMEOUT  300.0s
  inst 241 hydra_satsuma  TIMEOUT  298.3s
  inst 242 cadical        TIMEOUT  300.0s
  inst 242 cadical_lex    TIMEOUT  300.0s
  inst 242 kissat         TIMEOUT  300.0s
  inst 242 hydra_satsuma  TIMEOUT  298.4s
  inst 243 cadical        TIMEOUT  300.0s
  inst 243 cadical_lex    TIMEOUT  300.0s
  inst 243 kissat         TIMEOUT  300.0s
  inst 243 hydra_satsuma  TIMEOUT  298.4s
  inst 244 cadical        TIMEOUT  300.0s
  inst 244 cadical_lex    TIMEOUT  300.0s
  inst 244 kissat         TIMEOUT  300.0s
  inst 244 hydra_satsuma  TIMEOUT  298.3s
  inst 245 cadical        TIMEOUT  300.0s
  inst 245 cadical_lex    TIMEOUT  300.0s
  inst 245 kissat         TIMEOUT  300.0s
  inst 245 hydra_satsuma  TIMEOUT  298.4s
  inst 246 cadical        TIMEOUT  300.0s
  inst 246 cadical_lex    TIMEOUT  300.0s
  inst 246 kissat         TIMEOUT  300.0s
  inst 246 hydra_satsuma  TIMEOUT  298.3s
  inst 248 cadical        TIMEOUT  300.0s
  inst 248 cadical_lex    TIMEOUT  300.0s
  inst 248 kissat         TIMEOUT  300.0s
  inst 248 hydra_satsuma  TIMEOUT  298.4s
  inst 250 cadical        TIMEOUT  300.0s
  inst 250 cadical_lex    TIMEOUT  300.0s
  inst 250 kissat         TIMEOUT  300.0s
  inst 250 hydra_satsuma  TIMEOUT  298.4s
  inst 251 cadical        TIMEOUT  300.0s
  inst 251 cadical_lex    TIMEOUT  300.0s
  inst 251 kissat         TIMEOUT  300.0s
  inst 251 hydra_satsuma  TIMEOUT  298.4s
  inst 252 cadical        TIMEOUT  300.0s
  inst 252 cadical_lex    TIMEOUT  300.0s
  inst 252 kissat         TIMEOUT  300.0s
  inst 252 hydra_satsuma  TIMEOUT  298.4s
  inst 254 cadical        TIMEOUT  300.0s
  inst 254 cadical_lex    TIMEOUT  300.0s
  inst 254 kissat         TIMEOUT  300.0s
  inst 254 hydra_satsuma  TIMEOUT  298.4s
  inst 256 cadical        TIMEOUT  300.0s
  inst 256 cadical_lex    TIMEOUT  300.0s
  inst 256 kissat         TIMEOUT  300.0s
  inst 256 hydra_satsuma  TIMEOUT  298.4s
  inst 257 cadical        TIMEOUT  300.0s
  inst 257 cadical_lex    TIMEOUT  300.0s
  inst 257 kissat         TIMEOUT  300.0s
  inst 257 hydra_satsuma  TIMEOUT  298.3s
  inst 258 cadical        TIMEOUT  300.0s
  inst 258 cadical_lex    TIMEOUT  300.0s
  inst 258 kissat         TIMEOUT  300.0s
  inst 258 hydra_satsuma  TIMEOUT  298.3s
  inst 260 cadical        TIMEOUT  300.0s
  inst 260 cadical_lex    TIMEOUT  300.0s
  inst 260 kissat         TIMEOUT  300.0s
  inst 260 hydra_satsuma  TIMEOUT  298.3s
  inst 262 cadical        TIMEOUT  300.0s
  inst 262 cadical_lex    TIMEOUT  300.0s
  inst 262 kissat         TIMEOUT  300.0s
  inst 262 hydra_satsuma  TIMEOUT  298.3s
  inst 263 cadical        TIMEOUT  300.0s
  inst 263 cadical_lex    TIMEOUT  300.0s
  inst 263 kissat         TIMEOUT  300.0s
  inst 263 hydra_satsuma  TIMEOUT  298.3s
  inst 269 cadical        TIMEOUT  300.0s
  inst 269 cadical_lex    TIMEOUT  300.0s
  inst 269 kissat         TIMEOUT  300.0s
  inst 269 hydra_satsuma  TIMEOUT  298.3s
  inst 270 cadical        TIMEOUT  300.0s
  inst 270 cadical_lex    TIMEOUT  300.0s
  inst 270 kissat         TIMEOUT  300.0s
  inst 270 hydra_satsuma  TIMEOUT  298.3s
  inst 272 cadical        TIMEOUT  300.0s
  inst 272 cadical_lex    TIMEOUT  300.0s
  inst 272 kissat         TIMEOUT  300.0s
  inst 272 hydra_satsuma  TIMEOUT  298.4s
  inst 273 cadical        TIMEOUT  300.0s
  inst 273 cadical_lex    TIMEOUT  300.0s
  inst 273 kissat         TIMEOUT  300.0s
  inst 273 hydra_satsuma  TIMEOUT  298.4s
  inst 277 cadical        TIMEOUT  300.0s
  inst 277 cadical_lex    TIMEOUT  300.0s
  inst 277 kissat         TIMEOUT  300.0s
  inst 277 hydra_satsuma  TIMEOUT  298.4s
  inst 279 cadical        TIMEOUT  300.0s
  inst 279 cadical_lex    TIMEOUT  300.0s
  inst 279 kissat         TIMEOUT  300.0s
  inst 283 kissat         SAT      12.8s
  inst 283 hydra_satsuma  SAT      19.8s
  inst 279 hydra_satsuma  TIMEOUT  298.4s
  inst 283 cadical        SAT      104.1s
  inst 280 cadical        TIMEOUT  300.0s
  inst 280 cadical_lex    TIMEOUT  300.0s
  inst 280 kissat         TIMEOUT  300.0s
  inst 280 hydra_satsuma  TIMEOUT  298.4s
  inst 281 cadical        TIMEOUT  300.0s
  inst 281 cadical_lex    TIMEOUT  300.0s
  inst 281 kissat         TIMEOUT  300.0s
  inst 281 hydra_satsuma  TIMEOUT  298.4s
  inst 283 cadical_lex    TIMEOUT  300.0s
  inst 287 cadical        TIMEOUT  300.0s
  inst 287 cadical_lex    TIMEOUT  300.0s
  inst 287 kissat         TIMEOUT  300.0s
  inst 287 hydra_satsuma  TIMEOUT  298.4s
  inst 288 cadical        TIMEOUT  300.0s
  inst 288 cadical_lex    TIMEOUT  300.0s
  inst 288 kissat         TIMEOUT  300.0s
  inst 288 hydra_satsuma  TIMEOUT  298.4s
  inst 290 cadical        TIMEOUT  300.0s
  inst 290 cadical_lex    TIMEOUT  300.0s
  inst 290 kissat         TIMEOUT  300.0s
  inst 290 hydra_satsuma  TIMEOUT  298.4s
  inst 291 cadical        TIMEOUT  300.0s
  inst 291 cadical_lex    TIMEOUT  300.0s
  inst 291 kissat         TIMEOUT  300.0s
  inst 291 hydra_satsuma  TIMEOUT  298.3s
  inst 292 cadical        TIMEOUT  300.0s
  inst 292 cadical_lex    TIMEOUT  300.0s
  inst 292 kissat         TIMEOUT  300.0s
  inst 292 hydra_satsuma  TIMEOUT  298.4s
  inst 293 cadical        TIMEOUT  300.0s
  inst 293 cadical_lex    TIMEOUT  300.0s
  inst 293 kissat         TIMEOUT  300.0s
  inst 293 hydra_satsuma  TIMEOUT  298.3s
  inst 294 cadical        TIMEOUT  300.0s
  inst 294 cadical_lex    TIMEOUT  300.0s
  inst 294 kissat         TIMEOUT  300.0s
  inst 294 hydra_satsuma  TIMEOUT  298.4s
  inst 295 cadical        TIMEOUT  300.0s
  inst 295 cadical_lex    TIMEOUT  300.0s
  inst 295 kissat         TIMEOUT  300.0s
  inst 295 hydra_satsuma  TIMEOUT  298.4s
  inst 296 cadical        TIMEOUT  300.0s
  inst 296 cadical_lex    TIMEOUT  300.0s
  inst 296 kissat         TIMEOUT  300.0s
  inst 296 hydra_satsuma  TIMEOUT  298.3s
  inst 298 cadical        TIMEOUT  300.0s
  inst 298 cadical_lex    TIMEOUT  300.0s
  inst 298 kissat         TIMEOUT  300.0s
  inst 298 hydra_satsuma  TIMEOUT  298.4s
  inst 299 cadical        TIMEOUT  300.0s
  inst 299 cadical_lex    TIMEOUT  300.0s
  inst 299 kissat         TIMEOUT  300.0s
  inst 299 hydra_satsuma  TIMEOUT  298.3s
  inst 300 cadical        TIMEOUT  300.0s
  inst 300 cadical_lex    TIMEOUT  300.0s
  inst 300 kissat         TIMEOUT  300.0s
  inst 300 hydra_satsuma  TIMEOUT  298.4s
  inst 301 cadical        TIMEOUT  300.0s
  inst 301 cadical_lex    TIMEOUT  300.0s
  inst 301 kissat         TIMEOUT  300.0s
  inst 301 hydra_satsuma  TIMEOUT  298.4s
  inst 302 cadical        TIMEOUT  300.0s
  inst 302 cadical_lex    TIMEOUT  300.0s
  inst 302 kissat         TIMEOUT  300.0s
  inst 302 hydra_satsuma  TIMEOUT  298.4s
  inst 303 cadical        TIMEOUT  300.0s
  inst 303 cadical_lex    TIMEOUT  300.0s
  inst 303 kissat         TIMEOUT  300.0s
  inst 303 hydra_satsuma  TIMEOUT  298.4s
  inst 304 cadical        TIMEOUT  300.0s
  inst 304 cadical_lex    TIMEOUT  300.0s
  inst 304 hydra_satsuma  TIMEOUT  298.4s
  inst 304 kissat         TIMEOUT  300.0s
  inst 305 cadical        TIMEOUT  300.0s
  inst 305 cadical_lex    TIMEOUT  300.0s
  inst 305 kissat         TIMEOUT  300.0s
  inst 305 hydra_satsuma  TIMEOUT  298.4s
  inst 307 cadical        TIMEOUT  300.0s
  inst 307 cadical_lex    TIMEOUT  300.0s
  inst 307 kissat         TIMEOUT  300.0s
  inst 307 hydra_satsuma  TIMEOUT  298.4s
  inst 309 cadical        TIMEOUT  300.0s
  inst 309 cadical_lex    TIMEOUT  300.0s
  inst 309 hydra_satsuma  TIMEOUT  298.4s
  inst 309 kissat         TIMEOUT  300.0s
  inst 310 cadical        TIMEOUT  300.0s
  inst 310 cadical_lex    TIMEOUT  300.0s
  inst 310 kissat         TIMEOUT  300.0s
  inst 310 hydra_satsuma  TIMEOUT  298.4s
  inst 311 cadical        TIMEOUT  300.0s
  inst 311 cadical_lex    TIMEOUT  300.0s
  inst 311 kissat         TIMEOUT  300.0s
  inst 311 hydra_satsuma  TIMEOUT  298.3s
  inst 312 cadical        TIMEOUT  300.0s
  inst 312 cadical_lex    TIMEOUT  300.0s
  inst 312 hydra_satsuma  TIMEOUT  298.4s
  inst 312 kissat         TIMEOUT  300.0s
  inst 313 cadical        TIMEOUT  300.0s
  inst 313 cadical_lex    TIMEOUT  300.0s
  inst 313 kissat         TIMEOUT  300.0s
  inst 313 hydra_satsuma  TIMEOUT  298.4s
  inst 314 cadical        TIMEOUT  300.0s
  inst 314 cadical_lex    TIMEOUT  300.0s
  inst 314 kissat         TIMEOUT  300.0s
  inst 314 hydra_satsuma  TIMEOUT  298.4s
  inst 315 cadical        TIMEOUT  300.0s
  inst 315 cadical_lex    TIMEOUT  300.0s
  inst 315 hydra_satsuma  TIMEOUT  298.4s
  inst 315 kissat         TIMEOUT  300.0s
  inst 316 cadical        TIMEOUT  300.0s
  inst 316 cadical_lex    TIMEOUT  300.0s
  inst 316 kissat         TIMEOUT  300.0s
  inst 316 hydra_satsuma  TIMEOUT  298.4s
  inst 317 cadical        TIMEOUT  300.0s
  inst 317 cadical_lex    TIMEOUT  300.0s
  inst 317 kissat         TIMEOUT  300.0s
  inst 317 hydra_satsuma  TIMEOUT  298.3s
  inst 319 cadical        TIMEOUT  300.0s
  inst 319 cadical_lex    TIMEOUT  300.0s
  inst 319 hydra_satsuma  TIMEOUT  298.3s
  inst 319 kissat         TIMEOUT  300.0s
  inst 320 cadical        TIMEOUT  300.0s
  inst 320 cadical_lex    TIMEOUT  300.0s
  inst 320 kissat         TIMEOUT  300.0s
  inst 320 hydra_satsuma  TIMEOUT  298.3s
  inst 321 cadical        TIMEOUT  300.0s
  inst 321 cadical_lex    TIMEOUT  300.0s
  inst 321 kissat         TIMEOUT  300.0s
  inst 321 hydra_satsuma  TIMEOUT  298.4s
  inst 322 cadical        TIMEOUT  300.0s
  inst 322 cadical_lex    TIMEOUT  300.0s
  inst 322 hydra_satsuma  TIMEOUT  298.4s
  inst 322 kissat         TIMEOUT  300.0s
  inst 324 cadical        TIMEOUT  300.0s
  inst 324 cadical_lex    TIMEOUT  300.0s
  inst 324 kissat         TIMEOUT  300.0s
  inst 324 hydra_satsuma  TIMEOUT  298.4s
  inst 325 cadical        TIMEOUT  300.0s
  inst 325 cadical_lex    TIMEOUT  300.0s
  inst 325 kissat         TIMEOUT  300.0s
  inst 325 hydra_satsuma  TIMEOUT  298.3s
  inst 326 cadical        TIMEOUT  300.0s
  inst 326 cadical_lex    TIMEOUT  300.0s
  inst 326 hydra_satsuma  TIMEOUT  298.3s
  inst 326 kissat         TIMEOUT  300.0s
  inst 327 cadical        TIMEOUT  300.0s
  inst 327 cadical_lex    TIMEOUT  300.0s
  inst 327 kissat         TIMEOUT  300.0s
  inst 327 hydra_satsuma  TIMEOUT  298.4s
  inst 328 cadical        TIMEOUT  300.0s
  inst 328 cadical_lex    TIMEOUT  300.0s
  inst 328 kissat         TIMEOUT  300.0s
  inst 328 hydra_satsuma  TIMEOUT  298.4s
  inst 329 cadical        TIMEOUT  300.0s
  inst 329 cadical_lex    TIMEOUT  300.0s
  inst 329 hydra_satsuma  TIMEOUT  298.3s
  inst 329 kissat         TIMEOUT  300.0s
  inst 330 cadical        TIMEOUT  300.0s
  inst 330 cadical_lex    TIMEOUT  300.0s
  inst 330 kissat         TIMEOUT  300.0s
  inst 330 hydra_satsuma  TIMEOUT  298.3s

SUMMARY (per arm):
  cadical        {'UNSAT': 3, 'TIMEOUT': 109, 'SAT': 1}  total 33059s
  cadical_lex    {'UNSAT': 47, 'TIMEOUT': 66}  total 22276s
  kissat         {'UNSAT': 3, 'TIMEOUT': 109, 'SAT': 1}  total 32886s
  hydra_satsuma  {'UNSAT': 3, 'TIMEOUT': 109, 'SAT': 1}  total 32716s
  disagreements (SAT vs UNSAT on the same instance): 0 []
  decided by any arm, by slice count: {('2', 'UNSAT'): 1, ('3', 'SAT'): 1, ('3', 'UNSAT'): 32, ('3', 'open'): 11, ('4', 'UNSAT'): 14, ('4', 'open'): 54}
exit 0
exit 0
