genuine k=6 dims 3x2x9: exhausted [0.00s; 11 tasks]
genuine k=6 dims 2x3x9: exhausted [0.00s; 7 tasks]
genuine k=6 dims 2x3x9: exhausted [0.00s; 8 tasks]
genuine k=6 dims 3x2x9: exhausted [0.00s; 5 tasks]
genuine k=6 dims 2x3x9: exhausted [0.00s; 3 tasks]
genuine k=6 dims 3x2x9: exhausted [0.00s; 20 tasks]
genuine k=6 dims 2x3x9: exhausted [0.00s; 4 tasks]
genuine k=6 dims 3x2x9: exhausted [0.00s; 5 tasks]
genuine k=6 dims 2x3x9: exhausted [0.00s; 14 tasks]
genuine k=6 dims 3x2x9: exhausted [0.00s; 10 tasks]
genuine k=6 dims 3x2x9: exhausted [0.00s; 24 tasks]
genuine k=6 dims 2x3x9: exhausted [0.00s; 4 tasks]
genuine k=6 dims 2x3x9: exhausted [0.00s; 8 tasks]
genuine k=6 dims 2x3x9: exhausted [0.00s; 7 tasks]
genuine k=6 dims 2x3x9: exhausted [0.00s; 10 tasks]
genuine k=6 dims 2x3x9: exhausted [0.00s; 7 tasks]
genuine k=6 dims 3x2x9: exhausted [0.00s; 17 tasks]
genuine k=6 dims 2x3x9: exhausted [0.00s; 4 tasks]
genuine k=6 dims 3x2x9: exhausted [0.00s; 5 tasks]
genuine k=6 dims 3x2x9: exhausted [0.00s; 6 tasks]
genuine k=6 dims 2x3x9: exhausted [0.00s; 6 tasks]
genuine k=6 dims 3x2x9: exhausted [0.00s; 33 tasks]
genuine k=6 dims 3x2x9: exhausted [0.00s; 15 tasks]
genuine k=6 dims 2x3x9: exhausted [0.00s; 8 tasks]
genuine k=7 dims 2x4x9: exhausted [0.00s; 6 tasks]
genuine k=7 dims 4x2x9: exhausted [0.00s; 6 tasks]
genuine k=7 dims 4x2x9: exhausted [0.00s; 45 tasks]
genuine k=7 dims 2x4x9: exhausted [0.00s; 8 tasks]
genuine k=7 dims 4x2x9: exhausted [0.00s; 4 tasks]
genuine k=7 dims 2x4x9: exhausted [0.00s; 13 tasks]
genuine k=7 dims 2x4x9: exhausted [0.00s; 8 tasks]
genuine k=7 dims 2x4x9: exhausted [0.00s; 12 tasks]
genuine k=7 dims 2x4x9: exhausted [0.00s; 7 tasks]
genuine k=7 dims 2x4x9: exhausted [0.00s; 8 tasks]
genuine k=7 dims 4x2x9: exhausted [0.00s; 7 tasks]
genuine k=7 dims 4x2x9: exhausted [0.00s; 7 tasks]
genuine k=7 dims 4x2x9: exhausted [0.00s; 5 tasks]
genuine k=7 dims 2x4x9: exhausted [0.00s; 9 tasks]
genuine k=7 dims 4x2x9: exhausted [0.00s; 19 tasks]
genuine k=7 dims 4x2x9: exhausted [0.00s; 7 tasks]
genuine k=7 dims 2x4x9: exhausted [0.00s; 6 tasks]
genuine k=7 dims 4x2x9: exhausted [0.00s; 4 tasks]
genuine k=7 dims 2x4x9: exhausted [0.00s; 8 tasks]
genuine k=7 dims 4x2x9: exhausted [0.00s; 8 tasks]
genuine k=7 dims 2x4x9: exhausted [0.00s; 74 tasks]
genuine k=7 dims 2x4x9: exhausted [0.00s; 17 tasks]
genuine k=7 dims 2x4x9: exhausted [0.00s; 8 tasks]
genuine k=7 dims 4x2x9: exhausted [0.00s; 8 tasks]
leaflim k=7 dims 3x3x9: exhausted [0.00s; 145 tasks]
genuine k=7 dims 3x3x9: exhausted [0.00s; 36 tasks]
leaflim k=7 dims 3x3x9: exhausted [0.00s; 183 tasks]
genuine k=7 dims 3x3x9: exhausted [0.00s; 8 tasks]
genuine k=7 dims 3x3x9: exhausted [0.00s; 8 tasks]
genuine k=7 dims 3x3x9: exhausted [0.00s; 5 tasks]
genuine k=7 dims 3x3x9: exhausted [0.00s; 9 tasks]
leaflim k=7 dims 3x3x9: exhausted [0.00s; 247 tasks]
genuine k=7 dims 3x3x9: exhausted [0.00s; 7 tasks]
genuine k=7 dims 3x3x9: exhausted [0.00s; 7 tasks]
genuine k=7 dims 3x3x9: exhausted [0.00s; 14 tasks]
genuine k=7 dims 3x3x9: exhausted [0.00s; 8 tasks]
leaflim k=7 dims 3x3x9: exhausted [0.00s; 200 tasks]
genuine k=7 dims 3x3x9: exhausted [0.00s; 15 tasks]
genuine k=7 dims 3x3x9: exhausted [0.00s; 4 tasks]
genuine k=7 dims 3x3x9: exhausted [0.00s; 7 tasks]
leaflim k=7 dims 3x3x9: exhausted [0.00s; 71 tasks]
leaflim k=7 dims 3x3x9: exhausted [0.00s; 99 tasks]
leaflim k=7 dims 3x3x9: exhausted [0.00s; 16 tasks]
genuine k=7 dims 3x3x9: exhausted [0.00s; 7 tasks]
genuine k=7 dims 3x3x9: exhausted [0.00s; 8 tasks]
leaflim k=7 dims 3x3x9: exhausted [0.00s; 46 tasks]
genuine k=7 dims 3x3x9: exhausted [0.00s; 99 tasks]
genuine k=7 dims 3x3x9: exhausted [0.00s; 8 tasks]
genuine k=8 dims 2x5x9: exhausted [0.00s; 10 tasks]
genuine k=8 dims 5x2x9: exhausted [0.00s; 8 tasks]
genuine k=8 dims 2x5x9: exhausted [0.00s; 7 tasks]
genuine k=8 dims 2x5x9: exhausted [0.00s; 15 tasks]
genuine k=8 dims 2x5x9: exhausted [0.00s; 14 tasks]
genuine k=8 dims 5x2x9: exhausted [0.00s; 4 tasks]
genuine k=8 dims 2x5x9: exhausted [0.00s; 9 tasks]
genuine k=8 dims 2x5x9: exhausted [0.00s; 7 tasks]
leaflim k=8 dims 2x5x9: exhausted [0.00s; 106 tasks]
genuine k=8 dims 2x5x9: exhausted [0.00s; 8 tasks]
genuine k=8 dims 5x2x9: exhausted [0.00s; 41 tasks]
genuine k=8 dims 5x2x9: exhausted [0.00s; 6 tasks]
genuine k=8 dims 2x5x9: exhausted [0.00s; 12 tasks]
genuine k=8 dims 5x2x9: exhausted [0.00s; 6 tasks]
genuine k=8 dims 2x5x9: exhausted [0.00s; 6 tasks]
genuine k=8 dims 2x5x9: exhausted [0.00s; 6 tasks]
genuine k=8 dims 2x5x9: exhausted [0.00s; 7 tasks]
genuine k=8 dims 2x5x9: exhausted [0.00s; 8 tasks]
genuine k=8 dims 5x2x9: exhausted [0.00s; 5 tasks]
genuine k=8 dims 5x2x9: exhausted [0.00s; 7 tasks]
genuine k=8 dims 2x5x9: exhausted [0.00s; 26 tasks]
genuine k=8 dims 5x2x9: exhausted [0.00s; 8 tasks]
genuine k=8 dims 5x2x9: exhausted [0.00s; 9 tasks]
genuine k=8 dims 2x5x9: exhausted [0.00s; 8 tasks]
genuine k=8 dims 4x3x9: exhausted [0.00s; 10 tasks]
genuine k=8 dims 4x3x9: exhausted [0.00s; 8 tasks]
genuine k=8 dims 3x4x9: exhausted [0.00s; 8 tasks]
leaflim k=8 dims 3x4x9: exhausted [0.01s; 580 tasks]
leaflim k=8 dims 4x3x9: exhausted [0.00s; 274 tasks]
leaflim k=8 dims 4x3x9: exhausted [0.01s; 532 tasks]
genuine k=8 dims 4x3x9: exhausted [0.00s; 9 tasks]
leaflim k=8 dims 3x4x9: exhausted [0.00s; 8 tasks]
leaflim k=8 dims 3x4x9: certified [0.01s; 1833 tasks]
leaflim k=8 dims 4x3x9: exhausted [0.00s; 7 tasks]
genuine k=8 dims 4x3x9: exhausted [0.00s; 12 tasks]
leaflim k=8 dims 3x4x9: exhausted [0.00s; 53 tasks]
genuine k=8 dims 3x4x9: exhausted [0.00s; 237 tasks]
genuine k=8 dims 4x3x9: exhausted [0.00s; 9 tasks]
leaflim k=8 dims 4x3x9: exhausted [0.01s; 567 tasks]
genuine k=8 dims 4x3x9: exhausted [0.00s; 254 tasks]
genuine k=8 dims 4x3x9: exhausted [0.00s; 11 tasks]
leaflim k=8 dims 3x4x9: certified [0.01s; 455 tasks]
genuine k=8 dims 4x3x9: exhausted [0.00s; 9 tasks]
genuine k=8 dims 4x3x9: exhausted [0.00s; 12 tasks]
leaflim k=8 dims 3x4x9: certified [0.01s; 1215 tasks]
leaflim k=8 dims 4x3x9: exhausted [0.00s; 336 tasks]
genuine k=8 dims 4x3x9: exhausted [0.00s; 15 tasks]
leaflim k=8 dims 3x4x9: exhausted [0.00s; 148 tasks]
genuine k=9 dims 2x6x9: exhausted [0.00s; 13 tasks]
genuine k=9 dims 2x6x9: exhausted [0.00s; 6 tasks]
genuine k=9 dims 2x6x9: exhausted [0.00s; 139 tasks]
genuine k=9 dims 2x6x9: exhausted [0.00s; 16 tasks]
genuine k=9 dims 6x2x9: exhausted [0.00s; 9 tasks]
genuine k=9 dims 6x2x9: exhausted [0.00s; 10 tasks]
genuine k=9 dims 2x6x9: exhausted [0.00s; 7 tasks]
genuine k=9 dims 6x2x9: exhausted [0.00s; 15 tasks]
genuine k=9 dims 2x6x9: exhausted [0.00s; 6 tasks]
genuine k=9 dims 2x6x9: exhausted [0.00s; 13 tasks]
genuine k=9 dims 2x6x9: exhausted [0.00s; 12 tasks]
genuine k=9 dims 2x6x9: exhausted [0.00s; 37 tasks]
genuine k=9 dims 2x6x9: exhausted [0.00s; 54 tasks]
genuine k=9 dims 2x6x9: exhausted [0.00s; 4 tasks]
genuine k=9 dims 2x6x9: exhausted [0.00s; 14 tasks]
genuine k=9 dims 2x6x9: exhausted [0.00s; 164 tasks]
genuine k=9 dims 2x6x9: exhausted [0.00s; 11 tasks]
genuine k=9 dims 2x6x9: exhausted [0.00s; 6 tasks]
genuine k=9 dims 2x6x9: exhausted [0.00s; 18 tasks]
genuine k=9 dims 2x6x9: exhausted [0.00s; 6 tasks]
genuine k=9 dims 6x2x9: exhausted [0.00s; 7 tasks]
genuine k=9 dims 2x6x9: exhausted [0.00s; 20 tasks]
genuine k=9 dims 6x2x9: exhausted [0.00s; 11 tasks]
genuine k=9 dims 2x6x9: exhausted [0.00s; 6 tasks]
genuine k=10 dims 2x7x9: exhausted [0.00s; 7 tasks]
genuine k=10 dims 2x7x9: exhausted [0.00s; 13 tasks]
genuine k=10 dims 2x7x9: exhausted [0.00s; 21 tasks]
genuine k=10 dims 2x7x9: exhausted [0.00s; 9 tasks]
genuine k=10 dims 2x7x9: exhausted [0.00s; 7 tasks]
genuine k=10 dims 2x7x9: exhausted [0.00s; 12 tasks]
genuine k=10 dims 2x7x9: exhausted [0.00s; 8 tasks]
genuine k=10 dims 2x7x9: exhausted [0.00s; 10 tasks]
genuine k=10 dims 2x7x9: exhausted [0.00s; 8 tasks]
genuine k=10 dims 2x7x9: exhausted [0.00s; 233 tasks]
genuine k=10 dims 2x7x9: exhausted [0.01s; 862 tasks]
genuine k=10 dims 2x7x9: exhausted [0.01s; 458 tasks]
genuine k=10 dims 2x7x9: exhausted [0.00s; 7 tasks]
genuine k=10 dims 2x7x9: exhausted [0.00s; 8 tasks]
genuine k=10 dims 2x7x9: exhausted [0.00s; 11 tasks]
genuine k=10 dims 2x7x9: exhausted [0.00s; 9 tasks]
genuine k=10 dims 2x7x9: exhausted [0.00s; 7 tasks]
genuine k=10 dims 2x7x9: exhausted [0.00s; 6 tasks]
genuine k=10 dims 2x7x9: exhausted [0.01s; 1383 tasks]
genuine k=10 dims 2x7x9: exhausted [0.00s; 11 tasks]
genuine k=10 dims 2x7x9: exhausted [0.00s; 13 tasks]
genuine k=10 dims 2x7x9: exhausted [0.00s; 6 tasks]
genuine k=10 dims 2x7x9: exhausted [0.00s; 9 tasks]
genuine k=10 dims 2x7x9: exhausted [0.00s; 9 tasks]
leaflim k=9 dims 3x5x9: exhausted [0.02s; 3716 tasks]
leaflim k=9 dims 5x3x9: certified [0.01s; 1012 tasks]
genuine k=9 dims 5x3x9: exhausted [0.00s; 14 tasks]
genuine k=9 dims 3x5x9: exhausted [0.00s; 13 tasks]
genuine k=9 dims 5x3x9: exhausted [0.00s; 13 tasks]
leaflim k=9 dims 5x3x9: certified [0.02s; 6097 tasks]
leaflim k=9 dims 5x3x9: certified [0.02s; 5594 tasks]
leaflim k=9 dims 5x3x9: exhausted [0.01s; 1180 tasks]
genuine k=9 dims 5x3x9: exhausted [0.00s; 11 tasks]
leaflim k=9 dims 5x3x9: exhausted [0.01s; 985 tasks]
genuine k=9 dims 3x5x9: exhausted [0.00s; 13 tasks]
genuine k=9 dims 3x5x9: exhausted [0.00s; 10 tasks]
genuine k=9 dims 3x5x9: exhausted [0.00s; 38 tasks]
leaflim k=9 dims 3x5x9: exhausted [0.00s; 279 tasks]
genuine k=9 dims 5x3x9: exhausted [0.00s; 362 tasks]
genuine k=9 dims 3x5x9: exhausted [0.00s; 13 tasks]
genuine k=9 dims 3x5x9: exhausted [0.01s; 711 tasks]
genuine k=9 dims 3x5x9: exhausted [0.00s; 13 tasks]
genuine k=9 dims 3x5x9: exhausted [0.00s; 12 tasks]
genuine k=9 dims 3x5x9: exhausted [0.00s; 10 tasks]
genuine k=9 dims 5x3x9: exhausted [0.00s; 14 tasks]
leaflim k=9 dims 3x5x9: exhausted [0.01s; 659 tasks]
genuine k=9 dims 3x5x9: exhausted [0.00s; 15 tasks]
genuine k=9 dims 5x3x9: exhausted [0.00s; 105 tasks]
leaflim k=9 dims 4x4x9: certified [0.01s; 1579 tasks]
leaflim k=9 dims 4x4x9: certified [0.02s; 5833 tasks]
leaflim k=9 dims 4x4x9: exhausted [0.01s; 2475 tasks]
leaflim k=9 dims 4x4x9: exhausted [0.01s; 2580 tasks]
leaflim k=9 dims 4x4x9: certified [0.07s; 17976 tasks]
leaflim k=9 dims 4x4x9: exhausted [0.03s; 6997 tasks]
leaflim k=9 dims 4x4x9: certified [0.01s; 2849 tasks]
leaflim k=9 dims 4x4x9: exhausted [0.01s; 2961 tasks]
leaflim k=9 dims 4x4x9: certified [0.02s; 4357 tasks]
genuine k=9 dims 4x4x9: exhausted [0.00s; 10 tasks]
genuine k=9 dims 4x4x9: exhausted [0.00s; 7 tasks]
genuine k=9 dims 4x4x9: exhausted [0.01s; 656 tasks]
leaflim k=9 dims 4x4x9: certified [0.02s; 3568 tasks]
genuine k=9 dims 4x4x9: exhausted [0.00s; 248 tasks]
genuine k=9 dims 4x4x9: exhausted [0.00s; 36 tasks]
leaflim k=9 dims 4x4x9: certified [0.01s; 395 tasks]
leaflim k=9 dims 4x4x9: exhausted [0.01s; 755 tasks]
genuine k=9 dims 4x4x9: exhausted [0.00s; 206 tasks]
genuine k=9 dims 4x4x9: exhausted [0.01s; 3078 tasks]
genuine k=9 dims 4x4x9: exhausted [0.00s; 211 tasks]
genuine k=9 dims 4x4x9: exhausted [0.00s; 15 tasks]
leaflim k=9 dims 4x4x9: certified [0.06s; 17841 tasks]
genuine k=9 dims 4x4x9: exhausted [0.00s; 7 tasks]
leaflim k=9 dims 4x4x9: certified [0.01s; 2616 tasks]
genuine k=10 dims 6x3x9: exhausted [0.00s; 15 tasks]
genuine k=10 dims 3x6x9: exhausted [0.00s; 12 tasks]
leaflim k=10 dims 3x6x9: certified [0.02s; 2249 tasks]
leaflim k=10 dims 3x6x9: certified [0.06s; 13381 tasks]
genuine k=10 dims 3x6x9: exhausted [0.00s; 384 tasks]
leaflim k=10 dims 3x6x9: exhausted [0.05s; 12915 tasks]
genuine k=10 dims 6x3x9: exhausted [0.01s; 794 tasks]
genuine k=10 dims 3x6x9: exhausted [0.00s; 12 tasks]
genuine k=10 dims 3x6x9: exhausted [0.00s; 13 tasks]
genuine k=10 dims 3x6x9: exhausted [0.00s; 17 tasks]
genuine k=10 dims 3x6x9: exhausted [0.01s; 1911 tasks]
leaflim k=10 dims 3x6x9: exhausted [0.01s; 615 tasks]
open k=10 dims 3x6x9: exhausted [0.03s; 4336 tasks]
genuine k=10 dims 3x6x9: exhausted [0.00s; 14 tasks]
genuine k=10 dims 3x6x9: exhausted [0.00s; 10 tasks]
leaflim k=10 dims 3x6x9: exhausted [0.02s; 4541 tasks]
leaflim k=10 dims 3x6x9: exhausted [0.17s; 45437 tasks]
open k=10 dims 3x6x9: exhausted [0.02s; 4941 tasks]
leaflim k=10 dims 3x6x9: certified [0.08s; 19518 tasks]
leaflim k=10 dims 3x6x9: certified [0.23s; 58183 tasks]
genuine k=10 dims 6x3x9: exhausted [0.00s; 15 tasks]
genuine k=10 dims 3x6x9: exhausted [0.01s; 2749 tasks]
genuine k=10 dims 3x6x9: exhausted [0.00s; 113 tasks]
leaflim k=10 dims 3x6x9: exhausted [0.02s; 5252 tasks]
genuine k=10 dims 4x5x9: exhausted [0.00s; 10 tasks]
open k=10 dims 4x5x9: exhausted [0.00s; 12 tasks]
open k=10 dims 4x5x9: exhausted [0.01s; 1263 tasks]
open k=10 dims 4x5x9: exhausted [0.04s; 11609 tasks]
open k=10 dims 4x5x9: exhausted [0.04s; 9625 tasks]
open k=10 dims 5x4x9: exhausted [0.02s; 4761 tasks]
open k=10 dims 4x5x9: certified [0.25s; 59490 tasks]
genuine k=10 dims 4x5x9: exhausted [0.01s; 983 tasks]
open k=10 dims 5x4x9: exhausted [0.03s; 7127 tasks]
genuine k=10 dims 4x5x9: exhausted [0.00s; 9 tasks]
open k=10 dims 4x5x9: certified [0.02s; 3043 tasks]
open k=10 dims 5x4x9: certified [0.09s; 21868 tasks]
open k=10 dims 4x5x9: certified [0.13s; 28010 tasks]
genuine k=10 dims 5x4x9: exhausted [0.00s; 9 tasks]
open k=10 dims 4x5x9: certified [0.07s; 15974 tasks]
genuine k=10 dims 4x5x9: exhausted [0.00s; 13 tasks]
open k=10 dims 4x5x9: exhausted [0.00s; 50 tasks]
open k=10 dims 4x5x9: exhausted [0.02s; 3655 tasks]
open k=10 dims 4x5x9: certified [0.04s; 9907 tasks]
genuine k=10 dims 5x4x9: exhausted [0.00s; 12 tasks]
open k=10 dims 5x4x9: exhausted [0.43s; 107907 tasks]
genuine k=10 dims 4x5x9: exhausted [0.00s; 11 tasks]
open k=10 dims 4x5x9: certified [0.14s; 29021 tasks]
open k=10 dims 5x4x9: exhausted [0.05s; 7837 tasks]
genuine k=11 dims 3x7x9: exhausted [0.07s; 6642 tasks]
genuine k=11 dims 3x7x9: exhausted [0.00s; 10 tasks]
genuine k=11 dims 3x7x9: exhausted [0.01s; 64 tasks]
genuine k=11 dims 3x7x9: exhausted [0.00s; 12 tasks]
genuine k=11 dims 3x7x9: exhausted [0.00s; 7 tasks]
open k=11 dims 3x7x9: exhausted [0.09s; 13739 tasks]
open k=11 dims 3x7x9: exhausted [0.11s; 25075 tasks]
genuine k=11 dims 3x7x9: exhausted [0.00s; 10 tasks]
open k=11 dims 3x7x9: exhausted [0.22s; 34577 tasks]
open k=11 dims 3x7x9: exhausted [0.10s; 19925 tasks]
genuine k=11 dims 3x7x9: exhausted [0.00s; 3 tasks]
genuine k=11 dims 3x7x9: exhausted [0.00s; 8 tasks]
genuine k=11 dims 3x7x9: exhausted [0.03s; 2402 tasks]
open k=11 dims 3x7x9: exhausted [0.03s; 4339 tasks]
genuine k=11 dims 3x7x9: exhausted [0.01s; 445 tasks]
open k=11 dims 3x7x9: exhausted [0.14s; 24303 tasks]
open k=11 dims 3x7x9: exhausted [0.13s; 24637 tasks]
open k=11 dims 3x7x9: exhausted [1.64s; 316129 tasks]
genuine k=11 dims 3x7x9: exhausted [0.00s; 17 tasks]
genuine k=11 dims 3x7x9: exhausted [0.04s; 8089 tasks]
genuine k=11 dims 3x7x9: exhausted [0.06s; 9276 tasks]
genuine k=11 dims 3x7x9: exhausted [0.00s; 16 tasks]
genuine k=11 dims 3x7x9: exhausted [0.00s; 12 tasks]
open k=11 dims 3x7x9: exhausted [0.09s; 12549 tasks]
open k=11 dims 4x6x9: certified [0.28s; 56967 tasks]
genuine k=11 dims 4x6x9: exhausted [0.00s; 171 tasks]
open k=11 dims 6x4x9: certified [0.84s; 208768 tasks]
open k=11 dims 4x6x9: exhausted [0.16s; 33164 tasks]
open k=11 dims 4x6x9: exhausted [0.03s; 3703 tasks]
open k=11 dims 6x4x9: certified [0.57s; 79260 tasks]
open k=11 dims 4x6x9: certified [0.36s; 85398 tasks]
open k=11 dims 4x6x9: exhausted [0.44s; 100150 tasks]
open k=11 dims 4x6x9: exhausted [1.11s; 242936 tasks]
genuine k=11 dims 6x4x9: exhausted [0.00s; 9 tasks]
open k=11 dims 6x4x9: exhausted [0.04s; 7146 tasks]
open k=11 dims 4x6x9: certified [0.86s; 226416 tasks]
open k=11 dims 4x6x9: exhausted [0.08s; 15864 tasks]
open k=11 dims 4x6x9: certified [0.13s; 27810 tasks]
open k=11 dims 4x6x9: certified [0.35s; 71162 tasks]
open k=11 dims 6x4x9: certified [0.01s; 1111 tasks]
open k=11 dims 4x6x9: exhausted [0.54s; 128285 tasks]
open k=11 dims 4x6x9: exhausted [0.11s; 27302 tasks]
genuine k=11 dims 4x6x9: exhausted [0.00s; 12 tasks]
open k=11 dims 6x4x9: certified [0.73s; 194717 tasks]
genuine k=11 dims 6x4x9: exhausted [0.00s; 11 tasks]
open k=11 dims 4x6x9: certified [0.63s; 142524 tasks]
open k=11 dims 4x6x9: certified [0.07s; 13924 tasks]
open k=11 dims 4x6x9: certified [1.33s; 288602 tasks]
open k=12 dims 4x7x9: certified [0.91s; 112509 tasks]
open k=12 dims 4x7x9: capped [3.92s; 704221 tasks]
open k=12 dims 4x7x9: certified [0.87s; 120241 tasks]
open k=12 dims 4x7x9: exhausted [0.17s; 28645 tasks]
open k=12 dims 4x7x9: capped [4.35s; 752732 tasks]
open k=12 dims 4x7x9: capped [4.47s; 694226 tasks]
genuine k=12 dims 4x7x9: exhausted [0.00s; 16 tasks]
open k=12 dims 4x7x9: exhausted [0.08s; 15996 tasks]
open k=12 dims 4x7x9: exhausted [0.02s; 3612 tasks]
open k=12 dims 4x7x9: certified [2.55s; 418258 tasks]
open k=12 dims 4x7x9: exhausted [1.06s; 228406 tasks]
genuine k=12 dims 4x7x9: exhausted [0.00s; 16 tasks]
open k=12 dims 4x7x9: certified [0.87s; 122747 tasks]
open k=12 dims 4x7x9: exhausted [0.01s; 106 tasks]
open k=12 dims 4x7x9: exhausted [0.09s; 19377 tasks]
open k=12 dims 4x7x9: capped [4.24s; 624438 tasks]
open k=12 dims 4x7x9: certified [1.27s; 171122 tasks]
open k=12 dims 4x7x9: certified [3.25s; 472781 tasks]
open k=12 dims 4x7x9: exhausted [0.08s; 16300 tasks]

TALLY (verdict, probe outcome) -> count:
  ("genuine", "exhausted"): 214
  ("leaflim", "certified"): 19
  ("leaflim", "exhausted"): 33
  ("open", "capped"): 4
  ("open", "certified"): 25
  ("open", "exhausted"): 36
unsound certifications: 0
