true first-product orbits: 211
old roots: 211
old roots cover 159 of 211 true orbits (0 old roots had a non-canonical (alpha,beta))
uncovered true orbits: 52
  uncovered 1,10,64
  uncovered 1,10,66
  uncovered 1,10,67
  uncovered 1,10,88
  uncovered 1,10,92
  uncovered 1,10,128
  uncovered 1,10,132
  uncovered 1,80,20
  uncovered 1,80,64
  uncovered 1,80,67
  uncovered 1,80,128
  uncovered 1,80,132
  uncovered 1,84,20
  uncovered 1,84,64
  uncovered 1,84,128
  uncovered 1,84,129
  uncovered 1,84,132
  uncovered 1,84,140
  uncovered 10,1,4
  uncovered 10,1,12
  uncovered 10,1,13
  uncovered 10,1,22
  uncovered 10,1,32
  uncovered 10,1,86
  uncovered 10,1,96
  uncovered 10,64,4
  uncovered 10,64,13
  uncovered 10,64,32
  uncovered 10,64,80
  uncovered 10,64,96
  uncovered 10,84,32
  uncovered 10,84,33
  uncovered 10,84,80
  uncovered 10,84,88
  uncovered 10,84,92
  uncovered 10,84,96
  uncovered 10,84,104
  uncovered 10,84,106
  uncovered 84,1,4
  uncovered 84,1,32
  uncovered 84,1,33
  uncovered 84,1,80
  uncovered 84,1,96
  uncovered 84,1,98
  uncovered 84,10,22
  uncovered 84,10,64
  uncovered 84,10,86
  uncovered 84,10,128
  uncovered 84,10,129
  uncovered 84,10,132
  uncovered 84,10,134
  uncovered 84,10,142
