root filter matmul/r22/uncovered_roots.txt: 52 of 52 roots kept
  root 0 = 1,10,64
  root 1 = 1,10,66
  root 2 = 1,10,67
  root 3 = 1,10,88
  root 4 = 1,10,92
  root 5 = 1,10,128
  root 6 = 1,10,132
  root 7 = 1,80,20
  root 8 = 1,80,64
  root 9 = 1,80,67
  root 10 = 1,80,128
  root 11 = 1,80,132
  root 12 = 1,84,20
  root 13 = 1,84,64
  root 14 = 1,84,128
  root 15 = 1,84,129
  root 16 = 1,84,132
  root 17 = 1,84,140
  root 18 = 10,1,4
  root 19 = 10,1,12
  root 20 = 10,1,13
  root 21 = 10,1,22
  root 22 = 10,1,32
  root 23 = 10,1,86
  root 24 = 10,1,96
  root 25 = 10,64,4
  root 26 = 10,64,13
  root 27 = 10,64,32
  root 28 = 10,64,80
  root 29 = 10,64,96
  root 30 = 10,84,32
  root 31 = 10,84,33
  root 32 = 10,84,80
  root 33 = 10,84,88
  root 34 = 10,84,92
  root 35 = 10,84,96
  root 36 = 10,84,104
  root 37 = 10,84,106
  root 38 = 84,1,4
  root 39 = 84,1,32
  root 40 = 84,1,33
  root 41 = 84,1,80
  root 42 = 84,1,96
  root 43 = 84,1,98
  root 44 = 84,10,22
  root 45 = 84,10,64
  root 46 = 84,10,86
  root 47 = 84,10,128
  root 48 = 84,10,129
  root 49 = 84,10,132
  root 50 = 84,10,134
  root 51 = 84,10,142
  16/211 ok=16 fail=0 (66s)
  32/211 ok=32 fail=0 (98s)
  48/211 ok=48 fail=0 (160s)
exit 143
