c parsed 31941 variables, 126126 clauses
c hydra_satsuma: structure analysis (xor stage)…
c hydra_satsuma: xor stage: 16047 XOR(s), 1386 var(s) GE-forced — ignored in certified mode (2234.1ms)
c hydra_satsuma: no Cook shape -> satsuma-iter+kissat (docker) budget=7196s
c hydra_satsuma: satsuma-iter+kissat time 7s / budget 7196s
c hydra_satsuma: satsuma-iter+kissat time 12s / budget 7196s
c hydra_satsuma: satsuma-iter+kissat time 17s / budget 7196s
c hydra_satsuma: satsuma-iter+kissat time 22s / budget 7196s
c hydra_satsuma: satsuma-iter+kissat time 27s / budget 7196s
c hydra_satsuma: satsuma-iter+kissat time 32s / budget 7196s
c hydra_satsuma: satsuma-iter+kissat time 37s / budget 7196s
c hydra_satsuma: satsuma-iter+kissat time 42s / budget 7196s
c hydra_satsuma: satsuma-iter+kissat time 48s / budget 7196s
c hydra_satsuma: satsuma-iter+kissat time 53s / budget 7196s
c hydra_satsuma: satsuma-iter+kissat time 58s / budget 7196s
c hydra_satsuma: satsuma-iter+kissat time 63s / budget 7196s
c hydra_satsuma: satsuma-iter+kissat time 68s / budget 7196s
c hydra_satsuma: satsuma-iter+kissat time 73s / budget 7196s
c hydra_satsuma: satsuma-iter+kissat time 78s / budget 7196s
c hydra_satsuma: satsuma-iter+kissat time 83s / budget 7196s
c hydra_satsuma: satsuma-iter+kissat time 88s / budget 7196s
c hydra_satsuma: satsuma-iter+kissat time 93s / budget 7196s
c hydra_satsuma: satsuma-iter+kissat time 99s / budget 7196s
c hydra_satsuma: satsuma-iter+kissat time 104s / budget 7196s
c hydra_satsuma: satsuma-iter+kissat time 109s / budget 7196s
c hydra_satsuma: satsuma-iter+kissat time 114s / budget 7196s
c hydra_satsuma: satsuma-iter+kissat time 119s / budget 7196s
c hydra_satsuma: satsuma-iter+kissat time 124s / budget 7196s
c hydra_satsuma: satsuma-iter+kissat time 129s / budget 7196s
c hydra_satsuma: satsuma-iter+kissat time 134s / budget 7196s
c hydra_satsuma: satsuma-iter+kissat time 139s / budget 7196s
c hydra_satsuma: satsuma-iter+kissat time 144s / budget 7196s
c hydra_satsuma: satsuma-iter+kissat time 150s / budget 7196s
c hydra_satsuma: satsuma-iter+kissat time 155s / budget 7196s
c hydra_satsuma: satsuma-iter+kissat time 160s / budget 7196s
c hydra_satsuma: satsuma-iter+kissat time 165s / budget 7196s
c hydra_satsuma: satsuma-iter+kissat time 170s / budget 7196s
c hydra_satsuma: satsuma-iter+kissat time 175s / budget 7196s
c hydra_satsuma: satsuma-iter+kissat time 180s / budget 7196s
c hydra_satsuma: satsuma-iter+kissat time 185s / budget 7196s
c hydra_satsuma: satsuma-iter+kissat time 190s / budget 7196s
c hydra_satsuma: satsuma-iter+kissat time 195s / budget 7196s
c hydra_satsuma: satsuma-iter+kissat time 201s / budget 7196s
c hydra_satsuma: satsuma-iter+kissat time 206s / budget 7196s
c hydra_satsuma: satsuma-iter+kissat time 211s / budget 7196s
c hydra_satsuma: satsuma-iter+kissat time 216s / budget 7196s
c hydra_satsuma: satsuma-iter+kissat time 221s / budget 7196s
c hydra_satsuma: satsuma-iter+kissat time 226s / budget 7196s
c hydra_satsuma: satsuma-iter+kissat time 231s / budget 7196s
c hydra_satsuma: satsuma-iter+kissat time 236s / budget 7196s
c hydra_satsuma: satsuma-iter+kissat time 241s / budget 7196s
c hydra_satsuma: satsuma-iter+kissat time 247s / budget 7196s
c hydra_satsuma: satsuma-iter+kissat time 252s / budget 7196s
c hydra_satsuma: satsuma-iter+kissat time 257s / budget 7196s
c hydra_satsuma: satsuma-iter+kissat time 262s / budget 7196s
c hydra_satsuma: satsuma-iter+kissat time 267s / budget 7196s
c hydra_satsuma: satsuma-iter+kissat time 272s / budget 7196s
c hydra_satsuma: satsuma-iter+kissat time 277s / budget 7196s
c hydra_satsuma: satsuma-iter+kissat time 282s / budget 7196s
c hydra_satsuma: satsuma-iter+kissat time 287s / budget 7196s
c hydra_satsuma: satsuma-iter+kissat time 293s / budget 7196s
c hydra_satsuma: satsuma-iter+kissat time 298s / budget 7196s
c hydra_satsuma: satsuma-iter+kissat time 303s / budget 7196s
c hydra_satsuma: satsuma-iter+kissat time 308s / budget 7196s
c hydra_satsuma: satsuma-iter+kissat time 313s / budget 7196s
c hydra_satsuma: satsuma-iter+kissat time 318s / budget 7196s
c hydra_satsuma: satsuma-iter+kissat time 323s / budget 7196s
c hydra_satsuma: satsuma-iter+kissat time 328s / budget 7196s
c hydra_satsuma: satsuma-iter+kissat time 333s / budget 7196s
c hydra_satsuma: satsuma-iter+kissat time 339s / budget 7196s
c hydra_satsuma: satsuma-iter+kissat time 344s / budget 7196s
c hydra_satsuma: satsuma-iter+kissat time 349s / budget 7196s
c hydra_satsuma: satsuma-iter+kissat time 354s / budget 7196s
c hydra_satsuma: satsuma-iter+kissat time 359s / budget 7196s
c hydra_satsuma: satsuma-iter+kissat time 364s / budget 7196s
c hydra_satsuma: satsuma-iter+kissat time 369s / budget 7196s
c hydra_satsuma: satsuma-iter+kissat time 374s / budget 7196s
c hydra_satsuma: satsuma-iter+kissat time 379s / budget 7196s
c hydra_satsuma: satsuma-iter+kissat time 384s / budget 7196s
c hydra_satsuma: satsuma-iter+kissat time 390s / budget 7196s
c hydra_satsuma: satsuma-iter+kissat time 395s / budget 7196s
c hydra_satsuma: satsuma-iter+kissat time 400s / budget 7196s
c hydra_satsuma: satsuma-iter+kissat time 405s / budget 7196s
c hydra_satsuma: satsuma-iter+kissat time 410s / budget 7196s
c hydra_satsuma: satsuma-iter+kissat time 415s / budget 7196s
c hydra_satsuma: satsuma-iter+kissat time 420s / budget 7196s
c hydra_satsuma: satsuma-iter+kissat time 425s / budget 7196s
c hydra_satsuma: satsuma-iter+kissat time 430s / budget 7196s
c hydra_satsuma: satsuma-iter+kissat time 436s / budget 7196s
c hydra_satsuma: satsuma-iter+kissat time 441s / budget 7196s
c hydra_satsuma: satsuma-iter+kissat time 446s / budget 7196s
c hydra_satsuma: satsuma-iter+kissat time 451s / budget 7196s
c hydra_satsuma: satsuma-iter+kissat time 456s / budget 7196s
c hydra_satsuma: satsuma-iter+kissat time 461s / budget 7196s
c hydra_satsuma: satsuma-iter+kissat time 466s / budget 7196s
c hydra_satsuma: satsuma-iter+kissat time 471s / budget 7196s
c hydra_satsuma: satsuma-iter+kissat time 476s / budget 7196s
c hydra_satsuma: satsuma-iter+kissat time 481s / budget 7196s
c hydra_satsuma: satsuma-iter+kissat time 486s / budget 7196s
c hydra_satsuma: satsuma-iter+kissat time 492s / budget 7196s
c hydra_satsuma: satsuma-iter+kissat time 497s / budget 7196s
c hydra_satsuma: satsuma-iter+kissat time 502s / budget 7196s
c hydra_satsuma: satsuma-iter+kissat time 507s / budget 7196s
c hydra_satsuma: satsuma-iter+kissat time 512s / budget 7196s
c hydra_satsuma: satsuma-iter+kissat time 517s / budget 7196s
c hydra_satsuma: satsuma-iter+kissat time 522s / budget 7196s
c hydra_satsuma: satsuma-iter+kissat time 527s / budget 7196s
c hydra_satsuma: satsuma-iter+kissat time 532s / budget 7196s
c hydra_satsuma: satsuma-iter+kissat time 537s / budget 7196s
c hydra_satsuma: satsuma-iter+kissat time 543s / budget 7196s
c hydra_satsuma: satsuma-iter+kissat time 548s / budget 7196s
c hydra_satsuma: satsuma-iter+kissat time 553s / budget 7196s
c hydra_satsuma: satsuma-iter+kissat time 558s / budget 7196s
c hydra_satsuma: satsuma-iter+kissat time 563s / budget 7196s
c hydra_satsuma: satsuma-iter+kissat time 568s / budget 7196s
c hydra_satsuma: satsuma-iter+kissat time 573s / budget 7196s
c hydra_satsuma: satsuma-iter+kissat time 578s / budget 7196s
c hydra_satsuma: satsuma-iter+kissat time 583s / budget 7196s
c hydra_satsuma: satsuma-iter+kissat time 588s / budget 7196s
c hydra_satsuma: satsuma-iter+kissat time 594s / budget 7196s
c hydra_satsuma: satsuma-iter+kissat time 599s / budget 7196s
c hydra_satsuma: satsuma-iter+kissat time 604s / budget 7196s
c hydra_satsuma: satsuma-iter+kissat time 609s / budget 7196s
c hydra_satsuma: satsuma-iter+kissat time 614s / budget 7196s
c hydra_satsuma: satsuma-iter+kissat time 619s / budget 7196s
c hydra_satsuma: satsuma-iter+kissat time 624s / budget 7196s
c hydra_satsuma: satsuma-iter+kissat time 629s / budget 7196s
c hydra_satsuma: satsuma-iter+kissat time 634s / budget 7196s
c hydra_satsuma: satsuma-iter+kissat time 639s / budget 7196s
c hydra_satsuma: satsuma-iter+kissat time 644s / budget 7196s
c hydra_satsuma: satsuma-iter+kissat time 650s / budget 7196s
c hydra_satsuma: satsuma-iter+kissat time 655s / budget 7196s
c hydra_satsuma: satsuma-iter+kissat time 660s / budget 7196s
c hydra_satsuma: satsuma-iter+kissat time 665s / budget 7196s
c hydra_satsuma: satsuma-iter+kissat time 670s / budget 7196s
c hydra_satsuma: satsuma-iter+kissat time 675s / budget 7196s
c hydra_satsuma: satsuma-iter+kissat time 680s / budget 7196s
c hydra_satsuma: satsuma-iter+kissat time 685s / budget 7196s
c hydra_satsuma: satsuma-iter+kissat time 690s / budget 7196s
c hydra_satsuma: satsuma-iter+kissat time 695s / budget 7196s
c hydra_satsuma: satsuma-iter+kissat time 700s / budget 7196s
c hydra_satsuma: satsuma-iter+kissat time 706s / budget 7196s
c hydra_satsuma: satsuma-iter+kissat time 711s / budget 7196s
c hydra_satsuma: satsuma-iter+kissat time 716s / budget 7196s
c hydra_satsuma: satsuma-iter+kissat time 721s / budget 7196s
c hydra_satsuma: satsuma-iter+kissat time 726s / budget 7196s
c hydra_satsuma: satsuma-iter+kissat time 731s / budget 7196s
c hydra_satsuma: satsuma-iter+kissat time 736s / budget 7196s
c hydra_satsuma: satsuma-iter+kissat time 741s / budget 7196s
c hydra_satsuma: satsuma-iter+kissat time 746s / budget 7196s
c hydra_satsuma: satsuma-iter+kissat time 751s / budget 7196s
c hydra_satsuma: satsuma-iter+kissat time 757s / budget 7196s
c hydra_satsuma: satsuma-iter+kissat time 762s / budget 7196s
c hydra_satsuma: satsuma-iter+kissat time 767s / budget 7196s
c hydra_satsuma: satsuma-iter+kissat time 772s / budget 7196s
c hydra_satsuma: satsuma-iter+kissat time 777s / budget 7196s
c hydra_satsuma: satsuma-iter+kissat time 782s / budget 7196s
c hydra_satsuma: satsuma-iter+kissat time 787s / budget 7196s
c hydra_satsuma: satsuma-iter+kissat time 792s / budget 7196s
c hydra_satsuma: satsuma-iter+kissat time 797s / budget 7196s
c hydra_satsuma: satsuma-iter+kissat time 802s / budget 7196s
c hydra_satsuma: satsuma-iter+kissat time 807s / budget 7196s
c hydra_satsuma: satsuma-iter+kissat time 813s / budget 7196s
c hydra_satsuma: satsuma-iter+kissat time 818s / budget 7196s
c hydra_satsuma: satsuma-iter+kissat time 823s / budget 7196s
c hydra_satsuma: satsuma-iter+kissat time 828s / budget 7196s
c hydra_satsuma: satsuma-iter+kissat time 833s / budget 7196s
c hydra_satsuma: satsuma-iter+kissat time 838s / budget 7196s
c hydra_satsuma: satsuma-iter+kissat time 843s / budget 7196s
c hydra_satsuma: satsuma-iter+kissat time 848s / budget 7196s
c hydra_satsuma: satsuma-iter+kissat time 853s / budget 7196s
c hydra_satsuma: satsuma-iter+kissat time 859s / budget 7196s
c hydra_satsuma: satsuma-iter+kissat time 864s / budget 7196s
c hydra_satsuma: satsuma-iter+kissat time 869s / budget 7196s
c hydra_satsuma: satsuma-iter+kissat time 874s / budget 7196s
c hydra_satsuma: satsuma-iter+kissat time 879s / budget 7196s
c hydra_satsuma: satsuma-iter+kissat time 884s / budget 7196s
c hydra_satsuma: satsuma-iter+kissat time 889s / budget 7196s
c hydra_satsuma: satsuma-iter+kissat time 894s / budget 7196s
c hydra_satsuma: satsuma-iter+kissat time 899s / budget 7196s
c hydra_satsuma: satsuma-iter+kissat time 904s / budget 7196s
c hydra_satsuma: satsuma-iter+kissat time 910s / budget 7196s
c hydra_satsuma: satsuma-iter+kissat time 915s / budget 7196s
c hydra_satsuma: satsuma-iter+kissat time 920s / budget 7196s
c hydra_satsuma: satsuma-iter+kissat time 925s / budget 7196s
c hydra_satsuma: satsuma-iter+kissat time 930s / budget 7196s
c hydra_satsuma: satsuma-iter+kissat time 935s / budget 7196s
c hydra_satsuma: satsuma-iter+kissat time 940s / budget 7196s
c hydra_satsuma: satsuma-iter+kissat time 945s / budget 7196s
c hydra_satsuma: satsuma-iter+kissat time 950s / budget 7196s
c hydra_satsuma: satsuma-iter+kissat time 955s / budget 7196s
c hydra_satsuma: satsuma-iter+kissat time 961s / budget 7196s
c hydra_satsuma: satsuma-iter+kissat time 966s / budget 7196s
c hydra_satsuma: satsuma-iter+kissat time 971s / budget 7196s
c hydra_satsuma: satsuma-iter+kissat time 976s / budget 7196s
c hydra_satsuma: satsuma-iter+kissat time 981s / budget 7196s
c hydra_satsuma: satsuma-iter+kissat time 986s / budget 7196s
c hydra_satsuma: satsuma-iter+kissat time 991s / budget 7196s
c hydra_satsuma: satsuma-iter+kissat time 996s / budget 7196s
c hydra_satsuma: satsuma-iter+kissat time 1001s / budget 7196s
c hydra_satsuma: satsuma-iter+kissat time 1006s / budget 7196s
c hydra_satsuma: satsuma-iter+kissat time 1012s / budget 7196s
c hydra_satsuma: satsuma-iter+kissat time 1017s / budget 7196s
c hydra_satsuma: satsuma-iter+kissat time 1022s / budget 7196s
c hydra_satsuma: satsuma-iter+kissat time 1027s / budget 7196s
c hydra_satsuma: satsuma-iter+kissat time 1032s / budget 7196s
c hydra_satsuma: satsuma-iter+kissat time 1037s / budget 7196s
c hydra_satsuma: satsuma-iter+kissat time 1042s / budget 7196s
c hydra_satsuma: satsuma-iter+kissat time 1047s / budget 7196s
c hydra_satsuma: satsuma-iter+kissat time 1052s / budget 7196s
c hydra_satsuma: satsuma-iter+kissat time 1057s / budget 7196s
c hydra_satsuma: satsuma-iter+kissat time 1063s / budget 7196s
c hydra_satsuma: satsuma-iter+kissat time 1068s / budget 7196s
c hydra_satsuma: satsuma-iter+kissat time 1073s / budget 7196s
c hydra_satsuma: satsuma-iter+kissat time 1078s / budget 7196s
c hydra_satsuma: satsuma-iter+kissat time 1083s / budget 7196s
c hydra_satsuma: satsuma-iter+kissat time 1088s / budget 7196s
c hydra_satsuma: satsuma-iter+kissat time 1093s / budget 7196s
c hydra_satsuma: satsuma-iter+kissat time 1098s / budget 7196s
c hydra_satsuma: satsuma-iter+kissat time 1103s / budget 7196s
c hydra_satsuma: satsuma-iter+kissat time 1108s / budget 7196s
c hydra_satsuma: satsuma-iter+kissat time 1114s / budget 7196s
c hydra_satsuma: satsuma-iter+kissat time 1119s / budget 7196s
c hydra_satsuma: satsuma-iter+kissat time 1124s / budget 7196s
c hydra_satsuma: satsuma-iter+kissat time 1129s / budget 7196s
c hydra_satsuma: satsuma-iter+kissat time 1134s / budget 7196s
c hydra_satsuma: satsuma-iter+kissat time 1139s / budget 7196s
c hydra_satsuma: satsuma-iter+kissat time 1144s / budget 7196s
c hydra_satsuma: satsuma-iter+kissat time 1149s / budget 7196s
c hydra_satsuma: satsuma-iter+kissat time 1154s / budget 7196s
c hydra_satsuma: satsuma-iter+kissat time 1159s / budget 7196s
c hydra_satsuma: satsuma-iter+kissat time 1165s / budget 7196s
c hydra_satsuma: satsuma-iter+kissat time 1170s / budget 7196s
c hydra_satsuma: satsuma-iter+kissat time 1175s / budget 7196s
c hydra_satsuma: satsuma-iter+kissat time 1180s / budget 7196s
c hydra_satsuma: satsuma-iter+kissat time 1185s / budget 7196s
c hydra_satsuma: satsuma-iter+kissat time 1190s / budget 7196s
c hydra_satsuma: satsuma-iter+kissat time 1195s / budget 7196s
c hydra_satsuma: satsuma-iter+kissat time 1200s / budget 7196s
c hydra_satsuma: satsuma-iter+kissat time 1205s / budget 7196s
c hydra_satsuma: satsuma-iter+kissat time 1210s / budget 7196s
c hydra_satsuma: satsuma-iter+kissat time 1216s / budget 7196s
c hydra_satsuma: satsuma-iter+kissat time 1221s / budget 7196s
c hydra_satsuma: satsuma-iter+kissat time 1226s / budget 7196s
c hydra_satsuma: satsuma-iter+kissat time 1231s / budget 7196s
c hydra_satsuma: satsuma-iter+kissat time 1236s / budget 7196s
c hydra_satsuma: satsuma-iter+kissat time 1241s / budget 7196s
c hydra_satsuma: satsuma-iter+kissat time 1246s / budget 7196s
c hydra_satsuma: satsuma-iter+kissat time 1251s / budget 7196s
c hydra_satsuma: satsuma-iter+kissat time 1256s / budget 7196s
c hydra_satsuma: satsuma-iter+kissat time 1261s / budget 7196s
c hydra_satsuma: satsuma-iter+kissat time 1267s / budget 7196s
c hydra_satsuma: satsuma-iter+kissat time 1272s / budget 7196s
c hydra_satsuma: satsuma-iter+kissat time 1277s / budget 7196s
c hydra_satsuma: satsuma-iter+kissat time 1282s / budget 7196s
c hydra_satsuma: satsuma-iter+kissat time 1287s / budget 7196s
c hydra_satsuma: satsuma-iter+kissat time 1292s / budget 7196s
c hydra_satsuma: satsuma-iter+kissat time 1297s / budget 7196s
c hydra_satsuma: satsuma-iter+kissat time 1302s / budget 7196s
c hydra_satsuma: satsuma-iter+kissat time 1307s / budget 7196s
c hydra_satsuma: satsuma-iter+kissat time 1312s / budget 7196s
c hydra_satsuma: satsuma-iter+kissat time 1318s / budget 7196s
c hydra_satsuma: satsuma-iter+kissat time 1323s / budget 7196s
c hydra_satsuma: satsuma-iter+kissat time 1328s / budget 7196s
c hydra_satsuma: satsuma-iter+kissat time 1333s / budget 7196s
c hydra_satsuma: satsuma-iter+kissat time 1338s / budget 7196s
c hydra_satsuma: satsuma-iter+kissat time 1343s / budget 7196s
c hydra_satsuma: satsuma-iter+kissat time 1348s / budget 7196s
c hydra_satsuma: satsuma-iter+kissat time 1353s / budget 7196s
c hydra_satsuma: satsuma-iter+kissat time 1358s / budget 7196s
c hydra_satsuma: satsuma-iter+kissat time 1363s / budget 7196s
c hydra_satsuma: satsuma-iter+kissat time 1369s / budget 7196s
c hydra_satsuma: satsuma-iter+kissat time 1374s / budget 7196s
c hydra_satsuma: satsuma-iter+kissat time 1379s / budget 7196s
c hydra_satsuma: satsuma-iter+kissat time 1384s / budget 7196s
c hydra_satsuma: satsuma-iter+kissat time 1389s / budget 7196s
c hydra_satsuma: satsuma-iter+kissat time 1394s / budget 7196s
c hydra_satsuma: satsuma-iter+kissat time 1399s / budget 7196s
c hydra_satsuma: satsuma-iter+kissat time 1404s / budget 7196s
c hydra_satsuma: satsuma-iter+kissat time 1409s / budget 7196s
c hydra_satsuma: satsuma-iter+kissat time 1414s / budget 7196s
c hydra_satsuma: satsuma-iter+kissat time 1419s / budget 7196s
c hydra_satsuma: satsuma-iter+kissat time 1425s / budget 7196s
c hydra_satsuma: satsuma-iter+kissat time 1430s / budget 7196s
c hydra_satsuma: satsuma-iter+kissat time 1435s / budget 7196s
c hydra_satsuma: satsuma-iter+kissat time 1440s / budget 7196s
c hydra_satsuma: satsuma-iter+kissat time 1445s / budget 7196s
c hydra_satsuma: satsuma-iter+kissat time 1450s / budget 7196s
c hydra_satsuma: satsuma-iter+kissat time 1455s / budget 7196s
c hydra_satsuma: satsuma-iter+kissat time 1460s / budget 7196s
c hydra_satsuma: satsuma-iter+kissat time 1465s / budget 7196s
c hydra_satsuma: satsuma-iter+kissat time 1470s / budget 7196s
c hydra_satsuma: satsuma-iter+kissat time 1476s / budget 7196s
c hydra_satsuma: satsuma-iter+kissat time 1481s / budget 7196s
c hydra_satsuma: satsuma-iter+kissat time 1486s / budget 7196s
c hydra_satsuma: satsuma-iter+kissat time 1491s / budget 7196s
c hydra_satsuma: satsuma-iter+kissat time 1496s / budget 7196s
c hydra_satsuma: satsuma-iter+kissat time 1501s / budget 7196s
c hydra_satsuma: satsuma-iter+kissat time 1506s / budget 7196s
c hydra_satsuma: satsuma-iter+kissat time 1511s / budget 7196s
c hydra_satsuma: satsuma-iter+kissat time 1516s / budget 7196s
c hydra_satsuma: satsuma-iter+kissat time 1521s / budget 7196s
c hydra_satsuma: satsuma-iter+kissat time 1527s / budget 7196s
c hydra_satsuma: satsuma-iter+kissat time 1532s / budget 7196s
c hydra_satsuma: satsuma-iter+kissat time 1537s / budget 7196s
c hydra_satsuma: satsuma-iter+kissat time 1542s / budget 7196s
c hydra_satsuma: satsuma-iter+kissat time 1547s / budget 7196s
c hydra_satsuma: satsuma-iter+kissat time 1552s / budget 7196s
c hydra_satsuma: satsuma-iter+kissat time 1557s / budget 7196s
c hydra_satsuma: satsuma-iter+kissat time 1562s / budget 7196s
c hydra_satsuma: satsuma-iter+kissat time 1567s / budget 7196s
c hydra_satsuma: satsuma-iter+kissat time 1573s / budget 7196s
c hydra_satsuma: satsuma-iter+kissat time 1578s / budget 7196s
c hydra_satsuma: satsuma-iter+kissat time 1583s / budget 7196s
c hydra_satsuma: satsuma-iter+kissat time 1588s / budget 7196s
c hydra_satsuma: satsuma-iter+kissat time 1593s / budget 7196s
c hydra_satsuma: satsuma-iter+kissat time 1598s / budget 7196s
c hydra_satsuma: satsuma-iter+kissat time 1603s / budget 7196s
c hydra_satsuma: satsuma-iter+kissat time 1608s / budget 7196s
c hydra_satsuma: satsuma-iter+kissat time 1613s / budget 7196s
c hydra_satsuma: satsuma-iter+kissat time 1618s / budget 7196s
c hydra_satsuma: satsuma-iter+kissat time 1624s / budget 7196s
c hydra_satsuma: satsuma-iter+kissat time 1629s / budget 7196s
c hydra_satsuma: satsuma-iter+kissat time 1634s / budget 7196s
c hydra_satsuma: satsuma-iter+kissat time 1639s / budget 7196s
c hydra_satsuma: satsuma-iter+kissat time 1644s / budget 7196s
c hydra_satsuma: satsuma-iter+kissat time 1649s / budget 7196s
c hydra_satsuma: satsuma-iter+kissat time 1654s / budget 7196s
c hydra_satsuma: satsuma-iter+kissat time 1659s / budget 7196s
c hydra_satsuma: satsuma-iter+kissat time 1664s / budget 7196s
c hydra_satsuma: satsuma-iter+kissat time 1669s / budget 7196s
c hydra_satsuma: satsuma-iter+kissat time 1675s / budget 7196s
c hydra_satsuma: satsuma-iter+kissat time 1680s / budget 7196s
c hydra_satsuma: satsuma-iter+kissat time 1685s / budget 7196s
c hydra_satsuma: satsuma-iter+kissat time 1690s / budget 7196s
c hydra_satsuma: satsuma-iter+kissat time 1695s / budget 7196s
c hydra_satsuma: satsuma-iter+kissat time 1700s / budget 7196s
c hydra_satsuma: satsuma-iter+kissat time 1705s / budget 7196s
c hydra_satsuma: satsuma-iter+kissat time 1710s / budget 7196s
c hydra_satsuma: satsuma-iter+kissat time 1715s / budget 7196s
c hydra_satsuma: satsuma-iter+kissat time 1720s / budget 7196s
c hydra_satsuma: satsuma-iter+kissat time 1725s / budget 7196s
c hydra_satsuma: satsuma-iter+kissat time 1731s / budget 7196s
c hydra_satsuma: satsuma-iter+kissat time 1736s / budget 7196s
c hydra_satsuma: satsuma-iter+kissat time 1741s / budget 7196s
c hydra_satsuma: satsuma-iter+kissat time 1746s / budget 7196s
c hydra_satsuma: satsuma-iter+kissat time 1751s / budget 7196s
c hydra_satsuma: satsuma-iter+kissat time 1756s / budget 7196s
c hydra_satsuma: satsuma-iter+kissat time 1761s / budget 7196s
c hydra_satsuma: satsuma-iter+kissat time 1766s / budget 7196s
c hydra_satsuma: satsuma-iter+kissat time 1771s / budget 7196s
c hydra_satsuma: satsuma-iter+kissat time 1777s / budget 7196s
c hydra_satsuma: satsuma-iter+kissat time 1782s / budget 7196s
c hydra_satsuma: satsuma-iter+kissat time 1787s / budget 7196s
c hydra_satsuma: satsuma-iter+kissat time 1792s / budget 7196s
c hydra_satsuma: satsuma-iter+kissat time 1797s / budget 7196s
c hydra_satsuma: satsuma-iter+kissat time 1802s / budget 7196s
c hydra_satsuma: satsuma-iter+kissat time 1807s / budget 7196s
c hydra_satsuma: satsuma-iter+kissat time 1812s / budget 7196s
c hydra_satsuma: satsuma-iter+kissat time 1817s / budget 7196s
c hydra_satsuma: satsuma-iter+kissat time 1822s / budget 7196s
c hydra_satsuma: satsuma-iter+kissat time 1828s / budget 7196s
c hydra_satsuma: satsuma-iter+kissat time 1833s / budget 7196s
c hydra_satsuma: satsuma-iter+kissat time 1838s / budget 7196s
c hydra_satsuma: satsuma-iter+kissat time 1843s / budget 7196s
c hydra_satsuma: satsuma-iter+kissat time 1848s / budget 7196s
c hydra_satsuma: satsuma-iter+kissat time 1853s / budget 7196s
c hydra_satsuma: satsuma-iter+kissat time 1858s / budget 7196s
c hydra_satsuma: satsuma-iter+kissat time 1863s / budget 7196s
c hydra_satsuma: satsuma-iter+kissat time 1868s / budget 7196s
c hydra_satsuma: satsuma-iter+kissat time 1873s / budget 7196s
c hydra_satsuma: satsuma-iter+kissat time 1878s / budget 7196s
c hydra_satsuma: satsuma-iter+kissat time 1884s / budget 7196s
c hydra_satsuma: satsuma-iter+kissat time 1889s / budget 7196s
c hydra_satsuma: satsuma-iter+kissat time 1894s / budget 7196s
c hydra_satsuma: satsuma-iter+kissat time 1899s / budget 7196s
c hydra_satsuma: satsuma-iter+kissat time 1904s / budget 7196s
c hydra_satsuma: satsuma-iter+kissat time 1909s / budget 7196s
c hydra_satsuma: satsuma-iter+kissat time 1914s / budget 7196s
c hydra_satsuma: satsuma-iter+kissat time 1919s / budget 7196s
c hydra_satsuma: satsuma-iter+kissat time 1924s / budget 7196s
c hydra_satsuma: satsuma-iter+kissat time 1930s / budget 7196s
c hydra_satsuma: satsuma-iter+kissat time 1935s / budget 7196s
c hydra_satsuma: satsuma-iter+kissat time 1940s / budget 7196s
c hydra_satsuma: satsuma-iter+kissat time 1945s / budget 7196s
c hydra_satsuma: satsuma-iter+kissat time 1950s / budget 7196s
c hydra_satsuma: satsuma-iter+kissat time 1955s / budget 7196s
c hydra_satsuma: satsuma-iter+kissat time 1960s / budget 7196s
c hydra_satsuma: satsuma-iter+kissat time 1965s / budget 7196s
c hydra_satsuma: satsuma-iter+kissat time 1970s / budget 7196s
c hydra_satsuma: satsuma-iter+kissat time 1975s / budget 7196s
c hydra_satsuma: satsuma-iter+kissat time 1980s / budget 7196s
c hydra_satsuma: satsuma-iter+kissat time 1986s / budget 7196s
c hydra_satsuma: satsuma-iter+kissat time 1991s / budget 7196s
c hydra_satsuma: satsuma-iter+kissat time 1996s / budget 7196s
c hydra_satsuma: satsuma-iter+kissat time 2001s / budget 7196s
c hydra_satsuma: satsuma-iter+kissat time 2006s / budget 7196s
c hydra_satsuma: satsuma-iter+kissat time 2011s / budget 7196s
c hydra_satsuma: satsuma-iter+kissat time 2016s / budget 7196s
c hydra_satsuma: satsuma-iter+kissat time 2021s / budget 7196s
c hydra_satsuma: satsuma-iter+kissat time 2026s / budget 7196s
c hydra_satsuma: satsuma-iter+kissat time 2031s / budget 7196s
c hydra_satsuma: satsuma-iter+kissat time 2037s / budget 7196s
c hydra_satsuma: satsuma-iter+kissat time 2042s / budget 7196s
c hydra_satsuma: satsuma-iter+kissat time 2047s / budget 7196s
c hydra_satsuma: satsuma-iter+kissat time 2052s / budget 7196s
c hydra_satsuma: satsuma-iter+kissat time 2057s / budget 7196s
c hydra_satsuma: satsuma-iter+kissat time 2062s / budget 7196s
c hydra_satsuma: satsuma-iter+kissat time 2067s / budget 7196s
c hydra_satsuma: satsuma-iter+kissat time 2072s / budget 7196s
c hydra_satsuma: satsuma-iter+kissat time 2077s / budget 7196s
c hydra_satsuma: satsuma-iter+kissat time 2082s / budget 7196s
c hydra_satsuma: satsuma-iter+kissat time 2088s / budget 7196s
c hydra_satsuma: satsuma-iter+kissat time 2093s / budget 7196s
c hydra_satsuma: satsuma-iter+kissat time 2098s / budget 7196s
c hydra_satsuma: satsuma-iter+kissat time 2103s / budget 7196s
c hydra_satsuma: satsuma-iter+kissat time 2108s / budget 7196s
c hydra_satsuma: satsuma-iter+kissat time 2113s / budget 7196s
c hydra_satsuma: satsuma-iter+kissat time 2118s / budget 7196s
c hydra_satsuma: satsuma-iter+kissat time 2123s / budget 7196s
c hydra_satsuma: satsuma-iter+kissat time 2128s / budget 7196s
c hydra_satsuma: satsuma-iter+kissat time 2133s / budget 7196s
c hydra_satsuma: satsuma-iter+kissat time 2139s / budget 7196s
c hydra_satsuma: satsuma-iter+kissat time 2144s / budget 7196s
c hydra_satsuma: satsuma-iter+kissat time 2149s / budget 7196s
c hydra_satsuma: satsuma-iter+kissat time 2154s / budget 7196s
c hydra_satsuma: satsuma-iter+kissat time 2159s / budget 7196s
c hydra_satsuma: satsuma-iter+kissat time 2164s / budget 7196s
c hydra_satsuma: satsuma-iter+kissat time 2169s / budget 7196s
c hydra_satsuma: satsuma-iter+kissat time 2174s / budget 7196s
c hydra_satsuma: satsuma-iter+kissat time 2179s / budget 7196s
c hydra_satsuma: satsuma-iter+kissat time 2184s / budget 7196s
c hydra_satsuma: satsuma-iter+kissat time 2190s / budget 7196s
c hydra_satsuma: satsuma-iter+kissat time 2195s / budget 7196s
c hydra_satsuma: satsuma-iter+kissat time 2200s / budget 7196s
c hydra_satsuma: satsuma-iter+kissat time 2205s / budget 7196s
c hydra_satsuma: satsuma-iter+kissat time 2210s / budget 7196s
c hydra_satsuma: satsuma-iter+kissat time 2215s / budget 7196s
c hydra_satsuma: satsuma-iter+kissat time 2220s / budget 7196s
c hydra_satsuma: satsuma-iter+kissat time 2225s / budget 7196s
c hydra_satsuma: satsuma-iter+kissat time 2230s / budget 7196s
c hydra_satsuma: satsuma-iter+kissat time 2235s / budget 7196s
c hydra_satsuma: satsuma-iter+kissat time 2241s / budget 7196s
c hydra_satsuma: satsuma-iter+kissat time 2246s / budget 7196s
c hydra_satsuma: satsuma-iter+kissat time 2251s / budget 7196s
c hydra_satsuma: satsuma-iter+kissat time 2256s / budget 7196s
c hydra_satsuma: satsuma-iter+kissat time 2261s / budget 7196s
c hydra_satsuma: satsuma-iter+kissat time 2266s / budget 7196s
c hydra_satsuma: satsuma-iter+kissat time 2271s / budget 7196s
c hydra_satsuma: satsuma-iter+kissat time 2276s / budget 7196s
c hydra_satsuma: satsuma-iter+kissat time 2281s / budget 7196s
c hydra_satsuma: satsuma-iter+kissat time 2287s / budget 7196s
c hydra_satsuma: satsuma-iter+kissat time 2292s / budget 7196s
c hydra_satsuma: satsuma-iter+kissat time 2297s / budget 7196s
c hydra_satsuma: satsuma-iter+kissat time 2302s / budget 7196s
c hydra_satsuma: satsuma-iter+kissat time 2307s / budget 7196s
c hydra_satsuma: satsuma-iter+kissat time 2312s / budget 7196s
c hydra_satsuma: satsuma-iter+kissat time 2317s / budget 7196s
c hydra_satsuma: satsuma-iter+kissat time 2322s / budget 7196s
c hydra_satsuma: satsuma-iter+kissat time 2327s / budget 7196s
c hydra_satsuma: satsuma-iter+kissat time 2332s / budget 7196s
c hydra_satsuma: satsuma-iter+kissat time 2338s / budget 7196s
c hydra_satsuma: satsuma-iter+kissat time 2343s / budget 7196s
c hydra_satsuma: satsuma-iter+kissat time 2348s / budget 7196s
c hydra_satsuma: satsuma-iter+kissat time 2353s / budget 7196s
c hydra_satsuma: satsuma-iter+kissat time 2358s / budget 7196s
c hydra_satsuma: satsuma-iter+kissat time 2363s / budget 7196s
c hydra_satsuma: satsuma-iter+kissat time 2368s / budget 7196s
c hydra_satsuma: satsuma-iter+kissat time 2373s / budget 7196s
c hydra_satsuma: satsuma-iter+kissat time 2378s / budget 7196s
c hydra_satsuma: satsuma-iter+kissat time 2383s / budget 7196s
c hydra_satsuma: satsuma-iter+kissat time 2389s / budget 7196s
c hydra_satsuma: satsuma-iter+kissat time 2394s / budget 7196s
c hydra_satsuma: satsuma-iter+kissat time 2399s / budget 7196s
c hydra_satsuma: satsuma-iter+kissat time 2404s / budget 7196s
c hydra_satsuma: satsuma-iter+kissat time 2409s / budget 7196s
c hydra_satsuma: satsuma-iter+kissat time 2414s / budget 7196s
c hydra_satsuma: satsuma-iter+kissat time 2419s / budget 7196s
c hydra_satsuma: satsuma-iter+kissat time 2424s / budget 7196s
c hydra_satsuma: satsuma-iter+kissat time 2429s / budget 7196s
c hydra_satsuma: satsuma-iter+kissat time 2434s / budget 7196s
c hydra_satsuma: satsuma-iter+kissat time 2440s / budget 7196s
c hydra_satsuma: satsuma-iter+kissat time 2445s / budget 7196s
c hydra_satsuma: satsuma-iter+kissat time 2450s / budget 7196s
c hydra_satsuma: satsuma-iter+kissat time 2455s / budget 7196s
c hydra_satsuma: satsuma-iter+kissat time 2460s / budget 7196s
c hydra_satsuma: satsuma-iter+kissat time 2465s / budget 7196s
c hydra_satsuma: satsuma-iter+kissat time 2470s / budget 7196s
c hydra_satsuma: satsuma-iter+kissat time 2475s / budget 7196s
c hydra_satsuma: satsuma-iter+kissat time 2480s / budget 7196s
c hydra_satsuma: satsuma-iter+kissat time 2485s / budget 7196s
c hydra_satsuma: satsuma-iter+kissat time 2490s / budget 7196s
c hydra_satsuma: satsuma-iter+kissat time 2496s / budget 7196s
c hydra_satsuma: satsuma-iter+kissat time 2501s / budget 7196s
c hydra_satsuma: satsuma-iter+kissat time 2506s / budget 7196s
c hydra_satsuma: satsuma-iter+kissat time 2511s / budget 7196s
c hydra_satsuma: satsuma-iter+kissat time 2516s / budget 7196s
c hydra_satsuma: satsuma-iter+kissat time 2521s / budget 7196s
c hydra_satsuma: satsuma-iter+kissat time 2526s / budget 7196s
c hydra_satsuma: satsuma-iter+kissat time 2531s / budget 7196s
c hydra_satsuma: satsuma-iter+kissat time 2536s / budget 7196s
c hydra_satsuma: satsuma-iter+kissat time 2541s / budget 7196s
c hydra_satsuma: satsuma-iter+kissat time 2547s / budget 7196s
c hydra_satsuma: satsuma-iter+kissat time 2552s / budget 7196s
c hydra_satsuma: satsuma-iter+kissat time 2557s / budget 7196s
c hydra_satsuma: satsuma-iter+kissat time 2562s / budget 7196s
c hydra_satsuma: satsuma-iter+kissat time 2567s / budget 7196s
c hydra_satsuma: satsuma-iter+kissat time 2572s / budget 7196s
c hydra_satsuma: satsuma-iter+kissat time 2577s / budget 7196s
c hydra_satsuma: satsuma-iter+kissat time 2582s / budget 7196s
c hydra_satsuma: satsuma-iter+kissat time 2587s / budget 7196s
c hydra_satsuma: satsuma-iter+kissat time 2592s / budget 7196s
c hydra_satsuma: satsuma-iter+kissat time 2598s / budget 7196s
c hydra_satsuma: satsuma-iter+kissat time 2603s / budget 7196s
c hydra_satsuma: satsuma-iter+kissat time 2608s / budget 7196s
c hydra_satsuma: satsuma-iter+kissat time 2613s / budget 7196s
c hydra_satsuma: satsuma-iter+kissat time 2618s / budget 7196s
c hydra_satsuma: satsuma-iter+kissat time 2623s / budget 7196s
c hydra_satsuma: satsuma-iter+kissat time 2628s / budget 7196s
c hydra_satsuma: satsuma-iter+kissat time 2633s / budget 7196s
c hydra_satsuma: satsuma-iter+kissat time 2638s / budget 7196s
c hydra_satsuma: satsuma-iter+kissat time 2643s / budget 7196s
c hydra_satsuma: satsuma-iter+kissat time 2649s / budget 7196s
c hydra_satsuma: satsuma-iter+kissat time 2654s / budget 7196s
c hydra_satsuma: satsuma-iter+kissat time 2659s / budget 7196s
c hydra_satsuma: satsuma-iter+kissat time 2664s / budget 7196s
c hydra_satsuma: satsuma-iter+kissat time 2669s / budget 7196s
c hydra_satsuma: satsuma-iter+kissat time 2674s / budget 7196s
c hydra_satsuma: satsuma-iter+kissat time 2679s / budget 7196s
c hydra_satsuma: satsuma-iter+kissat time 2684s / budget 7196s
c hydra_satsuma: satsuma-iter+kissat time 2689s / budget 7196s
c hydra_satsuma: satsuma-iter+kissat time 2694s / budget 7196s
c hydra_satsuma: satsuma-iter+kissat time 2700s / budget 7196s
c hydra_satsuma: satsuma-iter+kissat time 2705s / budget 7196s
c hydra_satsuma: satsuma-iter+kissat time 2710s / budget 7196s
c hydra_satsuma: satsuma-iter+kissat time 2715s / budget 7196s
c hydra_satsuma: satsuma-iter+kissat time 2720s / budget 7196s
c hydra_satsuma: satsuma-iter+kissat time 2725s / budget 7196s
c hydra_satsuma: satsuma-iter+kissat time 2730s / budget 7196s
c hydra_satsuma: satsuma-iter+kissat time 2735s / budget 7196s
c hydra_satsuma: satsuma-iter+kissat time 2740s / budget 7196s
c hydra_satsuma: satsuma-iter+kissat time 2745s / budget 7196s
c hydra_satsuma: satsuma-iter+kissat time 2751s / budget 7196s
c hydra_satsuma: satsuma-iter+kissat time 2756s / budget 7196s
c hydra_satsuma: satsuma-iter+kissat time 2761s / budget 7196s
c hydra_satsuma: satsuma-iter+kissat time 2766s / budget 7196s
c hydra_satsuma: satsuma-iter+kissat time 2771s / budget 7196s
c hydra_satsuma: satsuma-iter+kissat time 2776s / budget 7196s
c hydra_satsuma: satsuma-iter+kissat time 2781s / budget 7196s
c hydra_satsuma: satsuma-iter+kissat time 2786s / budget 7196s
c hydra_satsuma: satsuma-iter+kissat time 2791s / budget 7196s
c hydra_satsuma: satsuma-iter+kissat time 2796s / budget 7196s
c hydra_satsuma: satsuma-iter+kissat time 2802s / budget 7196s
c hydra_satsuma: satsuma-iter+kissat time 2807s / budget 7196s
c hydra_satsuma: satsuma-iter+kissat time 2812s / budget 7196s
c hydra_satsuma: satsuma-iter+kissat time 2817s / budget 7196s
c hydra_satsuma: satsuma-iter+kissat time 2822s / budget 7196s
c hydra_satsuma: satsuma-iter+kissat time 2827s / budget 7196s
c hydra_satsuma: satsuma-iter+kissat time 2832s / budget 7196s
c hydra_satsuma: satsuma-iter+kissat time 2837s / budget 7196s
c hydra_satsuma: satsuma-iter+kissat time 2842s / budget 7196s
c hydra_satsuma: satsuma-iter+kissat time 2847s / budget 7196s
c hydra_satsuma: satsuma-iter+kissat time 2853s / budget 7196s
c hydra_satsuma: satsuma-iter+kissat time 2858s / budget 7196s
c hydra_satsuma: satsuma-iter+kissat time 2863s / budget 7196s
c hydra_satsuma: satsuma-iter+kissat time 2868s / budget 7196s
c hydra_satsuma: satsuma-iter+kissat time 2873s / budget 7196s
c hydra_satsuma: satsuma-iter+kissat time 2878s / budget 7196s
c hydra_satsuma: satsuma-iter+kissat time 2883s / budget 7196s
c hydra_satsuma: satsuma-iter+kissat time 2888s / budget 7196s
c hydra_satsuma: satsuma-iter+kissat time 2893s / budget 7196s
c hydra_satsuma: satsuma-iter+kissat time 2898s / budget 7196s
c hydra_satsuma: satsuma-iter+kissat time 2903s / budget 7196s
c hydra_satsuma: satsuma-iter+kissat time 2909s / budget 7196s
c hydra_satsuma: satsuma-iter+kissat time 2914s / budget 7196s
c hydra_satsuma: satsuma-iter+kissat time 2919s / budget 7196s
c hydra_satsuma: satsuma-iter+kissat time 2924s / budget 7196s
c hydra_satsuma: satsuma-iter+kissat time 2929s / budget 7196s
c hydra_satsuma: satsuma-iter+kissat time 2934s / budget 7196s
c hydra_satsuma: satsuma-iter+kissat time 2939s / budget 7196s
c hydra_satsuma: satsuma-iter+kissat time 2944s / budget 7196s
c hydra_satsuma: satsuma-iter+kissat time 2949s / budget 7196s
c hydra_satsuma: satsuma-iter+kissat time 2954s / budget 7196s
c hydra_satsuma: satsuma-iter+kissat time 2960s / budget 7196s
c hydra_satsuma: satsuma-iter+kissat time 2965s / budget 7196s
c hydra_satsuma: satsuma-iter+kissat time 2970s / budget 7196s
c hydra_satsuma: satsuma-iter+kissat time 2975s / budget 7196s
c hydra_satsuma: satsuma-iter+kissat time 2980s / budget 7196s
c hydra_satsuma: satsuma-iter+kissat time 2985s / budget 7196s
c hydra_satsuma: satsuma-iter+kissat time 2990s / budget 7196s
c hydra_satsuma: satsuma-iter+kissat time 2995s / budget 7196s
c hydra_satsuma: satsuma-iter+kissat time 3000s / budget 7196s
c hydra_satsuma: satsuma-iter+kissat time 3005s / budget 7196s
c hydra_satsuma: satsuma-iter+kissat time 3011s / budget 7196s
c hydra_satsuma: satsuma-iter+kissat time 3016s / budget 7196s
c hydra_satsuma: satsuma-iter+kissat time 3021s / budget 7196s
c hydra_satsuma: satsuma-iter+kissat time 3026s / budget 7196s
c hydra_satsuma: satsuma-iter+kissat time 3031s / budget 7196s
c hydra_satsuma: satsuma-iter+kissat time 3036s / budget 7196s
c hydra_satsuma: satsuma-iter+kissat time 3041s / budget 7196s
c hydra_satsuma: satsuma-iter+kissat time 3046s / budget 7196s
c hydra_satsuma: satsuma-iter+kissat time 3051s / budget 7196s
c hydra_satsuma: satsuma-iter+kissat time 3056s / budget 7196s
c hydra_satsuma: satsuma-iter+kissat time 3062s / budget 7196s
c hydra_satsuma: satsuma-iter+kissat time 3067s / budget 7196s
c hydra_satsuma: satsuma-iter+kissat time 3072s / budget 7196s
c hydra_satsuma: satsuma-iter+kissat time 3077s / budget 7196s
c hydra_satsuma: satsuma-iter+kissat time 3082s / budget 7196s
c hydra_satsuma: satsuma-iter+kissat time 3087s / budget 7196s
c hydra_satsuma: satsuma-iter+kissat time 3092s / budget 7196s
c hydra_satsuma: satsuma-iter+kissat time 3097s / budget 7196s
c hydra_satsuma: satsuma-iter+kissat time 3102s / budget 7196s
c hydra_satsuma: satsuma-iter+kissat time 3107s / budget 7196s
c hydra_satsuma: satsuma-iter+kissat time 3113s / budget 7196s
c hydra_satsuma: satsuma-iter+kissat time 3118s / budget 7196s
c hydra_satsuma: satsuma-iter+kissat time 3123s / budget 7196s
c hydra_satsuma: satsuma-iter+kissat time 3128s / budget 7196s
c hydra_satsuma: satsuma-iter+kissat time 3133s / budget 7196s
c hydra_satsuma: satsuma-iter+kissat time 3138s / budget 7196s
c hydra_satsuma: satsuma-iter+kissat time 3143s / budget 7196s
c hydra_satsuma: satsuma-iter+kissat time 3148s / budget 7196s
c hydra_satsuma: satsuma-iter+kissat time 3153s / budget 7196s
c hydra_satsuma: satsuma-iter+kissat time 3158s / budget 7196s
c hydra_satsuma: satsuma-iter+kissat time 3164s / budget 7196s
c hydra_satsuma: satsuma-iter+kissat time 3169s / budget 7196s
c hydra_satsuma: satsuma-iter+kissat time 3174s / budget 7196s
c hydra_satsuma: satsuma-iter+kissat time 3179s / budget 7196s
c hydra_satsuma: satsuma-iter+kissat time 3184s / budget 7196s
c hydra_satsuma: satsuma-iter+kissat time 3189s / budget 7196s
c hydra_satsuma: satsuma-iter+kissat time 3194s / budget 7196s
c hydra_satsuma: satsuma-iter+kissat time 3199s / budget 7196s
c hydra_satsuma: satsuma-iter+kissat time 3204s / budget 7196s
c hydra_satsuma: satsuma-iter+kissat time 3209s / budget 7196s
c hydra_satsuma: satsuma-iter+kissat time 3215s / budget 7196s
c hydra_satsuma: satsuma-iter+kissat time 3220s / budget 7196s
c hydra_satsuma: satsuma-iter+kissat time 3225s / budget 7196s
c hydra_satsuma: satsuma-iter+kissat time 3230s / budget 7196s
c hydra_satsuma: satsuma-iter+kissat time 3235s / budget 7196s
c hydra_satsuma: satsuma-iter+kissat time 3240s / budget 7196s
c hydra_satsuma: satsuma-iter+kissat time 3245s / budget 7196s
c hydra_satsuma: satsuma-iter+kissat time 3250s / budget 7196s
c hydra_satsuma: satsuma-iter+kissat time 3255s / budget 7196s
c hydra_satsuma: satsuma-iter+kissat time 3261s / budget 7196s
c hydra_satsuma: satsuma-iter+kissat time 3266s / budget 7196s
c hydra_satsuma: satsuma-iter+kissat time 3271s / budget 7196s
c hydra_satsuma: satsuma-iter+kissat time 3276s / budget 7196s
c hydra_satsuma: satsuma-iter+kissat time 3281s / budget 7196s
c hydra_satsuma: satsuma-iter+kissat time 3286s / budget 7196s
c hydra_satsuma: satsuma-iter+kissat time 3291s / budget 7196s
c hydra_satsuma: satsuma-iter+kissat time 3296s / budget 7196s
c hydra_satsuma: satsuma-iter+kissat time 3301s / budget 7196s
c hydra_satsuma: satsuma-iter+kissat time 3306s / budget 7196s
c hydra_satsuma: satsuma-iter+kissat time 3312s / budget 7196s
c hydra_satsuma: satsuma-iter+kissat time 3317s / budget 7196s
c hydra_satsuma: satsuma-iter+kissat time 3322s / budget 7196s
c hydra_satsuma: satsuma-iter+kissat time 3327s / budget 7196s
c hydra_satsuma: satsuma-iter+kissat time 3332s / budget 7196s
c hydra_satsuma: satsuma-iter+kissat time 3337s / budget 7196s
c hydra_satsuma: satsuma-iter+kissat time 3342s / budget 7196s
c hydra_satsuma: satsuma-iter+kissat time 3347s / budget 7196s
c hydra_satsuma: satsuma-iter+kissat time 3352s / budget 7196s
c hydra_satsuma: satsuma-iter+kissat time 3357s / budget 7196s
c hydra_satsuma: satsuma-iter+kissat time 3362s / budget 7196s
c hydra_satsuma: satsuma-iter+kissat time 3367s / budget 7196s
c hydra_satsuma: satsuma-iter+kissat time 3373s / budget 7196s
c hydra_satsuma: satsuma-iter+kissat time 3378s / budget 7196s
c hydra_satsuma: satsuma-iter+kissat time 3383s / budget 7196s
c hydra_satsuma: satsuma-iter+kissat time 3388s / budget 7196s
c hydra_satsuma: satsuma-iter+kissat time 3393s / budget 7196s
c hydra_satsuma: satsuma-iter+kissat time 3398s / budget 7196s
c hydra_satsuma: satsuma-iter+kissat time 3403s / budget 7196s
c hydra_satsuma: satsuma-iter+kissat time 3408s / budget 7196s
c hydra_satsuma: satsuma-iter+kissat time 3413s / budget 7196s
c hydra_satsuma: satsuma-iter+kissat time 3418s / budget 7196s
c hydra_satsuma: satsuma-iter+kissat time 3423s / budget 7196s
c hydra_satsuma: satsuma-iter+kissat time 3429s / budget 7196s
c hydra_satsuma: satsuma-iter+kissat time 3434s / budget 7196s
c hydra_satsuma: satsuma-iter+kissat time 3439s / budget 7196s
c hydra_satsuma: satsuma-iter+kissat time 3444s / budget 7196s
c hydra_satsuma: satsuma-iter+kissat time 3449s / budget 7196s
c hydra_satsuma: satsuma-iter+kissat time 3454s / budget 7196s
c hydra_satsuma: satsuma-iter+kissat time 3459s / budget 7196s
c hydra_satsuma: satsuma-iter+kissat time 3464s / budget 7196s
c hydra_satsuma: satsuma-iter+kissat time 3469s / budget 7196s
c hydra_satsuma: satsuma-iter+kissat time 3474s / budget 7196s
c hydra_satsuma: satsuma-iter+kissat time 3479s / budget 7196s
c hydra_satsuma: satsuma-iter+kissat time 3484s / budget 7196s
c hydra_satsuma: satsuma-iter+kissat time 3490s / budget 7196s
c hydra_satsuma: satsuma-iter+kissat time 3495s / budget 7196s
c hydra_satsuma: satsuma-iter+kissat time 3500s / budget 7196s
c hydra_satsuma: satsuma-iter+kissat time 3505s / budget 7196s
c hydra_satsuma: satsuma-iter+kissat time 3510s / budget 7196s
c hydra_satsuma: satsuma-iter+kissat time 3515s / budget 7196s
c hydra_satsuma: satsuma-iter+kissat time 3520s / budget 7196s
c hydra_satsuma: satsuma-iter+kissat time 3525s / budget 7196s
c hydra_satsuma: satsuma-iter+kissat time 3530s / budget 7196s
c hydra_satsuma: satsuma-iter+kissat time 3535s / budget 7196s
c hydra_satsuma: satsuma-iter+kissat time 3540s / budget 7196s
c hydra_satsuma: satsuma-iter+kissat time 3545s / budget 7196s
c hydra_satsuma: satsuma-iter+kissat time 3551s / budget 7196s
c hydra_satsuma: satsuma-iter+kissat time 3556s / budget 7196s
c hydra_satsuma: satsuma-iter+kissat time 3561s / budget 7196s
c hydra_satsuma: satsuma-iter+kissat time 3566s / budget 7196s
c hydra_satsuma: satsuma-iter+kissat time 3571s / budget 7196s
c hydra_satsuma: satsuma-iter+kissat time 3576s / budget 7196s
c hydra_satsuma: satsuma-iter+kissat time 3581s / budget 7196s
c hydra_satsuma: satsuma-iter+kissat time 3586s / budget 7196s
c hydra_satsuma: satsuma-iter+kissat time 3591s / budget 7196s
c hydra_satsuma: satsuma-iter+kissat time 3596s / budget 7196s
c hydra_satsuma: satsuma-iter+kissat time 3601s / budget 7196s
c hydra_satsuma: satsuma-iter+kissat time 3606s / budget 7196s
c hydra_satsuma: satsuma-iter+kissat time 3611s / budget 7196s
c hydra_satsuma: satsuma-iter+kissat time 3617s / budget 7196s
c hydra_satsuma: satsuma-iter+kissat time 3622s / budget 7196s
c hydra_satsuma: satsuma-iter+kissat time 3627s / budget 7196s
c hydra_satsuma: satsuma-iter+kissat time 3632s / budget 7196s
c hydra_satsuma: satsuma-iter+kissat time 3637s / budget 7196s
c hydra_satsuma: satsuma-iter+kissat time 3642s / budget 7196s
c hydra_satsuma: satsuma-iter+kissat time 3647s / budget 7196s
c hydra_satsuma: satsuma-iter+kissat time 3652s / budget 7196s
c hydra_satsuma: satsuma-iter+kissat time 3657s / budget 7196s
c hydra_satsuma: satsuma-iter+kissat time 3662s / budget 7196s
c hydra_satsuma: satsuma-iter+kissat time 3667s / budget 7196s
c hydra_satsuma: satsuma-iter+kissat time 3672s / budget 7196s
c hydra_satsuma: satsuma-iter+kissat time 3677s / budget 7196s
c hydra_satsuma: satsuma-iter+kissat time 3683s / budget 7196s
c hydra_satsuma: satsuma-iter+kissat time 3688s / budget 7196s
c hydra_satsuma: satsuma-iter+kissat time 3693s / budget 7196s
c hydra_satsuma: satsuma-iter+kissat time 3698s / budget 7196s
c hydra_satsuma: satsuma-iter+kissat time 3703s / budget 7196s
c hydra_satsuma: satsuma-iter+kissat time 3708s / budget 7196s
c hydra_satsuma: satsuma-iter+kissat time 3713s / budget 7196s
c hydra_satsuma: satsuma-iter+kissat time 3718s / budget 7196s
c hydra_satsuma: satsuma-iter+kissat time 3723s / budget 7196s
c hydra_satsuma: satsuma-iter+kissat time 3728s / budget 7196s
c hydra_satsuma: satsuma-iter+kissat time 3733s / budget 7196s
c hydra_satsuma: satsuma-iter+kissat time 3738s / budget 7196s
c hydra_satsuma: satsuma-iter+kissat time 3743s / budget 7196s
c hydra_satsuma: satsuma-iter+kissat time 3749s / budget 7196s
c hydra_satsuma: satsuma-iter+kissat time 3754s / budget 7196s
c hydra_satsuma: satsuma-iter+kissat time 3759s / budget 7196s
c hydra_satsuma: satsuma-iter+kissat time 3764s / budget 7196s
c hydra_satsuma: satsuma-iter+kissat time 3769s / budget 7196s
c hydra_satsuma: satsuma-iter+kissat time 3774s / budget 7196s
c hydra_satsuma: satsuma-iter+kissat time 3779s / budget 7196s
c hydra_satsuma: satsuma-iter+kissat time 3784s / budget 7196s
c hydra_satsuma: satsuma-iter+kissat time 3789s / budget 7196s
c hydra_satsuma: satsuma-iter+kissat time 3794s / budget 7196s
c hydra_satsuma: satsuma-iter+kissat time 3799s / budget 7196s
c hydra_satsuma: satsuma-iter+kissat time 3805s / budget 7196s
c hydra_satsuma: satsuma-iter+kissat time 3810s / budget 7196s
c hydra_satsuma: satsuma-iter+kissat time 3815s / budget 7196s
c hydra_satsuma: satsuma-iter+kissat time 3820s / budget 7196s
c hydra_satsuma: satsuma-iter+kissat time 3825s / budget 7196s
c hydra_satsuma: satsuma-iter+kissat time 3830s / budget 7196s
c hydra_satsuma: satsuma-iter+kissat time 3835s / budget 7196s
c hydra_satsuma: satsuma-iter+kissat time 3840s / budget 7196s
c hydra_satsuma: satsuma-iter+kissat time 3845s / budget 7196s
c hydra_satsuma: satsuma-iter+kissat time 3850s / budget 7196s
c hydra_satsuma: satsuma-iter+kissat time 3855s / budget 7196s
c hydra_satsuma: satsuma-iter+kissat time 3860s / budget 7196s
c hydra_satsuma: satsuma-iter+kissat time 3866s / budget 7196s
c hydra_satsuma: satsuma-iter+kissat time 3871s / budget 7196s
c hydra_satsuma: satsuma-iter+kissat time 3876s / budget 7196s
c hydra_satsuma: satsuma-iter+kissat time 3881s / budget 7196s
c hydra_satsuma: satsuma-iter+kissat time 3886s / budget 7196s
c hydra_satsuma: satsuma-iter+kissat time 3891s / budget 7196s
c hydra_satsuma: satsuma-iter+kissat time 3896s / budget 7196s
c hydra_satsuma: satsuma-iter+kissat time 3901s / budget 7196s
c hydra_satsuma: satsuma-iter+kissat time 3906s / budget 7196s
c hydra_satsuma: satsuma-iter+kissat time 3911s / budget 7196s
c hydra_satsuma: satsuma-iter+kissat time 3916s / budget 7196s
c hydra_satsuma: satsuma-iter+kissat time 3922s / budget 7196s
c hydra_satsuma: satsuma-iter+kissat time 3927s / budget 7196s
c hydra_satsuma: satsuma-iter+kissat time 3932s / budget 7196s
c hydra_satsuma: satsuma-iter+kissat time 3937s / budget 7196s
c hydra_satsuma: satsuma-iter+kissat time 3942s / budget 7196s
c hydra_satsuma: satsuma-iter+kissat time 3947s / budget 7196s
c hydra_satsuma: satsuma-iter+kissat time 3952s / budget 7196s
c hydra_satsuma: satsuma-iter+kissat time 3957s / budget 7196s
c hydra_satsuma: satsuma-iter+kissat time 3962s / budget 7196s
c hydra_satsuma: satsuma-iter+kissat time 3967s / budget 7196s
c hydra_satsuma: satsuma-iter+kissat time 3972s / budget 7196s
c hydra_satsuma: satsuma-iter+kissat time 3977s / budget 7196s
c hydra_satsuma: satsuma-iter+kissat time 3983s / budget 7196s
c hydra_satsuma: satsuma-iter+kissat time 3988s / budget 7196s
c hydra_satsuma: satsuma-iter+kissat time 3993s / budget 7196s
c hydra_satsuma: satsuma-iter+kissat time 3998s / budget 7196s
c hydra_satsuma: satsuma-iter+kissat time 4003s / budget 7196s
c hydra_satsuma: satsuma-iter+kissat time 4008s / budget 7196s
c hydra_satsuma: satsuma-iter+kissat time 4013s / budget 7196s
c hydra_satsuma: satsuma-iter+kissat time 4018s / budget 7196s
c hydra_satsuma: satsuma-iter+kissat time 4023s / budget 7196s
c hydra_satsuma: satsuma-iter+kissat time 4028s / budget 7196s
c hydra_satsuma: satsuma-iter+kissat time 4033s / budget 7196s
c hydra_satsuma: satsuma-iter+kissat time 4039s / budget 7196s
c hydra_satsuma: satsuma-iter+kissat time 4044s / budget 7196s
c hydra_satsuma: satsuma-iter+kissat time 4049s / budget 7196s
c hydra_satsuma: satsuma-iter+kissat time 4054s / budget 7196s
c hydra_satsuma: satsuma-iter+kissat time 4059s / budget 7196s
c hydra_satsuma: satsuma-iter+kissat time 4064s / budget 7196s
c hydra_satsuma: satsuma-iter+kissat time 4069s / budget 7196s
c hydra_satsuma: satsuma-iter+kissat time 4074s / budget 7196s
c hydra_satsuma: satsuma-iter+kissat time 4079s / budget 7196s
c hydra_satsuma: satsuma-iter+kissat time 4084s / budget 7196s
c hydra_satsuma: satsuma-iter+kissat time 4089s / budget 7196s
c hydra_satsuma: satsuma-iter+kissat time 4094s / budget 7196s
c hydra_satsuma: satsuma-iter+kissat time 4099s / budget 7196s
c hydra_satsuma: satsuma-iter+kissat time 4105s / budget 7196s
c hydra_satsuma: satsuma-iter+kissat time 4110s / budget 7196s
c hydra_satsuma: satsuma-iter+kissat time 4115s / budget 7196s
c hydra_satsuma: satsuma-iter+kissat time 4120s / budget 7196s
c hydra_satsuma: satsuma-iter+kissat time 4125s / budget 7196s
c hydra_satsuma: satsuma-iter+kissat time 4130s / budget 7196s
c hydra_satsuma: satsuma-iter+kissat time 4135s / budget 7196s
c hydra_satsuma: satsuma-iter+kissat time 4140s / budget 7196s
c hydra_satsuma: satsuma-iter+kissat time 4145s / budget 7196s
c hydra_satsuma: satsuma-iter+kissat time 4150s / budget 7196s
c hydra_satsuma: satsuma-iter+kissat time 4155s / budget 7196s
c hydra_satsuma: satsuma-iter+kissat time 4160s / budget 7196s
c hydra_satsuma: satsuma-iter+kissat time 4166s / budget 7196s
c hydra_satsuma: satsuma-iter+kissat time 4171s / budget 7196s
c hydra_satsuma: satsuma-iter+kissat time 4176s / budget 7196s
c hydra_satsuma: satsuma-iter+kissat time 4181s / budget 7196s
c hydra_satsuma: satsuma-iter+kissat time 4186s / budget 7196s
c hydra_satsuma: satsuma-iter+kissat time 4191s / budget 7196s
c hydra_satsuma: satsuma-iter+kissat time 4196s / budget 7196s
c hydra_satsuma: satsuma-iter+kissat time 4201s / budget 7196s
c hydra_satsuma: satsuma-iter+kissat time 4206s / budget 7196s
c hydra_satsuma: satsuma-iter+kissat time 4211s / budget 7196s
c hydra_satsuma: satsuma-iter+kissat time 4216s / budget 7196s
c hydra_satsuma: satsuma-iter+kissat time 4222s / budget 7196s
c hydra_satsuma: satsuma-iter+kissat time 4227s / budget 7196s
c hydra_satsuma: satsuma-iter+kissat time 4232s / budget 7196s
c hydra_satsuma: satsuma-iter+kissat time 4237s / budget 7196s
c hydra_satsuma: satsuma-iter+kissat time 4242s / budget 7196s
c hydra_satsuma: satsuma-iter+kissat time 4247s / budget 7196s
c hydra_satsuma: satsuma-iter+kissat time 4252s / budget 7196s
c hydra_satsuma: satsuma-iter+kissat time 4257s / budget 7196s
c hydra_satsuma: satsuma-iter+kissat time 4262s / budget 7196s
c hydra_satsuma: satsuma-iter+kissat time 4267s / budget 7196s
c hydra_satsuma: satsuma-iter+kissat time 4273s / budget 7196s
c hydra_satsuma: satsuma-iter+kissat time 4278s / budget 7196s
c hydra_satsuma: satsuma-iter+kissat time 4283s / budget 7196s
c hydra_satsuma: satsuma-iter+kissat time 4288s / budget 7196s
c hydra_satsuma: satsuma-iter+kissat time 4293s / budget 7196s
c hydra_satsuma: satsuma-iter+kissat time 4298s / budget 7196s
c hydra_satsuma: satsuma-iter+kissat time 4303s / budget 7196s
c hydra_satsuma: satsuma-iter+kissat time 4308s / budget 7196s
c hydra_satsuma: satsuma-iter+kissat time 4313s / budget 7196s
c hydra_satsuma: satsuma-iter+kissat time 4319s / budget 7196s
c hydra_satsuma: satsuma-iter+kissat time 4324s / budget 7196s
c hydra_satsuma: satsuma-iter+kissat time 4329s / budget 7196s
c hydra_satsuma: satsuma-iter+kissat time 4334s / budget 7196s
c hydra_satsuma: satsuma-iter+kissat time 4339s / budget 7196s
c hydra_satsuma: satsuma-iter+kissat time 4344s / budget 7196s
c hydra_satsuma: satsuma-iter+kissat time 4349s / budget 7196s
c hydra_satsuma: satsuma-iter+kissat time 4354s / budget 7196s
c hydra_satsuma: satsuma-iter+kissat time 4359s / budget 7196s
c hydra_satsuma: satsuma-iter+kissat time 4364s / budget 7196s
c hydra_satsuma: satsuma-iter+kissat time 4370s / budget 7196s
c hydra_satsuma: satsuma-iter+kissat time 4375s / budget 7196s
c hydra_satsuma: satsuma-iter+kissat time 4380s / budget 7196s
c hydra_satsuma: satsuma-iter+kissat time 4385s / budget 7196s
c hydra_satsuma: satsuma-iter+kissat time 4390s / budget 7196s
c hydra_satsuma: satsuma-iter+kissat time 4395s / budget 7196s
c hydra_satsuma: satsuma-iter+kissat time 4400s / budget 7196s
c hydra_satsuma: satsuma-iter+kissat time 4405s / budget 7196s
c hydra_satsuma: satsuma-iter+kissat time 4410s / budget 7196s
c hydra_satsuma: satsuma-iter+kissat time 4416s / budget 7196s
c hydra_satsuma: satsuma-iter+kissat time 4421s / budget 7196s
c hydra_satsuma: satsuma-iter+kissat time 4426s / budget 7196s
c hydra_satsuma: satsuma-iter+kissat time 4431s / budget 7196s
c hydra_satsuma: satsuma-iter+kissat time 4436s / budget 7196s
c hydra_satsuma: satsuma-iter+kissat time 4441s / budget 7196s
c hydra_satsuma: satsuma-iter+kissat time 4446s / budget 7196s
c hydra_satsuma: satsuma-iter+kissat time 4451s / budget 7196s
c hydra_satsuma: satsuma-iter+kissat time 4456s / budget 7196s
c hydra_satsuma: satsuma-iter+kissat time 4461s / budget 7196s
c hydra_satsuma: satsuma-iter+kissat time 4466s / budget 7196s
c hydra_satsuma: satsuma-iter+kissat time 4472s / budget 7196s
c hydra_satsuma: satsuma-iter+kissat time 4477s / budget 7196s
c hydra_satsuma: satsuma-iter+kissat time 4482s / budget 7196s
c hydra_satsuma: satsuma-iter+kissat time 4487s / budget 7196s
c hydra_satsuma: satsuma-iter+kissat time 4492s / budget 7196s
c hydra_satsuma: satsuma-iter+kissat time 4497s / budget 7196s
c hydra_satsuma: satsuma-iter+kissat time 4502s / budget 7196s
c hydra_satsuma: satsuma-iter+kissat time 4507s / budget 7196s
c hydra_satsuma: satsuma-iter+kissat time 4513s / budget 7196s
c hydra_satsuma: satsuma-iter+kissat time 4518s / budget 7196s
c hydra_satsuma: satsuma-iter+kissat time 4523s / budget 7196s
c hydra_satsuma: satsuma-iter+kissat time 4528s / budget 7196s
c hydra_satsuma: satsuma-iter+kissat time 4533s / budget 7196s
c hydra_satsuma: satsuma-iter+kissat time 4538s / budget 7196s
c hydra_satsuma: satsuma-iter+kissat time 4543s / budget 7196s
c hydra_satsuma: satsuma-iter+kissat time 4548s / budget 7196s
c hydra_satsuma: satsuma-iter+kissat time 4553s / budget 7196s
c hydra_satsuma: satsuma-iter+kissat time 4558s / budget 7196s
c hydra_satsuma: satsuma-iter+kissat time 4563s / budget 7196s
c hydra_satsuma: satsuma-iter+kissat time 4569s / budget 7196s
c hydra_satsuma: satsuma-iter+kissat time 4574s / budget 7196s
c hydra_satsuma: satsuma-iter+kissat time 4579s / budget 7196s
c hydra_satsuma: satsuma-iter+kissat time 4584s / budget 7196s
c hydra_satsuma: satsuma-iter+kissat time 4589s / budget 7196s
c hydra_satsuma: satsuma-iter+kissat time 4594s / budget 7196s
c hydra_satsuma: satsuma-iter+kissat time 4599s / budget 7196s
c hydra_satsuma: satsuma-iter+kissat time 4604s / budget 7196s
c hydra_satsuma: satsuma-iter+kissat time 4609s / budget 7196s
c hydra_satsuma: satsuma-iter+kissat time 4614s / budget 7196s
c hydra_satsuma: satsuma-iter+kissat time 4620s / budget 7196s
c hydra_satsuma: satsuma-iter+kissat time 4625s / budget 7196s
c hydra_satsuma: satsuma-iter+kissat time 4630s / budget 7196s
c hydra_satsuma: satsuma-iter+kissat time 4635s / budget 7196s
c hydra_satsuma: satsuma-iter+kissat time 4640s / budget 7196s
c hydra_satsuma: satsuma-iter+kissat time 4645s / budget 7196s
c hydra_satsuma: satsuma-iter+kissat time 4650s / budget 7196s
c hydra_satsuma: satsuma-iter+kissat time 4655s / budget 7196s
c hydra_satsuma: satsuma-iter+kissat time 4660s / budget 7196s
c hydra_satsuma: satsuma-iter+kissat time 4665s / budget 7196s
c hydra_satsuma: satsuma-iter+kissat time 4670s / budget 7196s
c hydra_satsuma: satsuma-iter+kissat time 4676s / budget 7196s
c hydra_satsuma: satsuma-iter+kissat time 4681s / budget 7196s
c hydra_satsuma: satsuma-iter+kissat time 4686s / budget 7196s
c hydra_satsuma: satsuma-iter+kissat time 4691s / budget 7196s
c hydra_satsuma: satsuma-iter+kissat time 4696s / budget 7196s
c hydra_satsuma: satsuma-iter+kissat time 4701s / budget 7196s
c hydra_satsuma: satsuma-iter+kissat time 4706s / budget 7196s
c hydra_satsuma: satsuma-iter+kissat time 4711s / budget 7196s
c hydra_satsuma: satsuma-iter+kissat time 4716s / budget 7196s
c hydra_satsuma: satsuma-iter+kissat time 4722s / budget 7196s
c hydra_satsuma: satsuma-iter+kissat time 4727s / budget 7196s
c hydra_satsuma: satsuma-iter+kissat time 4732s / budget 7196s
c hydra_satsuma: satsuma-iter+kissat time 4737s / budget 7196s
c hydra_satsuma: satsuma-iter+kissat time 4742s / budget 7196s
c hydra_satsuma: satsuma-iter+kissat time 4747s / budget 7196s
c hydra_satsuma: satsuma-iter+kissat time 4752s / budget 7196s
c hydra_satsuma: satsuma-iter+kissat time 4757s / budget 7196s
c hydra_satsuma: satsuma-iter+kissat time 4762s / budget 7196s
c hydra_satsuma: satsuma-iter+kissat time 4767s / budget 7196s
c hydra_satsuma: satsuma-iter+kissat time 4773s / budget 7196s
c hydra_satsuma: satsuma-iter+kissat time 4778s / budget 7196s
c hydra_satsuma: satsuma-iter+kissat time 4783s / budget 7196s
c hydra_satsuma: satsuma-iter+kissat time 4788s / budget 7196s
c hydra_satsuma: satsuma-iter+kissat time 4793s / budget 7196s
c hydra_satsuma: satsuma-iter+kissat time 4798s / budget 7196s
c hydra_satsuma: satsuma-iter+kissat time 4803s / budget 7196s
c hydra_satsuma: satsuma-iter+kissat time 4808s / budget 7196s
c hydra_satsuma: satsuma-iter+kissat time 4813s / budget 7196s
c hydra_satsuma: satsuma-iter+kissat time 4818s / budget 7196s
c hydra_satsuma: satsuma-iter+kissat time 4824s / budget 7196s
c hydra_satsuma: satsuma-iter+kissat time 4829s / budget 7196s
c hydra_satsuma: satsuma-iter+kissat time 4834s / budget 7196s
c hydra_satsuma: satsuma-iter+kissat time 4839s / budget 7196s
c hydra_satsuma: satsuma-iter+kissat time 4844s / budget 7196s
c hydra_satsuma: satsuma-iter+kissat time 4849s / budget 7196s
c hydra_satsuma: satsuma-iter+kissat time 4854s / budget 7196s
c hydra_satsuma: satsuma-iter+kissat time 4859s / budget 7196s
c hydra_satsuma: satsuma-iter+kissat time 4864s / budget 7196s
c hydra_satsuma: satsuma-iter+kissat time 4869s / budget 7196s
c hydra_satsuma: satsuma-iter+kissat time 4875s / budget 7196s
c hydra_satsuma: satsuma-iter+kissat time 4880s / budget 7196s
c hydra_satsuma: satsuma-iter+kissat time 4885s / budget 7196s
c hydra_satsuma: satsuma-iter+kissat time 4890s / budget 7196s
c hydra_satsuma: satsuma-iter+kissat time 4895s / budget 7196s
c hydra_satsuma: satsuma-iter+kissat time 4900s / budget 7196s
c hydra_satsuma: satsuma-iter+kissat time 4905s / budget 7196s
c hydra_satsuma: satsuma-iter+kissat time 4910s / budget 7196s
c hydra_satsuma: satsuma-iter+kissat time 4915s / budget 7196s
c hydra_satsuma: satsuma-iter+kissat time 4920s / budget 7196s
c hydra_satsuma: satsuma-iter+kissat time 4925s / budget 7196s
c hydra_satsuma: satsuma-iter+kissat time 4931s / budget 7196s
c hydra_satsuma: satsuma-iter+kissat time 4936s / budget 7196s
c hydra_satsuma: satsuma-iter+kissat time 4941s / budget 7196s
c hydra_satsuma: satsuma-iter+kissat time 4946s / budget 7196s
c hydra_satsuma: satsuma-iter+kissat time 4951s / budget 7196s
c hydra_satsuma: satsuma-iter+kissat time 4956s / budget 7196s
c hydra_satsuma: satsuma-iter+kissat time 4961s / budget 7196s
c hydra_satsuma: satsuma-iter+kissat time 4966s / budget 7196s
c hydra_satsuma: satsuma-iter+kissat time 4971s / budget 7196s
c hydra_satsuma: satsuma-iter+kissat time 4976s / budget 7196s
c hydra_satsuma: satsuma-iter+kissat time 4981s / budget 7196s
c hydra_satsuma: satsuma-iter+kissat time 4987s / budget 7196s
c hydra_satsuma: satsuma-iter+kissat time 4992s / budget 7196s
c hydra_satsuma: satsuma-iter+kissat time 4997s / budget 7196s
c hydra_satsuma: satsuma-iter+kissat time 5002s / budget 7196s
c hydra_satsuma: satsuma-iter+kissat time 5007s / budget 7196s
c hydra_satsuma: satsuma-iter+kissat time 5012s / budget 7196s
c hydra_satsuma: satsuma-iter+kissat time 5017s / budget 7196s
c hydra_satsuma: satsuma-iter+kissat time 5022s / budget 7196s
c hydra_satsuma: satsuma-iter+kissat time 5027s / budget 7196s
c hydra_satsuma: satsuma-iter+kissat time 5032s / budget 7196s
c hydra_satsuma: satsuma-iter+kissat time 5038s / budget 7196s
c hydra_satsuma: satsuma-iter+kissat time 5043s / budget 7196s
c hydra_satsuma: satsuma-iter+kissat time 5048s / budget 7196s
c hydra_satsuma: satsuma-iter+kissat time 5053s / budget 7196s
c hydra_satsuma: satsuma-iter+kissat time 5058s / budget 7196s
c hydra_satsuma: satsuma-iter+kissat time 5063s / budget 7196s
c hydra_satsuma: satsuma-iter+kissat time 5068s / budget 7196s
c hydra_satsuma: satsuma-iter+kissat time 5073s / budget 7196s
c hydra_satsuma: satsuma-iter+kissat time 5078s / budget 7196s
c hydra_satsuma: satsuma-iter+kissat time 5083s / budget 7196s
c hydra_satsuma: satsuma-iter+kissat time 5089s / budget 7196s
c hydra_satsuma: satsuma-iter+kissat time 5094s / budget 7196s
c hydra_satsuma: satsuma-iter+kissat time 5099s / budget 7196s
c hydra_satsuma: satsuma-iter+kissat time 5104s / budget 7196s
c hydra_satsuma: satsuma-iter+kissat time 5109s / budget 7196s
c hydra_satsuma: satsuma-iter+kissat time 5114s / budget 7196s
c hydra_satsuma: satsuma-iter+kissat time 5119s / budget 7196s
c hydra_satsuma: satsuma-iter+kissat time 5124s / budget 7196s
c hydra_satsuma: satsuma-iter+kissat time 5129s / budget 7196s
c hydra_satsuma: satsuma-iter+kissat time 5135s / budget 7196s
c hydra_satsuma: satsuma-iter+kissat time 5140s / budget 7196s
c hydra_satsuma: satsuma-iter+kissat time 5145s / budget 7196s
c hydra_satsuma: satsuma-iter+kissat time 5150s / budget 7196s
c hydra_satsuma: satsuma-iter+kissat time 5155s / budget 7196s
c hydra_satsuma: satsuma-iter+kissat time 5160s / budget 7196s
c hydra_satsuma: satsuma-iter+kissat time 5165s / budget 7196s
c hydra_satsuma: satsuma-iter+kissat time 5170s / budget 7196s
c hydra_satsuma: satsuma-iter+kissat time 5175s / budget 7196s
c hydra_satsuma: satsuma-iter+kissat time 5180s / budget 7196s
c hydra_satsuma: satsuma-iter+kissat time 5185s / budget 7196s
c hydra_satsuma: satsuma-iter+kissat time 5191s / budget 7196s
c hydra_satsuma: satsuma-iter+kissat time 5196s / budget 7196s
c hydra_satsuma: satsuma-iter+kissat time 5201s / budget 7196s
c hydra_satsuma: satsuma-iter+kissat time 5206s / budget 7196s
c hydra_satsuma: satsuma-iter+kissat time 5211s / budget 7196s
c hydra_satsuma: satsuma-iter+kissat time 5216s / budget 7196s
c hydra_satsuma: satsuma-iter+kissat time 5221s / budget 7196s
c hydra_satsuma: satsuma-iter+kissat time 5226s / budget 7196s
c hydra_satsuma: satsuma-iter+kissat time 5231s / budget 7196s
c hydra_satsuma: satsuma-iter+kissat time 5236s / budget 7196s
c hydra_satsuma: satsuma-iter+kissat time 5242s / budget 7196s
c hydra_satsuma: satsuma-iter+kissat time 5247s / budget 7196s
c hydra_satsuma: satsuma-iter+kissat time 5252s / budget 7196s
c hydra_satsuma: satsuma-iter+kissat time 5257s / budget 7196s
c hydra_satsuma: satsuma-iter+kissat time 5262s / budget 7196s
c hydra_satsuma: satsuma-iter+kissat time 5267s / budget 7196s
c hydra_satsuma: satsuma-iter+kissat time 5272s / budget 7196s
c hydra_satsuma: satsuma-iter+kissat time 5277s / budget 7196s
c hydra_satsuma: satsuma-iter+kissat time 5282s / budget 7196s
c hydra_satsuma: satsuma-iter+kissat time 5287s / budget 7196s
c hydra_satsuma: satsuma-iter+kissat time 5293s / budget 7196s
c hydra_satsuma: satsuma-iter+kissat time 5298s / budget 7196s
c hydra_satsuma: satsuma-iter+kissat time 5303s / budget 7196s
c hydra_satsuma: satsuma-iter+kissat time 5308s / budget 7196s
c hydra_satsuma: satsuma-iter+kissat time 5313s / budget 7196s
c hydra_satsuma: satsuma-iter+kissat time 5318s / budget 7196s
c hydra_satsuma: satsuma-iter+kissat time 5323s / budget 7196s
c hydra_satsuma: satsuma-iter+kissat time 5328s / budget 7196s
c hydra_satsuma: satsuma-iter+kissat time 5333s / budget 7196s
c hydra_satsuma: satsuma-iter+kissat time 5339s / budget 7196s
c hydra_satsuma: satsuma-iter+kissat time 5344s / budget 7196s
c hydra_satsuma: satsuma-iter+kissat time 5349s / budget 7196s
c hydra_satsuma: satsuma-iter+kissat time 5354s / budget 7196s
c hydra_satsuma: satsuma-iter+kissat time 5359s / budget 7196s
c hydra_satsuma: satsuma-iter+kissat time 5364s / budget 7196s
c hydra_satsuma: satsuma-iter+kissat time 5369s / budget 7196s
c hydra_satsuma: satsuma-iter+kissat time 5374s / budget 7196s
c hydra_satsuma: satsuma-iter+kissat time 5379s / budget 7196s
c hydra_satsuma: satsuma-iter+kissat time 5384s / budget 7196s
c hydra_satsuma: satsuma-iter+kissat time 5389s / budget 7196s
c hydra_satsuma: satsuma-iter+kissat time 5395s / budget 7196s
c hydra_satsuma: satsuma-iter+kissat time 5400s / budget 7196s
c hydra_satsuma: satsuma-iter+kissat time 5405s / budget 7196s
c hydra_satsuma: satsuma-iter+kissat time 5410s / budget 7196s
c hydra_satsuma: satsuma-iter+kissat time 5415s / budget 7196s
c hydra_satsuma: satsuma-iter+kissat time 5420s / budget 7196s
c hydra_satsuma: satsuma-iter+kissat time 5425s / budget 7196s
c hydra_satsuma: satsuma-iter+kissat time 5430s / budget 7196s
c hydra_satsuma: satsuma-iter+kissat time 5435s / budget 7196s
c hydra_satsuma: satsuma-iter+kissat time 5440s / budget 7196s
c hydra_satsuma: satsuma-iter+kissat time 5446s / budget 7196s
c hydra_satsuma: satsuma-iter+kissat time 5451s / budget 7196s
c hydra_satsuma: satsuma-iter+kissat time 5456s / budget 7196s
c hydra_satsuma: satsuma-iter+kissat time 5461s / budget 7196s
c hydra_satsuma: satsuma-iter+kissat time 5466s / budget 7196s
c hydra_satsuma: satsuma-iter+kissat time 5471s / budget 7196s
c hydra_satsuma: satsuma-iter+kissat time 5476s / budget 7196s
c hydra_satsuma: satsuma-iter+kissat time 5481s / budget 7196s
c hydra_satsuma: satsuma-iter+kissat time 5486s / budget 7196s
c hydra_satsuma: satsuma-iter+kissat time 5491s / budget 7196s
c hydra_satsuma: satsuma-iter+kissat time 5496s / budget 7196s
c hydra_satsuma: satsuma-iter+kissat time 5502s / budget 7196s
c hydra_satsuma: satsuma-iter+kissat time 5507s / budget 7196s
c hydra_satsuma: satsuma-iter+kissat time 5512s / budget 7196s
c hydra_satsuma: satsuma-iter+kissat time 5517s / budget 7196s
c hydra_satsuma: satsuma-iter+kissat time 5522s / budget 7196s
c hydra_satsuma: satsuma-iter+kissat time 5527s / budget 7196s
c hydra_satsuma: satsuma-iter+kissat time 5532s / budget 7196s
c hydra_satsuma: satsuma-iter+kissat time 5537s / budget 7196s
c hydra_satsuma: satsuma-iter+kissat time 5542s / budget 7196s
c hydra_satsuma: satsuma-iter+kissat time 5548s / budget 7196s
c hydra_satsuma: satsuma-iter+kissat time 5553s / budget 7196s
c hydra_satsuma: satsuma-iter+kissat time 5558s / budget 7196s
c hydra_satsuma: satsuma-iter+kissat time 5563s / budget 7196s
c hydra_satsuma: satsuma-iter+kissat time 5568s / budget 7196s
c hydra_satsuma: satsuma-iter+kissat time 5573s / budget 7196s
c hydra_satsuma: satsuma-iter+kissat time 5578s / budget 7196s
c hydra_satsuma: satsuma-iter+kissat time 5583s / budget 7196s
c hydra_satsuma: satsuma-iter+kissat time 5588s / budget 7196s
c hydra_satsuma: satsuma-iter+kissat time 5594s / budget 7196s
c hydra_satsuma: satsuma-iter+kissat time 5599s / budget 7196s
c hydra_satsuma: satsuma-iter+kissat time 5604s / budget 7196s
c hydra_satsuma: satsuma-iter+kissat time 5609s / budget 7196s
c hydra_satsuma: satsuma-iter+kissat time 5614s / budget 7196s
c hydra_satsuma: satsuma-iter+kissat time 5619s / budget 7196s
c hydra_satsuma: satsuma-iter+kissat time 5624s / budget 7196s
c hydra_satsuma: satsuma-iter+kissat time 5629s / budget 7196s
c hydra_satsuma: satsuma-iter+kissat time 5634s / budget 7196s
c hydra_satsuma: satsuma-iter+kissat time 5639s / budget 7196s
c hydra_satsuma: satsuma-iter+kissat time 5644s / budget 7196s
c hydra_satsuma: satsuma-iter+kissat time 5650s / budget 7196s
c hydra_satsuma: satsuma-iter+kissat time 5655s / budget 7196s
c hydra_satsuma: satsuma-iter+kissat time 5660s / budget 7196s
c hydra_satsuma: satsuma-iter+kissat time 5665s / budget 7196s
c hydra_satsuma: satsuma-iter+kissat time 5670s / budget 7196s
c hydra_satsuma: satsuma-iter+kissat time 5675s / budget 7196s
c hydra_satsuma: satsuma-iter+kissat time 5680s / budget 7196s
c hydra_satsuma: satsuma-iter+kissat time 5685s / budget 7196s
c hydra_satsuma: satsuma-iter+kissat time 5690s / budget 7196s
c hydra_satsuma: satsuma-iter+kissat time 5696s / budget 7196s
c hydra_satsuma: satsuma-iter+kissat time 5701s / budget 7196s
c hydra_satsuma: satsuma-iter+kissat time 5706s / budget 7196s
c hydra_satsuma: satsuma-iter+kissat time 5711s / budget 7196s
c hydra_satsuma: satsuma-iter+kissat time 5716s / budget 7196s
c hydra_satsuma: satsuma-iter+kissat time 5721s / budget 7196s
c hydra_satsuma: satsuma-iter+kissat time 5726s / budget 7196s
c hydra_satsuma: satsuma-iter+kissat time 5731s / budget 7196s
c hydra_satsuma: satsuma-iter+kissat time 5736s / budget 7196s
c hydra_satsuma: satsuma-iter+kissat time 5741s / budget 7196s
c hydra_satsuma: satsuma-iter+kissat time 5747s / budget 7196s
c hydra_satsuma: satsuma-iter+kissat time 5752s / budget 7196s
c hydra_satsuma: satsuma-iter+kissat time 5757s / budget 7196s
c hydra_satsuma: satsuma-iter+kissat time 5762s / budget 7196s
c hydra_satsuma: satsuma-iter+kissat time 5767s / budget 7196s
c hydra_satsuma: satsuma-iter+kissat time 5772s / budget 7196s
c hydra_satsuma: satsuma-iter+kissat time 5777s / budget 7196s
c hydra_satsuma: satsuma-iter+kissat time 5782s / budget 7196s
c hydra_satsuma: satsuma-iter+kissat time 5787s / budget 7196s
c hydra_satsuma: satsuma-iter+kissat time 5792s / budget 7196s
c hydra_satsuma: satsuma-iter+kissat time 5798s / budget 7196s
c hydra_satsuma: satsuma-iter+kissat time 5803s / budget 7196s
c hydra_satsuma: satsuma-iter+kissat time 5808s / budget 7196s
c hydra_satsuma: satsuma-iter+kissat time 5813s / budget 7196s
c hydra_satsuma: satsuma-iter+kissat time 5818s / budget 7196s
c hydra_satsuma: satsuma-iter+kissat time 5823s / budget 7196s
c hydra_satsuma: satsuma-iter+kissat time 5828s / budget 7196s
c hydra_satsuma: satsuma-iter+kissat time 5833s / budget 7196s
c hydra_satsuma: satsuma-iter+kissat time 5838s / budget 7196s
c hydra_satsuma: satsuma-iter+kissat time 5843s / budget 7196s
c hydra_satsuma: satsuma-iter+kissat time 5849s / budget 7196s
c hydra_satsuma: satsuma-iter+kissat time 5854s / budget 7196s
c hydra_satsuma: satsuma-iter+kissat time 5859s / budget 7196s
c hydra_satsuma: satsuma-iter+kissat time 5864s / budget 7196s
c hydra_satsuma: satsuma-iter+kissat time 5869s / budget 7196s
c hydra_satsuma: satsuma-iter+kissat time 5874s / budget 7196s
c hydra_satsuma: satsuma-iter+kissat time 5879s / budget 7196s
c hydra_satsuma: satsuma-iter+kissat time 5884s / budget 7196s
c hydra_satsuma: satsuma-iter+kissat time 5889s / budget 7196s
c hydra_satsuma: satsuma-iter+kissat time 5894s / budget 7196s
c hydra_satsuma: satsuma-iter+kissat time 5900s / budget 7196s
c hydra_satsuma: satsuma-iter+kissat time 5905s / budget 7196s
c hydra_satsuma: satsuma-iter+kissat time 5910s / budget 7196s
c hydra_satsuma: satsuma-iter+kissat time 5915s / budget 7196s
c hydra_satsuma: satsuma-iter+kissat time 5920s / budget 7196s
c hydra_satsuma: satsuma-iter+kissat time 5925s / budget 7196s
c hydra_satsuma: satsuma-iter+kissat time 5930s / budget 7196s
c hydra_satsuma: satsuma-iter+kissat time 5935s / budget 7196s
c hydra_satsuma: satsuma-iter+kissat time 5940s / budget 7196s
c hydra_satsuma: satsuma-iter+kissat time 5945s / budget 7196s
c hydra_satsuma: satsuma-iter+kissat time 5951s / budget 7196s
c hydra_satsuma: satsuma-iter+kissat time 5956s / budget 7196s
c hydra_satsuma: satsuma-iter+kissat time 5961s / budget 7196s
c hydra_satsuma: satsuma-iter+kissat time 5966s / budget 7196s
c hydra_satsuma: satsuma-iter+kissat time 5971s / budget 7196s
c hydra_satsuma: satsuma-iter+kissat time 5976s / budget 7196s
c hydra_satsuma: satsuma-iter+kissat time 5981s / budget 7196s
c hydra_satsuma: satsuma-iter+kissat time 5986s / budget 7196s
c hydra_satsuma: satsuma-iter+kissat time 5991s / budget 7196s
c hydra_satsuma: satsuma-iter+kissat time 5996s / budget 7196s
c hydra_satsuma: satsuma-iter+kissat time 6002s / budget 7196s
c hydra_satsuma: satsuma-iter+kissat time 6007s / budget 7196s
c hydra_satsuma: satsuma-iter+kissat time 6012s / budget 7196s
c hydra_satsuma: satsuma-iter+kissat time 6017s / budget 7196s
c hydra_satsuma: satsuma-iter+kissat time 6022s / budget 7196s
c hydra_satsuma: satsuma-iter+kissat time 6027s / budget 7196s
c hydra_satsuma: satsuma-iter+kissat time 6032s / budget 7196s
c hydra_satsuma: satsuma-iter+kissat time 6037s / budget 7196s
c hydra_satsuma: satsuma-iter+kissat time 6042s / budget 7196s
c hydra_satsuma: satsuma-iter+kissat time 6047s / budget 7196s
c hydra_satsuma: satsuma-iter+kissat time 6052s / budget 7196s
c hydra_satsuma: satsuma-iter+kissat time 6058s / budget 7196s
c hydra_satsuma: satsuma-iter+kissat time 6063s / budget 7196s
c hydra_satsuma: satsuma-iter+kissat time 6068s / budget 7196s
c hydra_satsuma: satsuma-iter+kissat time 6073s / budget 7196s
c hydra_satsuma: satsuma-iter+kissat time 6078s / budget 7196s
c hydra_satsuma: satsuma-iter+kissat time 6083s / budget 7196s
c hydra_satsuma: satsuma-iter+kissat time 6088s / budget 7196s
c hydra_satsuma: satsuma-iter+kissat time 6093s / budget 7196s
c hydra_satsuma: satsuma-iter+kissat time 6098s / budget 7196s
c hydra_satsuma: satsuma-iter+kissat time 6103s / budget 7196s
c hydra_satsuma: satsuma-iter+kissat time 6108s / budget 7196s
c hydra_satsuma: satsuma-iter+kissat time 6114s / budget 7196s
c hydra_satsuma: satsuma-iter+kissat time 6119s / budget 7196s
c hydra_satsuma: satsuma-iter+kissat time 6124s / budget 7196s
c hydra_satsuma: satsuma-iter+kissat time 6129s / budget 7196s
c hydra_satsuma: satsuma-iter+kissat time 6134s / budget 7196s
c hydra_satsuma: satsuma-iter+kissat time 6139s / budget 7196s
c hydra_satsuma: satsuma-iter+kissat time 6144s / budget 7196s
c hydra_satsuma: satsuma-iter+kissat time 6149s / budget 7196s
c hydra_satsuma: satsuma-iter+kissat time 6154s / budget 7196s
c hydra_satsuma: satsuma-iter+kissat time 6159s / budget 7196s
c hydra_satsuma: satsuma-iter+kissat time 6165s / budget 7196s
c hydra_satsuma: satsuma-iter+kissat time 6170s / budget 7196s
c hydra_satsuma: satsuma-iter+kissat time 6175s / budget 7196s
c hydra_satsuma: satsuma-iter+kissat time 6180s / budget 7196s
c hydra_satsuma: satsuma-iter+kissat time 6185s / budget 7196s
c hydra_satsuma: satsuma-iter+kissat time 6190s / budget 7196s
c hydra_satsuma: satsuma-iter+kissat time 6195s / budget 7196s
c hydra_satsuma: satsuma-iter+kissat time 6200s / budget 7196s
c hydra_satsuma: satsuma-iter+kissat time 6205s / budget 7196s
c hydra_satsuma: satsuma-iter+kissat time 6210s / budget 7196s
c hydra_satsuma: satsuma-iter+kissat time 6216s / budget 7196s
c hydra_satsuma: satsuma-iter+kissat time 6221s / budget 7196s
c hydra_satsuma: satsuma-iter+kissat time 6226s / budget 7196s
c hydra_satsuma: satsuma-iter+kissat time 6231s / budget 7196s
c hydra_satsuma: satsuma-iter+kissat time 6236s / budget 7196s
c hydra_satsuma: satsuma-iter+kissat time 6241s / budget 7196s
c hydra_satsuma: satsuma-iter+kissat time 6246s / budget 7196s
c hydra_satsuma: satsuma-iter+kissat time 6251s / budget 7196s
c hydra_satsuma: satsuma-iter+kissat time 6256s / budget 7196s
c hydra_satsuma: satsuma-iter+kissat time 6262s / budget 7196s
c hydra_satsuma: satsuma-iter+kissat time 6267s / budget 7196s
c hydra_satsuma: satsuma-iter+kissat time 6272s / budget 7196s
c hydra_satsuma: satsuma-iter+kissat time 6277s / budget 7196s
c hydra_satsuma: satsuma-iter+kissat time 6282s / budget 7196s
c hydra_satsuma: satsuma-iter+kissat time 6287s / budget 7196s
c hydra_satsuma: satsuma-iter+kissat time 6292s / budget 7196s
c hydra_satsuma: satsuma-iter+kissat time 6297s / budget 7196s
c hydra_satsuma: satsuma-iter+kissat time 6302s / budget 7196s
c hydra_satsuma: satsuma-iter+kissat time 6307s / budget 7196s
c hydra_satsuma: satsuma-iter+kissat time 6313s / budget 7196s
c hydra_satsuma: satsuma-iter+kissat time 6318s / budget 7196s
c hydra_satsuma: satsuma-iter+kissat time 6323s / budget 7196s
c hydra_satsuma: satsuma-iter+kissat time 6328s / budget 7196s
c hydra_satsuma: satsuma-iter+kissat time 6333s / budget 7196s
c hydra_satsuma: satsuma-iter+kissat time 6338s / budget 7196s
c hydra_satsuma: satsuma-iter+kissat time 6343s / budget 7196s
c hydra_satsuma: satsuma-iter+kissat time 6348s / budget 7196s
c hydra_satsuma: satsuma-iter+kissat time 6353s / budget 7196s
c hydra_satsuma: satsuma-iter+kissat time 6359s / budget 7196s
c hydra_satsuma: satsuma-iter+kissat time 6364s / budget 7196s
c hydra_satsuma: satsuma-iter+kissat time 6369s / budget 7196s
c hydra_satsuma: satsuma-iter+kissat time 6374s / budget 7196s
c hydra_satsuma: satsuma-iter+kissat time 6379s / budget 7196s
c hydra_satsuma: satsuma-iter+kissat time 6384s / budget 7196s
c hydra_satsuma: satsuma-iter+kissat time 6389s / budget 7196s
c hydra_satsuma: satsuma-iter+kissat time 6394s / budget 7196s
c hydra_satsuma: satsuma-iter+kissat time 6399s / budget 7196s
c hydra_satsuma: satsuma-iter+kissat time 6404s / budget 7196s
c hydra_satsuma: satsuma-iter+kissat time 6409s / budget 7196s
c hydra_satsuma: satsuma-iter+kissat time 6415s / budget 7196s
c hydra_satsuma: satsuma-iter+kissat time 6420s / budget 7196s
c hydra_satsuma: satsuma-iter+kissat time 6425s / budget 7196s
c hydra_satsuma: satsuma-iter+kissat time 6430s / budget 7196s
c hydra_satsuma: satsuma-iter+kissat time 6435s / budget 7196s
c hydra_satsuma: satsuma-iter+kissat time 6440s / budget 7196s
c hydra_satsuma: satsuma-iter+kissat time 6445s / budget 7196s
c hydra_satsuma: satsuma-iter+kissat time 6450s / budget 7196s
c hydra_satsuma: satsuma-iter+kissat time 6455s / budget 7196s
c hydra_satsuma: satsuma-iter+kissat time 6460s / budget 7196s
c hydra_satsuma: satsuma-iter+kissat time 6466s / budget 7196s
c hydra_satsuma: satsuma-iter+kissat time 6471s / budget 7196s
c hydra_satsuma: satsuma-iter+kissat time 6476s / budget 7196s
c hydra_satsuma: satsuma-iter+kissat time 6481s / budget 7196s
c hydra_satsuma: satsuma-iter+kissat time 6486s / budget 7196s
c hydra_satsuma: satsuma-iter+kissat time 6491s / budget 7196s
c hydra_satsuma: satsuma-iter+kissat time 6496s / budget 7196s
c hydra_satsuma: satsuma-iter+kissat time 6501s / budget 7196s
c hydra_satsuma: satsuma-iter+kissat time 6506s / budget 7196s
c hydra_satsuma: satsuma-iter+kissat time 6511s / budget 7196s
c hydra_satsuma: satsuma-iter+kissat time 6517s / budget 7196s
c hydra_satsuma: satsuma-iter+kissat time 6522s / budget 7196s
c hydra_satsuma: satsuma-iter+kissat time 6527s / budget 7196s
c hydra_satsuma: satsuma-iter+kissat time 6532s / budget 7196s
c hydra_satsuma: satsuma-iter+kissat time 6537s / budget 7196s
c hydra_satsuma: satsuma-iter+kissat time 6542s / budget 7196s
c hydra_satsuma: satsuma-iter+kissat time 6547s / budget 7196s
c hydra_satsuma: satsuma-iter+kissat time 6552s / budget 7196s
c hydra_satsuma: satsuma-iter+kissat time 6557s / budget 7196s
c hydra_satsuma: satsuma-iter+kissat time 6562s / budget 7196s
c hydra_satsuma: satsuma-iter+kissat time 6568s / budget 7196s
c hydra_satsuma: satsuma-iter+kissat time 6573s / budget 7196s
c hydra_satsuma: satsuma-iter+kissat time 6578s / budget 7196s
c hydra_satsuma: satsuma-iter+kissat time 6583s / budget 7196s
c hydra_satsuma: satsuma-iter+kissat time 6588s / budget 7196s
c hydra_satsuma: satsuma-iter+kissat time 6593s / budget 7196s
c hydra_satsuma: satsuma-iter+kissat time 6598s / budget 7196s
c hydra_satsuma: satsuma-iter+kissat time 6603s / budget 7196s
c hydra_satsuma: satsuma-iter+kissat time 6608s / budget 7196s
c hydra_satsuma: satsuma-iter+kissat time 6613s / budget 7196s
c hydra_satsuma: satsuma-iter+kissat time 6619s / budget 7196s
c hydra_satsuma: satsuma-iter+kissat time 6624s / budget 7196s
c hydra_satsuma: satsuma-iter+kissat time 6629s / budget 7196s
c hydra_satsuma: satsuma-iter+kissat time 6634s / budget 7196s
c hydra_satsuma: satsuma-iter+kissat time 6639s / budget 7196s
c hydra_satsuma: satsuma-iter+kissat time 6644s / budget 7196s
c hydra_satsuma: satsuma-iter+kissat time 6649s / budget 7196s
c hydra_satsuma: satsuma-iter+kissat time 6654s / budget 7196s
c hydra_satsuma: satsuma-iter+kissat time 6659s / budget 7196s
c hydra_satsuma: satsuma-iter+kissat time 6664s / budget 7196s
c hydra_satsuma: satsuma-iter+kissat time 6669s / budget 7196s
c hydra_satsuma: satsuma-iter+kissat time 6675s / budget 7196s
c hydra_satsuma: satsuma-iter+kissat time 6680s / budget 7196s
c hydra_satsuma: satsuma-iter+kissat time 6685s / budget 7196s
c hydra_satsuma: satsuma-iter+kissat time 6690s / budget 7196s
c hydra_satsuma: satsuma-iter+kissat time 6695s / budget 7196s
c hydra_satsuma: satsuma-iter+kissat time 6700s / budget 7196s
c hydra_satsuma: satsuma-iter+kissat time 6705s / budget 7196s
c hydra_satsuma: satsuma-iter+kissat time 6710s / budget 7196s
c hydra_satsuma: satsuma-iter+kissat time 6715s / budget 7196s
c hydra_satsuma: satsuma-iter+kissat time 6720s / budget 7196s
c hydra_satsuma: satsuma-iter+kissat time 6726s / budget 7196s
c hydra_satsuma: satsuma-iter+kissat time 6731s / budget 7196s
c hydra_satsuma: satsuma-iter+kissat time 6736s / budget 7196s
c hydra_satsuma: satsuma-iter+kissat time 6741s / budget 7196s
c hydra_satsuma: satsuma-iter+kissat time 6746s / budget 7196s
c hydra_satsuma: satsuma-iter+kissat time 6751s / budget 7196s
c hydra_satsuma: satsuma-iter+kissat time 6756s / budget 7196s
c hydra_satsuma: satsuma-iter+kissat time 6761s / budget 7196s
c hydra_satsuma: satsuma-iter+kissat time 6766s / budget 7196s
c hydra_satsuma: satsuma-iter+kissat time 6771s / budget 7196s
c hydra_satsuma: satsuma-iter+kissat time 6776s / budget 7196s
c hydra_satsuma: satsuma-iter+kissat time 6782s / budget 7196s
c hydra_satsuma: satsuma-iter+kissat time 6787s / budget 7196s
c hydra_satsuma: satsuma-iter+kissat time 6792s / budget 7196s
c hydra_satsuma: satsuma-iter+kissat time 6797s / budget 7196s
c hydra_satsuma: satsuma-iter+kissat time 6802s / budget 7196s
c hydra_satsuma: satsuma-iter+kissat time 6807s / budget 7196s
c hydra_satsuma: satsuma-iter+kissat time 6812s / budget 7196s
c hydra_satsuma: satsuma-iter+kissat time 6817s / budget 7196s
c hydra_satsuma: satsuma-iter+kissat time 6822s / budget 7196s
c hydra_satsuma: satsuma-iter+kissat time 6827s / budget 7196s
c hydra_satsuma: satsuma-iter+kissat time 6832s / budget 7196s
c hydra_satsuma: satsuma-iter+kissat time 6838s / budget 7196s
c hydra_satsuma: satsuma-iter+kissat time 6843s / budget 7196s
c hydra_satsuma: satsuma-iter+kissat time 6848s / budget 7196s
c hydra_satsuma: satsuma-iter+kissat time 6853s / budget 7196s
c hydra_satsuma: satsuma-iter+kissat time 6858s / budget 7196s
c hydra_satsuma: satsuma-iter+kissat time 6863s / budget 7196s
c hydra_satsuma: satsuma-iter+kissat time 6868s / budget 7196s
c hydra_satsuma: satsuma-iter+kissat time 6873s / budget 7196s
c hydra_satsuma: satsuma-iter+kissat time 6878s / budget 7196s
c hydra_satsuma: satsuma-iter+kissat time 6883s / budget 7196s
c hydra_satsuma: satsuma-iter+kissat time 6889s / budget 7196s
c hydra_satsuma: satsuma-iter+kissat time 6894s / budget 7196s
c hydra_satsuma: satsuma-iter+kissat time 6899s / budget 7196s
c hydra_satsuma: satsuma-iter+kissat time 6904s / budget 7196s
c hydra_satsuma: satsuma-iter+kissat time 6909s / budget 7196s
c hydra_satsuma: satsuma-iter+kissat time 6914s / budget 7196s
c hydra_satsuma: satsuma-iter+kissat time 6919s / budget 7196s
c hydra_satsuma: satsuma-iter+kissat time 6924s / budget 7196s
c hydra_satsuma: satsuma-iter+kissat time 6929s / budget 7196s
c hydra_satsuma: satsuma-iter+kissat time 6934s / budget 7196s
c hydra_satsuma: satsuma-iter+kissat time 6940s / budget 7196s
c hydra_satsuma: satsuma-iter+kissat time 6945s / budget 7196s
c hydra_satsuma: satsuma-iter+kissat time 6950s / budget 7196s
c hydra_satsuma: satsuma-iter+kissat time 6955s / budget 7196s
c hydra_satsuma: satsuma-iter+kissat time 6960s / budget 7196s
c hydra_satsuma: satsuma-iter+kissat time 6965s / budget 7196s
c hydra_satsuma: satsuma-iter+kissat time 6970s / budget 7196s
c hydra_satsuma: satsuma-iter+kissat time 6975s / budget 7196s
c hydra_satsuma: satsuma-iter+kissat time 6980s / budget 7196s
c hydra_satsuma: satsuma-iter+kissat time 6985s / budget 7196s
c hydra_satsuma: satsuma-iter+kissat time 6991s / budget 7196s
c hydra_satsuma: satsuma-iter+kissat time 6996s / budget 7196s
c hydra_satsuma: satsuma-iter+kissat time 7001s / budget 7196s
c hydra_satsuma: satsuma-iter+kissat time 7006s / budget 7196s
c hydra_satsuma: satsuma-iter+kissat time 7011s / budget 7196s
c hydra_satsuma: satsuma-iter+kissat time 7016s / budget 7196s
c hydra_satsuma: satsuma-iter+kissat time 7021s / budget 7196s
c hydra_satsuma: satsuma-iter+kissat time 7026s / budget 7196s
c hydra_satsuma: satsuma-iter+kissat time 7031s / budget 7196s
c hydra_satsuma: satsuma-iter+kissat time 7036s / budget 7196s
c hydra_satsuma: satsuma-iter+kissat time 7041s / budget 7196s
c hydra_satsuma: satsuma-iter+kissat time 7046s / budget 7196s
c hydra_satsuma: satsuma-iter+kissat time 7052s / budget 7196s
c hydra_satsuma: satsuma-iter+kissat time 7057s / budget 7196s
c hydra_satsuma: satsuma-iter+kissat time 7062s / budget 7196s
c hydra_satsuma: satsuma-iter+kissat time 7067s / budget 7196s
c hydra_satsuma: satsuma-iter+kissat time 7072s / budget 7196s
c hydra_satsuma: satsuma-iter+kissat time 7077s / budget 7196s
c hydra_satsuma: satsuma-iter+kissat time 7082s / budget 7196s
c hydra_satsuma: satsuma-iter+kissat time 7087s / budget 7196s
c hydra_satsuma: satsuma-iter+kissat time 7092s / budget 7196s
c hydra_satsuma: satsuma-iter+kissat time 7098s / budget 7196s
c hydra_satsuma: satsuma-iter+kissat time 7103s / budget 7196s
c hydra_satsuma: satsuma-iter+kissat time 7108s / budget 7196s
c hydra_satsuma: satsuma-iter+kissat time 7113s / budget 7196s
c hydra_satsuma: satsuma-iter+kissat time 7118s / budget 7196s
c hydra_satsuma: satsuma-iter+kissat time 7123s / budget 7196s
c hydra_satsuma: satsuma-iter+kissat time 7128s / budget 7196s
c hydra_satsuma: satsuma-iter+kissat time 7133s / budget 7196s
c hydra_satsuma: satsuma-iter+kissat time 7138s / budget 7196s
c hydra_satsuma: satsuma-iter+kissat time 7143s / budget 7196s
c hydra_satsuma: satsuma-iter+kissat time 7148s / budget 7196s
c hydra_satsuma: satsuma-iter+kissat time 7154s / budget 7196s
c hydra_satsuma: satsuma-iter+kissat time 7159s / budget 7196s
c hydra_satsuma: satsuma-iter+kissat time 7164s / budget 7196s
c hydra_satsuma: satsuma-iter+kissat time 7169s / budget 7196s
c hydra_satsuma: satsuma-iter+kissat time 7174s / budget 7196s
c hydra_satsuma: satsuma-iter+kissat time 7179s / budget 7196s
c hydra_satsuma: satsuma-iter+kissat time 7184s / budget 7196s
c hydra_satsuma: satsuma-iter+kissat time 7189s / budget 7196s
c hydra_satsuma: satsuma-iter+kissat time 7194s / budget 7196s
c hydra_satsuma: satsuma-iter+kissat time 7199s / budget 7196s
c hydra_satsuma: satsuma-iter+kissat time 7205s / budget 7196s
c TIMEOUT after 7205040.7ms
c hydra_satsuma: satsuma-iter+kissat reached no verdict (timeout/unknown; includes an in-container OOM kill under --satsuma-mem-gb)
c hydra_satsuma: container-out: c Running satsuma on /work/f.cnf
