c parsed 32535 variables, 128128 clauses
c hydra_satsuma: structure analysis (xor stage)…
c hydra_satsuma: xor stage: 16245 XOR(s), 1332 var(s) GE-forced — ignored in certified mode (2080.7ms)
c hydra_satsuma: no Cook shape -> satsuma-iter+kissat (docker) budget=7196s
c hydra_satsuma: satsuma-iter+kissat time 7s / budget 7196s
c hydra_satsuma: satsuma-iter+kissat time 12s / budget 7196s
c hydra_satsuma: satsuma-iter+kissat time 17s / budget 7196s
c hydra_satsuma: satsuma-iter+kissat time 22s / budget 7196s
c hydra_satsuma: satsuma-iter+kissat time 27s / budget 7196s
c hydra_satsuma: satsuma-iter+kissat time 32s / budget 7196s
c hydra_satsuma: satsuma-iter+kissat time 37s / budget 7196s
c hydra_satsuma: satsuma-iter+kissat time 42s / budget 7196s
c hydra_satsuma: satsuma-iter+kissat time 47s / budget 7196s
c hydra_satsuma: satsuma-iter+kissat time 53s / budget 7196s
c hydra_satsuma: satsuma-iter+kissat time 58s / budget 7196s
c hydra_satsuma: satsuma-iter+kissat time 63s / budget 7196s
c hydra_satsuma: satsuma-iter+kissat time 68s / budget 7196s
c hydra_satsuma: satsuma-iter+kissat time 73s / budget 7196s
c hydra_satsuma: satsuma-iter+kissat time 78s / budget 7196s
c hydra_satsuma: satsuma-iter+kissat time 83s / budget 7196s
c hydra_satsuma: satsuma-iter+kissat time 88s / budget 7196s
c hydra_satsuma: satsuma-iter+kissat time 93s / budget 7196s
c hydra_satsuma: satsuma-iter+kissat time 98s / budget 7196s
c hydra_satsuma: satsuma-iter+kissat time 104s / budget 7196s
c hydra_satsuma: satsuma-iter+kissat time 109s / budget 7196s
c hydra_satsuma: satsuma-iter+kissat time 114s / budget 7196s
c hydra_satsuma: satsuma-iter+kissat time 119s / budget 7196s
c hydra_satsuma: satsuma-iter+kissat time 124s / budget 7196s
c hydra_satsuma: satsuma-iter+kissat time 129s / budget 7196s
c hydra_satsuma: satsuma-iter+kissat time 134s / budget 7196s
c hydra_satsuma: satsuma-iter+kissat time 139s / budget 7196s
c hydra_satsuma: satsuma-iter+kissat time 144s / budget 7196s
c hydra_satsuma: satsuma-iter+kissat time 149s / budget 7196s
c hydra_satsuma: satsuma-iter+kissat time 155s / budget 7196s
c hydra_satsuma: satsuma-iter+kissat time 160s / budget 7196s
c hydra_satsuma: satsuma-iter+kissat time 165s / budget 7196s
c hydra_satsuma: satsuma-iter+kissat time 170s / budget 7196s
c hydra_satsuma: satsuma-iter+kissat time 175s / budget 7196s
c hydra_satsuma: satsuma-iter+kissat time 180s / budget 7196s
c hydra_satsuma: satsuma-iter+kissat time 185s / budget 7196s
c hydra_satsuma: satsuma-iter+kissat time 190s / budget 7196s
c hydra_satsuma: satsuma-iter+kissat time 195s / budget 7196s
c hydra_satsuma: satsuma-iter+kissat time 200s / budget 7196s
c hydra_satsuma: satsuma-iter+kissat time 206s / budget 7196s
c hydra_satsuma: satsuma-iter+kissat time 211s / budget 7196s
c hydra_satsuma: satsuma-iter+kissat time 216s / budget 7196s
c hydra_satsuma: satsuma-iter+kissat time 221s / budget 7196s
c hydra_satsuma: satsuma-iter+kissat time 226s / budget 7196s
c hydra_satsuma: satsuma-iter+kissat time 231s / budget 7196s
c hydra_satsuma: satsuma-iter+kissat time 236s / budget 7196s
c hydra_satsuma: satsuma-iter+kissat time 241s / budget 7196s
c hydra_satsuma: satsuma-iter+kissat time 247s / budget 7196s
c hydra_satsuma: satsuma-iter+kissat time 252s / budget 7196s
c hydra_satsuma: satsuma-iter+kissat time 257s / budget 7196s
c hydra_satsuma: satsuma-iter+kissat time 262s / budget 7196s
c hydra_satsuma: satsuma-iter+kissat time 267s / budget 7196s
c hydra_satsuma: satsuma-iter+kissat time 272s / budget 7196s
c hydra_satsuma: satsuma-iter+kissat time 277s / budget 7196s
c hydra_satsuma: satsuma-iter+kissat time 282s / budget 7196s
c hydra_satsuma: satsuma-iter+kissat time 287s / budget 7196s
c hydra_satsuma: satsuma-iter+kissat time 293s / budget 7196s
c hydra_satsuma: satsuma-iter+kissat time 298s / budget 7196s
c hydra_satsuma: satsuma-iter+kissat time 303s / budget 7196s
c hydra_satsuma: satsuma-iter+kissat time 308s / budget 7196s
c hydra_satsuma: satsuma-iter+kissat time 313s / budget 7196s
c hydra_satsuma: satsuma-iter+kissat time 318s / budget 7196s
c hydra_satsuma: satsuma-iter+kissat time 323s / budget 7196s
c hydra_satsuma: satsuma-iter+kissat time 328s / budget 7196s
c hydra_satsuma: satsuma-iter+kissat time 333s / budget 7196s
c hydra_satsuma: satsuma-iter+kissat time 338s / budget 7196s
c hydra_satsuma: satsuma-iter+kissat time 343s / budget 7196s
c hydra_satsuma: satsuma-iter+kissat time 349s / budget 7196s
c hydra_satsuma: satsuma-iter+kissat time 354s / budget 7196s
c hydra_satsuma: satsuma-iter+kissat time 359s / budget 7196s
c hydra_satsuma: satsuma-iter+kissat time 364s / budget 7196s
c hydra_satsuma: satsuma-iter+kissat time 369s / budget 7196s
c hydra_satsuma: satsuma-iter+kissat time 374s / budget 7196s
c hydra_satsuma: satsuma-iter+kissat time 379s / budget 7196s
c hydra_satsuma: satsuma-iter+kissat time 384s / budget 7196s
c hydra_satsuma: satsuma-iter+kissat time 389s / budget 7196s
c hydra_satsuma: satsuma-iter+kissat time 394s / budget 7196s
c hydra_satsuma: satsuma-iter+kissat time 400s / budget 7196s
c hydra_satsuma: satsuma-iter+kissat time 405s / budget 7196s
c hydra_satsuma: satsuma-iter+kissat time 410s / budget 7196s
c hydra_satsuma: satsuma-iter+kissat time 415s / budget 7196s
c hydra_satsuma: satsuma-iter+kissat time 420s / budget 7196s
c hydra_satsuma: satsuma-iter+kissat time 425s / budget 7196s
c hydra_satsuma: satsuma-iter+kissat time 430s / budget 7196s
c hydra_satsuma: satsuma-iter+kissat time 435s / budget 7196s
c hydra_satsuma: satsuma-iter+kissat time 440s / budget 7196s
c hydra_satsuma: satsuma-iter+kissat time 445s / budget 7196s
c hydra_satsuma: satsuma-iter+kissat time 451s / budget 7196s
c hydra_satsuma: satsuma-iter+kissat time 456s / budget 7196s
c hydra_satsuma: satsuma-iter+kissat time 461s / budget 7196s
c hydra_satsuma: satsuma-iter+kissat time 466s / budget 7196s
c hydra_satsuma: satsuma-iter+kissat time 471s / budget 7196s
c hydra_satsuma: satsuma-iter+kissat time 476s / budget 7196s
c hydra_satsuma: satsuma-iter+kissat time 481s / budget 7196s
c hydra_satsuma: satsuma-iter+kissat time 486s / budget 7196s
c hydra_satsuma: satsuma-iter+kissat time 491s / budget 7196s
c hydra_satsuma: satsuma-iter+kissat time 496s / budget 7196s
c hydra_satsuma: satsuma-iter+kissat time 502s / budget 7196s
c hydra_satsuma: satsuma-iter+kissat time 507s / budget 7196s
c hydra_satsuma: satsuma-iter+kissat time 512s / budget 7196s
c hydra_satsuma: satsuma-iter+kissat time 517s / budget 7196s
c hydra_satsuma: satsuma-iter+kissat time 522s / budget 7196s
c hydra_satsuma: satsuma-iter+kissat time 527s / budget 7196s
c hydra_satsuma: satsuma-iter+kissat time 532s / budget 7196s
c hydra_satsuma: satsuma-iter+kissat time 537s / budget 7196s
c hydra_satsuma: satsuma-iter+kissat time 542s / budget 7196s
c hydra_satsuma: satsuma-iter+kissat time 547s / budget 7196s
c hydra_satsuma: satsuma-iter+kissat time 553s / budget 7196s
c hydra_satsuma: satsuma-iter+kissat time 558s / budget 7196s
c hydra_satsuma: satsuma-iter+kissat time 563s / budget 7196s
c hydra_satsuma: satsuma-iter+kissat time 568s / budget 7196s
c hydra_satsuma: satsuma-iter+kissat time 573s / budget 7196s
c hydra_satsuma: satsuma-iter+kissat time 578s / budget 7196s
c hydra_satsuma: satsuma-iter+kissat time 583s / budget 7196s
c hydra_satsuma: satsuma-iter+kissat time 588s / budget 7196s
c hydra_satsuma: satsuma-iter+kissat time 593s / budget 7196s
c hydra_satsuma: satsuma-iter+kissat time 598s / budget 7196s
c hydra_satsuma: satsuma-iter+kissat time 604s / budget 7196s
c hydra_satsuma: satsuma-iter+kissat time 609s / budget 7196s
c hydra_satsuma: satsuma-iter+kissat time 614s / budget 7196s
c hydra_satsuma: satsuma-iter+kissat time 619s / budget 7196s
c hydra_satsuma: satsuma-iter+kissat time 624s / budget 7196s
c hydra_satsuma: satsuma-iter+kissat time 629s / budget 7196s
c hydra_satsuma: satsuma-iter+kissat time 634s / budget 7196s
c hydra_satsuma: satsuma-iter+kissat time 639s / budget 7196s
c hydra_satsuma: satsuma-iter+kissat time 644s / budget 7196s
c hydra_satsuma: satsuma-iter+kissat time 650s / budget 7196s
c hydra_satsuma: satsuma-iter+kissat time 655s / budget 7196s
c hydra_satsuma: satsuma-iter+kissat time 660s / budget 7196s
c hydra_satsuma: satsuma-iter+kissat time 665s / budget 7196s
c hydra_satsuma: satsuma-iter+kissat time 670s / budget 7196s
c hydra_satsuma: satsuma-iter+kissat time 675s / budget 7196s
c hydra_satsuma: satsuma-iter+kissat time 680s / budget 7196s
c hydra_satsuma: satsuma-iter+kissat time 685s / budget 7196s
c hydra_satsuma: satsuma-iter+kissat time 690s / budget 7196s
c hydra_satsuma: satsuma-iter+kissat time 695s / budget 7196s
c hydra_satsuma: satsuma-iter+kissat time 700s / budget 7196s
c hydra_satsuma: satsuma-iter+kissat time 706s / budget 7196s
c hydra_satsuma: satsuma-iter+kissat time 711s / budget 7196s
c hydra_satsuma: satsuma-iter+kissat time 716s / budget 7196s
c hydra_satsuma: satsuma-iter+kissat time 721s / budget 7196s
c hydra_satsuma: satsuma-iter+kissat time 726s / budget 7196s
c hydra_satsuma: satsuma-iter+kissat time 731s / budget 7196s
c hydra_satsuma: satsuma-iter+kissat time 736s / budget 7196s
c hydra_satsuma: satsuma-iter+kissat time 741s / budget 7196s
c hydra_satsuma: satsuma-iter+kissat time 746s / budget 7196s
c hydra_satsuma: satsuma-iter+kissat time 751s / budget 7196s
c hydra_satsuma: satsuma-iter+kissat time 757s / budget 7196s
c hydra_satsuma: satsuma-iter+kissat time 762s / budget 7196s
c hydra_satsuma: satsuma-iter+kissat time 767s / budget 7196s
c hydra_satsuma: satsuma-iter+kissat time 772s / budget 7196s
c hydra_satsuma: satsuma-iter+kissat time 777s / budget 7196s
c hydra_satsuma: satsuma-iter+kissat time 782s / budget 7196s
c hydra_satsuma: satsuma-iter+kissat time 787s / budget 7196s
c hydra_satsuma: satsuma-iter+kissat time 792s / budget 7196s
c hydra_satsuma: satsuma-iter+kissat time 797s / budget 7196s
c hydra_satsuma: satsuma-iter+kissat time 802s / budget 7196s
c hydra_satsuma: satsuma-iter+kissat time 807s / budget 7196s
c hydra_satsuma: satsuma-iter+kissat time 813s / budget 7196s
c hydra_satsuma: satsuma-iter+kissat time 818s / budget 7196s
c hydra_satsuma: satsuma-iter+kissat time 823s / budget 7196s
c hydra_satsuma: satsuma-iter+kissat time 828s / budget 7196s
c hydra_satsuma: satsuma-iter+kissat time 833s / budget 7196s
c hydra_satsuma: satsuma-iter+kissat time 838s / budget 7196s
c hydra_satsuma: satsuma-iter+kissat time 843s / budget 7196s
c hydra_satsuma: satsuma-iter+kissat time 848s / budget 7196s
c hydra_satsuma: satsuma-iter+kissat time 853s / budget 7196s
c hydra_satsuma: satsuma-iter+kissat time 858s / budget 7196s
c hydra_satsuma: satsuma-iter+kissat time 863s / budget 7196s
c hydra_satsuma: satsuma-iter+kissat time 869s / budget 7196s
c hydra_satsuma: satsuma-iter+kissat time 874s / budget 7196s
c hydra_satsuma: satsuma-iter+kissat time 879s / budget 7196s
c hydra_satsuma: satsuma-iter+kissat time 884s / budget 7196s
c hydra_satsuma: satsuma-iter+kissat time 889s / budget 7196s
c hydra_satsuma: satsuma-iter+kissat time 894s / budget 7196s
c hydra_satsuma: satsuma-iter+kissat time 899s / budget 7196s
c hydra_satsuma: satsuma-iter+kissat time 904s / budget 7196s
c hydra_satsuma: satsuma-iter+kissat time 909s / budget 7196s
c hydra_satsuma: satsuma-iter+kissat time 914s / budget 7196s
c hydra_satsuma: satsuma-iter+kissat time 920s / budget 7196s
c hydra_satsuma: satsuma-iter+kissat time 925s / budget 7196s
c hydra_satsuma: satsuma-iter+kissat time 930s / budget 7196s
c hydra_satsuma: satsuma-iter+kissat time 935s / budget 7196s
c hydra_satsuma: satsuma-iter+kissat time 940s / budget 7196s
c hydra_satsuma: satsuma-iter+kissat time 945s / budget 7196s
c hydra_satsuma: satsuma-iter+kissat time 950s / budget 7196s
c hydra_satsuma: satsuma-iter+kissat time 955s / budget 7196s
c hydra_satsuma: satsuma-iter+kissat time 960s / budget 7196s
c hydra_satsuma: satsuma-iter+kissat time 965s / budget 7196s
c hydra_satsuma: satsuma-iter+kissat time 971s / budget 7196s
c hydra_satsuma: satsuma-iter+kissat time 976s / budget 7196s
c hydra_satsuma: satsuma-iter+kissat time 981s / budget 7196s
c hydra_satsuma: satsuma-iter+kissat time 986s / budget 7196s
c hydra_satsuma: satsuma-iter+kissat time 991s / budget 7196s
c hydra_satsuma: satsuma-iter+kissat time 996s / budget 7196s
c hydra_satsuma: satsuma-iter+kissat time 1001s / budget 7196s
c hydra_satsuma: satsuma-iter+kissat time 1006s / budget 7196s
c hydra_satsuma: satsuma-iter+kissat time 1011s / budget 7196s
c hydra_satsuma: satsuma-iter+kissat time 1016s / budget 7196s
c hydra_satsuma: satsuma-iter+kissat time 1022s / budget 7196s
c hydra_satsuma: satsuma-iter+kissat time 1027s / budget 7196s
c hydra_satsuma: satsuma-iter+kissat time 1032s / budget 7196s
c hydra_satsuma: satsuma-iter+kissat time 1037s / budget 7196s
c hydra_satsuma: satsuma-iter+kissat time 1042s / budget 7196s
c hydra_satsuma: satsuma-iter+kissat time 1047s / budget 7196s
c hydra_satsuma: satsuma-iter+kissat time 1052s / budget 7196s
c hydra_satsuma: satsuma-iter+kissat time 1057s / budget 7196s
c hydra_satsuma: satsuma-iter+kissat time 1062s / budget 7196s
c hydra_satsuma: satsuma-iter+kissat time 1067s / budget 7196s
c hydra_satsuma: satsuma-iter+kissat time 1072s / budget 7196s
c hydra_satsuma: satsuma-iter+kissat time 1078s / budget 7196s
c hydra_satsuma: satsuma-iter+kissat time 1083s / budget 7196s
c hydra_satsuma: satsuma-iter+kissat time 1088s / budget 7196s
c hydra_satsuma: satsuma-iter+kissat time 1093s / budget 7196s
c hydra_satsuma: satsuma-iter+kissat time 1098s / budget 7196s
c hydra_satsuma: satsuma-iter+kissat time 1103s / budget 7196s
c hydra_satsuma: satsuma-iter+kissat time 1108s / budget 7196s
c hydra_satsuma: satsuma-iter+kissat time 1113s / budget 7196s
c hydra_satsuma: satsuma-iter+kissat time 1118s / budget 7196s
c hydra_satsuma: satsuma-iter+kissat time 1123s / budget 7196s
c hydra_satsuma: satsuma-iter+kissat time 1129s / budget 7196s
c hydra_satsuma: satsuma-iter+kissat time 1134s / budget 7196s
c hydra_satsuma: satsuma-iter+kissat time 1139s / budget 7196s
c hydra_satsuma: satsuma-iter+kissat time 1144s / budget 7196s
c hydra_satsuma: satsuma-iter+kissat time 1149s / budget 7196s
c hydra_satsuma: satsuma-iter+kissat time 1154s / budget 7196s
c hydra_satsuma: satsuma-iter+kissat time 1159s / budget 7196s
c hydra_satsuma: satsuma-iter+kissat time 1164s / budget 7196s
c hydra_satsuma: satsuma-iter+kissat time 1169s / budget 7196s
c hydra_satsuma: satsuma-iter+kissat time 1174s / budget 7196s
c hydra_satsuma: satsuma-iter+kissat time 1180s / budget 7196s
c hydra_satsuma: satsuma-iter+kissat time 1185s / budget 7196s
c hydra_satsuma: satsuma-iter+kissat time 1190s / budget 7196s
c hydra_satsuma: satsuma-iter+kissat time 1195s / budget 7196s
c hydra_satsuma: satsuma-iter+kissat time 1200s / budget 7196s
c hydra_satsuma: satsuma-iter+kissat time 1205s / budget 7196s
c hydra_satsuma: satsuma-iter+kissat time 1210s / budget 7196s
c hydra_satsuma: satsuma-iter+kissat time 1215s / budget 7196s
c hydra_satsuma: satsuma-iter+kissat time 1220s / budget 7196s
c hydra_satsuma: satsuma-iter+kissat time 1226s / budget 7196s
c hydra_satsuma: satsuma-iter+kissat time 1231s / budget 7196s
c hydra_satsuma: satsuma-iter+kissat time 1236s / budget 7196s
c hydra_satsuma: satsuma-iter+kissat time 1241s / budget 7196s
c hydra_satsuma: satsuma-iter+kissat time 1246s / budget 7196s
c hydra_satsuma: satsuma-iter+kissat time 1251s / budget 7196s
c hydra_satsuma: satsuma-iter+kissat time 1256s / budget 7196s
c hydra_satsuma: satsuma-iter+kissat time 1261s / budget 7196s
c hydra_satsuma: satsuma-iter+kissat time 1266s / budget 7196s
c hydra_satsuma: satsuma-iter+kissat time 1271s / budget 7196s
c hydra_satsuma: satsuma-iter+kissat time 1277s / budget 7196s
c hydra_satsuma: satsuma-iter+kissat time 1282s / budget 7196s
c hydra_satsuma: satsuma-iter+kissat time 1287s / budget 7196s
c hydra_satsuma: satsuma-iter+kissat time 1292s / budget 7196s
c hydra_satsuma: satsuma-iter+kissat time 1297s / budget 7196s
c hydra_satsuma: satsuma-iter+kissat time 1302s / budget 7196s
c hydra_satsuma: satsuma-iter+kissat time 1307s / budget 7196s
c hydra_satsuma: satsuma-iter+kissat time 1312s / budget 7196s
c hydra_satsuma: satsuma-iter+kissat time 1317s / budget 7196s
c hydra_satsuma: satsuma-iter+kissat time 1322s / budget 7196s
c hydra_satsuma: satsuma-iter+kissat time 1328s / budget 7196s
c hydra_satsuma: satsuma-iter+kissat time 1333s / budget 7196s
c hydra_satsuma: satsuma-iter+kissat time 1338s / budget 7196s
c hydra_satsuma: satsuma-iter+kissat time 1343s / budget 7196s
c hydra_satsuma: satsuma-iter+kissat time 1348s / budget 7196s
c hydra_satsuma: satsuma-iter+kissat time 1353s / budget 7196s
c hydra_satsuma: satsuma-iter+kissat time 1358s / budget 7196s
c hydra_satsuma: satsuma-iter+kissat time 1363s / budget 7196s
c hydra_satsuma: satsuma-iter+kissat time 1368s / budget 7196s
c hydra_satsuma: satsuma-iter+kissat time 1373s / budget 7196s
c hydra_satsuma: satsuma-iter+kissat time 1379s / budget 7196s
c hydra_satsuma: satsuma-iter+kissat time 1384s / budget 7196s
c hydra_satsuma: satsuma-iter+kissat time 1389s / budget 7196s
c hydra_satsuma: satsuma-iter+kissat time 1394s / budget 7196s
c hydra_satsuma: satsuma-iter+kissat time 1399s / budget 7196s
c hydra_satsuma: satsuma-iter+kissat time 1404s / budget 7196s
c hydra_satsuma: satsuma-iter+kissat time 1409s / budget 7196s
c hydra_satsuma: satsuma-iter+kissat time 1414s / budget 7196s
c hydra_satsuma: satsuma-iter+kissat time 1419s / budget 7196s
c hydra_satsuma: satsuma-iter+kissat time 1424s / budget 7196s
c hydra_satsuma: satsuma-iter+kissat time 1429s / budget 7196s
c hydra_satsuma: satsuma-iter+kissat time 1435s / budget 7196s
c hydra_satsuma: satsuma-iter+kissat time 1440s / budget 7196s
c hydra_satsuma: satsuma-iter+kissat time 1445s / budget 7196s
c hydra_satsuma: satsuma-iter+kissat time 1450s / budget 7196s
c hydra_satsuma: satsuma-iter+kissat time 1455s / budget 7196s
c hydra_satsuma: satsuma-iter+kissat time 1460s / budget 7196s
c hydra_satsuma: satsuma-iter+kissat time 1465s / budget 7196s
c hydra_satsuma: satsuma-iter+kissat time 1470s / budget 7196s
c hydra_satsuma: satsuma-iter+kissat time 1475s / budget 7196s
c hydra_satsuma: satsuma-iter+kissat time 1480s / budget 7196s
c hydra_satsuma: satsuma-iter+kissat time 1486s / budget 7196s
c hydra_satsuma: satsuma-iter+kissat time 1491s / budget 7196s
c hydra_satsuma: satsuma-iter+kissat time 1496s / budget 7196s
c hydra_satsuma: satsuma-iter+kissat time 1501s / budget 7196s
c hydra_satsuma: satsuma-iter+kissat time 1506s / budget 7196s
c hydra_satsuma: satsuma-iter+kissat time 1511s / budget 7196s
c hydra_satsuma: satsuma-iter+kissat time 1516s / budget 7196s
c hydra_satsuma: satsuma-iter+kissat time 1521s / budget 7196s
c hydra_satsuma: satsuma-iter+kissat time 1526s / budget 7196s
c hydra_satsuma: satsuma-iter+kissat time 1531s / budget 7196s
c hydra_satsuma: satsuma-iter+kissat time 1537s / budget 7196s
c hydra_satsuma: satsuma-iter+kissat time 1542s / budget 7196s
c hydra_satsuma: satsuma-iter+kissat time 1547s / budget 7196s
c hydra_satsuma: satsuma-iter+kissat time 1552s / budget 7196s
c hydra_satsuma: satsuma-iter+kissat time 1557s / budget 7196s
c hydra_satsuma: satsuma-iter+kissat time 1562s / budget 7196s
c hydra_satsuma: satsuma-iter+kissat time 1567s / budget 7196s
c hydra_satsuma: satsuma-iter+kissat time 1572s / budget 7196s
c hydra_satsuma: satsuma-iter+kissat time 1577s / budget 7196s
c hydra_satsuma: satsuma-iter+kissat time 1582s / budget 7196s
c hydra_satsuma: satsuma-iter+kissat time 1588s / budget 7196s
c hydra_satsuma: satsuma-iter+kissat time 1593s / budget 7196s
c hydra_satsuma: satsuma-iter+kissat time 1598s / budget 7196s
c hydra_satsuma: satsuma-iter+kissat time 1603s / budget 7196s
c hydra_satsuma: satsuma-iter+kissat time 1608s / budget 7196s
c hydra_satsuma: satsuma-iter+kissat time 1613s / budget 7196s
c hydra_satsuma: satsuma-iter+kissat time 1618s / budget 7196s
c hydra_satsuma: satsuma-iter+kissat time 1623s / budget 7196s
c hydra_satsuma: satsuma-iter+kissat time 1628s / budget 7196s
c hydra_satsuma: satsuma-iter+kissat time 1633s / budget 7196s
c hydra_satsuma: satsuma-iter+kissat time 1639s / budget 7196s
c hydra_satsuma: satsuma-iter+kissat time 1644s / budget 7196s
c hydra_satsuma: satsuma-iter+kissat time 1649s / budget 7196s
c hydra_satsuma: satsuma-iter+kissat time 1654s / budget 7196s
c hydra_satsuma: satsuma-iter+kissat time 1659s / budget 7196s
c hydra_satsuma: satsuma-iter+kissat time 1664s / budget 7196s
c hydra_satsuma: satsuma-iter+kissat time 1669s / budget 7196s
c hydra_satsuma: satsuma-iter+kissat time 1674s / budget 7196s
c hydra_satsuma: satsuma-iter+kissat time 1679s / budget 7196s
c hydra_satsuma: satsuma-iter+kissat time 1684s / budget 7196s
c hydra_satsuma: satsuma-iter+kissat time 1689s / budget 7196s
c hydra_satsuma: satsuma-iter+kissat time 1695s / budget 7196s
c hydra_satsuma: satsuma-iter+kissat time 1700s / budget 7196s
c hydra_satsuma: satsuma-iter+kissat time 1705s / budget 7196s
c hydra_satsuma: satsuma-iter+kissat time 1710s / budget 7196s
c hydra_satsuma: satsuma-iter+kissat time 1715s / budget 7196s
c hydra_satsuma: satsuma-iter+kissat time 1720s / budget 7196s
c hydra_satsuma: satsuma-iter+kissat time 1725s / budget 7196s
c hydra_satsuma: satsuma-iter+kissat time 1730s / budget 7196s
c hydra_satsuma: satsuma-iter+kissat time 1735s / budget 7196s
c hydra_satsuma: satsuma-iter+kissat time 1740s / budget 7196s
c hydra_satsuma: satsuma-iter+kissat time 1746s / budget 7196s
c hydra_satsuma: satsuma-iter+kissat time 1751s / budget 7196s
c hydra_satsuma: satsuma-iter+kissat time 1756s / budget 7196s
c hydra_satsuma: satsuma-iter+kissat time 1761s / budget 7196s
c hydra_satsuma: satsuma-iter+kissat time 1766s / budget 7196s
c hydra_satsuma: satsuma-iter+kissat time 1771s / budget 7196s
c hydra_satsuma: satsuma-iter+kissat time 1776s / budget 7196s
c hydra_satsuma: satsuma-iter+kissat time 1781s / budget 7196s
c hydra_satsuma: satsuma-iter+kissat time 1786s / budget 7196s
c hydra_satsuma: satsuma-iter+kissat time 1791s / budget 7196s
c hydra_satsuma: satsuma-iter+kissat time 1796s / budget 7196s
c hydra_satsuma: satsuma-iter+kissat time 1802s / budget 7196s
c hydra_satsuma: satsuma-iter+kissat time 1807s / budget 7196s
c hydra_satsuma: satsuma-iter+kissat time 1812s / budget 7196s
c hydra_satsuma: satsuma-iter+kissat time 1817s / budget 7196s
c hydra_satsuma: satsuma-iter+kissat time 1822s / budget 7196s
c hydra_satsuma: satsuma-iter+kissat time 1827s / budget 7196s
c hydra_satsuma: satsuma-iter+kissat time 1832s / budget 7196s
c hydra_satsuma: satsuma-iter+kissat time 1837s / budget 7196s
c hydra_satsuma: satsuma-iter+kissat time 1842s / budget 7196s
c hydra_satsuma: satsuma-iter+kissat time 1848s / budget 7196s
c hydra_satsuma: satsuma-iter+kissat time 1853s / budget 7196s
c hydra_satsuma: satsuma-iter+kissat time 1858s / budget 7196s
c hydra_satsuma: satsuma-iter+kissat time 1863s / budget 7196s
c hydra_satsuma: satsuma-iter+kissat time 1868s / budget 7196s
c hydra_satsuma: satsuma-iter+kissat time 1873s / budget 7196s
c hydra_satsuma: satsuma-iter+kissat time 1878s / budget 7196s
c hydra_satsuma: satsuma-iter+kissat time 1883s / budget 7196s
c hydra_satsuma: satsuma-iter+kissat time 1888s / budget 7196s
c hydra_satsuma: satsuma-iter+kissat time 1893s / budget 7196s
c hydra_satsuma: satsuma-iter+kissat time 1899s / budget 7196s
c hydra_satsuma: satsuma-iter+kissat time 1904s / budget 7196s
c hydra_satsuma: satsuma-iter+kissat time 1909s / budget 7196s
c hydra_satsuma: satsuma-iter+kissat time 1914s / budget 7196s
c hydra_satsuma: satsuma-iter+kissat time 1919s / budget 7196s
c hydra_satsuma: satsuma-iter+kissat time 1924s / budget 7196s
c hydra_satsuma: satsuma-iter+kissat time 1929s / budget 7196s
c hydra_satsuma: satsuma-iter+kissat time 1934s / budget 7196s
c hydra_satsuma: satsuma-iter+kissat time 1939s / budget 7196s
c hydra_satsuma: satsuma-iter+kissat time 1944s / budget 7196s
c hydra_satsuma: satsuma-iter+kissat time 1949s / budget 7196s
c hydra_satsuma: satsuma-iter+kissat time 1955s / budget 7196s
c hydra_satsuma: satsuma-iter+kissat time 1960s / budget 7196s
c hydra_satsuma: satsuma-iter+kissat time 1965s / budget 7196s
c hydra_satsuma: satsuma-iter+kissat time 1970s / budget 7196s
c hydra_satsuma: satsuma-iter+kissat time 1975s / budget 7196s
c hydra_satsuma: satsuma-iter+kissat time 1980s / budget 7196s
c hydra_satsuma: satsuma-iter+kissat time 1985s / budget 7196s
c hydra_satsuma: satsuma-iter+kissat time 1990s / budget 7196s
c hydra_satsuma: satsuma-iter+kissat time 1995s / budget 7196s
c hydra_satsuma: satsuma-iter+kissat time 2000s / budget 7196s
c hydra_satsuma: satsuma-iter+kissat time 2006s / budget 7196s
c hydra_satsuma: satsuma-iter+kissat time 2011s / budget 7196s
c hydra_satsuma: satsuma-iter+kissat time 2016s / budget 7196s
c hydra_satsuma: satsuma-iter+kissat time 2021s / budget 7196s
c hydra_satsuma: satsuma-iter+kissat time 2026s / budget 7196s
c hydra_satsuma: satsuma-iter+kissat time 2031s / budget 7196s
c hydra_satsuma: satsuma-iter+kissat time 2036s / budget 7196s
c hydra_satsuma: satsuma-iter+kissat time 2041s / budget 7196s
c hydra_satsuma: satsuma-iter+kissat time 2046s / budget 7196s
c hydra_satsuma: satsuma-iter+kissat time 2051s / budget 7196s
c hydra_satsuma: satsuma-iter+kissat time 2057s / budget 7196s
c hydra_satsuma: satsuma-iter+kissat time 2062s / budget 7196s
c hydra_satsuma: satsuma-iter+kissat time 2067s / budget 7196s
c hydra_satsuma: satsuma-iter+kissat time 2072s / budget 7196s
c hydra_satsuma: satsuma-iter+kissat time 2077s / budget 7196s
c hydra_satsuma: satsuma-iter+kissat time 2082s / budget 7196s
c hydra_satsuma: satsuma-iter+kissat time 2087s / budget 7196s
c hydra_satsuma: satsuma-iter+kissat time 2092s / budget 7196s
c hydra_satsuma: satsuma-iter+kissat time 2097s / budget 7196s
c hydra_satsuma: satsuma-iter+kissat time 2102s / budget 7196s
c hydra_satsuma: satsuma-iter+kissat time 2108s / budget 7196s
c hydra_satsuma: satsuma-iter+kissat time 2113s / budget 7196s
c hydra_satsuma: satsuma-iter+kissat time 2118s / budget 7196s
c hydra_satsuma: satsuma-iter+kissat time 2123s / budget 7196s
c hydra_satsuma: satsuma-iter+kissat time 2128s / budget 7196s
c hydra_satsuma: satsuma-iter+kissat time 2133s / budget 7196s
c hydra_satsuma: satsuma-iter+kissat time 2138s / budget 7196s
c hydra_satsuma: satsuma-iter+kissat time 2143s / budget 7196s
c hydra_satsuma: satsuma-iter+kissat time 2148s / budget 7196s
c hydra_satsuma: satsuma-iter+kissat time 2153s / budget 7196s
c hydra_satsuma: satsuma-iter+kissat time 2159s / budget 7196s
c hydra_satsuma: satsuma-iter+kissat time 2164s / budget 7196s
c hydra_satsuma: satsuma-iter+kissat time 2169s / budget 7196s
c hydra_satsuma: satsuma-iter+kissat time 2174s / budget 7196s
c hydra_satsuma: satsuma-iter+kissat time 2179s / budget 7196s
c hydra_satsuma: satsuma-iter+kissat time 2184s / budget 7196s
c hydra_satsuma: satsuma-iter+kissat time 2189s / budget 7196s
c hydra_satsuma: satsuma-iter+kissat time 2194s / budget 7196s
c hydra_satsuma: satsuma-iter+kissat time 2199s / budget 7196s
c hydra_satsuma: satsuma-iter+kissat time 2204s / budget 7196s
c hydra_satsuma: satsuma-iter+kissat time 2210s / budget 7196s
c hydra_satsuma: satsuma-iter+kissat time 2215s / budget 7196s
c hydra_satsuma: satsuma-iter+kissat time 2220s / budget 7196s
c hydra_satsuma: satsuma-iter+kissat time 2225s / budget 7196s
c hydra_satsuma: satsuma-iter+kissat time 2230s / budget 7196s
c hydra_satsuma: satsuma-iter+kissat time 2235s / budget 7196s
c hydra_satsuma: satsuma-iter+kissat time 2240s / budget 7196s
c hydra_satsuma: satsuma-iter+kissat time 2245s / budget 7196s
c hydra_satsuma: satsuma-iter+kissat time 2250s / budget 7196s
c hydra_satsuma: satsuma-iter+kissat time 2255s / budget 7196s
c hydra_satsuma: satsuma-iter+kissat time 2261s / budget 7196s
c hydra_satsuma: satsuma-iter+kissat time 2266s / budget 7196s
c hydra_satsuma: satsuma-iter+kissat time 2271s / budget 7196s
c hydra_satsuma: satsuma-iter+kissat time 2276s / budget 7196s
c hydra_satsuma: satsuma-iter+kissat time 2281s / budget 7196s
c hydra_satsuma: satsuma-iter+kissat time 2286s / budget 7196s
c hydra_satsuma: satsuma-iter+kissat time 2291s / budget 7196s
c hydra_satsuma: satsuma-iter+kissat time 2296s / budget 7196s
c hydra_satsuma: satsuma-iter+kissat time 2301s / budget 7196s
c hydra_satsuma: satsuma-iter+kissat time 2306s / budget 7196s
c hydra_satsuma: satsuma-iter+kissat time 2312s / budget 7196s
c hydra_satsuma: satsuma-iter+kissat time 2317s / budget 7196s
c hydra_satsuma: satsuma-iter+kissat time 2322s / budget 7196s
c hydra_satsuma: satsuma-iter+kissat time 2327s / budget 7196s
c hydra_satsuma: satsuma-iter+kissat time 2332s / budget 7196s
c hydra_satsuma: satsuma-iter+kissat time 2337s / budget 7196s
c hydra_satsuma: satsuma-iter+kissat time 2342s / budget 7196s
c hydra_satsuma: satsuma-iter+kissat time 2347s / budget 7196s
c hydra_satsuma: satsuma-iter+kissat time 2352s / budget 7196s
c hydra_satsuma: satsuma-iter+kissat time 2357s / budget 7196s
c hydra_satsuma: satsuma-iter+kissat time 2363s / budget 7196s
c hydra_satsuma: satsuma-iter+kissat time 2368s / budget 7196s
c hydra_satsuma: satsuma-iter+kissat time 2373s / budget 7196s
c hydra_satsuma: satsuma-iter+kissat time 2378s / budget 7196s
c hydra_satsuma: satsuma-iter+kissat time 2383s / budget 7196s
c hydra_satsuma: satsuma-iter+kissat time 2388s / budget 7196s
c hydra_satsuma: satsuma-iter+kissat time 2393s / budget 7196s
c hydra_satsuma: satsuma-iter+kissat time 2398s / budget 7196s
c hydra_satsuma: satsuma-iter+kissat time 2403s / budget 7196s
c hydra_satsuma: satsuma-iter+kissat time 2408s / budget 7196s
c hydra_satsuma: satsuma-iter+kissat time 2414s / budget 7196s
c hydra_satsuma: satsuma-iter+kissat time 2419s / budget 7196s
c hydra_satsuma: satsuma-iter+kissat time 2424s / budget 7196s
c hydra_satsuma: satsuma-iter+kissat time 2429s / budget 7196s
c hydra_satsuma: satsuma-iter+kissat time 2434s / budget 7196s
c hydra_satsuma: satsuma-iter+kissat time 2439s / budget 7196s
c hydra_satsuma: satsuma-iter+kissat time 2444s / budget 7196s
c hydra_satsuma: satsuma-iter+kissat time 2449s / budget 7196s
c hydra_satsuma: satsuma-iter+kissat time 2454s / budget 7196s
c hydra_satsuma: satsuma-iter+kissat time 2459s / budget 7196s
c hydra_satsuma: satsuma-iter+kissat time 2465s / budget 7196s
c hydra_satsuma: satsuma-iter+kissat time 2470s / budget 7196s
c hydra_satsuma: satsuma-iter+kissat time 2475s / budget 7196s
c hydra_satsuma: satsuma-iter+kissat time 2480s / budget 7196s
c hydra_satsuma: satsuma-iter+kissat time 2485s / budget 7196s
c hydra_satsuma: satsuma-iter+kissat time 2490s / budget 7196s
c hydra_satsuma: satsuma-iter+kissat time 2495s / budget 7196s
c hydra_satsuma: satsuma-iter+kissat time 2500s / budget 7196s
c hydra_satsuma: satsuma-iter+kissat time 2505s / budget 7196s
c hydra_satsuma: satsuma-iter+kissat time 2510s / budget 7196s
c hydra_satsuma: satsuma-iter+kissat time 2515s / budget 7196s
c hydra_satsuma: satsuma-iter+kissat time 2521s / budget 7196s
c hydra_satsuma: satsuma-iter+kissat time 2526s / budget 7196s
c hydra_satsuma: satsuma-iter+kissat time 2531s / budget 7196s
c hydra_satsuma: satsuma-iter+kissat time 2536s / budget 7196s
c hydra_satsuma: satsuma-iter+kissat time 2541s / budget 7196s
c hydra_satsuma: satsuma-iter+kissat time 2546s / budget 7196s
c hydra_satsuma: satsuma-iter+kissat time 2551s / budget 7196s
c hydra_satsuma: satsuma-iter+kissat time 2556s / budget 7196s
c hydra_satsuma: satsuma-iter+kissat time 2561s / budget 7196s
c hydra_satsuma: satsuma-iter+kissat time 2566s / budget 7196s
c hydra_satsuma: satsuma-iter+kissat time 2572s / budget 7196s
c hydra_satsuma: satsuma-iter+kissat time 2577s / budget 7196s
c hydra_satsuma: satsuma-iter+kissat time 2582s / budget 7196s
c hydra_satsuma: satsuma-iter+kissat time 2587s / budget 7196s
c hydra_satsuma: satsuma-iter+kissat time 2592s / budget 7196s
c hydra_satsuma: satsuma-iter+kissat time 2597s / budget 7196s
c hydra_satsuma: satsuma-iter+kissat time 2602s / budget 7196s
c hydra_satsuma: satsuma-iter+kissat time 2607s / budget 7196s
c hydra_satsuma: satsuma-iter+kissat time 2612s / budget 7196s
c hydra_satsuma: satsuma-iter+kissat time 2617s / budget 7196s
c hydra_satsuma: satsuma-iter+kissat time 2623s / budget 7196s
c hydra_satsuma: satsuma-iter+kissat time 2628s / budget 7196s
c hydra_satsuma: satsuma-iter+kissat time 2633s / budget 7196s
c hydra_satsuma: satsuma-iter+kissat time 2638s / budget 7196s
c hydra_satsuma: satsuma-iter+kissat time 2643s / budget 7196s
c hydra_satsuma: satsuma-iter+kissat time 2648s / budget 7196s
c hydra_satsuma: satsuma-iter+kissat time 2653s / budget 7196s
c hydra_satsuma: satsuma-iter+kissat time 2658s / budget 7196s
c hydra_satsuma: satsuma-iter+kissat time 2663s / budget 7196s
c hydra_satsuma: satsuma-iter+kissat time 2668s / budget 7196s
c hydra_satsuma: satsuma-iter+kissat time 2674s / budget 7196s
c hydra_satsuma: satsuma-iter+kissat time 2679s / budget 7196s
c hydra_satsuma: satsuma-iter+kissat time 2684s / budget 7196s
c hydra_satsuma: satsuma-iter+kissat time 2689s / budget 7196s
c hydra_satsuma: satsuma-iter+kissat time 2694s / budget 7196s
c hydra_satsuma: satsuma-iter+kissat time 2699s / budget 7196s
c hydra_satsuma: satsuma-iter+kissat time 2704s / budget 7196s
c hydra_satsuma: satsuma-iter+kissat time 2709s / budget 7196s
c hydra_satsuma: satsuma-iter+kissat time 2714s / budget 7196s
c hydra_satsuma: satsuma-iter+kissat time 2719s / budget 7196s
c hydra_satsuma: satsuma-iter+kissat time 2725s / budget 7196s
c hydra_satsuma: satsuma-iter+kissat time 2730s / budget 7196s
c hydra_satsuma: satsuma-iter+kissat time 2735s / budget 7196s
c hydra_satsuma: satsuma-iter+kissat time 2740s / budget 7196s
c hydra_satsuma: satsuma-iter+kissat time 2745s / budget 7196s
c hydra_satsuma: satsuma-iter+kissat time 2750s / budget 7196s
c hydra_satsuma: satsuma-iter+kissat time 2755s / budget 7196s
c hydra_satsuma: satsuma-iter+kissat time 2760s / budget 7196s
c hydra_satsuma: satsuma-iter+kissat time 2765s / budget 7196s
c hydra_satsuma: satsuma-iter+kissat time 2770s / budget 7196s
c hydra_satsuma: satsuma-iter+kissat time 2776s / budget 7196s
c hydra_satsuma: satsuma-iter+kissat time 2781s / budget 7196s
c hydra_satsuma: satsuma-iter+kissat time 2786s / budget 7196s
c hydra_satsuma: satsuma-iter+kissat time 2791s / budget 7196s
c hydra_satsuma: satsuma-iter+kissat time 2796s / budget 7196s
c hydra_satsuma: satsuma-iter+kissat time 2801s / budget 7196s
c hydra_satsuma: satsuma-iter+kissat time 2806s / budget 7196s
c hydra_satsuma: satsuma-iter+kissat time 2811s / budget 7196s
c hydra_satsuma: satsuma-iter+kissat time 2816s / budget 7196s
c hydra_satsuma: satsuma-iter+kissat time 2821s / budget 7196s
c hydra_satsuma: satsuma-iter+kissat time 2826s / budget 7196s
c hydra_satsuma: satsuma-iter+kissat time 2832s / budget 7196s
c hydra_satsuma: satsuma-iter+kissat time 2837s / budget 7196s
c hydra_satsuma: satsuma-iter+kissat time 2842s / budget 7196s
c hydra_satsuma: satsuma-iter+kissat time 2847s / budget 7196s
c hydra_satsuma: satsuma-iter+kissat time 2852s / budget 7196s
c hydra_satsuma: satsuma-iter+kissat time 2857s / budget 7196s
c hydra_satsuma: satsuma-iter+kissat time 2862s / budget 7196s
c hydra_satsuma: satsuma-iter+kissat time 2867s / budget 7196s
c hydra_satsuma: satsuma-iter+kissat time 2872s / budget 7196s
c hydra_satsuma: satsuma-iter+kissat time 2878s / budget 7196s
c hydra_satsuma: satsuma-iter+kissat time 2883s / budget 7196s
c hydra_satsuma: satsuma-iter+kissat time 2888s / budget 7196s
c hydra_satsuma: satsuma-iter+kissat time 2893s / budget 7196s
c hydra_satsuma: satsuma-iter+kissat time 2898s / budget 7196s
c hydra_satsuma: satsuma-iter+kissat time 2903s / budget 7196s
c hydra_satsuma: satsuma-iter+kissat time 2908s / budget 7196s
c hydra_satsuma: satsuma-iter+kissat time 2913s / budget 7196s
c hydra_satsuma: satsuma-iter+kissat time 2918s / budget 7196s
c hydra_satsuma: satsuma-iter+kissat time 2923s / budget 7196s
c hydra_satsuma: satsuma-iter+kissat time 2929s / budget 7196s
c hydra_satsuma: satsuma-iter+kissat time 2934s / budget 7196s
c hydra_satsuma: satsuma-iter+kissat time 2939s / budget 7196s
c hydra_satsuma: satsuma-iter+kissat time 2944s / budget 7196s
c hydra_satsuma: satsuma-iter+kissat time 2949s / budget 7196s
c hydra_satsuma: satsuma-iter+kissat time 2954s / budget 7196s
c hydra_satsuma: satsuma-iter+kissat time 2959s / budget 7196s
c hydra_satsuma: satsuma-iter+kissat time 2964s / budget 7196s
c hydra_satsuma: satsuma-iter+kissat time 2969s / budget 7196s
c hydra_satsuma: satsuma-iter+kissat time 2974s / budget 7196s
c hydra_satsuma: satsuma-iter+kissat time 2979s / budget 7196s
c hydra_satsuma: satsuma-iter+kissat time 2985s / budget 7196s
c hydra_satsuma: satsuma-iter+kissat time 2990s / budget 7196s
c hydra_satsuma: satsuma-iter+kissat time 2995s / budget 7196s
c hydra_satsuma: satsuma-iter+kissat time 3000s / budget 7196s
c hydra_satsuma: satsuma-iter+kissat time 3005s / budget 7196s
c hydra_satsuma: satsuma-iter+kissat time 3010s / budget 7196s
c hydra_satsuma: satsuma-iter+kissat time 3015s / budget 7196s
c hydra_satsuma: satsuma-iter+kissat time 3020s / budget 7196s
c hydra_satsuma: satsuma-iter+kissat time 3025s / budget 7196s
c hydra_satsuma: satsuma-iter+kissat time 3030s / budget 7196s
c hydra_satsuma: satsuma-iter+kissat time 3035s / budget 7196s
c hydra_satsuma: satsuma-iter+kissat time 3041s / budget 7196s
c hydra_satsuma: satsuma-iter+kissat time 3046s / budget 7196s
c hydra_satsuma: satsuma-iter+kissat time 3051s / budget 7196s
c hydra_satsuma: satsuma-iter+kissat time 3056s / budget 7196s
c hydra_satsuma: satsuma-iter+kissat time 3061s / budget 7196s
c hydra_satsuma: satsuma-iter+kissat time 3066s / budget 7196s
c hydra_satsuma: satsuma-iter+kissat time 3071s / budget 7196s
c hydra_satsuma: satsuma-iter+kissat time 3076s / budget 7196s
c hydra_satsuma: satsuma-iter+kissat time 3081s / budget 7196s
c hydra_satsuma: satsuma-iter+kissat time 3087s / budget 7196s
c hydra_satsuma: satsuma-iter+kissat time 3092s / budget 7196s
c hydra_satsuma: satsuma-iter+kissat time 3097s / budget 7196s
c hydra_satsuma: satsuma-iter+kissat time 3102s / budget 7196s
c hydra_satsuma: satsuma-iter+kissat time 3107s / budget 7196s
c hydra_satsuma: satsuma-iter+kissat time 3112s / budget 7196s
c hydra_satsuma: satsuma-iter+kissat time 3117s / budget 7196s
c hydra_satsuma: satsuma-iter+kissat time 3122s / budget 7196s
c hydra_satsuma: satsuma-iter+kissat time 3127s / budget 7196s
c hydra_satsuma: satsuma-iter+kissat time 3132s / budget 7196s
c hydra_satsuma: satsuma-iter+kissat time 3138s / budget 7196s
c hydra_satsuma: satsuma-iter+kissat time 3143s / budget 7196s
c hydra_satsuma: satsuma-iter+kissat time 3148s / budget 7196s
c hydra_satsuma: satsuma-iter+kissat time 3153s / budget 7196s
c hydra_satsuma: satsuma-iter+kissat time 3158s / budget 7196s
c hydra_satsuma: satsuma-iter+kissat time 3163s / budget 7196s
c hydra_satsuma: satsuma-iter+kissat time 3168s / budget 7196s
c hydra_satsuma: satsuma-iter+kissat time 3173s / budget 7196s
c hydra_satsuma: satsuma-iter+kissat time 3178s / budget 7196s
c hydra_satsuma: satsuma-iter+kissat time 3183s / budget 7196s
c hydra_satsuma: satsuma-iter+kissat time 3189s / budget 7196s
c hydra_satsuma: satsuma-iter+kissat time 3194s / budget 7196s
c hydra_satsuma: satsuma-iter+kissat time 3199s / budget 7196s
c hydra_satsuma: satsuma-iter+kissat time 3204s / budget 7196s
c hydra_satsuma: satsuma-iter+kissat time 3209s / budget 7196s
c hydra_satsuma: satsuma-iter+kissat time 3214s / budget 7196s
c hydra_satsuma: satsuma-iter+kissat time 3219s / budget 7196s
c hydra_satsuma: satsuma-iter+kissat time 3224s / budget 7196s
c hydra_satsuma: satsuma-iter+kissat time 3229s / budget 7196s
c hydra_satsuma: satsuma-iter+kissat time 3234s / budget 7196s
c hydra_satsuma: satsuma-iter+kissat time 3239s / budget 7196s
c hydra_satsuma: satsuma-iter+kissat time 3245s / budget 7196s
c hydra_satsuma: satsuma-iter+kissat time 3250s / budget 7196s
c hydra_satsuma: satsuma-iter+kissat time 3255s / budget 7196s
c hydra_satsuma: satsuma-iter+kissat time 3260s / budget 7196s
c hydra_satsuma: satsuma-iter+kissat time 3265s / budget 7196s
c hydra_satsuma: satsuma-iter+kissat time 3270s / budget 7196s
c hydra_satsuma: satsuma-iter+kissat time 3275s / budget 7196s
c hydra_satsuma: satsuma-iter+kissat time 3280s / budget 7196s
c hydra_satsuma: satsuma-iter+kissat time 3285s / budget 7196s
c hydra_satsuma: satsuma-iter+kissat time 3290s / budget 7196s
c hydra_satsuma: satsuma-iter+kissat time 3296s / budget 7196s
c hydra_satsuma: satsuma-iter+kissat time 3301s / budget 7196s
c hydra_satsuma: satsuma-iter+kissat time 3306s / budget 7196s
c hydra_satsuma: satsuma-iter+kissat time 3311s / budget 7196s
c hydra_satsuma: satsuma-iter+kissat time 3316s / budget 7196s
c hydra_satsuma: satsuma-iter+kissat time 3321s / budget 7196s
c hydra_satsuma: satsuma-iter+kissat time 3326s / budget 7196s
c hydra_satsuma: satsuma-iter+kissat time 3331s / budget 7196s
c hydra_satsuma: satsuma-iter+kissat time 3336s / budget 7196s
c hydra_satsuma: satsuma-iter+kissat time 3341s / budget 7196s
c hydra_satsuma: satsuma-iter+kissat time 3347s / budget 7196s
c hydra_satsuma: satsuma-iter+kissat time 3352s / budget 7196s
c hydra_satsuma: satsuma-iter+kissat time 3357s / budget 7196s
c hydra_satsuma: satsuma-iter+kissat time 3362s / budget 7196s
c hydra_satsuma: satsuma-iter+kissat time 3367s / budget 7196s
c hydra_satsuma: satsuma-iter+kissat time 3372s / budget 7196s
c hydra_satsuma: satsuma-iter+kissat time 3377s / budget 7196s
c hydra_satsuma: satsuma-iter+kissat time 3382s / budget 7196s
c hydra_satsuma: satsuma-iter+kissat time 3387s / budget 7196s
c hydra_satsuma: satsuma-iter+kissat time 3392s / budget 7196s
c hydra_satsuma: satsuma-iter+kissat time 3397s / budget 7196s
c hydra_satsuma: satsuma-iter+kissat time 3402s / budget 7196s
c hydra_satsuma: satsuma-iter+kissat time 3408s / budget 7196s
c hydra_satsuma: satsuma-iter+kissat time 3413s / budget 7196s
c hydra_satsuma: satsuma-iter+kissat time 3418s / budget 7196s
c hydra_satsuma: satsuma-iter+kissat time 3423s / budget 7196s
c hydra_satsuma: satsuma-iter+kissat time 3428s / budget 7196s
c hydra_satsuma: satsuma-iter+kissat time 3433s / budget 7196s
c hydra_satsuma: satsuma-iter+kissat time 3438s / budget 7196s
c hydra_satsuma: satsuma-iter+kissat time 3443s / budget 7196s
c hydra_satsuma: satsuma-iter+kissat time 3448s / budget 7196s
c hydra_satsuma: satsuma-iter+kissat time 3453s / budget 7196s
c hydra_satsuma: satsuma-iter+kissat time 3458s / budget 7196s
c hydra_satsuma: satsuma-iter+kissat time 3463s / budget 7196s
c hydra_satsuma: satsuma-iter+kissat time 3468s / budget 7196s
c hydra_satsuma: satsuma-iter+kissat time 3474s / budget 7196s
c hydra_satsuma: satsuma-iter+kissat time 3479s / budget 7196s
c hydra_satsuma: satsuma-iter+kissat time 3484s / budget 7196s
c hydra_satsuma: satsuma-iter+kissat time 3489s / budget 7196s
c hydra_satsuma: satsuma-iter+kissat time 3494s / budget 7196s
c hydra_satsuma: satsuma-iter+kissat time 3499s / budget 7196s
c hydra_satsuma: satsuma-iter+kissat time 3504s / budget 7196s
c hydra_satsuma: satsuma-iter+kissat time 3509s / budget 7196s
c hydra_satsuma: satsuma-iter+kissat time 3514s / budget 7196s
c hydra_satsuma: satsuma-iter+kissat time 3519s / budget 7196s
c hydra_satsuma: satsuma-iter+kissat time 3524s / budget 7196s
c hydra_satsuma: satsuma-iter+kissat time 3529s / budget 7196s
c hydra_satsuma: satsuma-iter+kissat time 3534s / budget 7196s
c hydra_satsuma: satsuma-iter+kissat time 3540s / budget 7196s
c hydra_satsuma: satsuma-iter+kissat time 3545s / budget 7196s
c hydra_satsuma: satsuma-iter+kissat time 3550s / budget 7196s
c hydra_satsuma: satsuma-iter+kissat time 3555s / budget 7196s
c hydra_satsuma: satsuma-iter+kissat time 3560s / budget 7196s
c hydra_satsuma: satsuma-iter+kissat time 3565s / budget 7196s
c hydra_satsuma: satsuma-iter+kissat time 3570s / budget 7196s
c hydra_satsuma: satsuma-iter+kissat time 3575s / budget 7196s
c hydra_satsuma: satsuma-iter+kissat time 3580s / budget 7196s
c hydra_satsuma: satsuma-iter+kissat time 3585s / budget 7196s
c hydra_satsuma: satsuma-iter+kissat time 3590s / budget 7196s
c hydra_satsuma: satsuma-iter+kissat time 3595s / budget 7196s
c hydra_satsuma: satsuma-iter+kissat time 3601s / budget 7196s
c hydra_satsuma: satsuma-iter+kissat time 3606s / budget 7196s
c hydra_satsuma: satsuma-iter+kissat time 3611s / budget 7196s
c hydra_satsuma: satsuma-iter+kissat time 3616s / budget 7196s
c hydra_satsuma: satsuma-iter+kissat time 3621s / budget 7196s
c hydra_satsuma: satsuma-iter+kissat time 3626s / budget 7196s
c hydra_satsuma: satsuma-iter+kissat time 3631s / budget 7196s
c hydra_satsuma: satsuma-iter+kissat time 3636s / budget 7196s
c hydra_satsuma: satsuma-iter+kissat time 3641s / budget 7196s
c hydra_satsuma: satsuma-iter+kissat time 3646s / budget 7196s
c hydra_satsuma: satsuma-iter+kissat time 3651s / budget 7196s
c hydra_satsuma: satsuma-iter+kissat time 3656s / budget 7196s
c hydra_satsuma: satsuma-iter+kissat time 3661s / budget 7196s
c hydra_satsuma: satsuma-iter+kissat time 3667s / budget 7196s
c hydra_satsuma: satsuma-iter+kissat time 3672s / budget 7196s
c hydra_satsuma: satsuma-iter+kissat time 3677s / budget 7196s
c hydra_satsuma: satsuma-iter+kissat time 3682s / budget 7196s
c hydra_satsuma: satsuma-iter+kissat time 3687s / budget 7196s
c hydra_satsuma: satsuma-iter+kissat time 3692s / budget 7196s
c hydra_satsuma: satsuma-iter+kissat time 3697s / budget 7196s
c hydra_satsuma: satsuma-iter+kissat time 3702s / budget 7196s
c hydra_satsuma: satsuma-iter+kissat time 3707s / budget 7196s
c hydra_satsuma: satsuma-iter+kissat time 3712s / budget 7196s
c hydra_satsuma: satsuma-iter+kissat time 3717s / budget 7196s
c hydra_satsuma: satsuma-iter+kissat time 3722s / budget 7196s
c hydra_satsuma: satsuma-iter+kissat time 3728s / budget 7196s
c hydra_satsuma: satsuma-iter+kissat time 3733s / budget 7196s
c hydra_satsuma: satsuma-iter+kissat time 3738s / budget 7196s
c hydra_satsuma: satsuma-iter+kissat time 3743s / budget 7196s
c hydra_satsuma: satsuma-iter+kissat time 3748s / budget 7196s
c hydra_satsuma: satsuma-iter+kissat time 3753s / budget 7196s
c hydra_satsuma: satsuma-iter+kissat time 3758s / budget 7196s
c hydra_satsuma: satsuma-iter+kissat time 3763s / budget 7196s
c hydra_satsuma: satsuma-iter+kissat time 3768s / budget 7196s
c hydra_satsuma: satsuma-iter+kissat time 3773s / budget 7196s
c hydra_satsuma: satsuma-iter+kissat time 3778s / budget 7196s
c hydra_satsuma: satsuma-iter+kissat time 3783s / budget 7196s
c hydra_satsuma: satsuma-iter+kissat time 3789s / budget 7196s
c hydra_satsuma: satsuma-iter+kissat time 3794s / budget 7196s
c hydra_satsuma: satsuma-iter+kissat time 3799s / budget 7196s
c hydra_satsuma: satsuma-iter+kissat time 3804s / budget 7196s
c hydra_satsuma: satsuma-iter+kissat time 3809s / budget 7196s
c hydra_satsuma: satsuma-iter+kissat time 3814s / budget 7196s
c hydra_satsuma: satsuma-iter+kissat time 3819s / budget 7196s
c hydra_satsuma: satsuma-iter+kissat time 3824s / budget 7196s
c hydra_satsuma: satsuma-iter+kissat time 3829s / budget 7196s
c hydra_satsuma: satsuma-iter+kissat time 3834s / budget 7196s
c hydra_satsuma: satsuma-iter+kissat time 3839s / budget 7196s
c hydra_satsuma: satsuma-iter+kissat time 3845s / budget 7196s
c hydra_satsuma: satsuma-iter+kissat time 3850s / budget 7196s
c hydra_satsuma: satsuma-iter+kissat time 3855s / budget 7196s
c hydra_satsuma: satsuma-iter+kissat time 3860s / budget 7196s
c hydra_satsuma: satsuma-iter+kissat time 3865s / budget 7196s
c hydra_satsuma: satsuma-iter+kissat time 3870s / budget 7196s
c hydra_satsuma: satsuma-iter+kissat time 3875s / budget 7196s
c hydra_satsuma: satsuma-iter+kissat time 3880s / budget 7196s
c hydra_satsuma: satsuma-iter+kissat time 3885s / budget 7196s
c hydra_satsuma: satsuma-iter+kissat time 3890s / budget 7196s
c hydra_satsuma: satsuma-iter+kissat time 3895s / budget 7196s
c hydra_satsuma: satsuma-iter+kissat time 3900s / budget 7196s
c hydra_satsuma: satsuma-iter+kissat time 3906s / budget 7196s
c hydra_satsuma: satsuma-iter+kissat time 3911s / budget 7196s
c hydra_satsuma: satsuma-iter+kissat time 3916s / budget 7196s
c hydra_satsuma: satsuma-iter+kissat time 3921s / budget 7196s
c hydra_satsuma: satsuma-iter+kissat time 3926s / budget 7196s
c hydra_satsuma: satsuma-iter+kissat time 3931s / budget 7196s
c hydra_satsuma: satsuma-iter+kissat time 3936s / budget 7196s
c hydra_satsuma: satsuma-iter+kissat time 3941s / budget 7196s
c hydra_satsuma: satsuma-iter+kissat time 3946s / budget 7196s
c hydra_satsuma: satsuma-iter+kissat time 3951s / budget 7196s
c hydra_satsuma: satsuma-iter+kissat time 3956s / budget 7196s
c hydra_satsuma: satsuma-iter+kissat time 3961s / budget 7196s
c hydra_satsuma: satsuma-iter+kissat time 3967s / budget 7196s
c hydra_satsuma: satsuma-iter+kissat time 3972s / budget 7196s
c hydra_satsuma: satsuma-iter+kissat time 3977s / budget 7196s
c hydra_satsuma: satsuma-iter+kissat time 3982s / budget 7196s
c hydra_satsuma: satsuma-iter+kissat time 3987s / budget 7196s
c hydra_satsuma: satsuma-iter+kissat time 3992s / budget 7196s
c hydra_satsuma: satsuma-iter+kissat time 3997s / budget 7196s
c hydra_satsuma: satsuma-iter+kissat time 4002s / budget 7196s
c hydra_satsuma: satsuma-iter+kissat time 4007s / budget 7196s
c hydra_satsuma: satsuma-iter+kissat time 4012s / budget 7196s
c hydra_satsuma: satsuma-iter+kissat time 4017s / budget 7196s
c hydra_satsuma: satsuma-iter+kissat time 4022s / budget 7196s
c hydra_satsuma: satsuma-iter+kissat time 4027s / budget 7196s
c hydra_satsuma: satsuma-iter+kissat time 4033s / budget 7196s
c hydra_satsuma: satsuma-iter+kissat time 4038s / budget 7196s
c hydra_satsuma: satsuma-iter+kissat time 4043s / budget 7196s
c hydra_satsuma: satsuma-iter+kissat time 4048s / budget 7196s
c hydra_satsuma: satsuma-iter+kissat time 4053s / budget 7196s
c hydra_satsuma: satsuma-iter+kissat time 4058s / budget 7196s
c hydra_satsuma: satsuma-iter+kissat time 4063s / budget 7196s
c hydra_satsuma: satsuma-iter+kissat time 4068s / budget 7196s
c hydra_satsuma: satsuma-iter+kissat time 4073s / budget 7196s
c hydra_satsuma: satsuma-iter+kissat time 4078s / budget 7196s
c hydra_satsuma: satsuma-iter+kissat time 4083s / budget 7196s
c hydra_satsuma: satsuma-iter+kissat time 4088s / budget 7196s
c hydra_satsuma: satsuma-iter+kissat time 4094s / budget 7196s
c hydra_satsuma: satsuma-iter+kissat time 4099s / budget 7196s
c hydra_satsuma: satsuma-iter+kissat time 4104s / budget 7196s
c hydra_satsuma: satsuma-iter+kissat time 4109s / budget 7196s
c hydra_satsuma: satsuma-iter+kissat time 4114s / budget 7196s
c hydra_satsuma: satsuma-iter+kissat time 4119s / budget 7196s
c hydra_satsuma: satsuma-iter+kissat time 4124s / budget 7196s
c hydra_satsuma: satsuma-iter+kissat time 4129s / budget 7196s
c hydra_satsuma: satsuma-iter+kissat time 4134s / budget 7196s
c hydra_satsuma: satsuma-iter+kissat time 4139s / budget 7196s
c hydra_satsuma: satsuma-iter+kissat time 4144s / budget 7196s
c hydra_satsuma: satsuma-iter+kissat time 4150s / budget 7196s
c hydra_satsuma: satsuma-iter+kissat time 4155s / budget 7196s
c hydra_satsuma: satsuma-iter+kissat time 4160s / budget 7196s
c hydra_satsuma: satsuma-iter+kissat time 4165s / budget 7196s
c hydra_satsuma: satsuma-iter+kissat time 4170s / budget 7196s
c hydra_satsuma: satsuma-iter+kissat time 4175s / budget 7196s
c hydra_satsuma: satsuma-iter+kissat time 4180s / budget 7196s
c hydra_satsuma: satsuma-iter+kissat time 4185s / budget 7196s
c hydra_satsuma: satsuma-iter+kissat time 4190s / budget 7196s
c hydra_satsuma: satsuma-iter+kissat time 4195s / budget 7196s
c hydra_satsuma: satsuma-iter+kissat time 4200s / budget 7196s
c hydra_satsuma: satsuma-iter+kissat time 4205s / budget 7196s
c hydra_satsuma: satsuma-iter+kissat time 4211s / budget 7196s
c hydra_satsuma: satsuma-iter+kissat time 4216s / budget 7196s
c hydra_satsuma: satsuma-iter+kissat time 4221s / budget 7196s
c hydra_satsuma: satsuma-iter+kissat time 4226s / budget 7196s
c hydra_satsuma: satsuma-iter+kissat time 4231s / budget 7196s
c hydra_satsuma: satsuma-iter+kissat time 4236s / budget 7196s
c hydra_satsuma: satsuma-iter+kissat time 4241s / budget 7196s
c hydra_satsuma: satsuma-iter+kissat time 4246s / budget 7196s
c hydra_satsuma: satsuma-iter+kissat time 4251s / budget 7196s
c hydra_satsuma: satsuma-iter+kissat time 4257s / budget 7196s
c hydra_satsuma: satsuma-iter+kissat time 4262s / budget 7196s
c hydra_satsuma: satsuma-iter+kissat time 4267s / budget 7196s
c hydra_satsuma: satsuma-iter+kissat time 4272s / budget 7196s
c hydra_satsuma: satsuma-iter+kissat time 4277s / budget 7196s
c hydra_satsuma: satsuma-iter+kissat time 4282s / budget 7196s
c hydra_satsuma: satsuma-iter+kissat time 4287s / budget 7196s
c hydra_satsuma: satsuma-iter+kissat time 4292s / budget 7196s
c hydra_satsuma: satsuma-iter+kissat time 4297s / budget 7196s
c hydra_satsuma: satsuma-iter+kissat time 4303s / budget 7196s
c hydra_satsuma: satsuma-iter+kissat time 4308s / budget 7196s
c hydra_satsuma: satsuma-iter+kissat time 4313s / budget 7196s
c hydra_satsuma: satsuma-iter+kissat time 4318s / budget 7196s
c hydra_satsuma: satsuma-iter+kissat time 4323s / budget 7196s
c hydra_satsuma: satsuma-iter+kissat time 4328s / budget 7196s
c hydra_satsuma: satsuma-iter+kissat time 4333s / budget 7196s
c hydra_satsuma: satsuma-iter+kissat time 4338s / budget 7196s
c hydra_satsuma: satsuma-iter+kissat time 4343s / budget 7196s
c hydra_satsuma: satsuma-iter+kissat time 4349s / budget 7196s
c hydra_satsuma: satsuma-iter+kissat time 4354s / budget 7196s
c hydra_satsuma: satsuma-iter+kissat time 4359s / budget 7196s
c hydra_satsuma: satsuma-iter+kissat time 4364s / budget 7196s
c hydra_satsuma: satsuma-iter+kissat time 4369s / budget 7196s
c hydra_satsuma: satsuma-iter+kissat time 4374s / budget 7196s
c hydra_satsuma: satsuma-iter+kissat time 4379s / budget 7196s
c hydra_satsuma: satsuma-iter+kissat time 4384s / budget 7196s
c hydra_satsuma: satsuma-iter+kissat time 4389s / budget 7196s
c hydra_satsuma: satsuma-iter+kissat time 4394s / budget 7196s
c hydra_satsuma: satsuma-iter+kissat time 4400s / budget 7196s
c hydra_satsuma: satsuma-iter+kissat time 4405s / budget 7196s
c hydra_satsuma: satsuma-iter+kissat time 4410s / budget 7196s
c hydra_satsuma: satsuma-iter+kissat time 4415s / budget 7196s
c hydra_satsuma: satsuma-iter+kissat time 4420s / budget 7196s
c hydra_satsuma: satsuma-iter+kissat time 4425s / budget 7196s
c hydra_satsuma: satsuma-iter+kissat time 4430s / budget 7196s
c hydra_satsuma: satsuma-iter+kissat time 4435s / budget 7196s
c hydra_satsuma: satsuma-iter+kissat time 4440s / budget 7196s
c hydra_satsuma: satsuma-iter+kissat time 4446s / budget 7196s
c hydra_satsuma: satsuma-iter+kissat time 4451s / budget 7196s
c hydra_satsuma: satsuma-iter+kissat time 4456s / budget 7196s
c hydra_satsuma: satsuma-iter+kissat time 4461s / budget 7196s
c hydra_satsuma: satsuma-iter+kissat time 4466s / budget 7196s
c hydra_satsuma: satsuma-iter+kissat time 4471s / budget 7196s
c hydra_satsuma: satsuma-iter+kissat time 4476s / budget 7196s
c hydra_satsuma: satsuma-iter+kissat time 4481s / budget 7196s
c hydra_satsuma: satsuma-iter+kissat time 4486s / budget 7196s
c hydra_satsuma: satsuma-iter+kissat time 4491s / budget 7196s
c hydra_satsuma: satsuma-iter+kissat time 4497s / budget 7196s
c hydra_satsuma: satsuma-iter+kissat time 4502s / budget 7196s
c hydra_satsuma: satsuma-iter+kissat time 4507s / budget 7196s
c hydra_satsuma: satsuma-iter+kissat time 4512s / budget 7196s
c hydra_satsuma: satsuma-iter+kissat time 4517s / budget 7196s
c hydra_satsuma: satsuma-iter+kissat time 4522s / budget 7196s
c hydra_satsuma: satsuma-iter+kissat time 4527s / budget 7196s
c hydra_satsuma: satsuma-iter+kissat time 4532s / budget 7196s
c hydra_satsuma: satsuma-iter+kissat time 4537s / budget 7196s
c hydra_satsuma: satsuma-iter+kissat time 4542s / budget 7196s
c hydra_satsuma: satsuma-iter+kissat time 4548s / budget 7196s
c hydra_satsuma: satsuma-iter+kissat time 4553s / budget 7196s
c hydra_satsuma: satsuma-iter+kissat time 4558s / budget 7196s
c hydra_satsuma: satsuma-iter+kissat time 4563s / budget 7196s
c hydra_satsuma: satsuma-iter+kissat time 4568s / budget 7196s
c hydra_satsuma: satsuma-iter+kissat time 4573s / budget 7196s
c hydra_satsuma: satsuma-iter+kissat time 4578s / budget 7196s
c hydra_satsuma: satsuma-iter+kissat time 4583s / budget 7196s
c hydra_satsuma: satsuma-iter+kissat time 4588s / budget 7196s
c hydra_satsuma: satsuma-iter+kissat time 4593s / budget 7196s
c hydra_satsuma: satsuma-iter+kissat time 4598s / budget 7196s
c hydra_satsuma: satsuma-iter+kissat time 4604s / budget 7196s
c hydra_satsuma: satsuma-iter+kissat time 4609s / budget 7196s
c hydra_satsuma: satsuma-iter+kissat time 4614s / budget 7196s
c hydra_satsuma: satsuma-iter+kissat time 4619s / budget 7196s
c hydra_satsuma: satsuma-iter+kissat time 4624s / budget 7196s
c hydra_satsuma: satsuma-iter+kissat time 4629s / budget 7196s
c hydra_satsuma: satsuma-iter+kissat time 4634s / budget 7196s
c hydra_satsuma: satsuma-iter+kissat time 4639s / budget 7196s
c hydra_satsuma: satsuma-iter+kissat time 4644s / budget 7196s
c hydra_satsuma: satsuma-iter+kissat time 4649s / budget 7196s
c hydra_satsuma: satsuma-iter+kissat time 4655s / budget 7196s
c hydra_satsuma: satsuma-iter+kissat time 4660s / budget 7196s
c hydra_satsuma: satsuma-iter+kissat time 4665s / budget 7196s
c hydra_satsuma: satsuma-iter+kissat time 4670s / budget 7196s
c hydra_satsuma: satsuma-iter+kissat time 4675s / budget 7196s
c hydra_satsuma: satsuma-iter+kissat time 4680s / budget 7196s
c hydra_satsuma: satsuma-iter+kissat time 4685s / budget 7196s
c hydra_satsuma: satsuma-iter+kissat time 4690s / budget 7196s
c hydra_satsuma: satsuma-iter+kissat time 4695s / budget 7196s
c hydra_satsuma: satsuma-iter+kissat time 4700s / budget 7196s
c hydra_satsuma: satsuma-iter+kissat time 4706s / budget 7196s
c hydra_satsuma: satsuma-iter+kissat time 4711s / budget 7196s
c hydra_satsuma: satsuma-iter+kissat time 4716s / budget 7196s
c hydra_satsuma: satsuma-iter+kissat time 4721s / budget 7196s
c hydra_satsuma: satsuma-iter+kissat time 4726s / budget 7196s
c hydra_satsuma: satsuma-iter+kissat time 4731s / budget 7196s
c hydra_satsuma: satsuma-iter+kissat time 4736s / budget 7196s
c hydra_satsuma: satsuma-iter+kissat time 4741s / budget 7196s
c hydra_satsuma: satsuma-iter+kissat time 4746s / budget 7196s
c hydra_satsuma: satsuma-iter+kissat time 4751s / budget 7196s
c hydra_satsuma: satsuma-iter+kissat time 4756s / budget 7196s
c hydra_satsuma: satsuma-iter+kissat time 4762s / budget 7196s
c hydra_satsuma: satsuma-iter+kissat time 4767s / budget 7196s
c hydra_satsuma: satsuma-iter+kissat time 4772s / budget 7196s
c hydra_satsuma: satsuma-iter+kissat time 4777s / budget 7196s
c hydra_satsuma: satsuma-iter+kissat time 4782s / budget 7196s
c hydra_satsuma: satsuma-iter+kissat time 4787s / budget 7196s
c hydra_satsuma: satsuma-iter+kissat time 4792s / budget 7196s
c hydra_satsuma: satsuma-iter+kissat time 4797s / budget 7196s
c hydra_satsuma: satsuma-iter+kissat time 4802s / budget 7196s
c hydra_satsuma: satsuma-iter+kissat time 4807s / budget 7196s
c hydra_satsuma: satsuma-iter+kissat time 4813s / budget 7196s
c hydra_satsuma: satsuma-iter+kissat time 4818s / budget 7196s
c hydra_satsuma: satsuma-iter+kissat time 4823s / budget 7196s
c hydra_satsuma: satsuma-iter+kissat time 4828s / budget 7196s
c hydra_satsuma: satsuma-iter+kissat time 4833s / budget 7196s
c hydra_satsuma: satsuma-iter+kissat time 4838s / budget 7196s
c hydra_satsuma: satsuma-iter+kissat time 4843s / budget 7196s
c hydra_satsuma: satsuma-iter+kissat time 4848s / budget 7196s
c hydra_satsuma: satsuma-iter+kissat time 4853s / budget 7196s
c hydra_satsuma: satsuma-iter+kissat time 4859s / budget 7196s
c hydra_satsuma: satsuma-iter+kissat time 4864s / budget 7196s
c hydra_satsuma: satsuma-iter+kissat time 4869s / budget 7196s
c hydra_satsuma: satsuma-iter+kissat time 4874s / budget 7196s
c hydra_satsuma: satsuma-iter+kissat time 4879s / budget 7196s
c hydra_satsuma: satsuma-iter+kissat time 4884s / budget 7196s
c hydra_satsuma: satsuma-iter+kissat time 4889s / budget 7196s
c hydra_satsuma: satsuma-iter+kissat time 4894s / budget 7196s
c hydra_satsuma: satsuma-iter+kissat time 4899s / budget 7196s
c hydra_satsuma: satsuma-iter+kissat time 4904s / budget 7196s
c hydra_satsuma: satsuma-iter+kissat time 4910s / budget 7196s
c hydra_satsuma: satsuma-iter+kissat time 4915s / budget 7196s
c hydra_satsuma: satsuma-iter+kissat time 4920s / budget 7196s
c hydra_satsuma: satsuma-iter+kissat time 4925s / budget 7196s
c hydra_satsuma: satsuma-iter+kissat time 4930s / budget 7196s
c hydra_satsuma: satsuma-iter+kissat time 4935s / budget 7196s
c hydra_satsuma: satsuma-iter+kissat time 4940s / budget 7196s
c hydra_satsuma: satsuma-iter+kissat time 4945s / budget 7196s
c hydra_satsuma: satsuma-iter+kissat time 4950s / budget 7196s
c hydra_satsuma: satsuma-iter+kissat time 4955s / budget 7196s
c hydra_satsuma: satsuma-iter+kissat time 4960s / budget 7196s
c hydra_satsuma: satsuma-iter+kissat time 4966s / budget 7196s
c hydra_satsuma: satsuma-iter+kissat time 4971s / budget 7196s
c hydra_satsuma: satsuma-iter+kissat time 4976s / budget 7196s
c hydra_satsuma: satsuma-iter+kissat time 4981s / budget 7196s
c hydra_satsuma: satsuma-iter+kissat time 4986s / budget 7196s
c hydra_satsuma: satsuma-iter+kissat time 4991s / budget 7196s
c hydra_satsuma: satsuma-iter+kissat time 4996s / budget 7196s
c hydra_satsuma: satsuma-iter+kissat time 5001s / budget 7196s
c hydra_satsuma: satsuma-iter+kissat time 5006s / budget 7196s
c hydra_satsuma: satsuma-iter+kissat time 5011s / budget 7196s
c hydra_satsuma: satsuma-iter+kissat time 5017s / budget 7196s
c hydra_satsuma: satsuma-iter+kissat time 5022s / budget 7196s
c hydra_satsuma: satsuma-iter+kissat time 5027s / budget 7196s
c hydra_satsuma: satsuma-iter+kissat time 5032s / budget 7196s
c hydra_satsuma: satsuma-iter+kissat time 5037s / budget 7196s
c hydra_satsuma: satsuma-iter+kissat time 5042s / budget 7196s
c hydra_satsuma: satsuma-iter+kissat time 5047s / budget 7196s
c hydra_satsuma: satsuma-iter+kissat time 5052s / budget 7196s
c hydra_satsuma: satsuma-iter+kissat time 5057s / budget 7196s
c hydra_satsuma: satsuma-iter+kissat time 5062s / budget 7196s
c hydra_satsuma: satsuma-iter+kissat time 5068s / budget 7196s
c hydra_satsuma: satsuma-iter+kissat time 5073s / budget 7196s
c hydra_satsuma: satsuma-iter+kissat time 5078s / budget 7196s
c hydra_satsuma: satsuma-iter+kissat time 5083s / budget 7196s
c hydra_satsuma: satsuma-iter+kissat time 5088s / budget 7196s
c hydra_satsuma: satsuma-iter+kissat time 5093s / budget 7196s
c hydra_satsuma: satsuma-iter+kissat time 5098s / budget 7196s
c hydra_satsuma: satsuma-iter+kissat time 5103s / budget 7196s
c hydra_satsuma: satsuma-iter+kissat time 5108s / budget 7196s
c hydra_satsuma: satsuma-iter+kissat time 5113s / budget 7196s
c hydra_satsuma: satsuma-iter+kissat time 5119s / budget 7196s
c hydra_satsuma: satsuma-iter+kissat time 5124s / budget 7196s
c hydra_satsuma: satsuma-iter+kissat time 5129s / budget 7196s
c hydra_satsuma: satsuma-iter+kissat time 5134s / budget 7196s
c hydra_satsuma: satsuma-iter+kissat time 5139s / budget 7196s
c hydra_satsuma: satsuma-iter+kissat time 5144s / budget 7196s
c hydra_satsuma: satsuma-iter+kissat time 5149s / budget 7196s
c hydra_satsuma: satsuma-iter+kissat time 5154s / budget 7196s
c hydra_satsuma: satsuma-iter+kissat time 5159s / budget 7196s
c hydra_satsuma: satsuma-iter+kissat time 5164s / budget 7196s
c hydra_satsuma: satsuma-iter+kissat time 5169s / budget 7196s
c hydra_satsuma: satsuma-iter+kissat time 5175s / budget 7196s
c hydra_satsuma: satsuma-iter+kissat time 5180s / budget 7196s
c hydra_satsuma: satsuma-iter+kissat time 5185s / budget 7196s
c hydra_satsuma: satsuma-iter+kissat time 5190s / budget 7196s
c hydra_satsuma: satsuma-iter+kissat time 5195s / budget 7196s
c hydra_satsuma: satsuma-iter+kissat time 5200s / budget 7196s
c hydra_satsuma: satsuma-iter+kissat time 5205s / budget 7196s
c hydra_satsuma: satsuma-iter+kissat time 5210s / budget 7196s
c hydra_satsuma: satsuma-iter+kissat time 5215s / budget 7196s
c hydra_satsuma: satsuma-iter+kissat time 5220s / budget 7196s
c hydra_satsuma: satsuma-iter+kissat time 5226s / budget 7196s
c hydra_satsuma: satsuma-iter+kissat time 5231s / budget 7196s
c hydra_satsuma: satsuma-iter+kissat time 5236s / budget 7196s
c hydra_satsuma: satsuma-iter+kissat time 5241s / budget 7196s
c hydra_satsuma: satsuma-iter+kissat time 5246s / budget 7196s
c hydra_satsuma: satsuma-iter+kissat time 5251s / budget 7196s
c hydra_satsuma: satsuma-iter+kissat time 5256s / budget 7196s
c hydra_satsuma: satsuma-iter+kissat time 5261s / budget 7196s
c hydra_satsuma: satsuma-iter+kissat time 5266s / budget 7196s
c hydra_satsuma: satsuma-iter+kissat time 5272s / budget 7196s
c hydra_satsuma: satsuma-iter+kissat time 5277s / budget 7196s
c hydra_satsuma: satsuma-iter+kissat time 5282s / budget 7196s
c hydra_satsuma: satsuma-iter+kissat time 5287s / budget 7196s
c hydra_satsuma: satsuma-iter+kissat time 5292s / budget 7196s
c hydra_satsuma: satsuma-iter+kissat time 5297s / budget 7196s
c hydra_satsuma: satsuma-iter+kissat time 5302s / budget 7196s
c hydra_satsuma: satsuma-iter+kissat time 5307s / budget 7196s
c hydra_satsuma: satsuma-iter+kissat time 5312s / budget 7196s
c hydra_satsuma: satsuma-iter+kissat time 5317s / budget 7196s
c hydra_satsuma: satsuma-iter+kissat time 5323s / budget 7196s
c hydra_satsuma: satsuma-iter+kissat time 5328s / budget 7196s
c hydra_satsuma: satsuma-iter+kissat time 5333s / budget 7196s
c hydra_satsuma: satsuma-iter+kissat time 5338s / budget 7196s
c hydra_satsuma: satsuma-iter+kissat time 5343s / budget 7196s
c hydra_satsuma: satsuma-iter+kissat time 5348s / budget 7196s
c hydra_satsuma: satsuma-iter+kissat time 5353s / budget 7196s
c hydra_satsuma: satsuma-iter+kissat time 5358s / budget 7196s
c hydra_satsuma: satsuma-iter+kissat time 5363s / budget 7196s
c hydra_satsuma: satsuma-iter+kissat time 5368s / budget 7196s
c hydra_satsuma: satsuma-iter+kissat time 5373s / budget 7196s
c hydra_satsuma: satsuma-iter+kissat time 5379s / budget 7196s
c hydra_satsuma: satsuma-iter+kissat time 5384s / budget 7196s
c hydra_satsuma: satsuma-iter+kissat time 5389s / budget 7196s
c hydra_satsuma: satsuma-iter+kissat time 5394s / budget 7196s
c hydra_satsuma: satsuma-iter+kissat time 5399s / budget 7196s
c hydra_satsuma: satsuma-iter+kissat time 5404s / budget 7196s
c hydra_satsuma: satsuma-iter+kissat time 5409s / budget 7196s
c hydra_satsuma: satsuma-iter+kissat time 5414s / budget 7196s
c hydra_satsuma: satsuma-iter+kissat time 5419s / budget 7196s
c hydra_satsuma: satsuma-iter+kissat time 5425s / budget 7196s
c hydra_satsuma: satsuma-iter+kissat time 5430s / budget 7196s
c hydra_satsuma: satsuma-iter+kissat time 5435s / budget 7196s
c hydra_satsuma: satsuma-iter+kissat time 5440s / budget 7196s
c hydra_satsuma: satsuma-iter+kissat time 5445s / budget 7196s
c hydra_satsuma: satsuma-iter+kissat time 5450s / budget 7196s
c hydra_satsuma: satsuma-iter+kissat time 5455s / budget 7196s
c hydra_satsuma: satsuma-iter+kissat time 5460s / budget 7196s
c hydra_satsuma: satsuma-iter+kissat time 5465s / budget 7196s
c hydra_satsuma: satsuma-iter+kissat time 5471s / budget 7196s
c hydra_satsuma: satsuma-iter+kissat time 5476s / budget 7196s
c hydra_satsuma: satsuma-iter+kissat time 5481s / budget 7196s
c hydra_satsuma: satsuma-iter+kissat time 5486s / budget 7196s
c hydra_satsuma: satsuma-iter+kissat time 5491s / budget 7196s
c hydra_satsuma: satsuma-iter+kissat time 5496s / budget 7196s
c hydra_satsuma: satsuma-iter+kissat time 5501s / budget 7196s
c hydra_satsuma: satsuma-iter+kissat time 5506s / budget 7196s
c hydra_satsuma: satsuma-iter+kissat time 5511s / budget 7196s
c hydra_satsuma: satsuma-iter+kissat time 5516s / budget 7196s
c hydra_satsuma: satsuma-iter+kissat time 5522s / budget 7196s
c hydra_satsuma: satsuma-iter+kissat time 5527s / budget 7196s
c hydra_satsuma: satsuma-iter+kissat time 5532s / budget 7196s
c hydra_satsuma: satsuma-iter+kissat time 5537s / budget 7196s
c hydra_satsuma: satsuma-iter+kissat time 5542s / budget 7196s
c hydra_satsuma: satsuma-iter+kissat time 5547s / budget 7196s
c hydra_satsuma: satsuma-iter+kissat time 5552s / budget 7196s
c hydra_satsuma: satsuma-iter+kissat time 5557s / budget 7196s
c hydra_satsuma: satsuma-iter+kissat time 5562s / budget 7196s
c hydra_satsuma: satsuma-iter+kissat time 5567s / budget 7196s
c hydra_satsuma: satsuma-iter+kissat time 5573s / budget 7196s
c hydra_satsuma: satsuma-iter+kissat time 5578s / budget 7196s
c hydra_satsuma: satsuma-iter+kissat time 5583s / budget 7196s
c hydra_satsuma: satsuma-iter+kissat time 5588s / budget 7196s
c hydra_satsuma: satsuma-iter+kissat time 5593s / budget 7196s
c hydra_satsuma: satsuma-iter+kissat time 5598s / budget 7196s
c hydra_satsuma: satsuma-iter+kissat time 5603s / budget 7196s
c hydra_satsuma: satsuma-iter+kissat time 5608s / budget 7196s
c hydra_satsuma: satsuma-iter+kissat time 5613s / budget 7196s
c hydra_satsuma: satsuma-iter+kissat time 5618s / budget 7196s
c hydra_satsuma: satsuma-iter+kissat time 5624s / budget 7196s
c hydra_satsuma: satsuma-iter+kissat time 5629s / budget 7196s
c hydra_satsuma: satsuma-iter+kissat time 5634s / budget 7196s
c hydra_satsuma: satsuma-iter+kissat time 5639s / budget 7196s
c hydra_satsuma: satsuma-iter+kissat time 5644s / budget 7196s
c hydra_satsuma: satsuma-iter+kissat time 5649s / budget 7196s
c hydra_satsuma: satsuma-iter+kissat time 5654s / budget 7196s
c hydra_satsuma: satsuma-iter+kissat time 5659s / budget 7196s
c hydra_satsuma: satsuma-iter+kissat time 5664s / budget 7196s
c hydra_satsuma: satsuma-iter+kissat time 5669s / budget 7196s
c hydra_satsuma: satsuma-iter+kissat time 5675s / budget 7196s
c hydra_satsuma: satsuma-iter+kissat time 5680s / budget 7196s
c hydra_satsuma: satsuma-iter+kissat time 5685s / budget 7196s
c hydra_satsuma: satsuma-iter+kissat time 5690s / budget 7196s
c hydra_satsuma: satsuma-iter+kissat time 5695s / budget 7196s
c hydra_satsuma: satsuma-iter+kissat time 5700s / budget 7196s
c hydra_satsuma: satsuma-iter+kissat time 5705s / budget 7196s
c hydra_satsuma: satsuma-iter+kissat time 5710s / budget 7196s
c hydra_satsuma: satsuma-iter+kissat time 5715s / budget 7196s
c hydra_satsuma: satsuma-iter+kissat time 5720s / budget 7196s
c hydra_satsuma: satsuma-iter+kissat time 5726s / budget 7196s
c hydra_satsuma: satsuma-iter+kissat time 5731s / budget 7196s
c hydra_satsuma: satsuma-iter+kissat time 5736s / budget 7196s
c hydra_satsuma: satsuma-iter+kissat time 5741s / budget 7196s
c hydra_satsuma: satsuma-iter+kissat time 5746s / budget 7196s
c hydra_satsuma: satsuma-iter+kissat time 5751s / budget 7196s
c hydra_satsuma: satsuma-iter+kissat time 5756s / budget 7196s
c hydra_satsuma: satsuma-iter+kissat time 5761s / budget 7196s
c hydra_satsuma: satsuma-iter+kissat time 5766s / budget 7196s
c hydra_satsuma: satsuma-iter+kissat time 5771s / budget 7196s
c hydra_satsuma: satsuma-iter+kissat time 5776s / budget 7196s
c hydra_satsuma: satsuma-iter+kissat time 5782s / budget 7196s
c hydra_satsuma: satsuma-iter+kissat time 5787s / budget 7196s
c hydra_satsuma: satsuma-iter+kissat time 5792s / budget 7196s
c hydra_satsuma: satsuma-iter+kissat time 5797s / budget 7196s
c hydra_satsuma: satsuma-iter+kissat time 5802s / budget 7196s
c hydra_satsuma: satsuma-iter+kissat time 5807s / budget 7196s
c hydra_satsuma: satsuma-iter+kissat time 5812s / budget 7196s
c hydra_satsuma: satsuma-iter+kissat time 5817s / budget 7196s
c hydra_satsuma: satsuma-iter+kissat time 5822s / budget 7196s
c hydra_satsuma: satsuma-iter+kissat time 5827s / budget 7196s
c hydra_satsuma: satsuma-iter+kissat time 5833s / budget 7196s
c hydra_satsuma: satsuma-iter+kissat time 5838s / budget 7196s
c hydra_satsuma: satsuma-iter+kissat time 5843s / budget 7196s
c hydra_satsuma: satsuma-iter+kissat time 5848s / budget 7196s
c hydra_satsuma: satsuma-iter+kissat time 5853s / budget 7196s
c hydra_satsuma: satsuma-iter+kissat time 5858s / budget 7196s
c hydra_satsuma: satsuma-iter+kissat time 5863s / budget 7196s
c hydra_satsuma: satsuma-iter+kissat time 5868s / budget 7196s
c hydra_satsuma: satsuma-iter+kissat time 5873s / budget 7196s
c hydra_satsuma: satsuma-iter+kissat time 5878s / budget 7196s
c hydra_satsuma: satsuma-iter+kissat time 5883s / budget 7196s
c hydra_satsuma: satsuma-iter+kissat time 5889s / budget 7196s
c hydra_satsuma: satsuma-iter+kissat time 5894s / budget 7196s
c hydra_satsuma: satsuma-iter+kissat time 5899s / budget 7196s
c hydra_satsuma: satsuma-iter+kissat time 5904s / budget 7196s
c hydra_satsuma: satsuma-iter+kissat time 5909s / budget 7196s
c hydra_satsuma: satsuma-iter+kissat time 5914s / budget 7196s
c hydra_satsuma: satsuma-iter+kissat time 5919s / budget 7196s
c hydra_satsuma: satsuma-iter+kissat time 5924s / budget 7196s
c hydra_satsuma: satsuma-iter+kissat time 5929s / budget 7196s
c hydra_satsuma: satsuma-iter+kissat time 5934s / budget 7196s
c hydra_satsuma: satsuma-iter+kissat time 5940s / budget 7196s
c hydra_satsuma: satsuma-iter+kissat time 5945s / budget 7196s
c hydra_satsuma: satsuma-iter+kissat time 5950s / budget 7196s
c hydra_satsuma: satsuma-iter+kissat time 5955s / budget 7196s
c hydra_satsuma: satsuma-iter+kissat time 5960s / budget 7196s
c hydra_satsuma: satsuma-iter+kissat time 5965s / budget 7196s
c hydra_satsuma: satsuma-iter+kissat time 5970s / budget 7196s
c hydra_satsuma: satsuma-iter+kissat time 5975s / budget 7196s
c hydra_satsuma: satsuma-iter+kissat time 5980s / budget 7196s
c hydra_satsuma: satsuma-iter+kissat time 5985s / budget 7196s
c hydra_satsuma: satsuma-iter+kissat time 5991s / budget 7196s
c hydra_satsuma: satsuma-iter+kissat time 5996s / budget 7196s
c hydra_satsuma: satsuma-iter+kissat time 6001s / budget 7196s
c hydra_satsuma: satsuma-iter+kissat time 6006s / budget 7196s
c hydra_satsuma: satsuma-iter+kissat time 6011s / budget 7196s
c hydra_satsuma: satsuma-iter+kissat time 6016s / budget 7196s
c hydra_satsuma: satsuma-iter+kissat time 6021s / budget 7196s
c hydra_satsuma: satsuma-iter+kissat time 6026s / budget 7196s
c hydra_satsuma: satsuma-iter+kissat time 6031s / budget 7196s
c hydra_satsuma: satsuma-iter+kissat time 6036s / budget 7196s
c hydra_satsuma: satsuma-iter+kissat time 6041s / budget 7196s
c hydra_satsuma: satsuma-iter+kissat time 6047s / budget 7196s
c hydra_satsuma: satsuma-iter+kissat time 6052s / budget 7196s
c hydra_satsuma: satsuma-iter+kissat time 6057s / budget 7196s
c hydra_satsuma: satsuma-iter+kissat time 6062s / budget 7196s
c hydra_satsuma: satsuma-iter+kissat time 6067s / budget 7196s
c hydra_satsuma: satsuma-iter+kissat time 6072s / budget 7196s
c hydra_satsuma: satsuma-iter+kissat time 6077s / budget 7196s
c hydra_satsuma: satsuma-iter+kissat time 6082s / budget 7196s
c hydra_satsuma: satsuma-iter+kissat time 6087s / budget 7196s
c hydra_satsuma: satsuma-iter+kissat time 6092s / budget 7196s
c hydra_satsuma: satsuma-iter+kissat time 6098s / budget 7196s
c hydra_satsuma: satsuma-iter+kissat time 6103s / budget 7196s
c hydra_satsuma: satsuma-iter+kissat time 6108s / budget 7196s
c hydra_satsuma: satsuma-iter+kissat time 6113s / budget 7196s
c hydra_satsuma: satsuma-iter+kissat time 6118s / budget 7196s
c hydra_satsuma: satsuma-iter+kissat time 6123s / budget 7196s
c hydra_satsuma: satsuma-iter+kissat time 6128s / budget 7196s
c hydra_satsuma: satsuma-iter+kissat time 6133s / budget 7196s
c hydra_satsuma: satsuma-iter+kissat time 6138s / budget 7196s
c hydra_satsuma: satsuma-iter+kissat time 6143s / budget 7196s
c hydra_satsuma: satsuma-iter+kissat time 6148s / budget 7196s
c hydra_satsuma: satsuma-iter+kissat time 6154s / budget 7196s
c hydra_satsuma: satsuma-iter+kissat time 6159s / budget 7196s
c hydra_satsuma: satsuma-iter+kissat time 6164s / budget 7196s
c hydra_satsuma: satsuma-iter+kissat time 6169s / budget 7196s
c hydra_satsuma: satsuma-iter+kissat time 6174s / budget 7196s
c hydra_satsuma: satsuma-iter+kissat time 6179s / budget 7196s
c hydra_satsuma: satsuma-iter+kissat time 6184s / budget 7196s
c hydra_satsuma: satsuma-iter+kissat time 6189s / budget 7196s
c hydra_satsuma: satsuma-iter+kissat time 6194s / budget 7196s
c hydra_satsuma: satsuma-iter+kissat time 6199s / budget 7196s
c hydra_satsuma: satsuma-iter+kissat time 6204s / budget 7196s
c hydra_satsuma: satsuma-iter+kissat time 6210s / budget 7196s
c hydra_satsuma: satsuma-iter+kissat time 6215s / budget 7196s
c hydra_satsuma: satsuma-iter+kissat time 6220s / budget 7196s
c hydra_satsuma: satsuma-iter+kissat time 6225s / budget 7196s
c hydra_satsuma: satsuma-iter+kissat time 6230s / budget 7196s
c hydra_satsuma: satsuma-iter+kissat time 6235s / budget 7196s
c hydra_satsuma: satsuma-iter+kissat time 6240s / budget 7196s
c hydra_satsuma: satsuma-iter+kissat time 6245s / budget 7196s
c hydra_satsuma: satsuma-iter+kissat time 6250s / budget 7196s
c hydra_satsuma: satsuma-iter+kissat time 6255s / budget 7196s
c hydra_satsuma: satsuma-iter+kissat time 6261s / budget 7196s
c hydra_satsuma: satsuma-iter+kissat time 6266s / budget 7196s
c hydra_satsuma: satsuma-iter+kissat time 6271s / budget 7196s
c hydra_satsuma: satsuma-iter+kissat time 6276s / budget 7196s
c hydra_satsuma: satsuma-iter+kissat time 6281s / budget 7196s
c hydra_satsuma: satsuma-iter+kissat time 6286s / budget 7196s
c hydra_satsuma: satsuma-iter+kissat time 6291s / budget 7196s
c hydra_satsuma: satsuma-iter+kissat time 6296s / budget 7196s
c hydra_satsuma: satsuma-iter+kissat time 6301s / budget 7196s
c hydra_satsuma: satsuma-iter+kissat time 6307s / budget 7196s
c hydra_satsuma: satsuma-iter+kissat time 6312s / budget 7196s
c hydra_satsuma: satsuma-iter+kissat time 6317s / budget 7196s
c hydra_satsuma: satsuma-iter+kissat time 6322s / budget 7196s
c hydra_satsuma: satsuma-iter+kissat time 6327s / budget 7196s
c hydra_satsuma: satsuma-iter+kissat time 6332s / budget 7196s
c hydra_satsuma: satsuma-iter+kissat time 6337s / budget 7196s
c hydra_satsuma: satsuma-iter+kissat time 6342s / budget 7196s
c hydra_satsuma: satsuma-iter+kissat time 6347s / budget 7196s
c hydra_satsuma: satsuma-iter+kissat time 6352s / budget 7196s
c hydra_satsuma: satsuma-iter+kissat time 6358s / budget 7196s
c hydra_satsuma: satsuma-iter+kissat time 6363s / budget 7196s
c hydra_satsuma: satsuma-iter+kissat time 6368s / budget 7196s
c hydra_satsuma: satsuma-iter+kissat time 6373s / budget 7196s
c hydra_satsuma: satsuma-iter+kissat time 6378s / budget 7196s
c hydra_satsuma: satsuma-iter+kissat time 6383s / budget 7196s
c hydra_satsuma: satsuma-iter+kissat time 6388s / budget 7196s
c hydra_satsuma: satsuma-iter+kissat time 6393s / budget 7196s
c hydra_satsuma: satsuma-iter+kissat time 6398s / budget 7196s
c hydra_satsuma: satsuma-iter+kissat time 6404s / budget 7196s
c hydra_satsuma: satsuma-iter+kissat time 6409s / budget 7196s
c hydra_satsuma: satsuma-iter+kissat time 6414s / budget 7196s
c hydra_satsuma: satsuma-iter+kissat time 6419s / budget 7196s
c hydra_satsuma: satsuma-iter+kissat time 6424s / budget 7196s
c hydra_satsuma: satsuma-iter+kissat time 6429s / budget 7196s
c hydra_satsuma: satsuma-iter+kissat time 6434s / budget 7196s
c hydra_satsuma: satsuma-iter+kissat time 6439s / budget 7196s
c hydra_satsuma: satsuma-iter+kissat time 6444s / budget 7196s
c hydra_satsuma: satsuma-iter+kissat time 6449s / budget 7196s
c hydra_satsuma: satsuma-iter+kissat time 6455s / budget 7196s
c hydra_satsuma: satsuma-iter+kissat time 6460s / budget 7196s
c hydra_satsuma: satsuma-iter+kissat time 6465s / budget 7196s
c hydra_satsuma: satsuma-iter+kissat time 6470s / budget 7196s
c hydra_satsuma: satsuma-iter+kissat time 6475s / budget 7196s
c hydra_satsuma: satsuma-iter+kissat time 6480s / budget 7196s
c hydra_satsuma: satsuma-iter+kissat time 6485s / budget 7196s
c hydra_satsuma: satsuma-iter+kissat time 6490s / budget 7196s
c hydra_satsuma: satsuma-iter+kissat time 6495s / budget 7196s
c hydra_satsuma: satsuma-iter+kissat time 6500s / budget 7196s
c hydra_satsuma: satsuma-iter+kissat time 6505s / budget 7196s
c hydra_satsuma: satsuma-iter+kissat time 6511s / budget 7196s
c hydra_satsuma: satsuma-iter+kissat time 6516s / budget 7196s
c hydra_satsuma: satsuma-iter+kissat time 6521s / budget 7196s
c hydra_satsuma: satsuma-iter+kissat time 6526s / budget 7196s
c hydra_satsuma: satsuma-iter+kissat time 6531s / budget 7196s
c hydra_satsuma: satsuma-iter+kissat time 6536s / budget 7196s
c hydra_satsuma: satsuma-iter+kissat time 6541s / budget 7196s
c hydra_satsuma: satsuma-iter+kissat time 6546s / budget 7196s
c hydra_satsuma: satsuma-iter+kissat time 6551s / budget 7196s
c hydra_satsuma: satsuma-iter+kissat time 6556s / budget 7196s
c hydra_satsuma: satsuma-iter+kissat time 6562s / budget 7196s
c hydra_satsuma: satsuma-iter+kissat time 6567s / budget 7196s
c hydra_satsuma: satsuma-iter+kissat time 6572s / budget 7196s
c hydra_satsuma: satsuma-iter+kissat time 6577s / budget 7196s
c hydra_satsuma: satsuma-iter+kissat time 6582s / budget 7196s
c hydra_satsuma: satsuma-iter+kissat time 6587s / budget 7196s
c hydra_satsuma: satsuma-iter+kissat time 6592s / budget 7196s
c hydra_satsuma: satsuma-iter+kissat time 6597s / budget 7196s
c hydra_satsuma: satsuma-iter+kissat time 6602s / budget 7196s
c hydra_satsuma: satsuma-iter+kissat time 6607s / budget 7196s
c hydra_satsuma: satsuma-iter+kissat time 6613s / budget 7196s
c hydra_satsuma: satsuma-iter+kissat time 6618s / budget 7196s
c hydra_satsuma: satsuma-iter+kissat time 6623s / budget 7196s
c hydra_satsuma: satsuma-iter+kissat time 6628s / budget 7196s
c hydra_satsuma: satsuma-iter+kissat time 6633s / budget 7196s
c hydra_satsuma: satsuma-iter+kissat time 6638s / budget 7196s
c hydra_satsuma: satsuma-iter+kissat time 6643s / budget 7196s
c hydra_satsuma: satsuma-iter+kissat time 6648s / budget 7196s
c hydra_satsuma: satsuma-iter+kissat time 6653s / budget 7196s
c hydra_satsuma: satsuma-iter+kissat time 6658s / budget 7196s
c hydra_satsuma: satsuma-iter+kissat time 6663s / budget 7196s
c hydra_satsuma: satsuma-iter+kissat time 6669s / budget 7196s
c hydra_satsuma: satsuma-iter+kissat time 6674s / budget 7196s
c hydra_satsuma: satsuma-iter+kissat time 6679s / budget 7196s
c hydra_satsuma: satsuma-iter+kissat time 6684s / budget 7196s
c hydra_satsuma: satsuma-iter+kissat time 6689s / budget 7196s
c hydra_satsuma: satsuma-iter+kissat time 6694s / budget 7196s
c hydra_satsuma: satsuma-iter+kissat time 6699s / budget 7196s
c hydra_satsuma: satsuma-iter+kissat time 6704s / budget 7196s
c hydra_satsuma: satsuma-iter+kissat time 6709s / budget 7196s
c hydra_satsuma: satsuma-iter+kissat time 6714s / budget 7196s
c hydra_satsuma: satsuma-iter+kissat time 6720s / budget 7196s
c hydra_satsuma: satsuma-iter+kissat time 6725s / budget 7196s
c hydra_satsuma: satsuma-iter+kissat time 6730s / budget 7196s
c hydra_satsuma: satsuma-iter+kissat time 6735s / budget 7196s
c hydra_satsuma: satsuma-iter+kissat time 6740s / budget 7196s
c hydra_satsuma: satsuma-iter+kissat time 6745s / budget 7196s
c hydra_satsuma: satsuma-iter+kissat time 6750s / budget 7196s
c hydra_satsuma: satsuma-iter+kissat time 6755s / budget 7196s
c hydra_satsuma: satsuma-iter+kissat time 6760s / budget 7196s
c hydra_satsuma: satsuma-iter+kissat time 6765s / budget 7196s
c hydra_satsuma: satsuma-iter+kissat time 6770s / budget 7196s
c hydra_satsuma: satsuma-iter+kissat time 6776s / budget 7196s
c hydra_satsuma: satsuma-iter+kissat time 6781s / budget 7196s
c hydra_satsuma: satsuma-iter+kissat time 6786s / budget 7196s
c hydra_satsuma: satsuma-iter+kissat time 6791s / budget 7196s
c hydra_satsuma: satsuma-iter+kissat time 6796s / budget 7196s
c hydra_satsuma: satsuma-iter+kissat time 6801s / budget 7196s
c hydra_satsuma: satsuma-iter+kissat time 6806s / budget 7196s
c hydra_satsuma: satsuma-iter+kissat time 6811s / budget 7196s
c hydra_satsuma: satsuma-iter+kissat time 6816s / budget 7196s
c hydra_satsuma: satsuma-iter+kissat time 6821s / budget 7196s
c hydra_satsuma: satsuma-iter+kissat time 6827s / budget 7196s
c hydra_satsuma: satsuma-iter+kissat time 6832s / budget 7196s
c hydra_satsuma: satsuma-iter+kissat time 6837s / budget 7196s
c hydra_satsuma: satsuma-iter+kissat time 6842s / budget 7196s
c hydra_satsuma: satsuma-iter+kissat time 6847s / budget 7196s
c hydra_satsuma: satsuma-iter+kissat time 6852s / budget 7196s
c hydra_satsuma: satsuma-iter+kissat time 6857s / budget 7196s
c hydra_satsuma: satsuma-iter+kissat time 6862s / budget 7196s
c hydra_satsuma: satsuma-iter+kissat time 6867s / budget 7196s
c hydra_satsuma: satsuma-iter+kissat time 6872s / budget 7196s
c hydra_satsuma: satsuma-iter+kissat time 6878s / budget 7196s
c hydra_satsuma: satsuma-iter+kissat time 6883s / budget 7196s
c hydra_satsuma: satsuma-iter+kissat time 6888s / budget 7196s
c hydra_satsuma: satsuma-iter+kissat time 6893s / budget 7196s
c hydra_satsuma: satsuma-iter+kissat time 6898s / budget 7196s
c hydra_satsuma: satsuma-iter+kissat time 6903s / budget 7196s
c hydra_satsuma: satsuma-iter+kissat time 6908s / budget 7196s
c hydra_satsuma: satsuma-iter+kissat time 6913s / budget 7196s
c hydra_satsuma: satsuma-iter+kissat time 6918s / budget 7196s
c hydra_satsuma: satsuma-iter+kissat time 6923s / budget 7196s
c hydra_satsuma: satsuma-iter+kissat time 6929s / budget 7196s
c hydra_satsuma: satsuma-iter+kissat time 6934s / budget 7196s
c hydra_satsuma: satsuma-iter+kissat time 6939s / budget 7196s
c hydra_satsuma: satsuma-iter+kissat time 6944s / budget 7196s
c hydra_satsuma: satsuma-iter+kissat time 6949s / budget 7196s
c hydra_satsuma: satsuma-iter+kissat time 6954s / budget 7196s
c hydra_satsuma: satsuma-iter+kissat time 6959s / budget 7196s
c hydra_satsuma: satsuma-iter+kissat time 6964s / budget 7196s
c hydra_satsuma: satsuma-iter+kissat time 6969s / budget 7196s
c hydra_satsuma: satsuma-iter+kissat time 6974s / budget 7196s
c hydra_satsuma: satsuma-iter+kissat time 6980s / budget 7196s
c hydra_satsuma: satsuma-iter+kissat time 6985s / budget 7196s
c hydra_satsuma: satsuma-iter+kissat time 6990s / budget 7196s
c hydra_satsuma: satsuma-iter+kissat time 6995s / budget 7196s
c hydra_satsuma: satsuma-iter+kissat time 7000s / budget 7196s
c hydra_satsuma: satsuma-iter+kissat time 7005s / budget 7196s
c hydra_satsuma: satsuma-iter+kissat time 7010s / budget 7196s
c hydra_satsuma: satsuma-iter+kissat time 7015s / budget 7196s
c hydra_satsuma: satsuma-iter+kissat time 7020s / budget 7196s
c hydra_satsuma: satsuma-iter+kissat time 7025s / budget 7196s
c hydra_satsuma: satsuma-iter+kissat time 7030s / budget 7196s
c hydra_satsuma: satsuma-iter+kissat time 7035s / budget 7196s
c hydra_satsuma: satsuma-iter+kissat time 7041s / budget 7196s
c hydra_satsuma: satsuma-iter+kissat time 7046s / budget 7196s
c hydra_satsuma: satsuma-iter+kissat time 7051s / budget 7196s
c hydra_satsuma: satsuma-iter+kissat time 7056s / budget 7196s
c hydra_satsuma: satsuma-iter+kissat time 7061s / budget 7196s
c hydra_satsuma: satsuma-iter+kissat time 7066s / budget 7196s
c hydra_satsuma: satsuma-iter+kissat time 7071s / budget 7196s
c hydra_satsuma: satsuma-iter+kissat time 7076s / budget 7196s
c hydra_satsuma: satsuma-iter+kissat time 7081s / budget 7196s
c hydra_satsuma: satsuma-iter+kissat time 7086s / budget 7196s
c hydra_satsuma: satsuma-iter+kissat time 7091s / budget 7196s
c hydra_satsuma: satsuma-iter+kissat time 7097s / budget 7196s
c hydra_satsuma: satsuma-iter+kissat time 7102s / budget 7196s
c hydra_satsuma: satsuma-iter+kissat time 7107s / budget 7196s
c hydra_satsuma: satsuma-iter+kissat time 7112s / budget 7196s
c hydra_satsuma: satsuma-iter+kissat time 7117s / budget 7196s
c hydra_satsuma: satsuma-iter+kissat time 7122s / budget 7196s
c hydra_satsuma: satsuma-iter+kissat time 7127s / budget 7196s
c hydra_satsuma: satsuma-iter+kissat time 7132s / budget 7196s
c hydra_satsuma: satsuma-iter+kissat time 7137s / budget 7196s
c hydra_satsuma: satsuma-iter+kissat time 7142s / budget 7196s
c hydra_satsuma: satsuma-iter+kissat time 7148s / budget 7196s
c hydra_satsuma: satsuma-iter+kissat time 7153s / budget 7196s
c hydra_satsuma: satsuma-iter+kissat time 7158s / budget 7196s
c hydra_satsuma: satsuma-iter+kissat time 7163s / budget 7196s
c hydra_satsuma: satsuma-iter+kissat time 7168s / budget 7196s
c hydra_satsuma: satsuma-iter+kissat time 7173s / budget 7196s
c hydra_satsuma: satsuma-iter+kissat time 7178s / budget 7196s
c hydra_satsuma: satsuma-iter+kissat time 7183s / budget 7196s
c hydra_satsuma: satsuma-iter+kissat time 7188s / budget 7196s
c hydra_satsuma: satsuma-iter+kissat time 7194s / budget 7196s
c hydra_satsuma: satsuma-iter+kissat time 7199s / budget 7196s
c hydra_satsuma: satsuma-iter+kissat time 7204s / budget 7196s
c TIMEOUT after 7205083.4ms
c hydra_satsuma: satsuma-iter+kissat reached no verdict (timeout/unknown; includes an in-container OOM kill under --satsuma-mem-gb)
c hydra_satsuma: container-out: c Running satsuma on /work/f.cnf
