symmetry tables built (0.0s); sandwich action verified on the tensor
k=9: PROVED val >= 9  (+0.00s, 1 nodes total, 1 states)
k=10: PROVED val >= 10  (+0.00s, 2 nodes total, 1 states)
k=11: PROVED val >= 11  (+0.00s, 2 nodes total, 1 states)
k=12: PROVED val >= 12  (+0.00s, 2 nodes total, 1 states)
k=13: PROVED val >= 13  (+0.00s, 2 nodes total, 1 states)
k=14: PROVED val >= 14  (+0.00s, 2 nodes total, 1 states)
k=15: PROVED val >= 15  (+0.04s, 13 nodes total, 11 states)
c heartbeat 300s: nodes 86724 states 75622 failed 58072 forms 389066 hits 5844665
c heartbeat 600s: nodes 173300 states 148387 failed 125741 forms 726876 hits 13046392
c heartbeat 900s: nodes 247433 states 212253 failed 185969 forms 1087436 hits 21244000
c heartbeat 1200s: nodes 335289 states 290753 failed 250655 forms 1564345 hits 34775550
c heartbeat 1500s: nodes 409226 states 356651 failed 302840 forms 1913710 hits 44173325
c heartbeat 1800s: nodes 429040 states 372849 failed 319799 forms 2000840 hits 45759247
c heartbeat 2100s: nodes 463022 states 402863 failed 345284 forms 2206352 hits 50799541
c heartbeat 2400s: nodes 543703 states 477373 failed 391800 forms 2562030 hits 57776138
c heartbeat 2700s: nodes 588708 states 518714 failed 418695 forms 2763630 hits 62015831
k=16: PROVED val >= 16  (+2880.17s, 592925 nodes total, 522401 states)
c heartbeat 3000s: nodes 638387 states 555637 failed 461573 forms 2964649 hits 66545332
c heartbeat 3300s: nodes 746257 states 642560 failed 548159 forms 3476572 hits 84247970
c heartbeat 3600s: nodes 864857 states 739984 failed 634499 forms 3988725 hits 97760792
c heartbeat 3900s: nodes 975672 states 833774 failed 715950 forms 4472928 hits 110427145
c heartbeat 4200s: nodes 1074760 states 922979 failed 785610 forms 4979435 hits 125757767
c heartbeat 4500s: nodes 1172741 states 1008997 failed 855781 forms 5479174 hits 140263185
c heartbeat 4800s: nodes 1265742 states 1091935 failed 920196 forms 6012833 hits 156277875
c heartbeat 5100s: nodes 1358263 states 1175908 failed 984352 forms 6584308 hits 174754804
c heartbeat 5400s: nodes 1461429 states 1270239 failed 1050858 forms 7060936 hits 186999585
c heartbeat 5700s: nodes 1565815 states 1366361 failed 1115632 forms 7575116 hits 200839706
c heartbeat 6000s: nodes 1667654 states 1459307 failed 1183729 forms 8114022 hits 214324896
c heartbeat 6300s: nodes 1765887 states 1550848 failed 1241319 forms 8723638 hits 231898215
c heartbeat 6600s: nodes 1864538 states 1641400 failed 1299999 forms 9378388 hits 250950367
c heartbeat 6900s: nodes 1988395 states 1751674 failed 1381200 forms 9953696 hits 262772661
c heartbeat 7200s: nodes 2111349 states 1864094 failed 1452446 forms 10514170 hits 274211641
c heartbeat 7500s: nodes 2231688 states 1975739 failed 1512567 forms 11101888 hits 288594582
c heartbeat 7800s: nodes 2342648 states 2074263 failed 1584379 forms 11709908 hits 303712413
c heartbeat 8100s: nodes 2458192 states 2176860 failed 1662485 forms 12266103 hits 315870124
c heartbeat 8400s: nodes 2565293 states 2274426 failed 1733761 forms 12744416 hits 326606961
c heartbeat 8700s: nodes 2668881 states 2371023 failed 1801278 forms 13255668 hits 338825121
c heartbeat 9000s: nodes 2767396 states 2462191 failed 1865377 forms 13766101 hits 351487632
c heartbeat 9300s: nodes 2870187 states 2558370 failed 1931981 forms 14286562 hits 364872597
c heartbeat 9600s: nodes 2974675 states 2656749 failed 1997303 forms 14834935 hits 380075618
c heartbeat 9900s: nodes 3081458 states 2757565 failed 2060560 forms 15415559 hits 395924722
c heartbeat 10200s: nodes 3181893 states 2851761 failed 2127740 forms 15972660 hits 409727503
c heartbeat 10500s: nodes 3282857 states 2947778 failed 2189969 forms 16512858 hits 422648444
c heartbeat 10800s: nodes 3391714 states 3051710 failed 2252722 forms 17082314 hits 435752166
c heartbeat 11100s: nodes 3495606 states 3151332 failed 2314607 forms 17684472 hits 451200612
c heartbeat 11400s: nodes 3603324 states 3253975 failed 2376676 forms 18290640 hits 465625240
c heartbeat 11700s: nodes 3701439 states 3347948 failed 2433911 forms 18876809 hits 480549500
c heartbeat 12000s: nodes 3800918 states 3443183 failed 2491084 forms 19486223 hits 498179261
c heartbeat 12300s: nodes 3902176 states 3540729 failed 2547965 forms 20132395 hits 515814364
c heartbeat 12600s: nodes 3995772 states 3629995 failed 2599762 forms 20719126 hits 531543301
c heartbeat 12900s: nodes 4094895 states 3723814 failed 2656009 forms 21303552 hits 546555923
c heartbeat 13200s: nodes 4194704 states 3817854 failed 2714819 forms 21887619 hits 561579945
c heartbeat 13500s: nodes 4294698 states 3912998 failed 2776116 forms 22469432 hits 576764380
c heartbeat 13800s: nodes 4389151 states 4003287 failed 2828683 forms 23076420 hits 593534088
c heartbeat 14100s: nodes 4489174 states 4098591 failed 2887604 forms 23729891 hits 612323140
c heartbeat 14400s: nodes 4590419 states 4195001 failed 2942179 forms 24386159 hits 632992313
c heartbeat 14700s: nodes 4699416 states 4298916 failed 2997079 forms 25063901 hits 652095511
c heartbeat 15000s: nodes 4801274 states 4395586 failed 3054138 forms 25760237 hits 672582786
c heartbeat 15300s: nodes 4903648 states 4492922 failed 3111659 forms 26484431 hits 695830007
c heartbeat 15600s: nodes 4995465 states 4579902 failed 3173724 forms 27083811 hits 711585853
c heartbeat 15900s: nodes 5094137 states 4673802 failed 3238383 forms 27697894 hits 726254309
c heartbeat 16200s: nodes 5175660 states 4751646 failed 3292522 forms 28220202 hits 738404601
c heartbeat 16500s: nodes 5274132 states 4845693 failed 3347063 forms 28793353 hits 751476865
c heartbeat 16800s: nodes 5373757 states 4940463 failed 3404758 forms 29404917 hits 765890259
c heartbeat 17100s: nodes 5475765 states 5037842 failed 3461250 forms 30036422 hits 780692297
c heartbeat 17400s: nodes 5574970 states 5133119 failed 3519826 forms 30699539 hits 796666588
c heartbeat 17700s: nodes 5668543 states 5222499 failed 3571883 forms 31304094 hits 811916347
c heartbeat 18000s: nodes 5765254 states 5314517 failed 3627144 forms 31936060 hits 828045095
c heartbeat 18300s: nodes 5869878 states 5414295 failed 3687513 forms 32594713 hits 843438391
c heartbeat 18600s: nodes 5970425 states 5510219 failed 3743671 forms 33251415 hits 860031304
c heartbeat 18900s: nodes 6069234 states 5605169 failed 3793197 forms 33814833 hits 874249974
c heartbeat 19200s: nodes 6171311 states 5703048 failed 3844754 forms 34413009 hits 888976263
c heartbeat 19500s: nodes 6270921 states 5798576 failed 3896521 forms 34993498 hits 903152857
c heartbeat 19800s: nodes 6385500 states 5909201 failed 3955113 forms 35692926 hits 919972341
c heartbeat 20100s: nodes 6500289 states 6019469 failed 4009180 forms 36363534 hits 937495088
c heartbeat 20400s: nodes 6620298 states 6133579 failed 4069711 forms 37019972 hits 955325040
c heartbeat 20700s: nodes 6739341 states 6249237 failed 4122199 forms 37680893 hits 973556099
c heartbeat 21000s: nodes 6821939 states 6329244 failed 4167200 forms 38228776 hits 989828724
c heartbeat 21300s: nodes 6935458 states 6439523 failed 4213671 forms 38945365 hits 1009728042
c heartbeat 21600s: nodes 7039049 states 6540057 failed 4257153 forms 39659486 hits 1031443623
c heartbeat 21900s: nodes 7149631 states 6646575 failed 4305137 forms 40395735 hits 1051998228
c heartbeat 22200s: nodes 7243719 states 6735969 failed 4357439 forms 41103086 hits 1075295385
c heartbeat 22500s: nodes 7350151 states 6838700 failed 4403306 forms 41843433 hits 1099638299
c heartbeat 22800s: nodes 7462291 states 6946563 failed 4460903 forms 42532556 hits 1117231847
c heartbeat 23100s: nodes 7576760 states 7057903 failed 4500359 forms 43356086 hits 1139251367
c heartbeat 23400s: nodes 7693053 states 7165886 failed 4561058 forms 43993408 hits 1156699170
c heartbeat 23700s: nodes 7798182 states 7263264 failed 4623823 forms 44563837 hits 1173293370
c heartbeat 24000s: nodes 7897778 states 7356321 failed 4683032 forms 45144794 hits 1190490830
c heartbeat 24300s: nodes 7994498 states 7447835 failed 4739179 forms 45762978 hits 1210991347
c heartbeat 24600s: nodes 8096459 states 7543776 failed 4794366 forms 46382296 hits 1231265150
c heartbeat 24900s: nodes 8197700 states 7634481 failed 4860010 forms 47020823 hits 1252509410
c heartbeat 25200s: nodes 8297850 states 7727354 failed 4920334 forms 47588427 hits 1268436368
c heartbeat 25500s: nodes 8422129 states 7842367 failed 4989203 forms 48166275 hits 1282471184
c heartbeat 25800s: nodes 8552303 states 7966326 failed 5049983 forms 48798266 hits 1300024730
c heartbeat 26100s: nodes 8681618 states 8086869 failed 5114073 forms 49477008 hits 1318056901
c heartbeat 26400s: nodes 8789870 states 8186779 failed 5178368 forms 50119381 hits 1337160667
c heartbeat 26700s: nodes 8899331 states 8287816 failed 5246105 forms 50745264 hits 1354098237
c heartbeat 27000s: nodes 9007546 states 8388727 failed 5310749 forms 51353700 hits 1372264612
c heartbeat 27300s: nodes 9105970 states 8480468 failed 5370948 forms 51947779 hits 1390981996
c heartbeat 27600s: nodes 9217840 states 8584814 failed 5431737 forms 52571047 hits 1408575693
c heartbeat 27900s: nodes 9323123 states 8680081 failed 5502267 forms 53241375 hits 1427982248
c heartbeat 28200s: nodes 9417421 states 8767689 failed 5570470 forms 53813443 hits 1445571785
c heartbeat 28500s: nodes 9516315 states 8860260 failed 5637604 forms 54398142 hits 1462883005
c heartbeat 28800s: nodes 9615651 states 8954809 failed 5698144 forms 55005856 hits 1481611772
c heartbeat 29100s: nodes 9709740 states 9043620 failed 5758843 forms 55577614 hits 1498954145
c heartbeat 29400s: nodes 9804611 states 9133860 failed 5821104 forms 56167215 hits 1517341347
c heartbeat 29700s: nodes 9898857 states 9224426 failed 5881466 forms 56782962 hits 1536048350
c heartbeat 30001s: nodes 9993232 states 9314791 failed 5939667 forms 57397932 hits 1554742575
c heartbeat 30301s: nodes 10096562 states 9411632 failed 6007903 forms 58011856 hits 1571682723
c heartbeat 30601s: nodes 10190495 states 9501304 failed 6066178 forms 58627130 hits 1590580076
c heartbeat 30901s: nodes 10280556 states 9585053 failed 6124014 forms 59196414 hits 1606877875
c heartbeat 31201s: nodes 10381100 states 9678919 failed 6187617 forms 59780836 hits 1622976559
c heartbeat 31501s: nodes 10491067 states 9783716 failed 6248232 forms 60372599 hits 1638958618
c heartbeat 31801s: nodes 10586636 states 9874926 failed 6306505 forms 60960255 hits 1655448770
c heartbeat 32101s: nodes 10688868 states 9974670 failed 6358651 forms 61613620 hits 1675125059
c heartbeat 32401s: nodes 10791722 states 10073568 failed 6415017 forms 62221637 hits 1693860504
c heartbeat 32701s: nodes 10903339 states 10181686 failed 6468941 forms 62832955 hits 1712306183
c heartbeat 33001s: nodes 11018940 states 10292418 failed 6525203 forms 63504016 hits 1733219184
c heartbeat 33301s: nodes 11128658 states 10396433 failed 6584550 forms 64113054 hits 1750751673
c heartbeat 33601s: nodes 11235079 states 10494617 failed 6645142 forms 64686124 hits 1767085510
c heartbeat 33901s: nodes 11333827 states 10586066 failed 6705346 forms 65240221 hits 1781558661
c heartbeat 34201s: nodes 11432271 states 10677484 failed 6767023 forms 65802595 hits 1798009827
c heartbeat 34501s: nodes 11519335 states 10759545 failed 6820662 forms 66356653 hits 1816098093
c heartbeat 34801s: nodes 11607718 states 10842308 failed 6872899 forms 66853843 hits 1832060925
c heartbeat 35101s: nodes 11706156 states 10934686 failed 6926634 forms 67379111 hits 1848755085
c heartbeat 35401s: nodes 11797026 states 11020156 failed 6977998 forms 67881165 hits 1864680443
c heartbeat 35701s: nodes 11881826 states 11099626 failed 7031151 forms 68394667 hits 1880818689
c heartbeat 36001s: nodes 11977765 states 11191013 failed 7081611 forms 68987284 hits 1900158648
c heartbeat 36301s: nodes 12082633 states 11291720 failed 7132438 forms 69612503 hits 1920861541
c heartbeat 36601s: nodes 12178452 states 11384298 failed 7180974 forms 70230491 hits 1941313343
c heartbeat 36901s: nodes 12276367 states 11479802 failed 7226850 forms 70878520 hits 1962888463
c heartbeat 37201s: nodes 12365879 states 11566734 failed 7273333 forms 71501465 hits 1983757742
c heartbeat 37501s: nodes 12465399 states 11664133 failed 7313873 forms 72116339 hits 2003848298
c heartbeat 37801s: nodes 12555969 states 11752083 failed 7355317 forms 72739612 hits 2024890800
c heartbeat 38101s: nodes 12649438 states 11843594 failed 7393382 forms 73367577 hits 2045626101
c heartbeat 38401s: nodes 12742753 states 11935197 failed 7431632 forms 74007812 hits 2067444602
c heartbeat 38701s: nodes 12827915 states 12018402 failed 7470554 forms 74659212 hits 2090314205
c heartbeat 39001s: nodes 12909578 states 12098567 failed 7503444 forms 75297758 hits 2114782695
c heartbeat 39301s: nodes 13007594 states 12195600 failed 7538397 forms 76002401 hits 2139832680
c heartbeat 39601s: nodes 13102186 states 12288894 failed 7571480 forms 76687298 hits 2163887321
c heartbeat 39901s: nodes 13195342 states 12380953 failed 7603896 forms 77405589 hits 2191068263
c heartbeat 40201s: nodes 13297679 states 12479435 failed 7638774 forms 78173383 hits 2219254377
c heartbeat 40501s: nodes 13409291 states 12589240 failed 7675072 forms 78919278 hits 2249165755
c heartbeat 40801s: nodes 13528941 states 12706383 failed 7713553 forms 79717053 hits 2279523188
c heartbeat 41101s: nodes 13665333 states 12840588 failed 7753226 forms 80543605 hits 2308058617
c heartbeat 41401s: nodes 13803925 states 12976009 failed 7800518 forms 81385981 hits 2334123197
c heartbeat 41701s: nodes 13949836 states 13118996 failed 7839245 forms 82220643 hits 2357961259
c heartbeat 42001s: nodes 14083625 states 13249632 failed 7873295 forms 83046821 hits 2385134942
c heartbeat 42301s: nodes 14191966 states 13355188 failed 7912303 forms 83872921 hits 2418056947
c heartbeat 42601s: nodes 14302276 states 13462546 failed 7963949 forms 84535438 hits 2431326798
c heartbeat 42901s: nodes 14428191 states 13585346 failed 8012943 forms 85203741 hits 2443074784
k=17: CAP (nodes 14593651 / 43200.0s) — last proven 16
=> rank_F2(<3,3,3>) >= 16 by the substitution game
profile: total 43200.0s | canon 506336.4s thread-time (85953395 computed, 2455251241 cache hits) | stabilizer 49942.1s | phi_reps 65.3s | quotient+flat 10527.5s | support 1054.0s | orbit-merge 1662.3s | states lo=13748084 hi=8061620 stab_cache=8992647
EXIT=0
