root filter matmul/r22/root_1_10_64.txt: 1 of 1 roots kept
  root 0 = 1,10,64
pool stats at 60s (memo entries 163226):
  depth: run skipped | leaf flat/strassen/koszul | expanded failed | folds kept/total | memo hits T/F | ub-fail
  0: 0 0 | 0/0/0 | 0 0 | 41/256 | 0/0 | 0
  1: 12 0 | 0/0/0 | 12 0 | 1536/1536 | 0/0 | 0
  2: 153 0 | 0/0/112 | 41 0 | 2624/2624 | 0/0 | 0
  3: 2140 0 | 0/744/1356 | 40 0 | 1280/1280 | 0/0 | 0
  4: 1110 0 | 0/540/530 | 40 0 | 704/704 | 149/0 | 0
  5: 419 0 | 0/140/204 | 75 0 | 7048/7048 | 160/0 | 0
  6: 3044 190 | 0/28/2433 | 568 0 | 21636/21636 | 2491/18 | 15
  7: 15039 1366 | 4978/0/7395 | 2614 0 | 131486/131486 | 3378/85 | 52
  8: 56949 13619 | 1936/0/49001 | 5867 0 | 198178/198178 | 58418/1348 | 145
  9: 40992 25872 | 7961/0/24056 | 8513 0 | 119234/119234 | 127076/3462 | 462
  10: 39542 15596 | 15416/0/18874 | 4723 0 | 62140/62140 | 60627/2940 | 518
  11: 16331 15293 | 5844/0/7904 | 2031 0 | 18880/18880 | 26922/3360 | 551
  12: 2072 8358 | 743/0/947 | 0 286 | 0/0 | 6399/2030 | 96

pool stats at 120s (memo entries 306177):
  depth: run skipped | leaf flat/strassen/koszul | expanded failed | folds kept/total | memo hits T/F | ub-fail
  0: 0 0 | 0/0/0 | 0 0 | 41/256 | 0/0 | 0
  1: 12 0 | 0/0/0 | 12 0 | 1536/1536 | 0/0 | 0
  2: 153 0 | 0/0/112 | 41 0 | 2624/2624 | 0/0 | 0
  3: 2140 0 | 0/744/1356 | 40 0 | 1280/1280 | 0/0 | 0
  4: 1110 0 | 0/540/530 | 40 0 | 704/704 | 149/0 | 0
  5: 419 0 | 0/140/204 | 75 0 | 7176/7176 | 160/0 | 0
  6: 3118 190 | 0/28/2433 | 642 0 | 23252/23252 | 2523/18 | 15
  7: 16044 1649 | 5715/0/7395 | 2881 0 | 136358/136358 | 3563/88 | 53
  8: 59415 14793 | 3069/0/49001 | 7182 0 | 229432/229432 | 59426/1377 | 163
  9: 54870 34920 | 8224/0/25623 | 20251 0 | 300950/300950 | 134083/4057 | 772
  10: 127306 53618 | 24074/0/83101 | 18235 0 | 234834/234834 | 110706/8244 | 1891
  11: 63064 66172 | 15942/0/38198 | 7345 0 | 64796/64796 | 91818/13558 | 1572
  12: 4760 31769 | 1727/0/2360 | 0 505 | 0/0 | 20861/7374 | 168

pool stats at 180s (memo entries 439379):
  depth: run skipped | leaf flat/strassen/koszul | expanded failed | folds kept/total | memo hits T/F | ub-fail
  0: 0 0 | 0/0/0 | 0 0 | 41/256 | 0/0 | 0
  1: 12 0 | 0/0/0 | 12 0 | 1536/1536 | 0/0 | 0
  2: 153 0 | 0/0/112 | 41 0 | 2624/2624 | 0/0 | 0
  3: 2140 0 | 0/744/1356 | 40 0 | 1280/1280 | 0/0 | 0
  4: 1110 0 | 0/540/530 | 40 0 | 704/704 | 149/0 | 0
  5: 419 0 | 0/140/204 | 75 0 | 7240/7240 | 160/0 | 0
  6: 3191 190 | 0/28/2433 | 715 0 | 24612/24612 | 2523/18 | 15
  7: 17297 1732 | 6721/0/7395 | 3128 0 | 140170/140170 | 3720/88 | 53
  8: 61659 15755 | 3802/0/49124 | 8563 0 | 260992/260992 | 60075/1402 | 170
  9: 70635 42632 | 8399/0/28629 | 32633 0 | 505616/505616 | 141798/4697 | 974
  10: 218660 90856 | 28932/0/155703 | 31113 0 | 396900/396900 | 180108/15343 | 2910
  11: 93644 117356 | 23296/0/57311 | 11038 0 | 96380/96380 | 161548/24165 | 1989
  12: 5906 48151 | 2010/0/3124 | 0 591 | 0/0 | 31236/11077 | 181

pool stats at 240s (memo entries 571768):
  depth: run skipped | leaf flat/strassen/koszul | expanded failed | folds kept/total | memo hits T/F | ub-fail
  0: 0 0 | 0/0/0 | 0 0 | 41/256 | 0/0 | 0
  1: 12 0 | 0/0/0 | 12 0 | 1536/1536 | 0/0 | 0
  2: 153 0 | 0/0/112 | 41 0 | 2624/2624 | 0/0 | 0
  3: 2140 0 | 0/744/1356 | 40 0 | 1280/1280 | 0/0 | 0
  4: 1110 0 | 0/540/530 | 40 0 | 704/704 | 149/0 | 0
  5: 424 0 | 0/140/204 | 80 0 | 7416/7416 | 160/0 | 0
  6: 3320 293 | 0/28/2451 | 826 0 | 26476/26476 | 2553/18 | 15
  7: 18490 1983 | 7764/0/7395 | 3278 0 | 144286/144286 | 4181/94 | 53
  8: 63176 17486 | 3905/0/49127 | 9962 0 | 292382/292382 | 61248/1450 | 182
  9: 85074 52581 | 8419/0/31956 | 43517 0 | 691182/691182 | 148664/5320 | 1181
  10: 309814 127565 | 31441/0/229973 | 44544 0 | 567408/567408 | 231691/21558 | 3845
  11: 125229 168098 | 30932/0/78039 | 13897 0 | 121994/121994 | 238652/35272 | 2361
  12: 6791 61423 | 2270/0/3707 | 0 625 | 0/0 | 39575/14195 | 189

pool stats at 300s (memo entries 701130):
  depth: run skipped | leaf flat/strassen/koszul | expanded failed | folds kept/total | memo hits T/F | ub-fail
  0: 0 0 | 0/0/0 | 0 0 | 41/256 | 0/0 | 0
  1: 12 0 | 0/0/0 | 12 0 | 1536/1536 | 0/0 | 0
  2: 153 0 | 0/0/112 | 41 0 | 2624/2624 | 0/0 | 0
  3: 2140 0 | 0/744/1356 | 40 0 | 1280/1280 | 0/0 | 0
  4: 1110 0 | 0/540/530 | 40 0 | 704/704 | 149/0 | 0
  5: 435 0 | 0/140/204 | 91 0 | 7720/7720 | 160/0 | 0
  6: 3429 368 | 0/28/2451 | 935 0 | 28508/28508 | 2561/18 | 15
  7: 19800 2058 | 8863/0/7395 | 3489 0 | 148694/148694 | 4656/102 | 53
  8: 64896 18591 | 3997/0/49127 | 11586 0 | 329022/329022 | 62279/1503 | 186
  9: 101535 62452 | 8431/0/35569 | 56140 0 | 906154/906154 | 157280/6131 | 1395
  10: 399770 168566 | 34325/0/303844 | 56995 0 | 726206/726206 | 307452/29017 | 4605
  11: 152774 217947 | 34992/0/98829 | 16262 0 | 142318/142318 | 309402/45722 | 2680
  12: 7282 72894 | 2430/0/4008 | 0 647 | 0/0 | 45441/16666 | 197

pool stats at 360s (memo entries 835185):
  depth: run skipped | leaf flat/strassen/koszul | expanded failed | folds kept/total | memo hits T/F | ub-fail
  0: 0 0 | 0/0/0 | 0 0 | 41/256 | 0/0 | 0
  1: 12 0 | 0/0/0 | 12 0 | 1536/1536 | 0/0 | 0
  2: 153 0 | 0/0/112 | 41 0 | 2624/2624 | 0/0 | 0
  3: 2140 0 | 0/744/1356 | 40 0 | 1280/1280 | 0/0 | 0
  4: 1110 0 | 0/540/530 | 40 0 | 704/704 | 149/0 | 0
  5: 435 0 | 0/140/204 | 91 0 | 7944/7944 | 160/0 | 0
  6: 3599 487 | 0/28/2457 | 1099 0 | 31668/31668 | 2654/18 | 15
  7: 21970 2513 | 10859/0/7395 | 3663 0 | 152726/152726 | 5350/113 | 53
  8: 66472 20820 | 4100/0/49127 | 13047 0 | 361878/361878 | 62671/1549 | 198
  9: 117293 73041 | 8440/0/39930 | 67342 0 | 1106984/1106984 | 163508/6822 | 1580
  10: 491703 208684 | 36131/0/380281 | 70028 0 | 891054/891054 | 369564/36364 | 5252
  11: 181485 266170 | 39964/0/119996 | 18616 0 | 162464/162464 | 386523/56660 | 2909
  12: 8025 83249 | 2721/0/4436 | 0 667 | 0/0 | 52147/19016 | 201

pool stats at 420s (memo entries 977463):
  depth: run skipped | leaf flat/strassen/koszul | expanded failed | folds kept/total | memo hits T/F | ub-fail
  0: 0 0 | 0/0/0 | 0 0 | 41/256 | 0/0 | 0
  1: 12 0 | 0/0/0 | 12 0 | 1536/1536 | 0/0 | 0
  2: 153 0 | 0/0/112 | 41 0 | 2624/2624 | 0/0 | 0
  3: 2140 0 | 0/744/1356 | 40 0 | 1280/1280 | 0/0 | 0
  4: 1110 0 | 0/540/530 | 40 0 | 704/704 | 149/0 | 0
  5: 445 0 | 0/140/204 | 101 0 | 8296/8296 | 160/0 | 0
  6: 3755 502 | 0/28/2463 | 1249 0 | 34492/34492 | 2716/18 | 15
  7: 23986 2811 | 12549/0/7395 | 3987 0 | 160338/160338 | 5721/118 | 55
  8: 70577 23199 | 5304/0/50255 | 14793 0 | 396818/396818 | 64001/1613 | 225
  9: 135456 84338 | 10880/0/42787 | 80040 0 | 1298592/1298592 | 168905/7392 | 1740
  10: 583711 248394 | 43948/0/450394 | 83470 0 | 1061844/1061844 | 424166/41881 | 5896
  11: 215279 321735 | 44508/0/145806 | 21667 0 | 189358/189358 | 456729/67944 | 3298
  12: 8845 98204 | 2999/0/4934 | 0 702 | 0/0 | 60043/22256 | 210

pool stats at 480s (memo entries 1122846):
  depth: run skipped | leaf flat/strassen/koszul | expanded failed | folds kept/total | memo hits T/F | ub-fail
  0: 0 0 | 0/0/0 | 0 0 | 41/256 | 0/0 | 0
  1: 12 0 | 0/0/0 | 12 0 | 1536/1536 | 0/0 | 0
  2: 153 0 | 0/0/112 | 41 0 | 2624/2624 | 0/0 | 0
  3: 2140 0 | 0/744/1356 | 40 0 | 1280/1280 | 0/0 | 0
  4: 1110 0 | 0/540/530 | 40 0 | 704/704 | 149/0 | 0
  5: 457 0 | 0/140/204 | 113 0 | 8776/8776 | 160/0 | 0
  6: 3927 650 | 0/28/2463 | 1421 0 | 37916/37916 | 2844/18 | 15
  7: 25966 3457 | 14127/0/7395 | 4389 0 | 170354/170354 | 6546/128 | 55
  8: 74302 25800 | 6358/0/50745 | 16954 0 | 447284/447284 | 67017/1734 | 245
  9: 156841 99751 | 11883/0/46304 | 96681 0 | 1564852/1564852 | 180651/8394 | 1965
  10: 684683 301345 | 54897/0/526088 | 97043 0 | 1236314/1236314 | 527709/50268 | 6651
  11: 241635 378399 | 48780/0/164916 | 24348 0 | 211962/211962 | 536430/79589 | 3591
  12: 9509 111511 | 3238/0/5334 | 0 724 | 0/0 | 66113/24798 | 213

pool stats at 540s (memo entries 1261064):
  depth: run skipped | leaf flat/strassen/koszul | expanded failed | folds kept/total | memo hits T/F | ub-fail
  0: 0 0 | 0/0/0 | 0 0 | 41/256 | 0/0 | 0
  1: 12 0 | 0/0/0 | 12 0 | 1536/1536 | 0/0 | 0
  2: 153 0 | 0/0/112 | 41 0 | 2624/2624 | 0/0 | 0
  3: 2140 0 | 0/744/1356 | 40 0 | 1280/1280 | 0/0 | 0
  4: 1110 0 | 0/540/530 | 40 0 | 704/704 | 149/0 | 0
  5: 465 0 | 0/140/204 | 121 0 | 8968/8968 | 160/0 | 0
  6: 4088 740 | 0/28/2499 | 1546 0 | 39780/39780 | 2846/18 | 15
  7: 27333 3631 | 15254/0/7395 | 4629 0 | 177294/177294 | 6901/130 | 55
  8: 77196 27950 | 6853/0/50745 | 19317 0 | 506300/506300 | 68670/1824 | 281
  9: 183913 114585 | 13332/0/55354 | 112780 0 | 1853338/1853338 | 197309/9627 | 2440
  10: 782687 355735 | 58745/0/606772 | 109799 0 | 1399024/1399024 | 652605/61244 | 7367
  11: 259411 425029 | 51756/0/177957 | 25893 0 | 225292/225292 | 623754/90395 | 3804
  12: 9853 118984 | 3357/0/5545 | 0 737 | 0/0 | 70031/26414 | 214

pool stats at 600s (memo entries 1412212):
  depth: run skipped | leaf flat/strassen/koszul | expanded failed | folds kept/total | memo hits T/F | ub-fail
  0: 0 0 | 0/0/0 | 0 0 | 41/256 | 0/0 | 0
  1: 12 0 | 0/0/0 | 12 0 | 1536/1536 | 0/0 | 0
  2: 153 0 | 0/0/112 | 41 0 | 2624/2624 | 0/0 | 0
  3: 2140 0 | 0/744/1356 | 40 0 | 1280/1280 | 0/0 | 0
  4: 1110 0 | 0/540/530 | 40 0 | 704/704 | 149/0 | 0
  5: 473 0 | 0/140/204 | 129 0 | 9480/9480 | 160/0 | 0
  6: 4576 936 | 0/28/2555 | 1978 0 | 48068/48068 | 2884/20 | 15
  7: 32391 4944 | 18220/0/8499 | 5614 0 | 200878/200878 | 9657/140 | 58
  8: 85701 34661 | 8745/0/54631 | 21997 0 | 574708/574708 | 76917/2080 | 328
  9: 211912 135007 | 15240/0/65157 | 128644 0 | 2118964/2118964 | 216296/10926 | 2871
  10: 879081 404389 | 69708/0/678774 | 122449 0 | 1558660/1558660 | 765730/69721 | 8138
  11: 281176 472522 | 54512/0/195406 | 27278 0 | 236722/236722 | 704431/100531 | 3980
  12: 10160 125655 | 3499/0/5704 | 0 743 | 0/0 | 73155/27752 | 214

pool stats at 660s (memo entries 1541824):
  depth: run skipped | leaf flat/strassen/koszul | expanded failed | folds kept/total | memo hits T/F | ub-fail
  0: 0 0 | 0/0/0 | 0 0 | 41/256 | 0/0 | 0
  1: 12 0 | 0/0/0 | 12 0 | 1536/1536 | 0/0 | 0
  2: 153 0 | 0/0/112 | 41 0 | 2624/2624 | 0/0 | 0
  3: 2140 0 | 0/744/1356 | 40 0 | 1280/1280 | 0/0 | 0
  4: 1110 0 | 0/540/530 | 40 0 | 704/704 | 149/0 | 0
  5: 473 0 | 0/140/204 | 129 0 | 9736/9736 | 160/0 | 0
  6: 5044 1034 | 0/28/2747 | 2253 0 | 54748/54748 | 3150/20 | 16
  7: 37097 5342 | 18245/0/11367 | 7422 0 | 310834/310834 | 12124/163 | 63
  8: 148910 40265 | 8772/0/115852 | 23883 0 | 654664/654664 | 118715/2833 | 403
  9: 247909 141595 | 15452/0/97066 | 132282 0 | 2208542/2208542 | 252845/11954 | 3109
  10: 910505 414477 | 71939/0/705520 | 124744 0 | 1590066/1590066 | 810680/72798 | 8290
  11: 287428 478881 | 55605/0/200494 | 27344 0 | 237466/237466 | 721440/102317 | 3985
  12: 10164 125989 | 3502/0/5705 | 0 743 | 0/0 | 73468/27845 | 214

pool stats at 720s (memo entries 1680010):
  depth: run skipped | leaf flat/strassen/koszul | expanded failed | folds kept/total | memo hits T/F | ub-fail
  0: 0 0 | 0/0/0 | 0 0 | 41/256 | 0/0 | 0
  1: 12 0 | 0/0/0 | 12 0 | 1536/1536 | 0/0 | 0
  2: 153 0 | 0/0/112 | 41 0 | 2624/2624 | 0/0 | 0
  3: 2140 0 | 0/744/1356 | 40 0 | 1280/1280 | 0/0 | 0
  4: 1120 0 | 0/540/536 | 44 0 | 1024/1024 | 149/0 | 0
  5: 798 29 | 0/169/478 | 151 0 | 10584/10584 | 161/0 | 0
  6: 5715 1275 | 0/30/3161 | 2508 0 | 65260/65260 | 3337/21 | 16
  7: 43202 7458 | 18271/0/16044 | 8803 0 | 381714/381714 | 13254/178 | 84
  8: 178766 46176 | 9180/0/141210 | 27885 0 | 771284/771284 | 152981/3398 | 491
  9: 302270 156328 | 16325/0/141332 | 141176 0 | 2392034/2392034 | 298498/13587 | 3425
  10: 960212 443045 | 76693/0/745055 | 129812 0 | 1655872/1655872 | 909240/79406 | 8652
  11: 296032 499664 | 58330/0/205847 | 27818 0 | 242090/242090 | 753673/106478 | 4037
  12: 10351 128679 | 3656/0/5737 | 0 744 | 0/0 | 74714/28346 | 214

pool stats at 780s (memo entries 1889092):
  depth: run skipped | leaf flat/strassen/koszul | expanded failed | folds kept/total | memo hits T/F | ub-fail
  0: 0 0 | 0/0/0 | 0 0 | 41/256 | 0/0 | 0
  1: 12 0 | 0/0/0 | 12 0 | 1536/1536 | 0/0 | 0
  2: 195 0 | 0/0/112 | 83 0 | 5312/5312 | 0/0 | 0
  3: 4186 0 | 0/1464/2643 | 79 0 | 2528/2528 | 127/0 | 0
  4: 1761 0 | 0/907/790 | 64 0 | 1408/1408 | 688/0 | 0
  5: 1061 43 | 0/272/617 | 172 0 | 12480/12480 | 285/1 | 0
  6: 6868 1335 | 0/43/3921 | 2882 0 | 73428/73428 | 3968/24 | 22
  7: 47658 8952 | 20938/0/16668 | 9907 0 | 412760/412760 | 16444/211 | 145
  8: 188532 51114 | 11284/0/142610 | 34007 0 | 974362/974362 | 167917/3689 | 631
  9: 370366 186001 | 27399/0/156881 | 181943 0 | 2885562/2885562 | 398522/18040 | 4143
  10: 1081323 508409 | 136142/0/795166 | 140429 0 | 1790896/1790896 | 1201315/94171 | 9574
  11: 310819 546439 | 63796/0/213501 | 29337 0 | 256112/256112 | 816672/116951 | 4185
  12: 10657 136377 | 3745/0/5948 | 0 749 | 0/0 | 79057/30021 | 215

pool stats at 840s (memo entries 2041626):
  depth: run skipped | leaf flat/strassen/koszul | expanded failed | folds kept/total | memo hits T/F | ub-fail
  0: 0 0 | 0/0/0 | 0 0 | 41/256 | 0/0 | 0
  1: 12 0 | 0/0/0 | 12 0 | 1536/1536 | 0/0 | 0
  2: 195 0 | 0/0/112 | 83 0 | 5312/5312 | 0/0 | 0
  3: 4384 0 | 0/1509/2795 | 80 0 | 2560/2560 | 129/0 | 0
  4: 1817 0 | 0/940/810 | 67 0 | 1456/1456 | 720/0 | 0
  5: 1127 43 | 0/285/649 | 193 0 | 13704/13704 | 285/1 | 0
  6: 7568 1405 | 0/51/4263 | 3228 0 | 82584/82584 | 4699/32 | 26
  7: 51922 9728 | 23003/0/18049 | 10708 0 | 462476/462476 | 20647/248 | 162
  8: 205900 57799 | 13798/0/153134 | 38240 0 | 1084978/1084978 | 194567/4162 | 728
  9: 397470 214367 | 29539/0/164278 | 199214 0 | 3206198/3206198 | 452294/20808 | 4439
  10: 1185937 564474 | 146067/0/878429 | 151361 0 | 1905606/1905606 | 1348531/107177 | 10068
  11: 319904 579455 | 68628/0/217138 | 29914 0 | 260832/260832 | 881752/124495 | 4224
  12: 10714 138663 | 3773/0/5977 | 0 749 | 0/0 | 80923/30532 | 215

pool stats at 900s (memo entries 2196858):
  depth: run skipped | leaf flat/strassen/koszul | expanded failed | folds kept/total | memo hits T/F | ub-fail
  0: 0 0 | 0/0/0 | 0 0 | 41/256 | 0/0 | 0
  1: 12 0 | 0/0/0 | 12 0 | 1536/1536 | 0/0 | 0
  2: 275 0 | 0/0/112 | 163 0 | 10432/10432 | 0/0 | 0
  3: 6890 0 | 0/2347/4439 | 104 0 | 3328/3328 | 3059/0 | 0
  4: 2246 0 | 0/1184/974 | 88 0 | 1856/1856 | 1066/0 | 0
  5: 1499 48 | 0/413/795 | 291 0 | 16600/16600 | 301/1 | 0
  6: 9453 1728 | 0/51/5005 | 4359 0 | 114868/114868 | 5234/36 | 38
  7: 63572 13590 | 31994/0/19720 | 11633 0 | 498312/498312 | 37208/483 | 225
  8: 214059 75917 | 16514/0/154500 | 42109 0 | 1193322/1193322 | 203293/4749 | 936
  9: 431573 254711 | 31587/0/178361 | 216619 0 | 3516626/3516626 | 483210/23463 | 5001
  10: 1279083 648549 | 155672/0/950261 | 162330 0 | 2053230/2053230 | 1469598/119305 | 10813
  11: 335972 632754 | 70831/0/229276 | 31473 0 | 274512/274512 | 949326/135178 | 4392
  12: 11027 146570 | 3935/0/6114 | 0 759 | 0/0 | 84768/32147 | 219

pool stats at 960s (memo entries 2392232):
  depth: run skipped | leaf flat/strassen/koszul | expanded failed | folds kept/total | memo hits T/F | ub-fail
  0: 0 0 | 0/0/0 | 0 0 | 41/256 | 0/0 | 0
  1: 12 0 | 0/0/0 | 12 0 | 1536/1536 | 0/0 | 0
  2: 330 0 | 0/0/112 | 218 0 | 13952/13952 | 0/0 | 0
  3: 10300 0 | 0/3550/6632 | 118 0 | 3776/3776 | 3301/0 | 0
  4: 2508 0 | 0/1288/1130 | 90 0 | 1888/1888 | 1258/0 | 0
  5: 1518 48 | 0/413/795 | 310 0 | 17104/17104 | 317/1 | 0
  6: 9865 1757 | 0/51/5110 | 4664 0 | 123516/123516 | 5281/40 | 40
  7: 68314 14312 | 35372/0/19787 | 12903 0 | 555612/555612 | 40057/519 | 252
  8: 236641 85699 | 18253/0/158244 | 58952 0 | 1650144/1650144 | 227302/5576 | 1182
  9: 554081 323005 | 63347/0/254494 | 229634 0 | 3743430/3743430 | 737837/35221 | 6605
  10: 1329814 700333 | 181942/0/969795 | 166696 0 | 2109312/2109312 | 1584733/128550 | 11381
  11: 339957 654418 | 71913/0/231614 | 31969 0 | 278174/278174 | 975635/139302 | 4461
  12: 11089 148978 | 3977/0/6133 | 0 759 | 0/0 | 85605/32502 | 220

pool stats at 1020s (memo entries 2561273):
  depth: run skipped | leaf flat/strassen/koszul | expanded failed | folds kept/total | memo hits T/F | ub-fail
  0: 0 0 | 0/0/0 | 0 0 | 41/256 | 0/0 | 0
  1: 12 0 | 0/0/0 | 12 0 | 1536/1536 | 0/0 | 0
  2: 404 0 | 0/0/120 | 284 0 | 18176/18176 | 0/0 | 0
  3: 12479 0 | 0/4232/8116 | 131 0 | 4192/4192 | 5595/0 | 0
  4: 2668 0 | 0/1351/1222 | 95 0 | 1968/1968 | 1514/0 | 0
  5: 1562 48 | 0/413/805 | 344 0 | 18240/18240 | 349/1 | 0
  6: 10709 1821 | 0/51/5376 | 5237 0 | 136160/136160 | 5566/49 | 45
  7: 73171 15302 | 38046/0/20196 | 14622 0 | 634730/634730 | 46706/617 | 307
  8: 261387 97044 | 19765/0/161515 | 78697 0 | 2050380/2050380 | 269066/7032 | 1410
  9: 641716 375696 | 78799/0/311800 | 243918 0 | 3979326/3979326 | 986963/45432 | 7199
  10: 1380290 742785 | 200370/0/995411 | 172850 0 | 2182664/2182664 | 1718620/137590 | 11647
  11: 350506 673533 | 72656/0/241121 | 32255 0 | 280838/280838 | 1015207/143418 | 4474
  12: 11151 150278 | 4006/0/6165 | 0 760 | 0/0 | 86591/32818 | 220

pool stats at 1080s (memo entries 2729209):
  depth: run skipped | leaf flat/strassen/koszul | expanded failed | folds kept/total | memo hits T/F | ub-fail
  0: 0 0 | 0/0/0 | 0 0 | 41/256 | 0/0 | 0
  1: 12 0 | 0/0/0 | 12 0 | 1536/1536 | 0/0 | 0
  2: 789 0 | 0/0/458 | 331 0 | 21184/21184 | 0/0 | 0
  3: 15175 0 | 0/5773/9248 | 154 0 | 4928/4928 | 5851/0 | 0
  4: 3286 0 | 0/1624/1548 | 114 0 | 2272/2272 | 1642/0 | 0
  5: 1821 48 | 0/484/940 | 397 0 | 20072/20072 | 397/1 | 0
  6: 11802 1900 | 0/51/5841 | 5860 0 | 151324/151324 | 6279/54 | 50
  7: 80451 17241 | 43835/0/20535 | 15746 0 | 683834/683834 | 52352/729 | 335
  8: 279726 105065 | 25754/0/165164 | 87228 0 | 2285192/2285192 | 291147/7693 | 1580
  9: 701729 426779 | 85719/0/345829 | 262409 0 | 4296404/4296404 | 1104420/52007 | 7772
  10: 1456304 813485 | 214400/0/1047010 | 182875 0 | 2307828/2307828 | 1875354/151238 | 12007
  11: 362250 709492 | 75406/0/249480 | 32845 0 | 285706/285706 | 1084203/151867 | 4519
  12: 11265 153051 | 4092/0/6182 | 0 771 | 0/0 | 88006/33384 | 220

pool stats at 1140s (memo entries 2884297):
  depth: run skipped | leaf flat/strassen/koszul | expanded failed | folds kept/total | memo hits T/F | ub-fail
  0: 0 0 | 0/0/0 | 0 0 | 41/256 | 0/0 | 0
  1: 12 0 | 0/0/0 | 12 0 | 1536/1536 | 0/0 | 0
  2: 910 0 | 0/0/566 | 344 0 | 22016/22016 | 0/0 | 0
  3: 16025 0 | 0/6153/9708 | 164 0 | 5248/5248 | 5851/0 | 0
  4: 3524 0 | 0/1782/1624 | 118 0 | 2336/2336 | 1706/0 | 0
  5: 1877 48 | 0/508/957 | 412 0 | 20672/20672 | 397/1 | 0
  6: 12314 1916 | 0/51/5904 | 6306 0 | 162576/162576 | 6359/54 | 53
  7: 85815 18406 | 47565/0/20926 | 16950 0 | 762554/762554 | 56972/765 | 374
  8: 298778 114674 | 28685/0/173909 | 94450 0 | 2512094/2512094 | 340390/8563 | 1734
  9: 764283 477777 | 89487/0/385601 | 280861 0 | 4573904/4573904 | 1211218/58247 | 8334
  10: 1526809 880236 | 227653/0/1093716 | 192988 0 | 2426466/2426466 | 2004244/162179 | 12440
  11: 371523 751969 | 77651/0/255032 | 34256 0 | 296888/296888 | 1142207/160570 | 4584
  12: 11541 159005 | 4272/0/6270 | 0 778 | 0/0 | 91675/34648 | 221

pool stats at 1200s (memo entries 3038745):
  depth: run skipped | leaf flat/strassen/koszul | expanded failed | folds kept/total | memo hits T/F | ub-fail
  0: 0 0 | 0/0/0 | 0 0 | 41/256 | 0/0 | 0
  1: 12 0 | 0/0/0 | 12 0 | 1536/1536 | 0/0 | 0
  2: 966 0 | 0/0/617 | 349 0 | 22336/22336 | 0/0 | 0
  3: 16448 0 | 0/6415/9862 | 171 0 | 5472/5472 | 5851/0 | 0
  4: 3766 0 | 0/1876/1768 | 122 0 | 2400/2400 | 1706/0 | 0
  5: 1942 48 | 0/521/983 | 438 0 | 21808/21808 | 397/1 | 0
  6: 13250 1970 | 0/51/6362 | 6775 0 | 173060/173060 | 6450/57 | 62
  7: 91186 19238 | 51391/0/21090 | 18316 0 | 837500/837500 | 61542/853 | 389
  8: 319620 124299 | 28979/0/184114 | 104671 0 | 2769686/2769686 | 383356/9285 | 1856
  9: 829686 528929 | 94292/0/425521 | 301061 0 | 4835926/4835926 | 1345838/64811 | 8812
  10: 1595002 944025 | 245384/0/1135055 | 201677 0 | 2532360/2532360 | 2125529/171280 | 12874
  11: 379402 796150 | 79421/0/259687 | 35634 0 | 308302/308302 | 1188935/167873 | 4660
  12: 11811 165333 | 4368/0/6440 | 0 780 | 0/0 | 95220/35938 | 223

pool stats at 1260s (memo entries 3204895):
  depth: run skipped | leaf flat/strassen/koszul | expanded failed | folds kept/total | memo hits T/F | ub-fail
  0: 0 0 | 0/0/0 | 0 0 | 41/256 | 0/0 | 0
  1: 12 0 | 0/0/0 | 12 0 | 1536/1536 | 0/0 | 0
  2: 1164 0 | 0/0/788 | 376 0 | 24064/24064 | 0/0 | 0
  3: 17685 0 | 0/7046/10458 | 181 0 | 5792/5792 | 6045/0 | 0
  4: 3903 0 | 0/1942/1837 | 124 0 | 2432/2432 | 1866/0 | 0
  5: 1975 48 | 0/521/999 | 455 0 | 22328/22328 | 397/1 | 0
  6: 13609 1995 | 0/51/6494 | 6999 0 | 179092/179092 | 6532/60 | 65
  7: 94697 19767 | 54251/0/21090 | 18957 0 | 861822/861822 | 63612/891 | 399
  8: 327515 131091 | 29712/0/184337 | 111514 0 | 2935452/2935452 | 393317/9668 | 1952
  9: 886424 566233 | 104634/0/447881 | 324588 0 | 5205950/5205950 | 1412783/69623 | 9321
  10: 1688981 1008779 | 257721/0/1204829 | 213145 0 | 2656608/2656608 | 2320180/187953 | 13275
  11: 390102 832386 | 84744/0/264563 | 36100 0 | 312382/312382 | 1257870/176250 | 4694
  12: 11835 167372 | 4377/0/6455 | 0 780 | 0/0 | 96762/36413 | 223

pool stats at 1320s (memo entries 3396122):
  depth: run skipped | leaf flat/strassen/koszul | expanded failed | folds kept/total | memo hits T/F | ub-fail
  0: 0 0 | 0/0/0 | 0 0 | 41/256 | 0/0 | 0
  1: 23 0 | 0/0/0 | 23 0 | 2944/2944 | 0/0 | 0
  2: 1828 0 | 0/0/1364 | 464 0 | 29696/29696 | 0/0 | 0
  3: 22930 0 | 0/9289/13411 | 230 0 | 7360/7360 | 6607/0 | 0
  4: 5143 0 | 0/2483/2518 | 142 0 | 2720/2720 | 2217/0 | 0
  5: 2223 48 | 0/585/1129 | 509 0 | 26152/26152 | 443/1 | 0
  6: 15187 2171 | 0/51/7015 | 8050 0 | 208132/208132 | 8509/84 | 71
  7: 106096 22059 | 57351/0/21289 | 27006 0 | 1018948/1018948 | 78712/1122 | 440
  8: 392734 148167 | 48041/0/209751 | 132792 0 | 3311962/3311962 | 466673/11374 | 2148
  9: 963704 628703 | 130794/0/483013 | 339923 0 | 5454970/5454970 | 1641807/77748 | 9974
  10: 1729922 1075781 | 275234/0/1223354 | 217672 0 | 2717166/2717166 | 2451885/197382 | 13662
  11: 394692 854908 | 85773/0/267749 | 36437 0 | 314870/314870 | 1287129/180437 | 4733
  12: 11864 168787 | 4389/0/6472 | 0 780 | 0/0 | 97534/36685 | 223

pool stats at 1380s (memo entries 3615638):
  depth: run skipped | leaf flat/strassen/koszul | expanded failed | folds kept/total | memo hits T/F | ub-fail
  0: 0 0 | 0/0/0 | 0 0 | 41/256 | 0/0 | 0
  1: 23 0 | 0/0/0 | 23 0 | 2944/2944 | 0/0 | 0
  2: 1828 0 | 0/0/1364 | 464 0 | 29696/29696 | 0/0 | 0
  3: 22973 0 | 0/9292/13450 | 231 0 | 7392/7392 | 6607/0 | 0
  4: 5175 0 | 0/2513/2519 | 143 0 | 2736/2736 | 2217/0 | 0
  5: 2239 48 | 0/585/1129 | 525 0 | 26728/26728 | 443/1 | 0
  6: 15509 2303 | 0/51/7046 | 8338 0 | 222592/222592 | 8620/85 | 74
  7: 115430 23495 | 60260/0/22677 | 31987 0 | 1167738/1167738 | 82248/1200 | 506
  8: 455600 169569 | 56143/0/235627 | 161321 0 | 3748388/3748388 | 529513/13029 | 2497
  9: 1060818 701521 | 178169/0/514922 | 356717 0 | 5709184/5709184 | 1900227/85749 | 11010
  10: 1787945 1130893 | 305804/0/1244699 | 223341 0 | 2783370/2783370 | 2584482/205864 | 14101
  11: 400446 876489 | 87502/0/271346 | 36832 0 | 318056/318056 | 1321832/184603 | 4766
  12: 11928 170335 | 4427/0/6497 | 0 781 | 0/0 | 98795/36998 | 223

pool stats at 1440s (memo entries 3780166):
  depth: run skipped | leaf flat/strassen/koszul | expanded failed | folds kept/total | memo hits T/F | ub-fail
  0: 0 0 | 0/0/0 | 0 0 | 41/256 | 0/0 | 0
  1: 23 0 | 0/0/0 | 23 0 | 2944/2944 | 0/0 | 0
  2: 1828 0 | 0/0/1364 | 464 0 | 29696/29696 | 0/0 | 0
  3: 22973 0 | 0/9292/13450 | 231 0 | 7392/7392 | 6607/0 | 0
  4: 5175 0 | 0/2513/2519 | 143 0 | 2736/2736 | 2217/0 | 0
  5: 2239 48 | 0/585/1129 | 525 0 | 26728/26728 | 443/1 | 0
  6: 15649 2303 | 0/51/7046 | 8478 0 | 235600/235600 | 8620/85 | 74
  7: 125532 24953 | 60260/0/22677 | 42062 0 | 1456362/1456362 | 83275/1252 | 533
  8: 563966 189931 | 65172/0/319312 | 176916 0 | 3997458/3997458 | 686846/15372 | 2556
  9: 1092636 795862 | 199784/0/518159 | 363227 0 | 5840322/5840322 | 2017491/90874 | 11464
  10: 1809005 1172361 | 310671/0/1256515 | 227564 0 | 2836270/2836270 | 2647736/210581 | 14255
  11: 403655 894236 | 88070/0/273542 | 37252 0 | 321380/321380 | 1350112/188252 | 4791
  12: 11962 172179 | 4433/0/6525 | 0 781 | 0/0 | 99882/37357 | 223

pool stats at 1500s (memo entries 3958100):
  depth: run skipped | leaf flat/strassen/koszul | expanded failed | folds kept/total | memo hits T/F | ub-fail
  0: 0 0 | 0/0/0 | 0 0 | 41/256 | 0/0 | 0
  1: 23 0 | 0/0/0 | 23 0 | 2944/2944 | 0/0 | 0
  2: 1828 0 | 0/0/1364 | 464 0 | 29696/29696 | 0/0 | 0
  3: 22977 0 | 0/9293/13453 | 231 0 | 7392/7392 | 6607/0 | 0
  4: 5175 0 | 0/2513/2519 | 143 0 | 2736/2736 | 2217/0 | 0
  5: 2244 48 | 0/585/1129 | 530 0 | 27152/27152 | 443/1 | 0
  6: 15899 2307 | 0/51/7065 | 8707 0 | 250008/250008 | 8638/86 | 76
  7: 136334 26428 | 60603/0/23034 | 52139 0 | 1730170/1730170 | 85657/1324 | 558
  8: 672066 207774 | 83491/0/397416 | 188492 0 | 4228722/4228722 | 832646/17597 | 2655
  9: 1127567 888599 | 216553/0/527027 | 371957 0 | 5987252/5987252 | 2116165/96323 | 12030
  10: 1838495 1221235 | 322244/0/1270394 | 231404 0 | 2880324/2880324 | 2711241/216281 | 14453
  11: 406611 914039 | 88798/0/275405 | 37601 0 | 324008/324008 | 1368212/191462 | 4807
  12: 12002 173672 | 4436/0/6562 | 0 781 | 0/0 | 100701/37633 | 223

pool stats at 1560s (memo entries 4130281):
  depth: run skipped | leaf flat/strassen/koszul | expanded failed | folds kept/total | memo hits T/F | ub-fail
  0: 0 0 | 0/0/0 | 0 0 | 41/256 | 0/0 | 0
  1: 23 0 | 0/0/0 | 23 0 | 2944/2944 | 0/0 | 0
  2: 1828 0 | 0/0/1364 | 464 0 | 29696/29696 | 0/0 | 0
  3: 22977 0 | 0/9293/13453 | 231 0 | 7392/7392 | 6607/0 | 0
  4: 5175 0 | 0/2513/2519 | 143 0 | 2736/2736 | 2217/0 | 0
  5: 2244 48 | 0/585/1129 | 530 0 | 27152/27152 | 443/1 | 0
  6: 16007 2307 | 0/51/7065 | 8815 0 | 259864/259864 | 8638/86 | 76
  7: 144726 27340 | 60603/0/23243 | 60308 0 | 1968826/1968826 | 86155/1359 | 572
  8: 785076 224861 | 101372/0/486101 | 194874 0 | 4374328/4374328 | 938980/19685 | 2717
  9: 1156976 952976 | 230484/0/534224 | 379798 0 | 6122198/6122198 | 2164800/99576 | 12470
  10: 1864524 1265849 | 332635/0/1281417 | 235706 0 | 2932162/2932162 | 2769765/222060 | 14766
  11: 409566 937770 | 89505/0/277229 | 38003 0 | 326978/326978 | 1389307/195519 | 4829
  12: 12014 175228 | 4439/0/6570 | 0 781 | 0/0 | 101794/37942 | 224

pool stats at 1620s (memo entries 4325199):
  depth: run skipped | leaf flat/strassen/koszul | expanded failed | folds kept/total | memo hits T/F | ub-fail
  0: 0 0 | 0/0/0 | 0 0 | 41/256 | 0/0 | 0
  1: 23 0 | 0/0/0 | 23 0 | 2944/2944 | 0/0 | 0
  2: 1921 0 | 0/0/1449 | 472 0 | 30208/30208 | 0/0 | 0
  3: 23412 0 | 0/9526/13654 | 232 0 | 7424/7424 | 6607/0 | 0
  4: 5204 0 | 0/2536/2522 | 146 0 | 2784/2784 | 2217/0 | 0
  5: 2278 48 | 0/589/1142 | 547 0 | 28408/28408 | 443/1 | 0
  6: 16434 2378 | 0/51/7198 | 9105 0 | 270940/270940 | 9034/91 | 80
  7: 151803 28528 | 62052/0/23397 | 65752 0 | 2134014/2134014 | 89128/1430 | 602
  8: 843867 238931 | 110395/0/525463 | 205168 0 | 4609698/4609698 | 1029705/21318 | 2841
  9: 1233178 1014102 | 256095/0/571322 | 392724 0 | 6351238/6351238 | 2257814/104422 | 13036
  10: 1920043 1331658 | 359226/0/1303473 | 242082 0 | 3002900/3002900 | 2867735/231651 | 15251
  11: 415328 963021 | 90649/0/281280 | 38525 0 | 330802/330802 | 1424189/200357 | 4874
  12: 12066 177620 | 4474/0/6586 | 0 782 | 0/0 | 102814/38302 | 224

pool stats at 1680s (memo entries 4501684):
  depth: run skipped | leaf flat/strassen/koszul | expanded failed | folds kept/total | memo hits T/F | ub-fail
  0: 0 0 | 0/0/0 | 0 0 | 41/256 | 0/0 | 0
  1: 23 0 | 0/0/0 | 23 0 | 2944/2944 | 0/0 | 0
  2: 1948 0 | 0/0/1457 | 491 0 | 31424/31424 | 0/0 | 0
  3: 24239 0 | 0/9846/14093 | 300 0 | 9600/9600 | 6799/0 | 0
  4: 6363 0 | 0/2642/3524 | 197 0 | 3664/3664 | 3234/0 | 0
  5: 2701 48 | 0/674/1377 | 650 0 | 39712/39712 | 855/1 | 0
  6: 21498 2829 | 0/72/10620 | 10711 0 | 304656/304656 | 14796/121 | 95
  7: 160640 33799 | 65737/0/25135 | 69082 0 | 2368582/2368582 | 107435/1621 | 686
  8: 875019 263095 | 113624/0/541261 | 217201 0 | 4869608/4869608 | 1205063/24300 | 2933
  9: 1291201 1049028 | 262266/0/594830 | 420773 0 | 6703820/6703820 | 2418666/109121 | 13321
  10: 2001253 1386769 | 397856/0/1340668 | 247244 0 | 3068592/3068592 | 3071623/243143 | 15484
  11: 421750 984966 | 91708/0/285903 | 39193 0 | 336696/336696 | 1456763/204946 | 4946
  12: 12201 181089 | 4541/0/6651 | 0 785 | 0/0 | 104441/38930 | 224

pool stats at 1740s (memo entries 4656896):
  depth: run skipped | leaf flat/strassen/koszul | expanded failed | folds kept/total | memo hits T/F | ub-fail
  0: 0 0 | 0/0/0 | 0 0 | 41/256 | 0/0 | 0
  1: 23 0 | 0/0/0 | 23 0 | 2944/2944 | 0/0 | 0
  2: 1948 0 | 0/0/1457 | 491 0 | 31424/31424 | 0/0 | 0
  3: 24239 0 | 0/9846/14093 | 300 0 | 9600/9600 | 6799/0 | 0
  4: 6363 0 | 0/2642/3524 | 197 0 | 3664/3664 | 3234/0 | 0
  5: 2701 48 | 0/674/1377 | 650 0 | 39808/39808 | 855/1 | 0
  6: 21599 2829 | 0/72/10620 | 10812 0 | 306640/306640 | 14796/121 | 95
  7: 162044 34047 | 66542/0/25135 | 69681 0 | 2380526/2380526 | 107827/1623 | 686
  8: 882386 264875 | 116481/0/542393 | 220565 0 | 4933714/4933714 | 1207753/24363 | 2947
  9: 1321265 1067184 | 264406/0/600181 | 443155 0 | 7012694/7012694 | 2433110/110306 | 13522
  10: 2106884 1446462 | 410005/0/1422503 | 258411 0 | 3206246/3206246 | 3205161/252999 | 15954
  11: 440143 1031153 | 94121/0/300317 | 40621 0 | 349270/349270 | 1520102/214638 | 5084
  12: 12490 187960 | 4669/0/6805 | 0 790 | 0/0 | 108467/40329 | 226

exit 124
