root filter matmul/r22/root_1_10_64.txt: 1 of 1 roots kept
  root 0 = 1,10,64
  depth: run skipped | leaf flat/strassen/koszul | expanded failed | folds kept/total | memo hits T/F | ub-fail
  0: 0 0 | 0/0/0 | 0 0 | 41/256 | 0/0 | 0
  1: 41 0 | 0/0/0 | 41 0 | 5248/5248 | 0/0 | 0
  2: 5248 0 | 0/0/5135 | 113 0 | 7232/7232 | 0/0 | 0
  3: 5584 0 | 0/1513/3998 | 73 0 | 2336/2336 | 1648/0 | 0
  4: 1682 0 | 0/546/1099 | 37 0 | 656/656 | 654/0 | 0
  5: 499 14 | 0/92/343 | 64 0 | 4160/4160 | 143/0 | 0
  6: 2636 348 | 0/0/1801 | 806 0 | 40396/40396 | 1152/24 | 29
  7: 11558 4328 | 4392/0/3345 | 3607 0 | 171740/171740 | 24180/330 | 214
  8: 79429 24039 | 5488/0/57655 | 15552 0 | 449872/449872 | 66039/2233 | 734
  9: 138116 79089 | 14141/0/94073 | 27317 0 | 401816/401816 | 218967/13700 | 2585
  10: 134493 79289 | 28485/0/84470 | 18794 0 | 171860/171860 | 169411/18623 | 2744
  11: 33396 55119 | 11344/0/15131 | 5784 0 | 44584/44584 | 70656/12689 | 1137
  12: 3311 19158 | 1414/0/1389 | 0 349 | 0/0 | 16080/6035 | 159
  memo entries: 372137

  root 0 (1,10,64) deep(16) ok [6.1s; 415993 tasks, 261384 skipped] 1/1 ok=1 fail=0 (6s)
deep-probe t=16 (pool): ok 1 fail 0 of 1 (6s)
exit 0
