root 1,10,64 t=15 depth=6: recorded true [0.00s] pooled true [0.94s; 834 tasks run, 0 skipped; |Stab| 96]
  depth: run skipped | leaf flat/strassen/koszul | expanded failed | folds kept/total | memo hits T/F | ub-fail
  0: 0 0 | 0/0/0 | 0 0 | 41/256 | 0/0 | 0
  1: 41 0 | 0/0/35 | 6 0 | 472/768 | 0/0 | 0
  2: 468 0 | 0/175/290 | 3 0 | 192/192 | 4/0 | 0
  3: 190 0 | 0/168/21 | 1 0 | 32/32 | 2/0 | 0
  4: 32 0 | 0/0/27 | 5 0 | 80/80 | 0/0 | 0
  5: 74 0 | 0/0/70 | 4 0 | 32/32 | 6/0 | 0
  6: 29 0 | 29/0/0 | 0 0 | 0/0 | 3/0 | 0
  memo entries: 834

root 1,10,66 t=15 depth=6: recorded true [0.00s] pooled true [0.56s; 728 tasks run, 0 skipped; |Stab| 32]
  depth: run skipped | leaf flat/strassen/koszul | expanded failed | folds kept/total | memo hits T/F | ub-fail
  0: 0 0 | 0/0/0 | 0 0 | 61/256 | 0/0 | 0
  1: 61 0 | 0/0/52 | 9 0 | 536/1152 | 0/0 | 0
  2: 529 0 | 0/312/214 | 3 0 | 108/192 | 7/0 | 0
  3: 106 0 | 0/91/14 | 1 0 | 16/32 | 2/0 | 0
  4: 16 0 | 0/0/15 | 1 0 | 16/16 | 0/0 | 0
  5: 16 0 | 0/0/16 | 0 0 | 0/0 | 0/0 | 0
  memo entries: 728

root 84,10,142 t=15 depth=6: recorded true [0.00s] pooled true [1.56s; 2136 tasks run, 0 skipped; |Stab| 2]
  depth: run skipped | leaf flat/strassen/koszul | expanded failed | folds kept/total | memo hits T/F | ub-fail
  0: 0 0 | 0/0/0 | 0 0 | 200/256 | 0/0 | 0
  1: 200 0 | 0/0/184 | 16 0 | 2000/2048 | 0/0 | 0
  2: 1936 0 | 0/1432/504 | 0 0 | 0/0 | 64/0 | 0
  memo entries: 2136

root 1,1,1 t=15 depth=6: recorded true [0.00s] pooled true [45.76s; 27083 tasks run, 26710 skipped; |Stab| 216]
  depth: run skipped | leaf flat/strassen/koszul | expanded failed | folds kept/total | memo hits T/F | ub-fail
  0: 0 0 | 0/0/0 | 0 0 | 28/256 | 0/0 | 0
  1: 28 0 | 0/0/23 | 5 0 | 540/640 | 0/0 | 0
  2: 540 0 | 0/129/406 | 5 0 | 640/1344 | 0/0 | 0
  3: 437 200 | 0/110/282 | 45 0 | 7060/7424 | 0/3 | 0
  4: 4704 2323 | 0/0/4580 | 124 0 | 12108/13696 | 8/25 | 0
  5: 7016 5029 | 0/0/6664 | 352 0 | 34148/36736 | 51/12 | 0
  6: 14358 19158 | 238/0/13699 | 0 417 | 0/0 | 536/96 | 4
  memo entries: 27042

probe-pool-test: all cases agree
exit 0
