I20260824 23:06:08.545264 0x1f0ad5d80 proto_io.h:20] Reading from probe/cert_full.pb.txt ...
I20260824 23:06:08.547178 0x1f0ad5d80 proto_io.h:47] Read 15528 bytes
I20260824 23:06:08.549789 0x1f0ad5d80 rank_lower_bound_computer.h:191] Processing dim=9, count=1
I20260824 23:06:08.549858 0x1f0ad5d80 rank_lower_bound_computer.h:211] ProcessOrbitsAtDim P1: 1 / 1 = 100.00%
I20260824 23:06:08.549869 0x1f0ad5d80 rank_lower_bound_computer.h:216] ProcessOrbitsAtDim P2...
I20260824 23:06:08.549905 0x1f0ad5d80 rank_lower_bound_computer.h:228] ProcessOrbitsAtDim P3...
I20260824 23:06:08.549909 0x1f0ad5d80 rank_lower_bound_computer.h:255] ProcessOrbitsAtDim done. duration=0.0
I20260824 23:06:08.549916 0x1f0ad5d80 proto_io.h:56] Writing to probe/cert_full_out.pb.txt ...
I20260824 23:06:08.550533 0x1f0ad5d80 proto_io.h:79] Written 15528 bytes
I20260824 23:06:08.550644 0x1f0ad5d80 rank_lower_bound_computer.h:191] Processing dim=8, count=3
I20260824 23:06:08.550740 0x1f0ad5d80 rank_lower_bound_computer.h:216] ProcessOrbitsAtDim P2...
I20260824 23:06:08.550781 0x1f0ad5d80 rank_lower_bound_computer.h:228] ProcessOrbitsAtDim P3...
I20260824 23:06:08.550785 0x1f0ad5d80 rank_lower_bound_computer.h:255] ProcessOrbitsAtDim done. duration=0.0
I20260824 23:06:08.550789 0x1f0ad5d80 proto_io.h:56] Writing to probe/cert_full_out.pb.txt ...
I20260824 23:06:08.551323 0x1f0ad5d80 proto_io.h:79] Written 15528 bytes
I20260824 23:06:08.551459 0x1f0ad5d80 rank_lower_bound_computer.h:191] Processing dim=7, count=14
I20260824 23:06:08.553683 0x1f0ad5d80 rank_lower_bound_computer.h:216] ProcessOrbitsAtDim P2...
I20260824 23:06:08.553846 0x1f0ad5d80 rank_lower_bound_computer.h:228] ProcessOrbitsAtDim P3...
I20260824 23:06:08.553854 0x1f0ad5d80 rank_lower_bound_computer.h:255] ProcessOrbitsAtDim done. duration=0.0
I20260824 23:06:08.553861 0x1f0ad5d80 proto_io.h:56] Writing to probe/cert_full_out.pb.txt ...
I20260824 23:06:08.554517 0x1f0ad5d80 proto_io.h:79] Written 15528 bytes
I20260824 23:06:08.554675 0x1f0ad5d80 rank_lower_bound_computer.h:191] Processing dim=6, count=68
I20260824 23:06:08.954117 0x1f0ad5d80 rank_lower_bound_computer.h:216] ProcessOrbitsAtDim P2...
I20260824 23:06:08.954594 0x1f0ad5d80 rank_lower_bound_computer.h:228] ProcessOrbitsAtDim P3...
I20260824 23:06:08.954641 0x1f0ad5d80 rank_lower_bound_computer.h:255] ProcessOrbitsAtDim done. duration=0.4
I20260824 23:06:08.954659 0x1f0ad5d80 proto_io.h:56] Writing to probe/cert_full_out.pb.txt ...
I20260824 23:06:08.955435 0x1f0ad5d80 proto_io.h:79] Written 15528 bytes
I20260824 23:06:08.955589 0x1f0ad5d80 rank_lower_bound_computer.h:191] Processing dim=5, count=162
I20260824 23:06:18.825220 0x16c463000 rank_lower_bound_computer.h:211] ProcessOrbitsAtDim P1: 162 / 162 = 100.00%
I20260824 23:06:18.825286 0x1f0ad5d80 rank_lower_bound_computer.h:216] ProcessOrbitsAtDim P2...
I20260824 23:06:18.825959 0x1f0ad5d80 rank_lower_bound_computer.h:228] ProcessOrbitsAtDim P3...
I20260824 23:06:18.826011 0x1f0ad5d80 rank_lower_bound_computer.h:255] ProcessOrbitsAtDim done. duration=9.9
I20260824 23:06:18.826041 0x1f0ad5d80 proto_io.h:56] Writing to probe/cert_full_out.pb.txt ...
I20260824 23:06:18.826814 0x1f0ad5d80 proto_io.h:79] Written 15528 bytes
I20260824 23:06:18.826971 0x1f0ad5d80 rank_lower_bound_computer.h:191] Processing dim=4, count=162
I20260824 23:06:30.646508 0x16d087000 rank_lower_bound_computer.h:211] ProcessOrbitsAtDim P1: 4 / 162 = 2.47%
I20260824 23:06:54.865792 0x16d493000 rank_lower_bound_computer.h:211] ProcessOrbitsAtDim P1: 8 / 162 = 4.94%
I20260824 23:07:05.792418 0x16cc7b000 rank_lower_bound_computer.h:211] ProcessOrbitsAtDim P1: 14 / 162 = 8.64%
I20260824 23:07:32.911058 0x16c463000 rank_lower_bound_computer.h:211] ProcessOrbitsAtDim P1: 17 / 162 = 10.49%
I20260824 23:07:53.165535 0x16cc7b000 rank_lower_bound_computer.h:211] ProcessOrbitsAtDim P1: 19 / 162 = 11.73%
I20260824 23:08:07.849037 0x16d89f000 rank_lower_bound_computer.h:211] ProcessOrbitsAtDim P1: 20 / 162 = 12.35%
I20260824 23:08:25.776667 0x16d493000 rank_lower_bound_computer.h:211] ProcessOrbitsAtDim P1: 27 / 162 = 16.67%
I20260824 23:08:44.369915 0x16d087000 rank_lower_bound_computer.h:211] ProcessOrbitsAtDim P1: 31 / 162 = 19.14%
I20260824 23:09:00.367527 0x16d087000 rank_lower_bound_computer.h:211] ProcessOrbitsAtDim P1: 35 / 162 = 21.60%
I20260824 23:09:19.843957 0x16d89f000 rank_lower_bound_computer.h:211] ProcessOrbitsAtDim P1: 38 / 162 = 23.46%
I20260824 23:09:30.926311 0x16b433000 rank_lower_bound_computer.h:211] ProcessOrbitsAtDim P1: 39 / 162 = 24.07%
I20260824 23:09:44.259501 0x16c463000 rank_lower_bound_computer.h:211] ProcessOrbitsAtDim P1: 44 / 162 = 27.16%
I20260824 23:09:55.440263 0x1f0ad5d80 rank_lower_bound_computer.h:211] ProcessOrbitsAtDim P1: 48 / 162 = 29.63%
I20260824 23:10:11.923122 0x16b83f000 rank_lower_bound_computer.h:211] ProcessOrbitsAtDim P1: 50 / 162 = 30.86%
I20260824 23:10:27.004032 0x16e0b7000 rank_lower_bound_computer.h:211] ProcessOrbitsAtDim P1: 53 / 162 = 32.72%
I20260824 23:10:39.451831 0x1f0ad5d80 rank_lower_bound_computer.h:211] ProcessOrbitsAtDim P1: 54 / 162 = 33.33%
I20260824 23:10:55.072460 0x16b83f000 rank_lower_bound_computer.h:211] ProcessOrbitsAtDim P1: 56 / 162 = 34.57%
I20260824 23:11:09.241581 0x16dcab000 rank_lower_bound_computer.h:211] ProcessOrbitsAtDim P1: 58 / 162 = 35.80%
I20260824 23:11:27.783114 0x16b433000 rank_lower_bound_computer.h:211] ProcessOrbitsAtDim P1: 61 / 162 = 37.65%
I20260824 23:11:42.303355 0x16b83f000 rank_lower_bound_computer.h:211] ProcessOrbitsAtDim P1: 63 / 162 = 38.89%
I20260824 23:11:54.303774 0x16b433000 rank_lower_bound_computer.h:211] ProcessOrbitsAtDim P1: 64 / 162 = 39.51%
I20260824 23:12:04.993001 0x16e0b7000 rank_lower_bound_computer.h:211] ProcessOrbitsAtDim P1: 68 / 162 = 41.98%
I20260824 23:12:17.079195 0x16e0b7000 rank_lower_bound_computer.h:211] ProcessOrbitsAtDim P1: 72 / 162 = 44.44%
I20260824 23:12:28.663749 0x16c463000 rank_lower_bound_computer.h:211] ProcessOrbitsAtDim P1: 75 / 162 = 46.30%
I20260824 23:12:39.806627 0x16cc7b000 rank_lower_bound_computer.h:211] ProcessOrbitsAtDim P1: 76 / 162 = 46.91%
I20260824 23:12:53.183806 0x16dcab000 rank_lower_bound_computer.h:211] ProcessOrbitsAtDim P1: 79 / 162 = 48.77%
I20260824 23:13:05.234760 0x16c057000 rank_lower_bound_computer.h:211] ProcessOrbitsAtDim P1: 85 / 162 = 52.47%
I20260824 23:13:16.053117 0x16c057000 rank_lower_bound_computer.h:211] ProcessOrbitsAtDim P1: 90 / 162 = 55.56%
I20260824 23:13:37.451935 0x16e4c3000 rank_lower_bound_computer.h:211] ProcessOrbitsAtDim P1: 99 / 162 = 61.11%
I20260824 23:13:57.606986 0x16e0b7000 rank_lower_bound_computer.h:211] ProcessOrbitsAtDim P1: 102 / 162 = 62.96%
I20260824 23:14:08.405193 0x16e0b7000 rank_lower_bound_computer.h:211] ProcessOrbitsAtDim P1: 105 / 162 = 64.81%
I20260824 23:14:26.410044 0x16c057000 rank_lower_bound_computer.h:211] ProcessOrbitsAtDim P1: 106 / 162 = 65.43%
I20260824 23:14:46.906816 0x16cc7b000 rank_lower_bound_computer.h:211] ProcessOrbitsAtDim P1: 109 / 162 = 67.28%
I20260824 23:15:00.087006 0x16b433000 rank_lower_bound_computer.h:211] ProcessOrbitsAtDim P1: 110 / 162 = 67.90%
I20260824 23:15:11.683074 0x16b83f000 rank_lower_bound_computer.h:211] ProcessOrbitsAtDim P1: 112 / 162 = 69.14%
I20260824 23:15:24.876908 0x16b433000 rank_lower_bound_computer.h:211] ProcessOrbitsAtDim P1: 114 / 162 = 70.37%
I20260824 23:15:35.358966 0x16e0b7000 rank_lower_bound_computer.h:211] ProcessOrbitsAtDim P1: 116 / 162 = 71.60%
I20260824 23:15:52.678786 0x16c463000 rank_lower_bound_computer.h:211] ProcessOrbitsAtDim P1: 119 / 162 = 73.46%
I20260824 23:16:04.960017 0x1f0ad5d80 rank_lower_bound_computer.h:211] ProcessOrbitsAtDim P1: 120 / 162 = 74.07%
I20260824 23:16:15.247940 0x16b83f000 rank_lower_bound_computer.h:211] ProcessOrbitsAtDim P1: 122 / 162 = 75.31%
I20260824 23:16:46.684858 0x16b433000 rank_lower_bound_computer.h:211] ProcessOrbitsAtDim P1: 123 / 162 = 75.93%
I20260824 23:17:08.367565 0x16b433000 rank_lower_bound_computer.h:211] ProcessOrbitsAtDim P1: 126 / 162 = 77.78%
I20260824 23:17:51.430216 0x16d493000 rank_lower_bound_computer.h:211] ProcessOrbitsAtDim P1: 129 / 162 = 79.63%
I20260824 23:18:19.940681 0x16cc7b000 rank_lower_bound_computer.h:211] ProcessOrbitsAtDim P1: 132 / 162 = 81.48%
I20260824 23:19:24.829427 0x16d493000 rank_lower_bound_computer.h:211] ProcessOrbitsAtDim P1: 133 / 162 = 82.10%
I20260824 23:19:48.288506 0x16c057000 rank_lower_bound_computer.h:211] ProcessOrbitsAtDim P1: 134 / 162 = 82.72%
I20260824 23:21:16.066679 0x16c057000 rank_lower_bound_computer.h:211] ProcessOrbitsAtDim P1: 138 / 162 = 85.19%
I20260824 23:21:52.034099 0x16d493000 rank_lower_bound_computer.h:211] ProcessOrbitsAtDim P1: 139 / 162 = 85.80%
I20260824 23:22:43.371349 0x16d493000 rank_lower_bound_computer.h:211] ProcessOrbitsAtDim P1: 140 / 162 = 86.42%
I20260824 23:22:59.336117 0x16d493000 rank_lower_bound_computer.h:211] ProcessOrbitsAtDim P1: 141 / 162 = 87.04%
I20260824 23:24:27.812986 0x16e4c3000 rank_lower_bound_computer.h:211] ProcessOrbitsAtDim P1: 143 / 162 = 88.27%
I20260824 23:25:27.120837 0x16e0b7000 rank_lower_bound_computer.h:211] ProcessOrbitsAtDim P1: 145 / 162 = 89.51%
I20260824 23:26:46.007202 0x16d493000 rank_lower_bound_computer.h:211] ProcessOrbitsAtDim P1: 147 / 162 = 90.74%
I20260824 23:28:08.351280 0x16c86f000 rank_lower_bound_computer.h:211] ProcessOrbitsAtDim P1: 148 / 162 = 91.36%
I20260824 23:28:38.067560 0x16c057000 rank_lower_bound_computer.h:211] ProcessOrbitsAtDim P1: 149 / 162 = 91.98%
I20260824 23:29:02.690742 0x16c86f000 rank_lower_bound_computer.h:211] ProcessOrbitsAtDim P1: 150 / 162 = 92.59%
I20260824 23:31:13.649188 0x16c86f000 rank_lower_bound_computer.h:211] ProcessOrbitsAtDim P1: 151 / 162 = 93.21%
I20260824 23:37:12.198882 0x1f0ad5d80 rank_lower_bound_computer.h:211] ProcessOrbitsAtDim P1: 152 / 162 = 93.83%
I20260824 23:37:34.122933 0x16b433000 rank_lower_bound_computer.h:211] ProcessOrbitsAtDim P1: 153 / 162 = 94.44%
I20260824 23:48:21.199813 0x16d89f000 rank_lower_bound_computer.h:211] ProcessOrbitsAtDim P1: 155 / 162 = 95.68%
I20260824 23:56:32.749628 0x16c86f000 rank_lower_bound_computer.h:211] ProcessOrbitsAtDim P1: 156 / 162 = 96.30%
I20260825 00:52:33.689720 0x16bc4b000 rank_lower_bound_computer.h:211] ProcessOrbitsAtDim P1: 157 / 162 = 96.91%
I20260825 00:53:19.937257 0x16d493000 rank_lower_bound_computer.h:211] ProcessOrbitsAtDim P1: 158 / 162 = 97.53%
I20260825 00:54:33.822191 0x16d087000 rank_lower_bound_computer.h:211] ProcessOrbitsAtDim P1: 159 / 162 = 98.15%
I20260825 00:56:17.932167 0x16bc4b000 rank_lower_bound_computer.h:211] ProcessOrbitsAtDim P1: 160 / 162 = 98.77%
I20260825 01:49:33.286814 0x16d087000 rank_lower_bound_computer.h:211] ProcessOrbitsAtDim P1: 161 / 162 = 99.38%
I20260825 03:15:25.791981 0x16e0b7000 rank_lower_bound_computer.h:211] ProcessOrbitsAtDim P1: 162 / 162 = 100.00%
I20260825 03:15:25.792065 0x1f0ad5d80 rank_lower_bound_computer.h:216] ProcessOrbitsAtDim P2...
I20260825 03:15:25.792651 0x1f0ad5d80 rank_lower_bound_computer.h:228] ProcessOrbitsAtDim P3...
I20260825 03:15:25.792706 0x1f0ad5d80 rank_lower_bound_computer.h:255] ProcessOrbitsAtDim done. duration=14947.0
I20260825 03:15:25.792739 0x1f0ad5d80 proto_io.h:56] Writing to probe/cert_full_out.pb.txt ...
I20260825 03:15:25.795089 0x1f0ad5d80 proto_io.h:79] Written 15528 bytes
I20260825 03:15:25.795233 0x1f0ad5d80 rank_lower_bound_computer.h:191] Processing dim=3, count=68
I20260825 05:10:48.175272 0x16c463000 rank_lower_bound_computer.h:211] ProcessOrbitsAtDim P1: 1 / 68 = 1.47%
I20260825 05:31:21.010935 0x16d087000 rank_lower_bound_computer.h:211] ProcessOrbitsAtDim P1: 2 / 68 = 2.94%
I20260825 05:41:45.480812 0x16d89f000 rank_lower_bound_computer.h:211] ProcessOrbitsAtDim P1: 3 / 68 = 4.41%
I20260825 05:49:48.108796 0x16bc4b000 rank_lower_bound_computer.h:211] ProcessOrbitsAtDim P1: 4 / 68 = 5.88%
I20260825 05:57:50.495346 0x16c86f000 rank_lower_bound_computer.h:211] ProcessOrbitsAtDim P1: 6 / 68 = 8.82%
I20260825 06:17:54.944586 0x16dcab000 rank_lower_bound_computer.h:204] Better LB for index=418: 17->18
I20260825 06:17:54.946103 0x16dcab000 rank_lower_bound_computer.h:211] ProcessOrbitsAtDim P1: 7 / 68 = 10.29%
I20260825 06:19:08.744271 0x16d493000 rank_lower_bound_computer.h:204] Better LB for index=436: 17->18
I20260825 06:19:08.745998 0x16d493000 rank_lower_bound_computer.h:211] ProcessOrbitsAtDim P1: 8 / 68 = 11.76%
I20260825 06:31:04.219113 0x16bc4b000 rank_lower_bound_computer.h:211] ProcessOrbitsAtDim P1: 9 / 68 = 13.24%
I20260825 06:32:19.679116 0x16bc4b000 rank_lower_bound_computer.h:211] ProcessOrbitsAtDim P1: 10 / 68 = 14.71%
I20260825 06:35:16.034380 0x16e0b7000 rank_lower_bound_computer.h:204] Better LB for index=441: 17->18
I20260825 06:35:16.034905 0x16e0b7000 rank_lower_bound_computer.h:211] ProcessOrbitsAtDim P1: 11 / 68 = 16.18%
I20260825 06:40:08.084050 0x1f0ad5d80 rank_lower_bound_computer.h:204] Better LB for index=460: 17->18
I20260825 06:40:08.087713 0x1f0ad5d80 rank_lower_bound_computer.h:211] ProcessOrbitsAtDim P1: 12 / 68 = 17.65%
I20260825 06:47:53.023333 0x16bc4b000 rank_lower_bound_computer.h:211] ProcessOrbitsAtDim P1: 13 / 68 = 19.12%
I20260825 06:53:04.092674 0x16d493000 rank_lower_bound_computer.h:211] ProcessOrbitsAtDim P1: 14 / 68 = 20.59%
I20260825 06:58:01.320099 0x16e4c3000 rank_lower_bound_computer.h:211] ProcessOrbitsAtDim P1: 15 / 68 = 22.06%
I20260825 07:04:39.983406 0x16cc7b000 rank_lower_bound_computer.h:211] ProcessOrbitsAtDim P1: 16 / 68 = 23.53%
I20260825 07:12:24.048768 0x16c057000 rank_lower_bound_computer.h:211] ProcessOrbitsAtDim P1: 17 / 68 = 25.00%
I20260825 07:16:45.682905 0x1f0ad5d80 rank_lower_bound_computer.h:211] ProcessOrbitsAtDim P1: 18 / 68 = 26.47%
I20260825 07:20:19.070252 0x16cc7b000 rank_lower_bound_computer.h:211] ProcessOrbitsAtDim P1: 19 / 68 = 27.94%
I20260825 07:26:26.811324 0x1f0ad5d80 rank_lower_bound_computer.h:211] ProcessOrbitsAtDim P1: 20 / 68 = 29.41%
I20260825 07:28:13.035543 0x16c057000 rank_lower_bound_computer.h:211] ProcessOrbitsAtDim P1: 21 / 68 = 30.88%
I20260825 07:33:57.315675 0x1f0ad5d80 rank_lower_bound_computer.h:211] ProcessOrbitsAtDim P1: 22 / 68 = 32.35%
I20260825 07:44:24.959539 0x16e4c3000 rank_lower_bound_computer.h:211] ProcessOrbitsAtDim P1: 23 / 68 = 33.82%
I20260825 07:49:05.907640 0x1f0ad5d80 rank_lower_bound_computer.h:211] ProcessOrbitsAtDim P1: 24 / 68 = 35.29%
I20260825 08:23:17.209490 0x16bc4b000 rank_lower_bound_computer.h:211] ProcessOrbitsAtDim P1: 25 / 68 = 36.76%
I20260825 08:30:29.914953 0x16b433000 rank_lower_bound_computer.h:204] Better LB for index=445: 17->18
I20260825 08:30:29.916079 0x16b433000 rank_lower_bound_computer.h:211] ProcessOrbitsAtDim P1: 26 / 68 = 38.24%
I20260825 08:31:08.848907 0x16b83f000 rank_lower_bound_computer.h:204] Better LB for index=423: 17->18
I20260825 08:31:08.849790 0x16b83f000 rank_lower_bound_computer.h:211] ProcessOrbitsAtDim P1: 27 / 68 = 39.71%
I20260825 08:40:00.472213 0x16c463000 rank_lower_bound_computer.h:211] ProcessOrbitsAtDim P1: 28 / 68 = 41.18%
I20260825 08:44:36.489260 0x16bc4b000 rank_lower_bound_computer.h:211] ProcessOrbitsAtDim P1: 29 / 68 = 42.65%
I20260825 09:04:03.952200 0x16b83f000 rank_lower_bound_computer.h:211] ProcessOrbitsAtDim P1: 30 / 68 = 44.12%
I20260825 09:09:17.906252 0x16d89f000 rank_lower_bound_computer.h:204] Better LB for index=438: 17->18
I20260825 09:09:17.908108 0x16d89f000 rank_lower_bound_computer.h:211] ProcessOrbitsAtDim P1: 31 / 68 = 45.59%
I20260825 09:18:44.004289 0x16c057000 rank_lower_bound_computer.h:211] ProcessOrbitsAtDim P1: 32 / 68 = 47.06%
I20260825 09:28:38.231388 0x16dcab000 rank_lower_bound_computer.h:211] ProcessOrbitsAtDim P1: 33 / 68 = 48.53%
I20260825 09:31:36.989508 0x16d493000 rank_lower_bound_computer.h:211] ProcessOrbitsAtDim P1: 34 / 68 = 50.00%
I20260825 09:50:20.035897 0x16d89f000 rank_lower_bound_computer.h:211] ProcessOrbitsAtDim P1: 35 / 68 = 51.47%
I20260825 10:21:37.779589 0x16d493000 rank_lower_bound_computer.h:211] ProcessOrbitsAtDim P1: 36 / 68 = 52.94%
I20260825 10:25:42.025739 0x1f0ad5d80 rank_lower_bound_computer.h:211] ProcessOrbitsAtDim P1: 37 / 68 = 54.41%
I20260825 10:34:29.346728 0x16e0b7000 rank_lower_bound_computer.h:211] ProcessOrbitsAtDim P1: 38 / 68 = 55.88%
I20260825 10:34:29.395507 0x16e0b7000 rank_lower_bound_computer.h:204] Better LB for index=422: 17->18
I20260825 11:17:10.545870 0x16c86f000 rank_lower_bound_computer.h:211] ProcessOrbitsAtDim P1: 40 / 68 = 58.82%
I20260825 11:26:12.505874 0x16dcab000 rank_lower_bound_computer.h:211] ProcessOrbitsAtDim P1: 42 / 68 = 61.76%
I20260825 11:27:17.475239 0x16b83f000 rank_lower_bound_computer.h:211] ProcessOrbitsAtDim P1: 43 / 68 = 63.24%
I20260825 11:45:59.054368 0x16bc4b000 rank_lower_bound_computer.h:211] ProcessOrbitsAtDim P1: 44 / 68 = 64.71%
I20260825 12:21:31.632193 0x16cc7b000 rank_lower_bound_computer.h:211] ProcessOrbitsAtDim P1: 45 / 68 = 66.18%
I20260825 12:37:10.953803 0x16d493000 rank_lower_bound_computer.h:211] ProcessOrbitsAtDim P1: 47 / 68 = 69.12%
I20260825 12:38:02.473371 0x16c463000 rank_lower_bound_computer.h:204] Better LB for index=443: 17->18
I20260825 12:38:02.474219 0x16c463000 rank_lower_bound_computer.h:211] ProcessOrbitsAtDim P1: 48 / 68 = 70.59%
I20260825 12:39:02.494673 0x16bc4b000 rank_lower_bound_computer.h:211] ProcessOrbitsAtDim P1: 49 / 68 = 72.06%
I20260825 12:51:14.223660 0x16d087000 rank_lower_bound_computer.h:204] Better LB for index=447: 17->18
I20260825 12:51:14.225284 0x16d087000 rank_lower_bound_computer.h:211] ProcessOrbitsAtDim P1: 50 / 68 = 73.53%
I20260825 12:53:36.902144 0x16e0b7000 rank_lower_bound_computer.h:211] ProcessOrbitsAtDim P1: 51 / 68 = 75.00%
I20260825 13:08:31.335721 0x16b83f000 rank_lower_bound_computer.h:211] ProcessOrbitsAtDim P1: 53 / 68 = 77.94%
I20260825 13:11:02.367190 0x16dcab000 rank_lower_bound_computer.h:211] ProcessOrbitsAtDim P1: 54 / 68 = 79.41%
I20260825 13:11:18.145468 0x16b83f000 rank_lower_bound_computer.h:211] ProcessOrbitsAtDim P1: 56 / 68 = 82.35%
I20260825 13:31:49.442484 0x16d89f000 rank_lower_bound_computer.h:211] ProcessOrbitsAtDim P1: 57 / 68 = 83.82%
I20260825 13:33:56.779560 0x16c86f000 rank_lower_bound_computer.h:211] ProcessOrbitsAtDim P1: 58 / 68 = 85.29%
I20260825 13:41:30.260500 0x16e4c3000 rank_lower_bound_computer.h:211] ProcessOrbitsAtDim P1: 61 / 68 = 89.71%
I20260825 13:42:23.484001 0x16cc7b000 rank_lower_bound_computer.h:211] ProcessOrbitsAtDim P1: 62 / 68 = 91.18%
I20260825 13:46:23.306528 0x16b433000 rank_lower_bound_computer.h:211] ProcessOrbitsAtDim P1: 63 / 68 = 92.65%
I20260825 13:48:56.721190 0x16c057000 rank_lower_bound_computer.h:211] ProcessOrbitsAtDim P1: 64 / 68 = 94.12%
I20260825 13:48:56.753978 0x16c057000 rank_lower_bound_computer.h:204] Better LB for index=435: 17->18
I20260825 13:54:41.655295 0x16e0b7000 rank_lower_bound_computer.h:211] ProcessOrbitsAtDim P1: 66 / 68 = 97.06%
I20260825 13:54:41.714314 0x1f0ad5d80 rank_lower_bound_computer.h:216] ProcessOrbitsAtDim P2...
I20260825 13:54:41.716228 0x1f0ad5d80 rank_lower_bound_computer.h:228] ProcessOrbitsAtDim P3...
I20260825 13:57:12.775999 0x1f0ad5d80 rank_lower_bound_computer.h:255] ProcessOrbitsAtDim done. duration=38507.3
I20260825 13:57:12.947124 0x1f0ad5d80 proto_io.h:56] Writing to probe/cert_full_out.pb.txt ...
I20260825 13:57:12.950419 0x1f0ad5d80 proto_io.h:79] Written 15396 bytes
I20260825 13:57:13.668940 0x1f0ad5d80 rank_lower_bound_computer.h:191] Processing dim=2, count=14
I20260825 14:31:07.754960 0x16e4c3000 rank_lower_bound_computer.h:211] ProcessOrbitsAtDim P1: 1 / 14 = 7.14%
I20260825 14:34:57.425287 0x16bc4b000 rank_lower_bound_computer.h:211] ProcessOrbitsAtDim P1: 2 / 14 = 14.29%
I20260825 14:36:49.306018 0x16d493000 rank_lower_bound_computer.h:204] Better LB for index=478: 17->18
I20260825 14:36:49.307545 0x16d493000 rank_lower_bound_computer.h:211] ProcessOrbitsAtDim P1: 3 / 14 = 21.43%
I20260825 14:42:17.378018 0x16cc7b000 rank_lower_bound_computer.h:204] Better LB for index=485: 18->19
I20260825 14:42:17.378432 0x16cc7b000 rank_lower_bound_computer.h:211] ProcessOrbitsAtDim P1: 4 / 14 = 28.57%
I20260825 14:46:37.866394 0x16c86f000 rank_lower_bound_computer.h:211] ProcessOrbitsAtDim P1: 5 / 14 = 35.71%
I20260825 14:51:36.335797 0x16d89f000 rank_lower_bound_computer.h:204] Better LB for index=490: 18->19
I20260825 14:51:36.337263 0x16d89f000 rank_lower_bound_computer.h:211] ProcessOrbitsAtDim P1: 6 / 14 = 42.86%
I20260825 14:53:18.248790 0x16b433000 rank_lower_bound_computer.h:204] Better LB for index=488: 18->19
I20260825 14:53:18.250002 0x16b433000 rank_lower_bound_computer.h:211] ProcessOrbitsAtDim P1: 7 / 14 = 50.00%
I20260825 14:57:28.837760 0x16d087000 rank_lower_bound_computer.h:204] Better LB for index=489: 18->19
I20260825 14:57:28.839221 0x16d087000 rank_lower_bound_computer.h:211] ProcessOrbitsAtDim P1: 8 / 14 = 57.14%
I20260825 14:57:46.015585 0x16e0b7000 rank_lower_bound_computer.h:204] Better LB for index=486: 18->19
I20260825 14:57:46.015652 0x16e0b7000 rank_lower_bound_computer.h:211] ProcessOrbitsAtDim P1: 9 / 14 = 64.29%
I20260825 14:57:46.020609 0x16b83f000 rank_lower_bound_computer.h:204] Better LB for index=487: 18->19
I20260825 14:59:52.911223 0x1f0ad5d80 rank_lower_bound_computer.h:211] ProcessOrbitsAtDim P1: 12 / 14 = 85.71%
I20260825 15:00:07.869383 0x16c057000 rank_lower_bound_computer.h:204] Better LB for index=491: 18->19
I20260825 15:00:07.869444 0x16c057000 rank_lower_bound_computer.h:211] ProcessOrbitsAtDim P1: 13 / 14 = 92.86%
I20260825 15:00:07.891807 0x16c463000 rank_lower_bound_computer.h:204] Better LB for index=484: 18->19
I20260825 15:00:07.891903 0x1f0ad5d80 rank_lower_bound_computer.h:216] ProcessOrbitsAtDim P2...
I20260825 15:00:07.892047 0x1f0ad5d80 rank_lower_bound_computer.h:228] ProcessOrbitsAtDim P3...
I20260825 15:00:29.395036 0x1f0ad5d80 rank_lower_bound_computer.h:255] ProcessOrbitsAtDim done. duration=3795.8
I20260825 15:00:29.432385 0x1f0ad5d80 proto_io.h:56] Writing to probe/cert_full_out.pb.txt ...
I20260825 15:00:29.434898 0x1f0ad5d80 proto_io.h:79] Written 15286 bytes
I20260825 15:00:30.388513 0x1f0ad5d80 rank_lower_bound_computer.h:191] Processing dim=1, count=3
I20260825 15:08:38.824684 0x16e4c3000 rank_lower_bound_computer.h:211] ProcessOrbitsAtDim P1: 1 / 3 = 33.33%
I20260825 15:11:57.884145 0x1f0ad5d80 rank_lower_bound_computer.h:211] ProcessOrbitsAtDim P1: 3 / 3 = 100.00%
I20260825 15:11:57.885408 0x1f0ad5d80 rank_lower_bound_computer.h:216] ProcessOrbitsAtDim P2...
I20260825 15:11:57.885456 0x1f0ad5d80 rank_lower_bound_computer.h:228] ProcessOrbitsAtDim P3...
I20260825 15:11:57.885461 0x1f0ad5d80 rank_lower_bound_computer.h:255] ProcessOrbitsAtDim done. duration=687.5
I20260825 15:11:57.885469 0x1f0ad5d80 proto_io.h:56] Writing to probe/cert_full_out.pb.txt ...
I20260825 15:11:57.886353 0x1f0ad5d80 proto_io.h:79] Written 15286 bytes
I20260825 15:11:58.653553 0x1f0ad5d80 rank_lower_bound_computer.h:191] Processing dim=0, count=1
I20260825 15:13:13.360304 0x1f0ad5d80 rank_lower_bound_computer.h:211] ProcessOrbitsAtDim P1: 1 / 1 = 100.00%
I20260825 15:13:13.361287 0x1f0ad5d80 rank_lower_bound_computer.h:216] ProcessOrbitsAtDim P2...
I20260825 15:13:13.361307 0x1f0ad5d80 rank_lower_bound_computer.h:228] ProcessOrbitsAtDim P3...
I20260825 15:13:13.361311 0x1f0ad5d80 rank_lower_bound_computer.h:255] ProcessOrbitsAtDim done. duration=74.7
I20260825 15:13:13.361329 0x1f0ad5d80 proto_io.h:56] Writing to probe/cert_full_out.pb.txt ...
I20260825 15:13:13.362012 0x1f0ad5d80 proto_io.h:79] Written 15286 bytes
I20260825 15:13:14.127424 0x1f0ad5d80 rank_lower_bound_main.cc:121] UNCONSTRAINED TENSOR RANK LOWER BOUND: 20
I20260825 15:13:14.127444 0x1f0ad5d80 rank_lower_bound_main.cc:124] Done. Wrote probe/cert_full_out.pb.txt
EXIT=0
  rank_lower_bound: 20
  rank_lower_bound_proof {
