wangd2_lift_table18 k=19 dims 7x9x9: exhausted [0.01s; 89 tasks]
wangd2_control_table18 k=18 dims 7x9x9: exhausted [0.31s; 19165 tasks]
wangd2_lift_table18 k=19 dims 7x9x9: exhausted [0.67s; 31366 tasks]
wangd2_control_table18 k=18 dims 7x9x9: exhausted [1.51s; 72055 tasks]
wangd2_lift_table18 k=19 dims 7x9x9: exhausted [0.01s; 60 tasks]
wangd2_control_table18 k=18 dims 7x9x9: exhausted [0.02s; 278 tasks]
wangd2_lift_table18 k=19 dims 7x9x9: exhausted [0.46s; 22009 tasks]
wangd2_control_table18 k=18 dims 7x9x9: exhausted [1.18s; 54772 tasks]
wangd2_lift_table18 k=19 dims 7x9x9: exhausted [1.39s; 62909 tasks]
wangd2_control_table18 k=18 dims 7x9x9: exhausted [1.48s; 67812 tasks]
wangd2_lift_table18 k=19 dims 7x9x9: exhausted [0.71s; 37312 tasks]
wangd2_control_table18 k=18 dims 7x9x9: exhausted [1.08s; 57478 tasks]
wangd2_lift_table19 k=20 dims 7x9x9: exhausted [1.52s; 68566 tasks]
wangd2_control_table19 k=19 dims 7x9x9: exhausted [1.83s; 83132 tasks]
wangd2_lift_table19 k=20 dims 7x9x9: exhausted [1.39s; 61856 tasks]
wangd2_control_table19 k=19 dims 7x9x9: exhausted [1.73s; 71816 tasks]
wangd2_lift_table19 k=20 dims 7x9x9: exhausted [0.60s; 30099 tasks]
wangd2_control_table19 k=19 dims 7x9x9: exhausted [1.25s; 54818 tasks]
wangd2_lift_table19 k=20 dims 7x9x9: exhausted [1.29s; 55478 tasks]
wangd2_control_table19 k=19 dims 7x9x9: exhausted [1.94s; 80612 tasks]
wangd2_lift_table19 k=20 dims 7x9x9: exhausted [1.65s; 67661 tasks]
wangd2_control_table19 k=19 dims 7x9x9: exhausted [1.76s; 75764 tasks]
wangd2_lift_table19 k=20 dims 7x9x9: exhausted [0.69s; 32480 tasks]
wangd2_control_table19 k=19 dims 7x9x9: exhausted [1.22s; 56625 tasks]
wangd2_lift_table19 k=20 dims 7x9x9: exhausted [1.78s; 70607 tasks]
wangd2_control_table19 k=19 dims 7x9x9: exhausted [2.18s; 80319 tasks]
wangd2_lift_table19 k=20 dims 7x9x9: exhausted [1.99s; 74848 tasks]
wangd2_control_table19 k=19 dims 7x9x9: exhausted [1.87s; 78029 tasks]
wangd3_lift_table15 k=16 dims 6x9x9: exhausted [0.01s; 251 tasks]
wangd3_control_table15 k=15 dims 6x9x9: exhausted [0.26s; 48122 tasks]
wangd3_lift_table16 k=17 dims 6x9x9: exhausted [0.01s; 14 tasks]
wangd3_control_table16 k=16 dims 6x9x9: exhausted [0.05s; 5088 tasks]
wangd3_lift_table17 k=18 dims 6x9x9: exhausted [0.23s; 15553 tasks]
wangd3_control_table17 k=17 dims 6x9x9: exhausted [0.32s; 21528 tasks]
wangd3_lift_table16 k=17 dims 6x9x9: exhausted [0.01s; 33 tasks]
wangd3_control_table16 k=16 dims 6x9x9: capped [101.86s; 8082901 tasks]
wangd3_lift_table17 k=18 dims 6x9x9: exhausted [0.01s; 13 tasks]
wangd3_control_table17 k=17 dims 6x9x9: exhausted [0.16s; 10758 tasks]
wangd3_lift_table17 k=18 dims 6x9x9: exhausted [0.57s; 36736 tasks]
wangd3_control_table17 k=17 dims 6x9x9: exhausted [1.72s; 107116 tasks]
wangd3_lift_table17 k=18 dims 6x9x9: exhausted [0.01s; 15 tasks]
wangd3_control_table17 k=17 dims 6x9x9: exhausted [3.10s; 230326 tasks]
wangd3_lift_table17 k=18 dims 6x9x9: exhausted [0.30s; 17590 tasks]
wangd3_control_table17 k=17 dims 6x9x9: exhausted [0.95s; 64245 tasks]
wangd3_lift_table18 k=19 dims 6x9x9: exhausted [0.63s; 37697 tasks]
wangd3_control_table18 k=18 dims 6x9x9: exhausted [0.78s; 46276 tasks]
wangd3_lift_table17 k=18 dims 6x9x9: exhausted [0.12s; 6136 tasks]
wangd3_control_table17 k=17 dims 6x9x9: exhausted [1.03s; 69650 tasks]
wangd3_lift_table18 k=19 dims 6x9x9: exhausted [0.54s; 34203 tasks]
wangd3_control_table18 k=18 dims 6x9x9: exhausted [1.07s; 62028 tasks]
wangd3_lift_table17 k=18 dims 6x9x9: exhausted [1.32s; 71449 tasks]
wangd3_control_table17 k=17 dims 6x9x9: capped [124.89s; 7931282 tasks]
wangd3_lift_table18 k=19 dims 6x9x9: exhausted [0.72s; 43017 tasks]
wangd3_control_table18 k=18 dims 6x9x9: exhausted [0.92s; 57330 tasks]
wangd3_lift_table18 k=19 dims 6x9x9: exhausted [0.39s; 24729 tasks]
wangd3_control_table18 k=18 dims 6x9x9: exhausted [0.92s; 56109 tasks]
wangd3_lift_table17 k=18 dims 6x9x9: exhausted [0.43s; 28807 tasks]
wangd3_control_table17 k=17 dims 6x9x9: exhausted [2.27s; 141547 tasks]
wangd3_lift_table18 k=19 dims 6x9x9: exhausted [0.75s; 45827 tasks]
wangd3_control_table18 k=18 dims 6x9x9: exhausted [1.23s; 69667 tasks]
wangd3_lift_table18 k=19 dims 6x9x9: exhausted [0.74s; 39666 tasks]
wangd3_control_table18 k=18 dims 6x9x9: exhausted [0.90s; 49501 tasks]
wangd3_lift_table17 k=18 dims 6x9x9: exhausted [0.01s; 13 tasks]
wangd3_control_table17 k=17 dims 6x9x9: exhausted [0.22s; 15733 tasks]
wangd3_lift_table17 k=18 dims 6x9x9: exhausted [0.01s; 13 tasks]
wangd3_control_table17 k=17 dims 6x9x9: exhausted [0.68s; 45471 tasks]
wangd3_lift_table17 k=18 dims 6x9x9: exhausted [0.02s; 255 tasks]
wangd3_control_table17 k=17 dims 6x9x9: exhausted [0.34s; 22164 tasks]
wangd3_lift_table17 k=18 dims 6x9x9: exhausted [0.01s; 14 tasks]
wangd3_control_table17 k=17 dims 6x9x9: exhausted [2.51s; 191085 tasks]
wangd3_lift_table17 k=18 dims 6x9x9: exhausted [0.01s; 15 tasks]
wangd3_control_table17 k=17 dims 6x9x9: exhausted [0.40s; 24798 tasks]
wangd3_lift_table16 k=17 dims 6x9x9: exhausted [0.01s; 43 tasks]
wangd3_control_table16 k=16 dims 6x9x9: exhausted [16.04s; 1272710 tasks]
wangd3_lift_table17 k=18 dims 6x9x9: exhausted [0.01s; 14 tasks]
wangd3_control_table17 k=17 dims 6x9x9: exhausted [0.22s; 15504 tasks]
wangd3_lift_table17 k=18 dims 6x9x9: exhausted [0.01s; 14 tasks]
wangd3_control_table17 k=17 dims 6x9x9: exhausted [0.49s; 32997 tasks]
wangd3_lift_table18 k=19 dims 6x9x9: exhausted [0.84s; 49362 tasks]
wangd3_control_table18 k=18 dims 6x9x9: exhausted [1.02s; 62932 tasks]
wangd3_lift_table18 k=19 dims 6x9x9: exhausted [0.18s; 11106 tasks]
wangd3_control_table18 k=18 dims 6x9x9: exhausted [0.71s; 43575 tasks]
wangd3_lift_table17 k=18 dims 6x9x9: exhausted [0.40s; 23955 tasks]
wangd3_control_table17 k=17 dims 6x9x9: exhausted [18.84s; 1184139 tasks]
wangd3_lift_table18 k=19 dims 6x9x9: exhausted [0.65s; 37862 tasks]
wangd3_control_table18 k=18 dims 6x9x9: exhausted [1.06s; 61784 tasks]
wangd3_lift_table17 k=18 dims 6x9x9: exhausted [0.91s; 56645 tasks]
wangd3_control_table17 k=17 dims 6x9x9: exhausted [9.04s; 618628 tasks]
wangd3_lift_table17 k=18 dims 6x9x9: exhausted [0.41s; 24046 tasks]
wangd3_control_table17 k=17 dims 6x9x9: exhausted [76.61s; 4887224 tasks]
wangd3_lift_table18 k=19 dims 6x9x9: exhausted [0.28s; 17298 tasks]
wangd3_control_table18 k=18 dims 6x9x9: exhausted [0.55s; 37122 tasks]
wangd3_lift_table17 k=18 dims 6x9x9: exhausted [0.38s; 22802 tasks]
wangd3_control_table17 k=17 dims 6x9x9: exhausted [46.49s; 2599301 tasks]
wangd3_lift_table18 k=19 dims 6x9x9: exhausted [0.38s; 21959 tasks]
wangd3_control_table18 k=18 dims 6x9x9: exhausted [1.10s; 63736 tasks]
wangd3_lift_table17 k=18 dims 6x9x9: exhausted [1.19s; 67258 tasks]
wangd3_control_table17 k=17 dims 6x9x9: exhausted [31.36s; 1918845 tasks]
wangd3_lift_table18 k=19 dims 6x9x9: exhausted [0.82s; 48307 tasks]
wangd3_control_table18 k=18 dims 6x9x9: exhausted [1.29s; 72123 tasks]
wangd3_lift_table17 k=18 dims 6x9x9: exhausted [1.04s; 62780 tasks]
wangd3_control_table17 k=17 dims 6x9x9: exhausted [4.96s; 284329 tasks]
wangd3_lift_table18 k=19 dims 6x9x9: exhausted [0.40s; 23542 tasks]
wangd3_control_table18 k=18 dims 6x9x9: exhausted [0.96s; 57248 tasks]
wangd3_lift_table17 k=18 dims 6x9x9: exhausted [0.90s; 48716 tasks]
wangd3_control_table17 k=17 dims 6x9x9: exhausted [15.57s; 784956 tasks]
wangd3_lift_table17 k=18 dims 6x9x9: exhausted [1.26s; 68692 tasks]
wangd3_control_table17 k=17 dims 6x9x9: exhausted [13.30s; 816706 tasks]
wangd3_lift_table18 k=19 dims 6x9x9: exhausted [0.94s; 54617 tasks]
wangd3_control_table18 k=18 dims 6x9x9: exhausted [1.29s; 69316 tasks]
wangd3_lift_table18 k=19 dims 6x9x9: exhausted [1.13s; 62968 tasks]
wangd3_control_table18 k=18 dims 6x9x9: exhausted [1.64s; 84145 tasks]
wangd3_lift_table18 k=19 dims 6x9x9: exhausted [0.75s; 42556 tasks]
wangd3_control_table18 k=18 dims 6x9x9: exhausted [1.25s; 70371 tasks]
wangd3_lift_table18 k=19 dims 6x9x9: exhausted [0.85s; 48292 tasks]
wangd3_control_table18 k=18 dims 6x9x9: exhausted [1.41s; 77188 tasks]
wangd3_lift_table18 k=19 dims 6x9x9: exhausted [1.06s; 61467 tasks]
wangd3_control_table18 k=18 dims 6x9x9: exhausted [1.31s; 74520 tasks]
wangd3_lift_table18 k=19 dims 6x9x9: exhausted [1.22s; 64929 tasks]
wangd3_control_table18 k=18 dims 6x9x9: exhausted [1.40s; 71110 tasks]
wangd3_lift_table18 k=19 dims 6x9x9: exhausted [1.07s; 57473 tasks]
wangd3_control_table18 k=18 dims 6x9x9: exhausted [1.21s; 64365 tasks]
wangd3_lift_table18 k=19 dims 6x9x9: exhausted [1.26s; 65160 tasks]
wangd3_control_table18 k=18 dims 6x9x9: exhausted [1.12s; 58987 tasks]
wangd3_lift_table18 k=19 dims 6x9x9: exhausted [1.23s; 63198 tasks]
wangd3_control_table18 k=18 dims 6x9x9: exhausted [1.73s; 83618 tasks]
wangd3_lift_table18 k=19 dims 6x9x9: exhausted [0.01s; 14 tasks]
wangd3_control_table18 k=18 dims 6x9x9: exhausted [0.94s; 48510 tasks]
wangd3_lift_table18 k=19 dims 6x9x9: exhausted [1.13s; 60636 tasks]
wangd3_control_table18 k=18 dims 6x9x9: exhausted [1.41s; 74921 tasks]
wangd3_lift_table18 k=19 dims 6x9x9: exhausted [1.47s; 73367 tasks]
wangd3_control_table18 k=18 dims 6x9x9: exhausted [1.34s; 72391 tasks]
wangd3_lift_table18 k=19 dims 6x9x9: exhausted [0.01s; 14 tasks]
wangd3_control_table18 k=18 dims 6x9x9: exhausted [0.86s; 44905 tasks]
wangd3_lift_table18 k=19 dims 6x9x9: exhausted [1.35s; 66926 tasks]
wangd3_control_table18 k=18 dims 6x9x9: exhausted [1.51s; 74487 tasks]
wangd3_lift_table18 k=19 dims 6x9x9: exhausted [0.66s; 34648 tasks]
wangd3_control_table18 k=18 dims 6x9x9: exhausted [1.37s; 70074 tasks]
wangd3_lift_table18 k=19 dims 6x9x9: exhausted [1.26s; 64968 tasks]
wangd3_control_table18 k=18 dims 6x9x9: exhausted [1.49s; 73692 tasks]
wangd3_lift_table18 k=19 dims 6x9x9: exhausted [0.01s; 25 tasks]
wangd3_control_table18 k=18 dims 6x9x9: exhausted [0.74s; 40762 tasks]
wangd3_lift_table18 k=19 dims 6x9x9: exhausted [1.25s; 60702 tasks]
wangd3_control_table18 k=18 dims 6x9x9: exhausted [1.60s; 78131 tasks]
wangd3_lift_table18 k=19 dims 6x9x9: exhausted [1.46s; 70693 tasks]
wangd3_control_table18 k=18 dims 6x9x9: exhausted [1.81s; 85878 tasks]
wangd3_lift_table18 k=19 dims 6x9x9: exhausted [1.57s; 76758 tasks]
wangd3_control_table18 k=18 dims 6x9x9: exhausted [1.47s; 75361 tasks]
wangd3_lift_table18 k=19 dims 6x9x9: exhausted [1.15s; 55855 tasks]
wangd3_control_table18 k=18 dims 6x9x9: exhausted [1.40s; 69599 tasks]
wangd3_lift_table18 k=19 dims 6x9x9: exhausted [1.49s; 71145 tasks]
wangd3_control_table18 k=18 dims 6x9x9: exhausted [1.42s; 74361 tasks]
wangd3_lift_table18 k=19 dims 6x9x9: exhausted [1.53s; 76149 tasks]
wangd3_control_table18 k=18 dims 6x9x9: exhausted [1.70s; 83223 tasks]
wangd3_lift_table18 k=19 dims 6x9x9: exhausted [1.49s; 71715 tasks]
wangd3_control_table18 k=18 dims 6x9x9: exhausted [1.56s; 76450 tasks]
wangd3_lift_table18 k=19 dims 6x9x9: exhausted [1.70s; 78828 tasks]
wangd3_control_table18 k=18 dims 6x9x9: exhausted [1.45s; 72594 tasks]
wangd3_lift_table18 k=19 dims 6x9x9: exhausted [1.31s; 64164 tasks]
wangd3_control_table18 k=18 dims 6x9x9: exhausted [1.68s; 80549 tasks]
wangd3_lift_table18 k=19 dims 6x9x9: exhausted [1.52s; 74034 tasks]
wangd3_control_table18 k=18 dims 6x9x9: exhausted [1.51s; 77000 tasks]
wangd3_lift_table18 k=19 dims 6x9x9: exhausted [1.26s; 65433 tasks]
wangd3_control_table18 k=18 dims 6x9x9: exhausted [1.62s; 79444 tasks]

TALLY (verdict, probe outcome) -> count:
  ("wangd2_control_table18", "exhausted"): 6
  ("wangd2_control_table19", "exhausted"): 8
  ("wangd2_lift_table18", "exhausted"): 6
  ("wangd2_lift_table19", "exhausted"): 8
  ("wangd3_control_table15", "exhausted"): 1
  ("wangd3_control_table16", "capped"): 1
  ("wangd3_control_table16", "exhausted"): 2
  ("wangd3_control_table17", "capped"): 1
  ("wangd3_control_table17", "exhausted"): 22
  ("wangd3_control_table18", "exhausted"): 41
  ("wangd3_lift_table15", "exhausted"): 1
  ("wangd3_lift_table16", "exhausted"): 3
  ("wangd3_lift_table17", "exhausted"): 23
  ("wangd3_lift_table18", "exhausted"): 41
unsound certifications: 0
