instances passing exact Brent check: 18
  L|R>Pt g0
  L|R>Pt g1
  L|R>Pt g2
  Lt|Pt>R g0
  Lt|Pt>R g1
  Lt|Pt>R g2
  Rt|Lt>Ptt g0
  Rt|Lt>Ptt g1
  Rt|Lt>Ptt g2
  R|Ptt>Lt g0
  R|Ptt>Lt g1
  R|Ptt>Lt g2
  Ptt|L>Rt g0
  Ptt|L>Rt g1
  Ptt|L>Rt g2
  Pt|Rt>L g0
  Pt|Rt>L g1
  Pt|Rt>L g2
[0s] L|R>Pt g0 comp0 48/16 = 128 (128a+0s+0)
[0s] L|R>Pt g0 comp1 16/48 = 89 (121a+0s-32)
[0s] L|R>Pt g0 comp2 48/16 = 206 (120a+54s+32)
[0s] L|R>Pt g1 comp0 48/16 = 133 (122a+11s+0)
[0s] L|R>Pt g1 comp1 48/16 = 100 (100a+0s+0)
[0s] L|R>Pt g1 comp1 16/48 = 99 (131a+0s-32)
[0s] L|R>Pt g1 comp2 48/16 = 198 (112a+54s+32)
[0s] L|R>Pt g2 comp0 16/48 = 224 (177a+79s-32)
[0s] L|R>Pt g2 comp0 16/48 = 221 (178a+75s-32)
[0s] L|R>Pt g2 comp1 48/16 = 94 (94a+0s+0)
[0s] L|R>Pt g2 comp2 16/48 = 156 (146a+10s+0)
[0s] L|R>Pt g1 comp1 16/48 = 91 (123a+0s-32)
[0s] Lt|Pt>R g0 comp0 48/16 = 149 (138a+11s+0)
[0s] Lt|Pt>R g0 comp0 16/48 = 142 (174a+0s-32)
[0s] Lt|Pt>R g0 comp1 16/48 = 125 (148a+9s-32)
[0s] Lt|Pt>R g0 comp1 16/48 = 120 (144a+8s-32)
[0s] Lt|Pt>R g0 comp2 16/48 = 186 (127a+59s+0)
[0s] Lt|Pt>R g1 comp0 48/16 = 124 (124a+0s+0)
[0s] L|R>Pt g2 comp0 48/16 = 188 (140a+48s+0)
[0s] L|R>Pt g2 comp1 16/48 = 91 (123a+0s-32)
[0s] Lt|Pt>R g1 comp1 16/48 = 131 (149a+14s-32)
[0s] Lt|Pt>R g1 comp1 16/48 = 128 (150a+10s-32)
[0s] Lt|Pt>R g1 comp2 16/48 = 189 (126a+63s+0)
[0s] Lt|Pt>R g1 comp2 48/16 = 176 (96a+48s+32)
[0s] Lt|Pt>R g2 comp0 16/48 = 213 (171a+74s-32)
[0s] Lt|Pt>R g2 comp1 16/48 = 126 (149a+9s-32)
[0s] Lt|Pt>R g0 comp2 48/16 = 174 (94a+48s+32)
[0s] Lt|Pt>R g2 comp1 16/48 = 119 (141a+10s-32)
[0s] Lt|Pt>R g2 comp2 48/16 = 131 (99a+0s+32)
[0s] Lt|Pt>R g2 comp2 16/48 = 124 (124a+0s+0)
[0s] Rt|Lt>Ptt g0 comp0 16/48 = 89 (121a+0s-32)
[0s] Lt|Pt>R g1 comp1 16/48 = 126 (150a+8s-32)
[0s] Rt|Lt>Ptt g0 comp1 48/16 = 128 (128a+0s+0)
[0s] Rt|Lt>Ptt g0 comp2 16/48 = 232 (153a+79s+0)
[0s] Rt|Lt>Ptt g1 comp0 48/16 = 99 (99a+0s+0)
[0s] Lt|Pt>R g0 comp0 16/48 = 141 (173a+0s-32)
[0s] Rt|Lt>Ptt g0 comp2 48/16 = 211 (125a+54s+32)
[0s] Rt|Lt>Ptt g1 comp0 48/16 = 93 (93a+0s+0)
[0s] Rt|Lt>Ptt g1 comp1 16/48 = 156 (188a+0s-32)
[0s] Rt|Lt>Ptt g1 comp2 48/16 = 209 (123a+54s+32)
[0s] Rt|Lt>Ptt g2 comp0 48/16 = 143 (95a+48s+0)
[0s] Lt|Pt>R g0 comp2 48/16 = 173 (93a+48s+32)
[0s] Rt|Lt>Ptt g0 comp0 16/48 = 87 (119a+0s-32)
[0s] Rt|Lt>Ptt g1 comp1 48/16 = 130 (119a+11s+0)
[0s] Rt|Lt>Ptt g2 comp1 48/16 = 135 (126a+9s+0)
[0s] Rt|Lt>Ptt g2 comp2 48/16 = 151 (113a+6s+32)
[0s] R|Ptt>Lt g0 comp0 16/48 = 91 (123a+0s-32)
[0s] R|Ptt>Lt g0 comp1 16/48 = 128 (147a+13s-32)
[0s] Rt|Lt>Ptt g1 comp0 16/48 = 89 (121a+0s-32)
[0s] Lt|Pt>R g2 comp0 48/16 = 188 (138a+50s+0)
[0s] R|Ptt>Lt g0 comp2 16/48 = 256 (179a+77s+0)
[0s] R|Ptt>Lt g1 comp0 16/48 = 88 (120a+0s-32)
[0s] R|Ptt>Lt g1 comp1 48/16 = 132 (120a+12s+0)
[0s] R|Ptt>Lt g1 comp2 48/16 = 204 (124a+48s+32)
[0s] R|Ptt>Lt g2 comp0 48/16 = 146 (98a+48s+0)
[0s] Lt|Pt>R g2 comp2 16/48 = 119 (119a+0s+0)
[0s] R|Ptt>Lt g2 comp1 48/16 = 125 (113a+12s+0)
[0s] R|Ptt>Lt g2 comp2 16/48 = 176 (176a+0s+0)
[0s] Ptt|L>Rt g0 comp0 48/16 = 135 (123a+12s+0)
[0s] R|Ptt>Lt g0 comp2 48/16 = 198 (120a+46s+32)
[0s] Ptt|L>Rt g0 comp1 16/48 = 147 (179a+0s-32)
[0s] Rt|Lt>Ptt g0 comp2 48/16 = 199 (113a+54s+32)
[0s] Ptt|L>Rt g0 comp2 48/16 = 175 (95a+48s+32)
[0s] Ptt|L>Rt g1 comp0 48/16 = 133 (121a+12s+0)
[0s] Rt|Lt>Ptt g1 comp2 48/16 = 208 (122a+54s+32)
[0s] R|Ptt>Lt g2 comp0 48/16 = 143 (95a+48s+0)
[0s] Ptt|L>Rt g1 comp1 16/48 = 138 (170a+0s-32)
[0s] Ptt|L>Rt g1 comp2 48/16 = 177 (97a+48s+32)
[0s] Rt|Lt>Ptt g2 comp1 16/48 = 132 (164a+0s-32)
[0s] Ptt|L>Rt g2 comp0 48/16 = 176 (122a+54s+0)
[0s] Ptt|L>Rt g0 comp0 16/48 = 125 (148a+9s-32)
[0s] R|Ptt>Lt g0 comp1 16/48 = 120 (143a+9s-32)
[0s] Ptt|L>Rt g0 comp1 48/16 = 124 (124a+0s+0)
[0s] Ptt|L>Rt g2 comp1 16/48 = 141 (173a+0s-32)
[0s] Ptt|L>Rt g2 comp2 16/48 = 124 (124a+0s+0)
[0s] Ptt|L>Rt g1 comp0 16/48 = 126 (149a+9s-32)
[0s] Ptt|L>Rt g1 comp1 48/16 = 110 (110a+0s+0)
[0s] Pt|Rt>L g0 comp0 16/48 = 123 (147a+8s-32)
[0s] Pt|Rt>L g0 comp1 48/16 = 97 (97a+0s+0)
[0s] Pt|Rt>L g0 comp2 48/16 = 210 (130a+48s+32)
[0s] Pt|Rt>L g1 comp0 16/48 = 127 (149a+10s-32)
[0s] Pt|Rt>L g1 comp1 16/48 = 101 (133a+0s-32)
[0s] Ptt|L>Rt g2 comp1 16/48 = 138 (170a+0s-32)
[0s] Pt|Rt>L g1 comp2 48/16 = 200 (120a+48s+32)
[0s] Pt|Rt>L g2 comp0 16/48 = 204 (149a+87s-32)
[0s] Pt|Rt>L g2 comp1 16/48 = 89 (121a+0s-32)
[0s] Pt|Rt>L g0 comp2 48/16 = 208 (128a+48s+32)
[0s] Pt|Rt>L g1 comp0 48/16 = 125 (113a+12s+0)
[0s] Pt|Rt>L g2 comp2 16/48 = 172 (172a+0s+0)
[0s] Pt|Rt>L g1 comp1 48/16 = 98 (98a+0s+0)
[0s] R|Ptt>Lt g0 comp0 16/48 = 89 (121a+0s-32)
[0s] R|Ptt>Lt g2 comp2 48/16 = 145 (104a+9s+32)
[0s] R|Ptt>Lt g1 comp1 16/48 = 131 (153a+10s-32)
[0s] Pt|Rt>L g2 comp0 48/16 = 177 (123a+54s+0)
[0s] Ptt|L>Rt g1 comp0 16/48 = 123 (146a+9s-32)
[0s] Lt|Pt>R g2 comp0 48/16 = 180 (130a+50s+0)
[0s] Pt|Rt>L g2 comp2 48/16 = 169 (126a+11s+32)
[0s] Ptt|L>Rt g2 comp2 16/48 = 123 (123a+0s+0)
[0s] Pt|Rt>L g0 comp1 16/48 = 91 (123a+0s-32)
[0s] Pt|Rt>L g1 comp0 16/48 = 123 (147a+8s-32)
[0s] Pt|Rt>L g1 comp1 48/16 = 96 (96a+0s+0)
[0s] Pt|Rt>L g2 comp0 48/16 = 174 (120a+54s+0)
[0s] L|R>Pt g1 comp0 48/16 = 124 (124a+0s+0)
[0s] R|Ptt>Lt g1 comp1 48/16 = 126 (114a+12s+0)
[0s] Pt|Rt>L g1 comp0 16/48 = 118 (142a+8s-32)
[0s] Pt|Rt>L g1 comp1 16/48 = 89 (121a+0s-32)
[0s] L|R>Pt g2 comp0 48/16 = 168 (113a+55s+0)
[0s] L|R>Pt g2 comp2 16/48 = 154 (144a+10s+0)
[0s] Lt|Pt>R g0 comp0 16/48 = 138 (170a+0s-32)
[0s] L|R>Pt g2 comp0 48/16 = 161 (104a+57s+0)
[0s] Lt|Pt>R g0 comp0 48/16 = 112 (102a+10s+0)
[0s] Lt|Pt>R g2 comp0 48/16 = 170 (123a+47s+0)
[0s] Rt|Lt>Ptt g1 comp1 48/16 = 124 (124a+0s+0)
[0s] Ptt|L>Rt g2 comp2 16/48 = 122 (122a+0s+0)
[0s] Rt|Lt>Ptt g2 comp1 48/16 = 126 (115a+11s+0)
[0s] R|Ptt>Lt g0 comp0 16/48 = 88 (120a+0s-32)
[0s] Rt|Lt>Ptt g1 comp2 48/16 = 200 (114a+54s+32)
[0s] R|Ptt>Lt g0 comp2 48/16 = 186 (106a+48s+32)
[0s] R|Ptt>Lt g2 comp1 16/48 = 121 (145a+8s-32)
[0s] R|Ptt>Lt g1 comp2 48/16 = 191 (111a+48s+32)
[0s] Ptt|L>Rt g1 comp0 16/48 = 120 (143a+9s-32)
[0s] L|R>Pt g0 comp2 48/16 = 200 (114a+54s+32)
[0s] Ptt|L>Rt g2 comp1 48/16 = 124 (124a+0s+0)
[0s] Ptt|L>Rt g2 comp0 48/16 = 167 (113a+54s+0)
[0s] Ptt|L>Rt g2 comp2 16/48 = 120 (120a+0s+0)
[0s] Pt|Rt>L g0 comp2 48/16 = 205 (127a+46s+32)
[0s] Pt|Rt>L g0 comp2 48/16 = 195 (116a+47s+32)
[0s] Pt|Rt>L g2 comp2 48/16 = 167 (135a+0s+32)
[0s] Pt|Rt>L g0 comp1 16/48 = 88 (120a+0s-32)
[0s] Rt|Lt>Ptt g0 comp1 48/16 = 108 (108a+0s+0)
[0s] Lt|Pt>R g2 comp0 48/16 = 155 (105a+50s+0)
[0s] Ptt|L>Rt g0 comp0 16/48 = 122 (145a+9s-32)
[0s] Lt|Pt>R g0 comp0 48/16 = 109 (109a+0s+0)
[0s] Pt|Rt>L g0 comp0 16/48 = 119 (143a+8s-32)
[0s] Lt|Pt>R g2 comp0 48/16 = 151 (104a+47s+0)
[0s] Pt|Rt>L g2 comp2 48/16 = 151 (108a+11s+32)
[0s] L|R>Pt g1 comp0 48/16 = 114 (105a+9s+0)
[0s] R|Ptt>Lt g1 comp1 16/48 = 122 (146a+8s-32)
[0s] L|R>Pt g0 comp0 48/16 = 124 (124a+0s+0)
[0s] L|R>Pt g0 comp1 16/48 = 88 (120a+0s-32)
[0s] Ptt|L>Rt g1 comp2 48/16 = 176 (96a+48s+32)
[0s] Lt|Pt>R g1 comp1 16/48 = 125 (149a+8s-32)
[0s] Rt|Lt>Ptt g2 comp1 48/16 = 124 (124a+0s+0)
[0s] L|R>Pt g1 comp0 48/16 = 108 (108a+0s+0)
[0s] Ptt|L>Rt g0 comp1 48/16 = 121 (113a+8s+0)
[0s] Ptt|L>Rt g1 comp2 48/16 = 175 (95a+48s+32)
[0s] Lt|Pt>R g1 comp1 16/48 = 118 (142a+8s-32)
[0s] R|Ptt>Lt g2 comp0 48/16 = 142 (94a+48s+0)
[0s] R|Ptt>Lt g0 comp2 48/16 = 185 (105a+48s+32)
[0s] Pt|Rt>L g0 comp2 48/16 = 183 (104a+47s+32)
[0s] Lt|Pt>R g1 comp2 48/16 = 174 (94a+48s+32)
[0s] L|R>Pt g0 comp0 48/16 = 109 (109a+0s+0)
[0s] Ptt|L>Rt g0 comp0 16/48 = 117 (141a+8s-32)
[0s] L|R>Pt g2 comp0 48/16 = 155 (107a+48s+0)
[0s] R|Ptt>Lt g0 comp1 16/48 = 118 (142a+8s-32)
[0s] Lt|Pt>R g2 comp1 16/48 = 117 (141a+8s-32)
[0s] Ptt|L>Rt g1 comp0 16/48 = 119 (143a+8s-32)
[0s] Rt|Lt>Ptt g1 comp2 48/16 = 199 (113a+54s+32)
[0s] Ptt|L>Rt g1 comp2 48/16 = 174 (94a+48s+32)
[0s] Rt|Lt>Ptt g2 comp0 48/16 = 142 (94a+48s+0)
[0s] L|R>Pt g1 comp1 16/48 = 90 (122a+0s-32)
[0s] Rt|Lt>Ptt g1 comp1 48/16 = 116 (105a+11s+0)
[0s] R|Ptt>Lt g1 comp2 48/16 = 185 (105a+48s+32)
[0s] Ptt|L>Rt g1 comp0 16/48 = 118 (140a+10s-32)
[0s] Ptt|L>Rt g0 comp1 48/16 = 109 (109a+0s+0)
[0s] Ptt|L>Rt g2 comp1 48/16 = 115 (104a+11s+0)
[0s] Rt|Lt>Ptt g2 comp1 48/16 = 106 (106a+0s+0)
[0s] L|R>Pt g1 comp1 16/48 = 87 (119a+0s-32)
[0s] L|R>Pt g2 comp2 48/16 = 151 (113a+6s+32)
[0s] R|Ptt>Lt g2 comp1 16/48 = 119 (143a+8s-32)
[0s] Pt|Rt>L g1 comp1 16/48 = 88 (120a+0s-32)
[0s] L|R>Pt g0 comp0 48/16 = 108 (108a+0s+0)
[0s] Ptt|L>Rt g0 comp2 48/16 = 173 (93a+48s+32)
[1s] L|R>Pt g2 comp1 16/48 = 90 (122a+0s-32)
[1s] Rt|Lt>Ptt g1 comp0 16/48 = 88 (120a+0s-32)
[1s] L|R>Pt g2 comp1 16/48 = 88 (120a+0s-32)
[1s] Pt|Rt>L g2 comp2 48/16 = 144 (112a+0s+32)
[1s] Lt|Pt>R g0 comp0 48/16 = 108 (108a+0s+0)
[1s] Lt|Pt>R g0 comp1 16/48 = 118 (142a+8s-32)
[1s] Pt|Rt>L g1 comp2 48/16 = 188 (108a+48s+32)
[1s] Pt|Rt>L g2 comp2 48/16 = 142 (110a+0s+32)
[1s] L|R>Pt g0 comp1 16/48 = 87 (119a+0s-32)
[1s] R|Ptt>Lt g2 comp2 48/16 = 142 (110a+0s+32)
[1s] R|Ptt>Lt g1 comp1 16/48 = 119 (142a+9s-32)
[1s] Ptt|L>Rt g2 comp1 48/16 = 114 (105a+9s+0)
[1s] R|Ptt>Lt g0 comp2 48/16 = 179 (101a+46s+32)
[1s] Pt|Rt>L g1 comp2 48/16 = 187 (107a+48s+32)
[1s] Pt|Rt>L g1 comp2 48/16 = 183 (105a+46s+32)
[1s] Pt|Rt>L g2 comp0 48/16 = 167 (113a+54s+0)
[1s] Lt|Pt>R g2 comp0 48/16 = 150 (105a+45s+0)
[1s] R|Ptt>Lt g2 comp2 48/16 = 139 (107a+0s+32)
[1s] Ptt|L>Rt g0 comp2 48/16 = 172 (92a+48s+32)
[1s] Ptt|L>Rt g2 comp1 48/16 = 107 (107a+0s+0)
[1s] R|Ptt>Lt g1 comp1 16/48 = 118 (141a+9s-32)
[1s] R|Ptt>Lt g1 comp2 48/16 = 184 (102a+50s+32)
[1s] Rt|Lt>Ptt g1 comp2 48/16 = 198 (112a+54s+32)
[1s] Pt|Rt>L g2 comp1 16/48 = 88 (120a+0s-32)
[1s] Rt|Lt>Ptt g1 comp0 16/48 = 87 (119a+0s-32)
[1s] Rt|Lt>Ptt g2 comp0 48/16 = 140 (92a+48s+0)
[1s] Rt|Lt>Ptt g1 comp1 48/16 = 112 (112a+0s+0)
[1s] Lt|Pt>R g1 comp0 48/16 = 110 (110a+0s+0)
[1s] Lt|Pt>R g1 comp2 48/16 = 173 (93a+48s+32)
[1s] Lt|Pt>R g0 comp0 48/16 = 107 (107a+0s+0)
[1s] Rt|Lt>Ptt g1 comp1 48/16 = 108 (108a+0s+0)
[1s] R|Ptt>Lt g0 comp0 16/48 = 87 (119a+0s-32)
[1s] L|R>Pt g0 comp0 48/16 = 107 (107a+0s+0)
[1s] R|Ptt>Lt g2 comp1 16/48 = 116 (140a+8s-32)
[1s] Ptt|L>Rt g0 comp1 48/16 = 107 (107a+0s+0)
[2s] Pt|Rt>L g2 comp2 48/16 = 138 (106a+0s+32)
[2s] Ptt|L>Rt g2 comp0 48/16 = 166 (112a+54s+0)
[2s] L|R>Pt g0 comp2 48/16 = 199 (113a+54s+32)
[2s] L|R>Pt g2 comp0 48/16 = 154 (106a+48s+0)
[2s] Pt|Rt>L g2 comp0 48/16 = 166 (112a+54s+0)
[2s] R|Ptt>Lt g1 comp2 48/16 = 182 (104a+46s+32)
[2s] Pt|Rt>L g1 comp1 16/48 = 87 (119a+0s-32)
[2s] Rt|Lt>Ptt g2 comp2 48/16 = 150 (112a+6s+32)
[2s] Rt|Lt>Ptt g0 comp2 48/16 = 198 (112a+54s+32)
[2s] Pt|Rt>L g0 comp0 16/48 = 118 (142a+8s-32)
[2s] Pt|Rt>L g0 comp1 16/48 = 87 (119a+0s-32)
[2s] Pt|Rt>L g1 comp2 48/16 = 182 (99a+51s+32)
[2s] Lt|Pt>R g1 comp0 48/16 = 109 (109a+0s+0)
[2s] Pt|Rt>L g2 comp1 16/48 = 87 (119a+0s-32)
[3s] Ptt|L>Rt g1 comp0 16/48 = 117 (141a+8s-32)
[3s] Rt|Lt>Ptt g1 comp0 16/48 = 86 (118a+0s-32)
[3s] L|R>Pt g2 comp2 16/48 = 150 (140a+10s+0)
[3s] L|R>Pt g1 comp0 48/16 = 107 (107a+0s+0)
[3s] Rt|Lt>Ptt g0 comp1 48/16 = 107 (107a+0s+0)
[3s] Rt|Lt>Ptt g0 comp1 48/16 = 106 (106a+0s+0)
[3s] R|Ptt>Lt g2 comp0 48/16 = 141 (93a+48s+0)
[3s] Rt|Lt>Ptt g0 comp1 48/16 = 105 (105a+0s+0)
[3s] Lt|Pt>R g1 comp1 16/48 = 117 (141a+8s-32)
[3s] Ptt|L>Rt g1 comp2 48/16 = 173 (93a+48s+32)
[4s] L|R>Pt g2 comp1 16/48 = 87 (119a+0s-32)
[4s] L|R>Pt g1 comp0 48/16 = 106 (106a+0s+0)
[4s] Lt|Pt>R g1 comp0 48/16 = 108 (108a+0s+0)
[4s] Ptt|L>Rt g1 comp1 48/16 = 105 (105a+0s+0)
[4s] R|Ptt>Lt g1 comp0 16/48 = 86 (118a+0s-32)
[4s] L|R>Pt g0 comp0 48/16 = 106 (106a+0s+0)
[4s] L|R>Pt g0 comp1 16/48 = 86 (118a+0s-32)
[4s] Lt|Pt>R g0 comp1 16/48 = 116 (140a+8s-32)
[5s] Rt|Lt>Ptt g2 comp1 48/16 = 105 (105a+0s+0)
[5s] L|R>Pt g0 comp2 48/16 = 198 (112a+54s+32)
[5s] L|R>Pt g0 comp0 48/16 = 105 (105a+0s+0)
[5s] Lt|Pt>R g2 comp1 16/48 = 116 (140a+8s-32)
[5s] R|Ptt>Lt g1 comp1 16/48 = 116 (140a+8s-32)
[6s] R|Ptt>Lt g2 comp2 48/16 = 137 (105a+0s+32)
[6s] Pt|Rt>L g0 comp2 48/16 = 181 (101a+48s+32)
[6s] Ptt|L>Rt g2 comp1 48/16 = 106 (106a+0s+0)
[6s] Rt|Lt>Ptt g1 comp1 48/16 = 107 (107a+0s+0)
[6s] Pt|Rt>L g1 comp0 16/48 = 117 (140a+9s-32)
[6s] Pt|Rt>L g0 comp0 16/48 = 117 (141a+8s-32)
[7s] L|R>Pt g2 comp0 48/16 = 153 (105a+48s+0)
[7s] R|Ptt>Lt g2 comp0 48/16 = 140 (92a+48s+0)
[7s] Pt|Rt>L g1 comp2 48/16 = 180 (100a+48s+32)
[8s] R|Ptt>Lt g0 comp0 16/48 = 86 (118a+0s-32)
[8s] R|Ptt>Lt g0 comp1 16/48 = 117 (141a+8s-32)
[8s] Ptt|L>Rt g2 comp2 16/48 = 119 (119a+0s+0)
[9s] Ptt|L>Rt g0 comp1 48/16 = 106 (106a+0s+0)
[9s] Lt|Pt>R g0 comp0 48/16 = 105 (105a+0s+0)
[10s] L|R>Pt g0 comp1 16/48 = 85 (117a+0s-32)
[10s] Rt|Lt>Ptt g1 comp1 48/16 = 106 (106a+0s+0)
[12s] Pt|Rt>L g0 comp2 48/16 = 180 (104a+44s+32)
[12s] Lt|Pt>R g1 comp0 48/16 = 107 (107a+0s+0)
[12s] L|R>Pt g1 comp1 16/48 = 86 (118a+0s-32)
[12s] Lt|Pt>R g1 comp2 48/16 = 172 (92a+48s+32)
[13s] Pt|Rt>L g0 comp0 16/48 = 116 (140a+8s-32)
[14s] Lt|Pt>R g2 comp0 48/16 = 149 (101a+48s+0)
[15s] Lt|Pt>R g1 comp0 48/16 = 106 (106a+0s+0)
[17s] Pt|Rt>L g1 comp2 48/16 = 179 (101a+46s+32)
[18s] L|R>Pt g2 comp1 16/48 = 86 (118a+0s-32)
[22s] Lt|Pt>R g2 comp2 16/48 = 118 (118a+0s+0)
[23s] Ptt|L>Rt g2 comp1 48/16 = 105 (105a+0s+0)
[24s] R|Ptt>Lt g1 comp2 48/16 = 181 (103a+46s+32)
[25s] Ptt|L>Rt g2 comp2 16/48 = 118 (118a+0s+0)
[29s] Lt|Pt>R g0 comp0 48/16 = 104 (104a+0s+0)
[29s] Lt|Pt>R g1 comp1 16/48 = 116 (140a+8s-32)
[30s] Ptt|L>Rt g1 comp2 48/16 = 172 (92a+48s+32)
[30s] Ptt|L>Rt g1 comp0 16/48 = 116 (140a+8s-32)
[31s] Pt|Rt>L g1 comp1 16/48 = 86 (118a+0s-32)
[31s] R|Ptt>Lt g1 comp2 48/16 = 180 (103a+45s+32)
[33s] Pt|Rt>L g2 comp1 16/48 = 86 (118a+0s-32)
[36s] Ptt|L>Rt g0 comp1 48/16 = 105 (105a+0s+0)
[37s] Pt|Rt>L g0 comp1 16/48 = 86 (118a+0s-32)
[38s] Pt|Rt>L g0 comp2 48/16 = 178 (98a+48s+32)
[48s] Ptt|L>Rt g0 comp0 16/48 = 116 (140a+8s-32)
[48s] Lt|Pt>R g2 comp0 48/16 = 148 (102a+46s+0)
[48s] Rt|Lt>Ptt g1 comp1 48/16 = 105 (105a+0s+0)
[51s] Pt|Rt>L g1 comp0 16/48 = 116 (140a+8s-32)
[51s] Rt|Lt>Ptt g0 comp0 16/48 = 86 (118a+0s-32)
[61s] R|Ptt>Lt g0 comp1 16/48 = 116 (140a+8s-32)
[64s] Ptt|L>Rt g1 comp1 48/16 = 104 (104a+0s+0)
[66s] Pt|Rt>L g1 comp1 16/48 = 85 (117a+0s-32)
[68s] L|R>Pt g2 comp2 16/48 = 149 (139a+10s+0)
[70s] Lt|Pt>R g0 comp2 48/16 = 172 (92a+48s+32)
[76s] Pt|Rt>L g2 comp1 16/48 = 85 (117a+0s-32)
[82s] R|Ptt>Lt g1 comp2 48/16 = 178 (98a+48s+32)
[92s] R|Ptt>Lt g0 comp2 48/16 = 178 (96a+50s+32)
[98s] Lt|Pt>R g2 comp2 16/48 = 117 (117a+0s+0)
[106s] Rt|Lt>Ptt g1 comp0 16/48 = 85 (117a+0s-32)
[114s] L|R>Pt g1 comp0 48/16 = 105 (105a+0s+0)
[135s] Pt|Rt>L g1 comp2 48/16 = 178 (102a+44s+32)
[155s] Ptt|L>Rt g2 comp2 16/48 = 117 (117a+0s+0)
[190s] Lt|Pt>R g1 comp0 48/16 = 105 (105a+0s+0)
[204s] L|R>Pt g2 comp0 48/16 = 152 (104a+48s+0)
[206s] R|Ptt>Lt g1 comp2 48/16 = 176 (95a+49s+32)
[208s] Pt|Rt>L g2 comp2 48/16 = 137 (105a+0s+32)
[217s] R|Ptt>Lt g0 comp0 16/48 = 85 (117a+0s-32)
[218s] L|R>Pt g0 comp0 48/16 = 104 (104a+0s+0)
[218s] L|R>Pt g1 comp1 16/48 = 85 (117a+0s-32)
[256s] Lt|Pt>R g2 comp0 48/16 = 147 (101a+46s+0)
[281s] Ptt|L>Rt g0 comp1 48/16 = 104 (104a+0s+0)
[286s] R|Ptt>Lt g1 comp0 16/48 = 85 (117a+0s-32)
[290s] Pt|Rt>L g1 comp2 48/16 = 176 (100a+44s+32)
[303s] R|Ptt>Lt g2 comp2 48/16 = 136 (104a+0s+32)
[326s] Rt|Lt>Ptt g2 comp1 48/16 = 104 (104a+0s+0)
[328s] L|R>Pt g2 comp0 48/16 = 148 (95a+53s+0)
[336s] Pt|Rt>L g0 comp1 16/48 = 85 (117a+0s-32)
[396s] L|R>Pt g2 comp1 16/48 = 85 (117a+0s-32)
[436s] Lt|Pt>R g2 comp0 48/16 = 146 (102a+44s+0)
[453s] Rt|Lt>Ptt g2 comp2 16/48 = 149 (139a+10s+0)
[461s] Rt|Lt>Ptt g0 comp1 48/16 = 104 (104a+0s+0)
[596s] Lt|Pt>R g1 comp0 48/16 = 104 (104a+0s+0)
[609s] Rt|Lt>Ptt g0 comp0 16/48 = 85 (117a+0s-32)
[618s] L|R>Pt g1 comp0 48/16 = 104 (104a+0s+0)
[759s] Pt|Rt>L g2 comp2 48/16 = 136 (104a+0s+32)
[897s] R|Ptt>Lt g0 comp2 48/16 = 176 (96a+48s+32)
[1334s] Rt|Lt>Ptt g1 comp1 48/16 = 104 (104a+0s+0)
[1390s] Ptt|L>Rt g2 comp1 48/16 = 104 (104a+0s+0)
[1816s] Lt|Pt>R g2 comp0 48/16 = 145 (97a+48s+0)
[4700s] Pt|Rt>L g0 comp2 48/16 = 176 (96a+48s+32)
[12788s] Lt|Pt>R g2 comp0 48/16 = 144 (95a+49s+0)

=== 1814521 rounds x 4 threads in 28800s ===
L|R>Pt g0    total 387  (components 104 85 198)
L|R>Pt g1    total 387  (components 104 85 198)
L|R>Pt g2    total 382  (components 148 85 149)
Lt|Pt>R g0   total 392  (components 104 116 172)
Lt|Pt>R g1   total 392  (components 104 116 172)
Lt|Pt>R g2   total 377  (components 144 116 117)
Rt|Lt>Ptt g0 total 387  (components 85 104 198)
Rt|Lt>Ptt g1 total 387  (components 85 104 198)
Rt|Lt>Ptt g2 total 393  (components 140 104 149)
R|Ptt>Lt g0  total 377  (components 85 116 176)
R|Ptt>Lt g1  total 377  (components 85 116 176)
R|Ptt>Lt g2  total 392  (components 140 116 136)
Ptt|L>Rt g0  total 392  (components 116 104 172)
Ptt|L>Rt g1  total 392  (components 116 104 172)
Ptt|L>Rt g2  total 387  (components 166 104 117)
Pt|Rt>L g0   total 377  (components 116 85 176)
Pt|Rt>L g1   total 377  (components 116 85 176)
Pt|Rt>L g2   total 387  (components 166 85 136)
BEST TOTAL 377  (published SLP: 341 = 104 + 85 + 152)
