note: seed rank 64 != module default 49 (fine for pursue9/census)
seed loaded + exactly verified over F_p, p = 2 (64 summands)
poolseed: 52 dumps loaded; bands [(49, 1), (50, 1), (51, 1)]
[120s] pursue10: best 49  red 27  solved 0                                   flips 46262401  restarts 63
[240s] pursue10: best 49  red 27  solved 0                                   flips 91554244  restarts 63
[360s] pursue10: best 49  red 108  solved 0                                   flips 137721987  restarts 225
[480s] pursue10: best 49  red 114  solved 0                                   flips 185639529  restarts 231
[600s] pursue10: best 49  red 114  solved 0                                   flips 233427407  restarts 231
[720s] pursue10: best 49  red 169  solved 0                                   flips 281362120  restarts 332
[840s] pursue10: best 49  red 169  solved 0                                   flips 329309922  restarts 332
[960s] pursue10: best 49  red 209  solved 0                                   flips 377032609  restarts 413
[1080s] pursue10: best 49  red 226  solved 0                                   flips 424611283  restarts 442
[1200s] pursue10: best 49  red 226  solved 0                                   flips 472390066  restarts 442
[1320s] pursue10: best 49  red 270  solved 0                                   flips 520150291  restarts 531
[1440s] pursue10: best 49  red 270  solved 0                                   flips 567968933  restarts 531
[1560s] pursue10: best 49  red 290  solved 0                                   flips 615868639  restarts 579
[1680s] pursue10: best 49  red 335  solved 0                                   flips 663732154  restarts 651
[1800s] pursue10: best 49  red 335  solved 0                                   flips 711499469  restarts 651
[1920s] pursue10: best 49  red 399  solved 0                                   flips 759223591  restarts 788
[2040s] pursue10: best 49  red 400  solved 0                                   flips 807107904  restarts 789
[2160s] pursue10: best 49  red 409  solved 0                                   flips 855126852  restarts 809
[2280s] pursue10: best 49  red 463  solved 0                                   flips 902745079  restarts 922
[2400s] pursue10: best 49  red 463  solved 0                                   flips 950487888  restarts 922
[2520s] pursue10: best 49  red 518  solved 0                                   flips 1000711016  restarts 1049
[2640s] pursue10: best 49  red 540  solved 0                                   flips 1060743091  restarts 1081
[2760s] pursue10: best 49  red 565  solved 0                                   flips 1120731832  restarts 1152
[2880s] pursue10: best 49  red 571  solved 0                                   flips 1180337699  restarts 1163
[3000s] pursue10: best 49  red 612  solved 0                                   flips 1239753930  restarts 1252
[3120s] pursue10: best 49  red 656  solved 0                                   flips 1299218292  restarts 1323
[3240s] pursue10: best 49  red 670  solved 0                                   flips 1359049207  restarts 1374
[3360s] pursue10: best 49  red 694  solved 0                                   flips 1418712588  restarts 1433
[3480s] pursue10: best 49  red 716  solved 0                                   flips 1478101252  restarts 1482
[3600s] pursue10: best 49  red 772  solved 0                                   flips 1537790705  restarts 1597
[3720s] pursue10: best 49  red 785  solved 0                                   flips 1597691783  restarts 1626
[3840s] pursue10: best 49  red 819  solved 0                                   flips 1656545880  restarts 1701
[3960s] pursue10: best 49  red 823  solved 0                                   flips 1715852636  restarts 1716
[4080s] pursue10: best 49  red 861  solved 0                                   flips 1774938753  restarts 1802
[4200s] pursue10: best 49  red 862  solved 0                                   flips 1833961614  restarts 1804
[4320s] pursue10: best 49  red 905  solved 0                                   flips 1893483294  restarts 1897
[4440s] pursue10: best 49  red 905  solved 0                                   flips 1952724783  restarts 1901
[4560s] pursue10: best 49  red 948  solved 0                                   flips 2012305654  restarts 1990
[4680s] pursue10: best 49  red 948  solved 0                                   flips 2071916523  restarts 1994
[4800s] pursue10: best 49  red 996  solved 0                                   flips 2131832388  restarts 2100
[4920s] pursue10: best 49  red 996  solved 0                                   flips 2192071702  restarts 2100
[5040s] pursue10: best 49  red 1038  solved 0                                   flips 2252005044  restarts 2198
[5160s] pursue10: best 49  red 1038  solved 0                                   flips 2312093602  restarts 2198
[5280s] pursue10: best 49  red 1071  solved 0                                   flips 2368856962  restarts 2263
note: seed rank 64 != module default 49 (fine for pursue9/census)
seed loaded + exactly verified over F_p, p = 2 (64 summands)
poolseed: 52 dumps loaded; bands [(49, 1), (50, 1), (51, 1)]
[120s] pursue10: best 49  red 27  solved 0                                   flips 40734972  restarts 63
[240s] pursue10: best 49  red 27  solved 0                                   flips 73032119  restarts 63
[360s] pursue10: best 49  red 27  solved 0                                   flips 104607775  restarts 63
[480s] pursue10: best 49  red 87  solved 0                                   flips 135785975  restarts 202
[600s] pursue10: best 49  red 104  solved 0                                   flips 166881034  restarts 243
[720s] pursue10: best 49  red 104  solved 0                                   flips 214116326  restarts 243
[840s] pursue10: best 49  red 183  solved 0                                   flips 275146793  restarts 398
[960s] pursue10: best 49  red 183  solved 0                                   flips 336106515  restarts 398
[1080s] pursue10: best 49  red 198  solved 0                                   flips 371612497  restarts 425
[1200s] pursue10: best 49  red 245  solved 0                                   flips 405550084  restarts 505
[1320s] pursue10: best 49  red 245  solved 0                                   flips 439668177  restarts 505
[1440s] pursue10: best 49  red 260  solved 0                                   flips 491026011  restarts 541
[1560s] pursue10: best 49  red 297  solved 0                                   flips 541405654  restarts 642
[1680s] pursue10: best 49  red 297  solved 0                                   flips 575512674  restarts 642
[1800s] pursue10: best 49  red 312  solved 0                                   flips 609738684  restarts 668
[1920s] pursue10: best 49  red 352  solved 0                                   flips 643854705  restarts 766
[2040s] pursue10: best 49  red 377  solved 0                                   flips 678311154  restarts 814
[2160s] pursue10: best 49  red 377  solved 0                                   flips 713134056  restarts 814
[2280s] pursue10: best 49  red 401  solved 0                                   flips 747333722  restarts 879
[2400s] pursue10: best 49  red 427  solved 0                                   flips 804764712  restarts 931
[2520s] pursue10: best 49  red 465  solved 0                                   flips 865177876  restarts 994
[2640s] pursue10: best 49  red 510  solved 0                                   flips 925129716  restarts 1087
[2760s] pursue10: best 49  red 527  solved 0                                   flips 984758764  restarts 1121
[2880s] pursue10: best 49  red 584  solved 0                                   flips 1044431957  restarts 1214
[3000s] pursue10: best 49  red 590  solved 0                                   flips 1103669729  restarts 1226
[3120s] pursue10: best 49  red 619  solved 0                                   flips 1163517942  restarts 1290
[3240s] pursue10: best 49  red 645  solved 0                                   flips 1223825663  restarts 1343
[3360s] pursue10: best 49  red 699  solved 0                                   flips 1284360168  restarts 1471
[3480s] pursue10: best 49  red 709  solved 0                                   flips 1344650382  restarts 1486
[3600s] pursue10: best 49  red 750  solved 0                                   flips 1403040853  restarts 1586
[3720s] pursue10: best 49  red 753  solved 0                                   flips 1461759487  restarts 1589
[3840s] pursue10: best 49  red 826  solved 0                                   flips 1521183763  restarts 1722
[3960s] pursue10: best 49  red 826  solved 0                                   flips 1580324377  restarts 1722
[4080s] pursue10: best 49  red 872  solved 0                                   flips 1638934174  restarts 1815
[4200s] pursue10: best 49  red 912  solved 0                                   flips 1697635287  restarts 1900
[4320s] pursue10: best 49  red 974  solved 0                                   flips 1756430630  restarts 2033
[4440s] pursue10: best 49  red 974  solved 0                                   flips 1815497624  restarts 2034
[4560s] pursue10: best 49  red 1015  solved 0                                   flips 1874785764  restarts 2117
[4680s] pursue10: best 49  red 1020  solved 0                                   flips 1934940571  restarts 2132
[4800s] pursue10: best 49  red 1117  solved 0                                   flips 1994741042  restarts 2303
[4920s] pursue10: best 49  red 1142  solved 0                                   flips 2054868677  restarts 2351
[5040s] pursue10: best 49  red 1230  solved 0                                   flips 2114656303  restarts 2526
[5160s] pursue10: best 49  red 1231  solved 0                                   flips 2174438613  restarts 2526
[5280s] pursue10: best 49  red 1292  solved 0                                   flips 2234079860  restarts 2630
[5400s] pursue10: best 49  red 1299  solved 0                                   flips 2294172223  restarts 2639
[5520s] pursue10: best 49  red 1359  solved 0                                   flips 2354054944  restarts 2760
[5640s] pursue10: best 49  red 1391  solved 0                                   flips 2413935252  restarts 2822
[5760s] pursue10: best 49  red 1423  solved 0                                   flips 2473962875  restarts 2914
[5880s] pursue10: best 49  red 1459  solved 0                                   flips 2533845635  restarts 2994
[6000s] pursue10: best 49  red 1481  solved 0                                   flips 2593768681  restarts 3054
[6120s] pursue10: best 49  red 1510  solved 0                                   flips 2653472048  restarts 3118
[6240s] pursue10: best 49  red 1535  solved 0                                   flips 2713081743  restarts 3192
[6360s] pursue10: best 49  red 1601  solved 0                                   flips 2773462324  restarts 3349
[6480s] pursue10: best 49  red 1626  solved 0                                   flips 2834270513  restarts 3402
[6600s] pursue10: best 49  red 1662  solved 0                                   flips 2894939829  restarts 3469
[6720s] pursue10: best 49  red 1682  solved 0                                   flips 2955734013  restarts 3517
[6840s] pursue10: best 49  red 1743  solved 0                                   flips 3016531815  restarts 3642
[6960s] pursue10: best 49  red 1767  solved 0                                   flips 3076651790  restarts 3686
[7080s] pursue10: best 49  red 1832  solved 0                                   flips 3136897058  restarts 3790
[7200s] pursue10: best 49  red 1844  solved 0                                   flips 3197184583  restarts 3810
[7320s] pursue10: best 49  red 1917  solved 0                                   flips 3256868962  restarts 3951
[7440s] pursue10: best 49  red 1921  solved 0                                   flips 3317416703  restarts 3961
[7560s] pursue10: best 49  red 1960  solved 0                                   flips 3377159200  restarts 4054
[7680s] pursue10: best 49  red 1967  solved 0                                   flips 3436614716  restarts 4064
[7800s] pursue10: best 49  red 2018  solved 0                                   flips 3495975412  restarts 4193
[7920s] pursue10: best 49  red 2023  solved 0                                   flips 3555799530  restarts 4204
[8040s] pursue10: best 49  red 2085  solved 0                                   flips 3615389201  restarts 4342
[8160s] pursue10: best 49  red 2096  solved 0                                   flips 3675405063  restarts 4370
[8280s] pursue10: best 49  red 2172  solved 0                                   flips 3735200941  restarts 4542
[8400s] pursue10: best 49  red 2185  solved 0                                   flips 3795333264  restarts 4568
[8520s] pursue10: best 49  red 2227  solved 0                                   flips 3855686659  restarts 4678
[8640s] pursue10: best 49  red 2237  solved 0                                   flips 3916400766  restarts 4701
[8760s] pursue10: best 49  red 2285  solved 0                                   flips 3977287442  restarts 4804
[8880s] pursue10: best 49  red 2301  solved 0                                   flips 4037765845  restarts 4840
[9000s] pursue10: best 49  red 2374  solved 0                                   flips 4097961232  restarts 4974
[9120s] pursue10: best 49  red 2405  solved 0                                   flips 4157939213  restarts 5017
[9240s] pursue10: best 49  red 2504  solved 0                                   flips 4218223231  restarts 5221
[9360s] pursue10: best 49  red 2537  solved 0                                   flips 4278589015  restarts 5255
[9480s] pursue10: best 49  red 2587  solved 0                                   flips 4339301445  restarts 5365
[9600s] pursue10: best 49  red 2633  solved 0                                   flips 4399991338  restarts 5457
[9720s] pursue10: best 49  red 2664  solved 0                                   flips 4460091171  restarts 5523
[9840s] pursue10: best 49  red 2707  solved 0                                   flips 4520328956  restarts 5619
[9960s] pursue10: best 49  red 2737  solved 0                                   flips 4579926074  restarts 5677
[10080s] pursue10: best 49  red 2765  solved 0                                   flips 4640585955  restarts 5726
[10200s] pursue10: best 49  red 2790  solved 0                                   flips 4701333711  restarts 5773
[10320s] pursue10: best 49  red 2842  solved 0                                   flips 4761900207  restarts 5876
[10440s] pursue10: best 49  red 2867  solved 0                                   flips 4822559140  restarts 5931
[10560s] pursue10: best 49  red 2947  solved 0                                   flips 4882892140  restarts 6084
[10680s] pursue10: best 49  red 2951  solved 0                                   flips 4943354828  restarts 6098
[10800s] pursue10: best 49  red 3009  solved 0                                   flips 5003739463  restarts 6217
[10920s] pursue10: best 49  red 3013  solved 0                                   flips 5064175932  restarts 6227
[11040s] pursue10: best 49  red 3059  solved 0                                   flips 5124329099  restarts 6308
[11160s] pursue10: best 49  red 3089  solved 0                                   flips 5184477580  restarts 6360
[11280s] pursue10: best 49  red 3125  solved 0                                   flips 5245027362  restarts 6452
[11400s] pursue10: best 49  red 3156  solved 0                                   flips 5306171887  restarts 6504
[11520s] pursue10: best 49  red 3191  solved 0                                   flips 5366625671  restarts 6583
[11640s] pursue10: best 49  red 3211  solved 0                                   flips 5426851479  restarts 6612
[11760s] pursue10: best 49  red 3309  solved 0                                   flips 5486938222  restarts 6793
[11880s] pursue10: best 49  red 3322  solved 0                                   flips 5547399405  restarts 6826
[12000s] pursue10: best 49  red 3362  solved 0                                   flips 5607235561  restarts 6911
[12120s] pursue10: best 49  red 3386  solved 0                                   flips 5666642935  restarts 6960
[12240s] pursue10: best 49  red 3451  solved 0                                   flips 5725979365  restarts 7087
[12360s] pursue10: best 49  red 3468  solved 0                                   flips 5786553363  restarts 7124
[12480s] pursue10: best 49  red 3545  solved 0                                   flips 5846906629  restarts 7287
[12600s] pursue10: best 49  red 3571  solved 0                                   flips 5906650816  restarts 7337
[12720s] pursue10: best 49  red 3620  solved 0                                   flips 5966552980  restarts 7413
[12840s] pursue10: best 49  red 3672  solved 0                                   flips 6026594704  restarts 7505
[12960s] pursue10: best 49  red 3699  solved 0                                   flips 6086818347  restarts 7587
[13080s] pursue10: best 49  red 3719  solved 0                                   flips 6146923698  restarts 7615
[13200s] pursue10: best 49  red 3764  solved 0                                   flips 6207121122  restarts 7718
[13320s] pursue10: best 49  red 3776  solved 0                                   flips 6267004455  restarts 7744
[13440s] pursue10: best 49  red 3816  solved 0                                   flips 6326756782  restarts 7829
[13560s] pursue10: best 49  red 3860  solved 0                                   flips 6386683352  restarts 7908
[13680s] pursue10: best 49  red 3911  solved 0                                   flips 6446904260  restarts 8014
[13800s] pursue10: best 49  red 3950  solved 0                                   flips 6506999182  restarts 8078
[13920s] pursue10: best 49  red 3991  solved 0                                   flips 6566858289  restarts 8170
[14040s] pursue10: best 49  red 4024  solved 0                                   flips 6627567450  restarts 8233
[14160s] pursue10: best 49  red 4047  solved 0                                   flips 6688694960  restarts 8275
[14280s] pursue10: best 49  red 4085  solved 0                                   flips 6749389721  restarts 8353
[14400s] pursue10: best 49  red 4112  solved 0                                   flips 6809940370  restarts 8410
[14520s] pursue10: best 49  red 4169  solved 0                                   flips 6870187751  restarts 8527
[14640s] pursue10: best 49  red 4210  solved 0                                   flips 6930220198  restarts 8628
[14760s] pursue10: best 49  red 4240  solved 0                                   flips 6989919200  restarts 8681
[14880s] pursue10: best 49  red 4271  solved 0                                   flips 7049759684  restarts 8753
[15000s] pursue10: best 49  red 4334  solved 0                                   flips 7109768969  restarts 8861
[15120s] pursue10: best 49  red 4363  solved 0                                   flips 7169746554  restarts 8922
[15240s] pursue10: best 49  red 4420  solved 0                                   flips 7228886440  restarts 9033
[15360s] pursue10: best 49  red 4437  solved 0                                   flips 7288765317  restarts 9075
[15480s] pursue10: best 49  red 4478  solved 0                                   flips 7348967772  restarts 9165
[15600s] pursue10: best 49  red 4509  solved 0                                   flips 7409067523  restarts 9233
[15720s] pursue10: best 49  red 4547  solved 0                                   flips 7468544003  restarts 9303
[15840s] pursue10: best 49  red 4588  solved 0                                   flips 7528102964  restarts 9390
[15960s] pursue10: best 49  red 4634  solved 0                                   flips 7587790991  restarts 9480
[16080s] pursue10: best 49  red 4661  solved 0                                   flips 7647020525  restarts 9535
[16200s] pursue10: best 49  red 4699  solved 0                                   flips 7705968212  restarts 9598
[16320s] pursue10: best 49  red 4726  solved 0                                   flips 7766263414  restarts 9659
[16440s] pursue10: best 49  red 4790  solved 0                                   flips 7826093290  restarts 9778
[16560s] pursue10: best 49  red 4823  solved 0                                   flips 7885931247  restarts 9848
[16680s] pursue10: best 49  red 4869  solved 0                                   flips 7945538357  restarts 9951
[16800s] pursue10: best 49  red 4902  solved 0                                   flips 8005094185  restarts 10023
[16920s] pursue10: best 49  red 4987  solved 0                                   flips 8064871276  restarts 10180
[17040s] pursue10: best 49  red 5014  solved 0                                   flips 8125555858  restarts 10211
[17160s] pursue10: best 49  red 5049  solved 0                                   flips 8185690689  restarts 10278
[17280s] pursue10: best 49  red 5074  solved 0                                   flips 8246781996  restarts 10327
[17400s] pursue10: best 49  red 5115  solved 0                                   flips 8306927073  restarts 10403
[17520s] pursue10: best 49  red 5162  solved 0                                   flips 8366956600  restarts 10496
[17640s] pursue10: best 49  red 5198  solved 0                                   flips 8427079002  restarts 10570
[17760s] pursue10: best 49  red 5209  solved 0                                   flips 8486698340  restarts 10597
[17880s] pursue10: best 49  red 5279  solved 0                                   flips 8546350107  restarts 10735
[18000s] pursue10: best 49  red 5311  solved 0                                   flips 8606556376  restarts 10790
[18120s] pursue10: best 49  red 5337  solved 0                                   flips 8666738650  restarts 10852
[18240s] pursue10: best 49  red 5357  solved 0                                   flips 8727544677  restarts 10893
[18360s] pursue10: best 49  red 5376  solved 0                                   flips 8788401062  restarts 10930
[18480s] pursue10: best 49  red 5422  solved 0                                   flips 8847056330  restarts 11015
[18600s] pursue10: best 49  red 5468  solved 0                                   flips 8906998018  restarts 11103
[18720s] pursue10: best 49  red 5506  solved 0                                   flips 8966659293  restarts 11178
[18840s] pursue10: best 49  red 5554  solved 0                                   flips 9027067164  restarts 11284
[18960s] pursue10: best 49  red 5589  solved 0                                   flips 9085960538  restarts 11337
[19080s] pursue10: best 49  red 5594  solved 0                                   flips 9145781016  restarts 11350
[19200s] pursue10: best 49  red 5644  solved 0                                   flips 9205194284  restarts 11447
[19320s] pursue10: best 49  red 5657  solved 0                                   flips 9264650164  restarts 11470
[19440s] pursue10: best 49  red 5688  solved 0                                   flips 9324207871  restarts 11540
[19560s] pursue10: best 49  red 5694  solved 0                                   flips 9384357140  restarts 11552
[19680s] pursue10: best 49  red 5738  solved 0                                   flips 9444167115  restarts 11669
[19800s] pursue10: best 49  red 5740  solved 0                                   flips 9498678297  restarts 11683
[19920s] pursue10: best 49  red 5872  solved 0                                   flips 9558270488  restarts 11934
[20040s] pursue10: best 49  red 5876  solved 0                                   flips 9617383372  restarts 11955
[20160s] pursue10: best 49  red 5936  solved 0                                   flips 9676447426  restarts 12062
[20280s] pursue10: best 49  red 5961  solved 0                                   flips 9735760284  restarts 12118
[20400s] pursue10: best 49  red 5989  solved 0                                   flips 9795206999  restarts 12176
[20520s] pursue10: best 49  red 6010  solved 0                                   flips 9854350408  restarts 12212
[20640s] pursue10: best 49  red 6047  solved 0                                   flips 9913396715  restarts 12299
[20760s] pursue10: best 49  red 6080  solved 0                                   flips 9972684314  restarts 12359
[20880s] pursue10: best 49  red 6142  solved 0                                   flips 10032391344  restarts 12473
[21000s] pursue10: best 49  red 6191  solved 0                                   flips 10091621877  restarts 12553
[21120s] pursue10: best 49  red 6220  solved 0                                   flips 10151385784  restarts 12605
[21240s] pursue10: best 49  red 6270  solved 0                                   flips 10211178948  restarts 12702
[21360s] pursue10: best 49  red 6294  solved 0                                   flips 10270809253  restarts 12753
[21480s] pursue10: best 49  red 6355  solved 0                                   flips 10329940723  restarts 12865
[21600s] pursue10: best 49  red 6373  solved 0                                   flips 10389439690  restarts 12899
[21720s] pursue10: best 49  red 6424  solved 0                                   flips 10448978540  restarts 12998
[21840s] pursue10: best 49  red 6439  solved 0                                   flips 10508729538  restarts 13037
[21960s] pursue10: best 49  red 6477  solved 0                                   flips 10568628963  restarts 13109
[22080s] pursue10: best 49  red 6485  solved 0                                   flips 10629351194  restarts 13124
[22200s] pursue10: best 49  red 6522  solved 0                                   flips 10689980515  restarts 13189
[22320s] pursue10: best 49  red 6534  solved 0                                   flips 10750797277  restarts 13211
[22440s] pursue10: best 49  red 6597  solved 0                                   flips 10810584460  restarts 13326
[22560s] pursue10: best 49  red 6617  solved 0                                   flips 10870388728  restarts 13365
[22680s] pursue10: best 49  red 6663  solved 0                                   flips 10930218455  restarts 13483
[22800s] pursue10: best 49  red 6673  solved 0                                   flips 10990319968  restarts 13506
[22920s] pursue10: best 49  red 6725  solved 0                                   flips 11050388448  restarts 13601
[23040s] pursue10: best 49  red 6743  solved 0                                   flips 11110869866  restarts 13630
[23160s] pursue10: best 49  red 6774  solved 0                                   flips 11172067655  restarts 13715
[23280s] pursue10: best 49  red 6790  solved 0                                   flips 11232920112  restarts 13755
[23400s] pursue10: best 49  red 6833  solved 0                                   flips 11293429931  restarts 13840
[23520s] pursue10: best 49  red 6859  solved 0                                   flips 11353899713  restarts 13891
[23640s] pursue10: best 49  red 6939  solved 0                                   flips 11414165440  restarts 14041
[23760s] pursue10: best 49  red 6966  solved 0                                   flips 11474516051  restarts 14111
[23880s] pursue10: best 49  red 6999  solved 0                                   flips 11535066498  restarts 14190
[24000s] pursue10: best 49  red 7024  solved 0                                   flips 11595829390  restarts 14235
[24120s] pursue10: best 49  red 7055  solved 0                                   flips 11656936559  restarts 14283
[24240s] pursue10: best 49  red 7076  solved 0                                   flips 11718241906  restarts 14317
[24360s] pursue10: best 49  red 7109  solved 0                                   flips 11779327928  restarts 14409
[24480s] pursue10: best 49  red 7144  solved 0                                   flips 11839367350  restarts 14492
[24600s] pursue10: best 49  red 7180  solved 0                                   flips 11899434875  restarts 14586
[24720s] pursue10: best 49  red 7201  solved 0                                   flips 11959902229  restarts 14635
[24840s] pursue10: best 49  red 7230  solved 0                                   flips 12020611156  restarts 14702
[24960s] pursue10: best 49  red 7266  solved 0                                   flips 12081066526  restarts 14775
[25080s] pursue10: best 49  red 7277  solved 0                                   flips 12141704501  restarts 14802
[25200s] pursue10: best 49  red 7311  solved 0                                   flips 12202284793  restarts 14869
[25320s] pursue10: best 49  red 7348  solved 0                                   flips 12262796397  restarts 14955
[25440s] pursue10: best 49  red 7392  solved 0                                   flips 12323215873  restarts 15043
[25560s] pursue10: best 49  red 7442  solved 0                                   flips 12383581162  restarts 15131
[25680s] pursue10: best 49  red 7479  solved 0                                   flips 12443852652  restarts 15212
[25800s] pursue10: best 49  red 7497  solved 0                                   flips 12504598873  restarts 15252
[25920s] pursue10: best 49  red 7555  solved 0                                   flips 12565603191  restarts 15359
[26040s] pursue10: best 49  red 7568  solved 0                                   flips 12625845852  restarts 15407
[26160s] pursue10: best 49  red 7608  solved 0                                   flips 12685136895  restarts 15491
[26280s] pursue10: best 49  red 7627  solved 0                                   flips 12744285480  restarts 15547
[26400s] pursue10: best 49  red 7716  solved 0                                   flips 12803474066  restarts 15717
[26520s] pursue10: best 49  red 7729  solved 0                                   flips 12863481424  restarts 15754
[26640s] pursue10: best 49  red 7782  solved 0                                   flips 12923436032  restarts 15885
[26760s] pursue10: best 49  red 7792  solved 0                                   flips 12984161672  restarts 15911
[26880s] pursue10: best 49  red 7874  solved 0                                   flips 13044544373  restarts 16053
[27000s] pursue10: best 49  red 7915  solved 0                                   flips 13105025187  restarts 16125
[27120s] pursue10: best 49  red 7956  solved 0                                   flips 13165220073  restarts 16202
[27240s] pursue10: best 49  red 7995  solved 0                                   flips 13224951644  restarts 16249
[27360s] pursue10: best 49  red 8076  solved 0                                   flips 13285124007  restarts 16392
[27480s] pursue10: best 49  red 8104  solved 0                                   flips 13345569095  restarts 16447
[27600s] pursue10: best 49  red 8123  solved 0                                   flips 13405881097  restarts 16486
[27720s] pursue10: best 49  red 8130  solved 0                                   flips 13466504728  restarts 16503
[27840s] pursue10: best 49  red 8191  solved 0                                   flips 13527177989  restarts 16627
[27960s] pursue10: best 49  red 8226  solved 0                                   flips 13587797317  restarts 16683
[28080s] pursue10: best 49  red 8289  solved 0                                   flips 13648390713  restarts 16826
[28200s] pursue10: best 49  red 8306  solved 0                                   flips 13708901947  restarts 16852
[28320s] pursue10: best 49  red 8351  solved 0                                   flips 13769483783  restarts 16940
[28440s] pursue10: best 49  red 8372  solved 0                                   flips 13829854372  restarts 16970
[28560s] pursue10: best 49  red 8447  solved 0                                   flips 13890293663  restarts 17116
[28680s] pursue10: best 49  red 8458  solved 0                                   flips 13950986633  restarts 17136
[28800s] pursue10: best 49  red 8490  solved 0                                   flips 14010178629  restarts 17197
pursue10: best rank 49 in 28800s; reductions 8490  solved-flips 0               random-flips 14010178636  restarts 17197  sandwiches 4314
