=== seeded overnight start 07-14 22:00 ===
note: seed rank 64 != module default 49 (fine for pursue9/census)
seed loaded + exactly verified over F_p, p = 2 (64 summands)
poolseed: 52 dumps loaded; bands [(49, 1), (50, 1), (51, 1)]
[120s] pursue10: best 49  red 24  solved 0                                   flips 58180736  restarts 71
[240s] pursue10: best 49  red 24  solved 0                                   flips 117051204  restarts 71
[360s] pursue10: best 49  red 56  solved 0                                   flips 176267653  restarts 143
[480s] pursue10: best 49  red 56  solved 0                                   flips 235643399  restarts 143
[600s] pursue10: best 49  red 124  solved 0                                   flips 294561226  restarts 289
[720s] pursue10: best 49  red 124  solved 0                                   flips 354207266  restarts 289
[840s] pursue10: best 49  red 170  solved 0                                   flips 413207362  restarts 406
[960s] pursue10: best 49  red 170  solved 0                                   flips 472893370  restarts 406
[1080s] pursue10: best 49  red 231  solved 0                                   flips 531899100  restarts 511
[1200s] pursue10: best 49  red 231  solved 0                                   flips 591761809  restarts 511
[1320s] pursue10: best 49  red 304  solved 0                                   flips 651088981  restarts 642
[1440s] pursue10: best 49  red 304  solved 0                                   flips 710257837  restarts 642
[1560s] pursue10: best 49  red 345  solved 0                                   flips 769591662  restarts 729
[1680s] pursue10: best 49  red 345  solved 0                                   flips 828554235  restarts 729
[1800s] pursue10: best 49  red 419  solved 0                                   flips 887624968  restarts 872
[1920s] pursue10: best 49  red 422  solved 0                                   flips 946786265  restarts 874
[2040s] pursue10: best 49  red 453  solved 0                                   flips 1005817288  restarts 943
[2160s] pursue10: best 49  red 457  solved 0                                   flips 1064811351  restarts 950
[2280s] pursue10: best 49  red 485  solved 0                                   flips 1122406469  restarts 1019
[2400s] pursue10: best 49  red 486  solved 0                                   flips 1180709988  restarts 1022
[2520s] pursue10: best 49  red 557  solved 0                                   flips 1239349400  restarts 1161
[2640s] pursue10: best 49  red 610  solved 0                                   flips 1298219496  restarts 1253
[2760s] pursue10: best 49  red 628  solved 0                                   flips 1357369690  restarts 1299
[2880s] pursue10: best 49  red 659  solved 0                                   flips 1415603411  restarts 1349
[3000s] pursue10: best 49  red 669  solved 0                                   flips 1463857430  restarts 1370
[3120s] pursue10: best 49  red 733  solved 0                                   flips 1510673291  restarts 1485
[3240s] pursue10: best 49  red 735  solved 0                                   flips 1557680159  restarts 1490
[3360s] pursue10: best 49  red 749  solved 0                                   flips 1604527997  restarts 1522
[3480s] pursue10: best 49  red 778  solved 0                                   flips 1651612626  restarts 1586
[3600s] pursue10: best 49  red 778  solved 0                                   flips 1699660624  restarts 1586
[3720s] pursue10: best 49  red 834  solved 0                                   flips 1747575661  restarts 1719
[3840s] pursue10: best 49  red 846  solved 0                                   flips 1795663836  restarts 1736
[3960s] pursue10: best 49  red 852  solved 0                                   flips 1843796150  restarts 1765
[4080s] pursue10: best 49  red 868  solved 0                                   flips 1891219365  restarts 1797
[4200s] pursue10: best 49  red 868  solved 0                                   flips 1937922067  restarts 1797
[4320s] pursue10: best 49  red 888  solved 0                                   flips 1985091603  restarts 1853
[4440s] pursue10: best 49  red 914  solved 0                                   flips 2032164901  restarts 1913
[4560s] pursue10: best 49  red 930  solved 0                                   flips 2079327642  restarts 1948
[4680s] pursue10: best 49  red 965  solved 0                                   flips 2125856120  restarts 2027
[4800s] pursue10: best 49  red 968  solved 0                                   flips 2170682622  restarts 2032
[4920s] pursue10: best 49  red 980  solved 0                                   flips 2214275911  restarts 2079
[5040s] pursue10: best 49  red 1016  solved 0                                   flips 2261075178  restarts 2154
[5160s] pursue10: best 49  red 1016  solved 0                                   flips 2307138262  restarts 2154
[5280s] pursue10: best 49  red 1062  solved 0                                   flips 2354063132  restarts 2249
[5400s] pursue10: best 49  red 1100  solved 0                                   flips 2401079291  restarts 2330
[5520s] pursue10: best 49  red 1103  solved 0                                   flips 2448219299  restarts 2337
[5640s] pursue10: best 49  red 1133  solved 0                                   flips 2495461297  restarts 2406
[5760s] pursue10: best 49  red 1140  solved 0                                   flips 2542819390  restarts 2419
[5880s] pursue10: best 49  red 1183  solved 0                                   flips 2590687025  restarts 2501
[6000s] pursue10: best 49  red 1191  solved 0                                   flips 2638742409  restarts 2518
[6120s] pursue10: best 49  red 1194  solved 0                                   flips 2686735816  restarts 2539
[6240s] pursue10: best 49  red 1228  solved 0                                   flips 2734794375  restarts 2621
[6360s] pursue10: best 49  red 1241  solved 0                                   flips 2783047311  restarts 2641
[6480s] pursue10: best 49  red 1272  solved 0                                   flips 2831236028  restarts 2701
[6600s] pursue10: best 49  red 1303  solved 0                                   flips 2879328364  restarts 2774
[6720s] pursue10: best 49  red 1319  solved 0                                   flips 2927307029  restarts 2798
[6840s] pursue10: best 49  red 1363  solved 0                                   flips 2975323586  restarts 2885
[6960s] pursue10: best 49  red 1380  solved 0                                   flips 3023475517  restarts 2916
[7080s] pursue10: best 49  red 1418  solved 0                                   flips 3071587188  restarts 2987
[7200s] pursue10: best 49  red 1443  solved 0                                   flips 3119790160  restarts 3050
[7320s] pursue10: best 49  red 1447  solved 0                                   flips 3167986925  restarts 3057
[7440s] pursue10: best 49  red 1478  solved 0                                   flips 3216217959  restarts 3122
[7560s] pursue10: best 49  red 1516  solved 0                                   flips 3264336951  restarts 3192
[7680s] pursue10: best 49  red 1522  solved 0                                   flips 3312600804  restarts 3210
[7800s] pursue10: best 49  red 1591  solved 0                                   flips 3360621847  restarts 3333
[7920s] pursue10: best 49  red 1614  solved 0                                   flips 3408654277  restarts 3382
[8040s] pursue10: best 49  red 1668  solved 0                                   flips 3456715279  restarts 3504
[8160s] pursue10: best 49  red 1678  solved 0                                   flips 3504863276  restarts 3534
[8280s] pursue10: best 49  red 1684  solved 0                                   flips 3553152656  restarts 3544
[8400s] pursue10: best 49  red 1729  solved 0                                   flips 3601252107  restarts 3630
[8520s] pursue10: best 49  red 1749  solved 0                                   flips 3649584207  restarts 3656
[8640s] pursue10: best 49  red 1782  solved 0                                   flips 3697878038  restarts 3721
[8760s] pursue10: best 49  red 1829  solved 0                                   flips 3746042513  restarts 3812
[8880s] pursue10: best 49  red 1845  solved 0                                   flips 3793983831  restarts 3850
[9000s] pursue10: best 49  red 1894  solved 0                                   flips 3842174239  restarts 3960
[9120s] pursue10: best 49  red 1906  solved 0                                   flips 3890408156  restarts 3995
[9240s] pursue10: best 49  red 1923  solved 0                                   flips 3938754488  restarts 4028
[9360s] pursue10: best 49  red 1943  solved 0                                   flips 3986911208  restarts 4068
[9480s] pursue10: best 49  red 1948  solved 0                                   flips 4035269163  restarts 4077
[9600s] pursue10: best 49  red 1984  solved 0                                   flips 4083447630  restarts 4146
[9720s] pursue10: best 49  red 2000  solved 0                                   flips 4131761037  restarts 4188
[9840s] pursue10: best 49  red 2017  solved 0                                   flips 4180285738  restarts 4223
[9960s] pursue10: best 49  red 2039  solved 0                                   flips 4228496620  restarts 4279
[10080s] pursue10: best 49  red 2047  solved 0                                   flips 4276806753  restarts 4291
[10200s] pursue10: best 49  red 2077  solved 0                                   flips 4325049952  restarts 4353
[10320s] pursue10: best 49  red 2098  solved 0                                   flips 4373285610  restarts 4399
[10440s] pursue10: best 49  red 2107  solved 0                                   flips 4421549431  restarts 4425
[10560s] pursue10: best 49  red 2141  solved 0                                   flips 4469726210  restarts 4484
[10680s] pursue10: best 49  red 2153  solved 0                                   flips 4517735521  restarts 4514
[10800s] pursue10: best 49  red 2177  solved 0                                   flips 4565859915  restarts 4564
[10920s] pursue10: best 49  red 2210  solved 0                                   flips 4614006461  restarts 4620
[11040s] pursue10: best 49  red 2226  solved 0                                   flips 4662244230  restarts 4646
[11160s] pursue10: best 49  red 2244  solved 0                                   flips 4710370235  restarts 4677
[11280s] pursue10: best 49  red 2265  solved 0                                   flips 4758520625  restarts 4733
[11400s] pursue10: best 49  red 2272  solved 0                                   flips 4806862216  restarts 4752
[11520s] pursue10: best 49  red 2289  solved 0                                   flips 4855192868  restarts 4790
[11640s] pursue10: best 49  red 2303  solved 0                                   flips 4903566154  restarts 4812
[11760s] pursue10: best 49  red 2339  solved 0                                   flips 4951843101  restarts 4866
[11880s] pursue10: best 49  red 2363  solved 0                                   flips 5000077323  restarts 4906
[12000s] pursue10: best 49  red 2387  solved 0                                   flips 5048341083  restarts 4952
[12120s] pursue10: best 49  red 2437  solved 0                                   flips 5096709641  restarts 5055
[12240s] pursue10: best 49  red 2439  solved 0                                   flips 5145294225  restarts 5059
[12360s] pursue10: best 49  red 2476  solved 0                                   flips 5193528808  restarts 5163
[12480s] pursue10: best 49  red 2514  solved 0                                   flips 5241825861  restarts 5219
[12600s] pursue10: best 49  red 2526  solved 0                                   flips 5290387343  restarts 5249
[12720s] pursue10: best 49  red 2536  solved 0                                   flips 5338789021  restarts 5274
[12840s] pursue10: best 49  red 2542  solved 0                                   flips 5387225304  restarts 5295
[12960s] pursue10: best 49  red 2572  solved 0                                   flips 5435458587  restarts 5365
[13080s] pursue10: best 49  red 2605  solved 0                                   flips 5483731638  restarts 5433
[13200s] pursue10: best 49  red 2634  solved 0                                   flips 5532121540  restarts 5490
[13320s] pursue10: best 49  red 2650  solved 0                                   flips 5580452288  restarts 5516
[13440s] pursue10: best 49  red 2689  solved 0                                   flips 5628779323  restarts 5592
[13560s] pursue10: best 49  red 2701  solved 0                                   flips 5677227715  restarts 5626
[13680s] pursue10: best 49  red 2730  solved 0                                   flips 5725722600  restarts 5700
[13800s] pursue10: best 49  red 2748  solved 0                                   flips 5774156088  restarts 5735
[13920s] pursue10: best 49  red 2762  solved 0                                   flips 5822566880  restarts 5764
[14040s] pursue10: best 49  red 2776  solved 0                                   flips 5870931202  restarts 5806
[14160s] pursue10: best 49  red 2792  solved 0                                   flips 5919264167  restarts 5842
[14280s] pursue10: best 49  red 2813  solved 0                                   flips 5967591792  restarts 5888
[14400s] pursue10: best 49  red 2827  solved 0                                   flips 6015982691  restarts 5911
[14520s] pursue10: best 49  red 2849  solved 0                                   flips 6064342074  restarts 5954
[14640s] pursue10: best 49  red 2872  solved 0                                   flips 6112739800  restarts 6018
[14760s] pursue10: best 49  red 2895  solved 0                                   flips 6160976812  restarts 6061
[14880s] pursue10: best 49  red 2937  solved 0                                   flips 6209363076  restarts 6145
[15000s] pursue10: best 49  red 2953  solved 0                                   flips 6257887455  restarts 6179
[15120s] pursue10: best 49  red 2967  solved 0                                   flips 6306141621  restarts 6199
[15240s] pursue10: best 49  red 3018  solved 0                                   flips 6354283437  restarts 6309
[15360s] pursue10: best 49  red 3033  solved 0                                   flips 6402558212  restarts 6351
[15480s] pursue10: best 49  red 3058  solved 0                                   flips 6450793541  restarts 6404
[15600s] pursue10: best 49  red 3070  solved 0                                   flips 6499081905  restarts 6427
[15720s] pursue10: best 49  red 3073  solved 0                                   flips 6547308096  restarts 6455
[15840s] pursue10: best 49  red 3079  solved 0                                   flips 6595646655  restarts 6485
[15960s] pursue10: best 49  red 3092  solved 0                                   flips 6644006328  restarts 6524
[16080s] pursue10: best 49  red 3118  solved 0                                   flips 6692298878  restarts 6586
[16200s] pursue10: best 49  red 3151  solved 0                                   flips 6740527237  restarts 6671
[16320s] pursue10: best 49  red 3160  solved 0                                   flips 6788802915  restarts 6696
[16440s] pursue10: best 49  red 3181  solved 0                                   flips 6837095126  restarts 6761
[16560s] pursue10: best 49  red 3198  solved 0                                   flips 6885450739  restarts 6786
[16680s] pursue10: best 49  red 3213  solved 0                                   flips 6933768357  restarts 6828
[16800s] pursue10: best 49  red 3239  solved 0                                   flips 6982033538  restarts 6882
[16920s] pursue10: best 49  red 3246  solved 0                                   flips 7030342675  restarts 6904
[17040s] pursue10: best 49  red 3275  solved 0                                   flips 7078628794  restarts 6952
[17160s] pursue10: best 49  red 3329  solved 0                                   flips 7126996261  restarts 7061
[17280s] pursue10: best 49  red 3384  solved 0                                   flips 7175434705  restarts 7152
[17400s] pursue10: best 49  red 3395  solved 0                                   flips 7224097700  restarts 7170
[17520s] pursue10: best 49  red 3435  solved 0                                   flips 7272466044  restarts 7244
[17640s] pursue10: best 49  red 3500  solved 0                                   flips 7320876740  restarts 7361
[17760s] pursue10: best 49  red 3504  solved 0                                   flips 7369240166  restarts 7371
[17880s] pursue10: best 49  red 3517  solved 0                                   flips 7417514296  restarts 7407
[18000s] pursue10: best 49  red 3558  solved 0                                   flips 7465622685  restarts 7478
[18120s] pursue10: best 49  red 3577  solved 0                                   flips 7513854130  restarts 7517
[18240s] pursue10: best 49  red 3599  solved 0                                   flips 7562132561  restarts 7564
[18360s] pursue10: best 49  red 3620  solved 0                                   flips 7610567863  restarts 7603
[18480s] pursue10: best 49  red 3646  solved 0                                   flips 7659048056  restarts 7632
[18600s] pursue10: best 49  red 3678  solved 0                                   flips 7707619108  restarts 7673
[18720s] pursue10: best 49  red 3703  solved 0                                   flips 7756180574  restarts 7725
[18840s] pursue10: best 49  red 3726  solved 0                                   flips 7804678314  restarts 7774
[18960s] pursue10: best 49  red 3735  solved 0                                   flips 7853127575  restarts 7794
[19080s] pursue10: best 49  red 3777  solved 0                                   flips 7901439065  restarts 7869
[19200s] pursue10: best 49  red 3806  solved 0                                   flips 7949778909  restarts 7913
[19320s] pursue10: best 49  red 3819  solved 0                                   flips 7998143096  restarts 7940
[19440s] pursue10: best 49  red 3876  solved 0                                   flips 8046484269  restarts 8046
[19560s] pursue10: best 49  red 3883  solved 0                                   flips 8094837704  restarts 8072
[19680s] pursue10: best 49  red 3903  solved 0                                   flips 8143232925  restarts 8109
[19800s] pursue10: best 49  red 3953  solved 0                                   flips 8191560785  restarts 8197
[19920s] pursue10: best 49  red 3980  solved 0                                   flips 8239907929  restarts 8243
[20040s] pursue10: best 49  red 4002  solved 0                                   flips 8288363280  restarts 8291
[20160s] pursue10: best 49  red 4021  solved 0                                   flips 8336786487  restarts 8337
[20280s] pursue10: best 49  red 4043  solved 0                                   flips 8385188889  restarts 8395
[20400s] pursue10: best 49  red 4085  solved 0                                   flips 8433455635  restarts 8486
[20520s] pursue10: best 49  red 4105  solved 0                                   flips 8481703277  restarts 8537
[20640s] pursue10: best 49  red 4114  solved 0                                   flips 8529997426  restarts 8559
[20760s] pursue10: best 49  red 4130  solved 0                                   flips 8578218051  restarts 8591
[20880s] pursue10: best 49  red 4131  solved 0                                   flips 8626612524  restarts 8599
[21000s] pursue10: best 49  red 4144  solved 0                                   flips 8675082018  restarts 8632
[21120s] pursue10: best 49  red 4160  solved 0                                   flips 8723479437  restarts 8668
[21240s] pursue10: best 49  red 4182  solved 0                                   flips 8771939590  restarts 8699
[21360s] pursue10: best 49  red 4221  solved 0                                   flips 8820337972  restarts 8777
[21480s] pursue10: best 49  red 4241  solved 0                                   flips 8868771504  restarts 8812
[21600s] pursue10: best 49  red 4259  solved 0                                   flips 8917450044  restarts 8850
[21720s] pursue10: best 49  red 4290  solved 0                                   flips 8965945581  restarts 8934
[21840s] pursue10: best 49  red 4303  solved 0                                   flips 9014568913  restarts 8960
[21960s] pursue10: best 49  red 4338  solved 0                                   flips 9063119074  restarts 9037
[22080s] pursue10: best 49  red 4345  solved 0                                   flips 9111625893  restarts 9054
[22200s] pursue10: best 49  red 4346  solved 0                                   flips 9160268396  restarts 9058
[22320s] pursue10: best 49  red 4378  solved 0                                   flips 9208760425  restarts 9120
[22440s] pursue10: best 49  red 4401  solved 0                                   flips 9257394876  restarts 9154
[22560s] pursue10: best 49  red 4426  solved 0                                   flips 9306008934  restarts 9232
[22680s] pursue10: best 49  red 4474  solved 0                                   flips 9354562781  restarts 9313
[22800s] pursue10: best 49  red 4484  solved 0                                   flips 9402976802  restarts 9333
[22920s] pursue10: best 49  red 4507  solved 0                                   flips 9451477833  restarts 9387
[23040s] pursue10: best 49  red 4546  solved 0                                   flips 9499850005  restarts 9456
[23160s] pursue10: best 49  red 4588  solved 0                                   flips 9548146435  restarts 9546
[23280s] pursue10: best 49  red 4599  solved 0                                   flips 9596678452  restarts 9586
[23400s] pursue10: best 49  red 4612  solved 0                                   flips 9645286390  restarts 9620
[23520s] pursue10: best 49  red 4661  solved 0                                   flips 9693543490  restarts 9719
[23640s] pursue10: best 49  red 4673  solved 0                                   flips 9741903268  restarts 9758
[23760s] pursue10: best 49  red 4686  solved 0                                   flips 9790241519  restarts 9794
[23880s] pursue10: best 49  red 4723  solved 0                                   flips 9838794998  restarts 9870
[24000s] pursue10: best 49  red 4727  solved 0                                   flips 9887342258  restarts 9883
[24120s] pursue10: best 49  red 4749  solved 0                                   flips 9935705731  restarts 9923
[24240s] pursue10: best 49  red 4771  solved 0                                   flips 9984073430  restarts 9970
[24360s] pursue10: best 49  red 4776  solved 0                                   flips 10032445173  restarts 9989
[24480s] pursue10: best 49  red 4804  solved 0                                   flips 10080842556  restarts 10049
[24600s] pursue10: best 49  red 4812  solved 0                                   flips 10129452736  restarts 10059
[24720s] pursue10: best 49  red 4839  solved 0                                   flips 10178003377  restarts 10124
[24840s] pursue10: best 49  red 4851  solved 0                                   flips 10226275115  restarts 10164
[24960s] pursue10: best 49  red 4860  solved 0                                   flips 10274742934  restarts 10191
[25080s] pursue10: best 49  red 4879  solved 0                                   flips 10323239791  restarts 10225
[25200s] pursue10: best 49  red 4898  solved 0                                   flips 10371636276  restarts 10266
[25320s] pursue10: best 49  red 4913  solved 0                                   flips 10420068837  restarts 10308
[25440s] pursue10: best 49  red 4932  solved 0                                   flips 10468608608  restarts 10342
[25560s] pursue10: best 49  red 4943  solved 0                                   flips 10517171633  restarts 10366
[25680s] pursue10: best 49  red 4957  solved 0                                   flips 10565688457  restarts 10420
[25800s] pursue10: best 49  red 4970  solved 0                                   flips 10614205772  restarts 10444
[25920s] pursue10: best 49  red 4989  solved 0                                   flips 10662608936  restarts 10474
[26040s] pursue10: best 49  red 4996  solved 0                                   flips 10711020542  restarts 10489
[26160s] pursue10: best 49  red 5008  solved 0                                   flips 10759435233  restarts 10531
[26280s] pursue10: best 49  red 5041  solved 0                                   flips 10807771576  restarts 10599
[26400s] pursue10: best 49  red 5063  solved 0                                   flips 10856184986  restarts 10633
[26520s] pursue10: best 49  red 5071  solved 0                                   flips 10904731039  restarts 10665
[26640s] pursue10: best 49  red 5113  solved 0                                   flips 10953239311  restarts 10774
[26760s] pursue10: best 49  red 5118  solved 0                                   flips 11001810257  restarts 10793
[26880s] pursue10: best 49  red 5124  solved 0                                   flips 11050259967  restarts 10813
[27000s] pursue10: best 49  red 5139  solved 0                                   flips 11098781486  restarts 10855
[27120s] pursue10: best 49  red 5167  solved 0                                   flips 11147082940  restarts 10908
[27240s] pursue10: best 49  red 5197  solved 0                                   flips 11195612184  restarts 10967
[27360s] pursue10: best 49  red 5204  solved 0                                   flips 11244195989  restarts 10990
[27480s] pursue10: best 49  red 5222  solved 0                                   flips 11292612617  restarts 11023
[27600s] pursue10: best 49  red 5272  solved 0                                   flips 11341048227  restarts 11113
[27720s] pursue10: best 49  red 5290  solved 0                                   flips 11389546507  restarts 11174
[27840s] pursue10: best 49  red 5302  solved 0                                   flips 11437908551  restarts 11184
[27960s] pursue10: best 49  red 5329  solved 0                                   flips 11486329668  restarts 11241
[28080s] pursue10: best 49  red 5338  solved 0                                   flips 11534793069  restarts 11263
[28200s] pursue10: best 49  red 5351  solved 0                                   flips 11583254104  restarts 11295
[28320s] pursue10: best 49  red 5374  solved 0                                   flips 11631638184  restarts 11347
[28440s] pursue10: best 49  red 5405  solved 0                                   flips 11679994996  restarts 11401
[28560s] pursue10: best 49  red 5419  solved 0                                   flips 11728405238  restarts 11431
[28680s] pursue10: best 49  red 5458  solved 0                                   flips 11776686019  restarts 11515
[28800s] pursue10: best 49  red 5475  solved 0                                   flips 11825022666  restarts 11552
pursue10: best rank 49 in 28800s; reductions 5475  solved-flips 0               random-flips 11825022673  restarts 11552
=== seeded overnight done 07-15 06:00 ===
