note: seed rank 27 != module default 23 (fine for pursue9/census)
seed loaded + exactly verified over F_p, p = 2 (27 summands)
[0s] *** pursue10 rank 26 VERIFIED *** -> matmul/found23p/f2/RECORDP_p10_rank26_2.txt
[0s] *** pursue10 rank 25 VERIFIED *** -> matmul/found23p/f2/RECORDP_p10_rank25_3.txt
[0s] *** pursue10 rank 24 VERIFIED *** -> matmul/found23p/f2/RECORDP_p10_rank24_3.txt
[0s] *** pursue10 rank 23 VERIFIED *** -> matmul/found23p/f2/RECORDP_p10_rank23_3.txt
[120s] pursue10: best 23  red 23  solved 0                                   flips 60609550  restarts 15
[240s] pursue10: best 23  red 32  solved 0                                   flips 123265718  restarts 28
[360s] pursue10: best 23  red 38  solved 0                                   flips 186088113  restarts 40
[480s] pursue10: best 23  red 42  solved 0                                   flips 248637676  restarts 52
[600s] pursue10: best 23  red 52  solved 0                                   flips 310425533  restarts 64
[720s] pursue10: best 23  red 57  solved 0                                   flips 376366040  restarts 76
[840s] pursue10: best 23  red 67  solved 0                                   flips 443335451  restarts 92
[960s] pursue10: best 23  red 71  solved 0                                   flips 510070870  restarts 104
[1080s] pursue10: best 23  red 81  solved 0                                   flips 577081872  restarts 117
[1200s] pursue10: best 23  red 90  solved 0                                   flips 644260465  restarts 132
[1320s] pursue10: best 23  red 98  solved 0                                   flips 711065096  restarts 144
[1440s] pursue10: best 23  red 106  solved 0                                   flips 778229349  restarts 158
[1560s] pursue10: best 23  red 115  solved 0                                   flips 844031986  restarts 171
[1680s] pursue10: best 23  red 123  solved 0                                   flips 910095773  restarts 184
[1800s] pursue10: best 23  red 128  solved 0                                   flips 976613837  restarts 197
[1920s] pursue10: best 23  red 132  solved 0                                   flips 1044058320  restarts 211
[2040s] pursue10: best 23  red 137  solved 0                                   flips 1110929608  restarts 224
[2160s] pursue10: best 23  red 146  solved 0                                   flips 1176885481  restarts 237
[2280s] pursue10: best 23  red 154  solved 0                                   flips 1242821396  restarts 251
[2400s] pursue10: best 23  red 164  solved 0                                   flips 1310664975  restarts 264
[2520s] pursue10: best 23  red 174  solved 0                                   flips 1377571979  restarts 277
[2640s] pursue10: best 23  red 182  solved 0                                   flips 1444580039  restarts 292
[2760s] pursue10: best 23  red 188  solved 0                                   flips 1511515333  restarts 305
[2880s] pursue10: best 23  red 198  solved 0                                   flips 1577523214  restarts 317
[3000s] pursue10: best 23  red 207  solved 0                                   flips 1644311532  restarts 331
[3120s] pursue10: best 23  red 214  solved 0                                   flips 1710431472  restarts 345
[3240s] pursue10: best 23  red 220  solved 0                                   flips 1778083128  restarts 357
[3360s] pursue10: best 23  red 233  solved 0                                   flips 1845303224  restarts 372
[3480s] pursue10: best 23  red 244  solved 0                                   flips 1912395636  restarts 385
[3600s] pursue10: best 23  red 249  solved 0                                   flips 1978693658  restarts 397
[3720s] pursue10: best 23  red 260  solved 0                                   flips 2046631582  restarts 412
[3840s] pursue10: best 23  red 267  solved 0                                   flips 2113230541  restarts 425
[3960s] pursue10: best 23  red 276  solved 0                                   flips 2179475412  restarts 437
[4080s] pursue10: best 23  red 281  solved 0                                   flips 2245762973  restarts 451
[4200s] pursue10: best 23  red 289  solved 0                                   flips 2312657577  restarts 465
[4320s] pursue10: best 23  red 291  solved 0                                   flips 2379250519  restarts 477
[4440s] pursue10: best 23  red 303  solved 0                                   flips 2445068228  restarts 491
[4560s] pursue10: best 23  red 307  solved 0                                   flips 2510953283  restarts 505
[4680s] pursue10: best 23  red 311  solved 0                                   flips 2577542059  restarts 517
[4800s] pursue10: best 23  red 321  solved 0                                   flips 2643606884  restarts 531
[4920s] pursue10: best 23  red 327  solved 0                                   flips 2710538655  restarts 545
[5040s] pursue10: best 23  red 333  solved 0                                   flips 2777088451  restarts 557
[5160s] pursue10: best 23  red 338  solved 0                                   flips 2843609914  restarts 571
[5280s] pursue10: best 23  red 342  solved 0                                   flips 2910253226  restarts 585
[5400s] pursue10: best 23  red 350  solved 0                                   flips 2976690458  restarts 597
[5520s] pursue10: best 23  red 362  solved 0                                   flips 3043230532  restarts 610
[5640s] pursue10: best 23  red 368  solved 0                                   flips 3110324988  restarts 625
[5760s] pursue10: best 23  red 374  solved 0                                   flips 3177343560  restarts 637
[5880s] pursue10: best 23  red 380  solved 0                                   flips 3244813409  restarts 650
[6000s] pursue10: best 23  red 386  solved 0                                   flips 3312278810  restarts 665
[6120s] pursue10: best 23  red 392  solved 0                                   flips 3379409818  restarts 678
[6240s] pursue10: best 23  red 398  solved 0                                   flips 3446486579  restarts 691
[6360s] pursue10: best 23  red 403  solved 0                                   flips 3514277144  restarts 705
[6480s] pursue10: best 23  red 410  solved 0                                   flips 3581666005  restarts 718
[6600s] pursue10: best 23  red 414  solved 0                                   flips 3649634700  restarts 733
[6720s] pursue10: best 23  red 426  solved 0                                   flips 3717567562  restarts 745
[6840s] pursue10: best 23  red 433  solved 0                                   flips 3785455895  restarts 759
[6960s] pursue10: best 23  red 442  solved 0                                   flips 3853560655  restarts 773
[7080s] pursue10: best 23  red 447  solved 0                                   flips 3921196424  restarts 786
[7200s] pursue10: best 23  red 454  solved 0                                   flips 3988787377  restarts 800
[7320s] pursue10: best 23  red 460  solved 0                                   flips 4056225738  restarts 813
[7440s] pursue10: best 23  red 467  solved 0                                   flips 4123214158  restarts 827
[7560s] pursue10: best 23  red 475  solved 0                                   flips 4190233116  restarts 841
[7680s] pursue10: best 23  red 481  solved 0                                   flips 4257528459  restarts 853
[7800s] pursue10: best 23  red 484  solved 0                                   flips 4324104171  restarts 867
[7920s] pursue10: best 23  red 490  solved 0                                   flips 4389743777  restarts 880
[8040s] pursue10: best 23  red 499  solved 0                                   flips 4456119791  restarts 893
[8160s] pursue10: best 23  red 505  solved 0                                   flips 4523557292  restarts 907
[8280s] pursue10: best 23  red 513  solved 0                                   flips 4590089046  restarts 919
[8400s] pursue10: best 23  red 524  solved 0                                   flips 4656934115  restarts 933
[8520s] pursue10: best 23  red 532  solved 0                                   flips 4723961190  restarts 947
[8640s] pursue10: best 23  red 538  solved 0                                   flips 4791339887  restarts 960
[8760s] pursue10: best 23  red 547  solved 0                                   flips 4858032428  restarts 974
[8880s] pursue10: best 23  red 554  solved 0                                   flips 4926349564  restarts 987
[9000s] pursue10: best 23  red 562  solved 0                                   flips 4993681639  restarts 1000
[9120s] pursue10: best 23  red 571  solved 0                                   flips 5061592212  restarts 1015
[9240s] pursue10: best 23  red 577  solved 0                                   flips 5128692911  restarts 1027
[9360s] pursue10: best 23  red 585  solved 0                                   flips 5195936545  restarts 1041
[9480s] pursue10: best 23  red 594  solved 0                                   flips 5263664891  restarts 1055
[9600s] pursue10: best 23  red 602  solved 0                                   flips 5331782438  restarts 1067
[9720s] pursue10: best 23  red 611  solved 0                                   flips 5400044251  restarts 1083
[9840s] pursue10: best 23  red 613  solved 0                                   flips 5467690037  restarts 1095
[9960s] pursue10: best 23  red 619  solved 0                                   flips 5535527911  restarts 1109
[10080s] pursue10: best 23  red 627  solved 0                                   flips 5603327416  restarts 1123
[10200s] pursue10: best 23  red 630  solved 0                                   flips 5671560298  restarts 1136
[10320s] pursue10: best 23  red 637  solved 0                                   flips 5739216230  restarts 1151
[10440s] pursue10: best 23  red 644  solved 0                                   flips 5806870180  restarts 1163
[10560s] pursue10: best 23  red 656  solved 0                                   flips 5875156343  restarts 1177
[10680s] pursue10: best 23  red 664  solved 0                                   flips 5942486745  restarts 1191
[10800s] pursue10: best 23  red 674  solved 0                                   flips 6009973627  restarts 1203
[10920s] pursue10: best 23  red 682  solved 0                                   flips 6077199189  restarts 1218
[11040s] pursue10: best 23  red 688  solved 0                                   flips 6144820302  restarts 1231
[11160s] pursue10: best 23  red 694  solved 0                                   flips 6212001573  restarts 1244
[11280s] pursue10: best 23  red 702  solved 0                                   flips 6279015609  restarts 1258
[11400s] pursue10: best 23  red 705  solved 0                                   flips 6345680827  restarts 1271
[11520s] pursue10: best 23  red 709  solved 0                                   flips 6413051226  restarts 1285
[11640s] pursue10: best 23  red 717  solved 0                                   flips 6481763735  restarts 1298
[11760s] pursue10: best 23  red 723  solved 0                                   flips 6550028938  restarts 1312
[11880s] pursue10: best 23  red 730  solved 0                                   flips 6617545728  restarts 1325
[12000s] pursue10: best 23  red 740  solved 0                                   flips 6684238824  restarts 1339
[12120s] pursue10: best 23  red 748  solved 0                                   flips 6751717734  restarts 1352
[12240s] pursue10: best 23  red 755  solved 0                                   flips 6819653598  restarts 1366
[12360s] pursue10: best 23  red 761  solved 0                                   flips 6887605961  restarts 1380
[12480s] pursue10: best 23  red 767  solved 0                                   flips 6955063770  restarts 1392
[12600s] pursue10: best 23  red 773  solved 0                                   flips 7022467169  restarts 1407
[12720s] pursue10: best 23  red 781  solved 0                                   flips 7090312483  restarts 1420
[12840s] pursue10: best 23  red 790  solved 0                                   flips 7158091433  restarts 1434
[12960s] pursue10: best 23  red 796  solved 0                                   flips 7224830270  restarts 1447
[13080s] pursue10: best 23  red 801  solved 0                                   flips 7292986945  restarts 1460
[13200s] pursue10: best 23  red 806  solved 0                                   flips 7360906062  restarts 1475
[13320s] pursue10: best 23  red 817  solved 0                                   flips 7428735355  restarts 1487
[13440s] pursue10: best 23  red 824  solved 0                                   flips 7496592574  restarts 1502
[13560s] pursue10: best 23  red 830  solved 0                                   flips 7564335476  restarts 1515
[13680s] pursue10: best 23  red 836  solved 0                                   flips 7632213683  restarts 1528
[13800s] pursue10: best 23  red 842  solved 0                                   flips 7700248545  restarts 1542
[13920s] pursue10: best 23  red 848  solved 0                                   flips 7768371734  restarts 1555
[14040s] pursue10: best 23  red 854  solved 0                                   flips 7836199674  restarts 1569
[14160s] pursue10: best 23  red 862  solved 0                                   flips 7903285044  restarts 1583
[14280s] pursue10: best 23  red 865  solved 0                                   flips 7970557183  restarts 1596
[14400s] pursue10: best 23  red 874  solved 0                                   flips 8038408349  restarts 1610
[14520s] pursue10: best 23  red 886  solved 0                                   flips 8106413187  restarts 1624
[14640s] pursue10: best 23  red 896  solved 0                                   flips 8174429209  restarts 1636
[14760s] pursue10: best 23  red 903  solved 0                                   flips 8242667661  restarts 1651
[14880s] pursue10: best 23  red 911  solved 0                                   flips 8310080354  restarts 1664
[15000s] pursue10: best 23  red 915  solved 0                                   flips 8377788915  restarts 1678
[15120s] pursue10: best 23  red 919  solved 0                                   flips 8445833354  restarts 1691
[15240s] pursue10: best 23  red 928  solved 0                                   flips 8514712855  restarts 1705
[15360s] pursue10: best 23  red 933  solved 0                                   flips 8582146870  restarts 1718
[15480s] pursue10: best 23  red 943  solved 0                                   flips 8649841363  restarts 1732
[15600s] pursue10: best 23  red 949  solved 0                                   flips 8717062479  restarts 1746
[15720s] pursue10: best 23  red 956  solved 0                                   flips 8784962976  restarts 1758
[15840s] pursue10: best 23  red 964  solved 0                                   flips 8852435740  restarts 1773
[15960s] pursue10: best 23  red 970  solved 0                                   flips 8920143242  restarts 1786
[16080s] pursue10: best 23  red 981  solved 0                                   flips 8987351952  restarts 1799
[16200s] pursue10: best 23  red 986  solved 0                                   flips 9055219016  restarts 1814
[16320s] pursue10: best 23  red 992  solved 0                                   flips 9122625326  restarts 1826
[16440s] pursue10: best 23  red 996  solved 0                                   flips 9189863534  restarts 1839
[16560s] pursue10: best 23  red 1006  solved 0                                   flips 9257628132  restarts 1854
[16680s] pursue10: best 23  red 1008  solved 0                                   flips 9325418563  restarts 1867
[16800s] pursue10: best 23  red 1019  solved 0                                   flips 9393751549  restarts 1882
[16920s] pursue10: best 23  red 1033  solved 0                                   flips 9462352931  restarts 1894
[17040s] pursue10: best 23  red 1037  solved 0                                   flips 9530614049  restarts 1908
[17160s] pursue10: best 23  red 1047  solved 0                                   flips 9598285148  restarts 1922
[17280s] pursue10: best 23  red 1056  solved 0                                   flips 9665910364  restarts 1935
[17400s] pursue10: best 23  red 1062  solved 0                                   flips 9734116750  restarts 1949
[17520s] pursue10: best 23  red 1071  solved 0                                   flips 9802442509  restarts 1962
[17640s] pursue10: best 23  red 1079  solved 0                                   flips 9870330141  restarts 1976
[17760s] pursue10: best 23  red 1086  solved 0                                   flips 9937649680  restarts 1990
[17880s] pursue10: best 23  red 1099  solved 0                                   flips 10005347276  restarts 2003
[18000s] pursue10: best 23  red 1109  solved 0                                   flips 10073027356  restarts 2017
[18120s] pursue10: best 23  red 1119  solved 0                                   flips 10140934844  restarts 2030
[18240s] pursue10: best 23  red 1127  solved 0                                   flips 10208083651  restarts 2044
[18360s] pursue10: best 23  red 1132  solved 0                                   flips 10275968897  restarts 2057
[18480s] pursue10: best 23  red 1141  solved 0                                   flips 10343965370  restarts 2071
[18600s] pursue10: best 23  red 1145  solved 0                                   flips 10411467701  restarts 2084
[18720s] pursue10: best 23  red 1155  solved 0                                   flips 10479269402  restarts 2098
[18840s] pursue10: best 23  red 1161  solved 0                                   flips 10546700285  restarts 2111
[18960s] pursue10: best 23  red 1166  solved 0                                   flips 10613380654  restarts 2124
[19080s] pursue10: best 23  red 1178  solved 0                                   flips 10680368421  restarts 2138
[19200s] pursue10: best 23  red 1187  solved 0                                   flips 10747882530  restarts 2152
[19320s] pursue10: best 23  red 1194  solved 0                                   flips 10815306582  restarts 2165
[19440s] pursue10: best 23  red 1194  solved 0                                   flips 10882292643  restarts 2178
[19560s] pursue10: best 23  red 1199  solved 0                                   flips 10949448875  restarts 2192
[19680s] pursue10: best 23  red 1207  solved 0                                   flips 11017109385  restarts 2206
[19800s] pursue10: best 23  red 1212  solved 0                                   flips 11083784210  restarts 2219
[19920s] pursue10: best 23  red 1218  solved 0                                   flips 11151446355  restarts 2232
[20040s] pursue10: best 23  red 1227  solved 0                                   flips 11218348350  restarts 2246
[20160s] pursue10: best 23  red 1233  solved 0                                   flips 11285369324  restarts 2259
[20280s] pursue10: best 23  red 1238  solved 0                                   flips 11352415840  restarts 2272
[20400s] pursue10: best 23  red 1242  solved 0                                   flips 11416503201  restarts 2286
[20520s] pursue10: best 23  red 1251  solved 0                                   flips 11481845331  restarts 2298
[20640s] pursue10: best 23  red 1256  solved 0                                   flips 11549069609  restarts 2311
[20760s] pursue10: best 23  red 1262  solved 0                                   flips 11616051854  restarts 2326
[20880s] pursue10: best 23  red 1265  solved 0                                   flips 11683935239  restarts 2338
[21000s] pursue10: best 23  red 1273  solved 0                                   flips 11751538369  restarts 2352
[21120s] pursue10: best 23  red 1279  solved 0                                   flips 11818209300  restarts 2366
[21240s] pursue10: best 23  red 1288  solved 0                                   flips 11885623426  restarts 2379
[21360s] pursue10: best 23  red 1300  solved 0                                   flips 11952344980  restarts 2393
[21480s] pursue10: best 23  red 1308  solved 0                                   flips 12018704451  restarts 2406
[21600s] pursue10: best 23  red 1317  solved 0                                   flips 12085651837  restarts 2419
pursue10: best rank 23 in 21600s; reductions 1317  solved-flips 0               random-flips 12085651840  restarts 2419
