note: seed rank 64 != module default 49 (fine for pursue9/census)
seed loaded + exactly verified over F_p, p = 2 (64 summands)
[0s] *** pursue10 rank 63 VERIFIED *** -> matmul/found48p/RECORDP_p10_rank63_5.txt
[1s] *** pursue10 rank 62 VERIFIED *** -> matmul/found48p/RECORDP_p10_rank62_7.txt
[1s] *** pursue10 rank 61 VERIFIED *** -> matmul/found48p/RECORDP_p10_rank61_7.txt
[1s] *** pursue10 rank 60 VERIFIED *** -> matmul/found48p/RECORDP_p10_rank60_7.txt
[2s] *** pursue10 rank 59 VERIFIED *** -> matmul/found48p/RECORDP_p10_rank59_7.txt
[3s] *** pursue10 rank 58 VERIFIED *** -> matmul/found48p/RECORDP_p10_rank58_5.txt
[4s] *** pursue10 rank 57 VERIFIED *** -> matmul/found48p/RECORDP_p10_rank57_5.txt
[12s] *** pursue10 rank 56 VERIFIED *** -> matmul/found48p/RECORDP_p10_rank56_5.txt
[19s] *** pursue10 rank 55 VERIFIED *** -> matmul/found48p/RECORDP_p10_rank55_7.txt
[46s] *** pursue10 rank 54 VERIFIED *** -> matmul/found48p/RECORDP_p10_rank54_3.txt
[58s] *** pursue10 rank 53 VERIFIED *** -> matmul/found48p/RECORDP_p10_rank53_2.txt
[58s] *** pursue10 rank 52 VERIFIED *** -> matmul/found48p/RECORDP_p10_rank52_2.txt
[120s] pursue10: best 52  red 81  solved 0                                   flips 32908163  restarts 8
[240s] pursue10: best 52  red 84  solved 0                                   flips 68047957  restarts 16
[360s] pursue10: best 52  red 87  solved 0                                   flips 103593018  restarts 24
[480s] pursue10: best 52  red 93  solved 0                                   flips 139301484  restarts 32
[600s] pursue10: best 52  red 95  solved 0                                   flips 175254473  restarts 40
[720s] pursue10: best 52  red 98  solved 0                                   flips 211070497  restarts 48
[840s] pursue10: best 52  red 100  solved 0                                   flips 246782582  restarts 56
[960s] pursue10: best 52  red 102  solved 0                                   flips 282543462  restarts 64
[1080s] pursue10: best 52  red 103  solved 0                                   flips 318681218  restarts 66
[1200s] pursue10: best 52  red 105  solved 0                                   flips 354701390  restarts 72
[1320s] pursue10: best 52  red 110  solved 0                                   flips 391448209  restarts 80
[1440s] pursue10: best 52  red 112  solved 0                                   flips 427948230  restarts 88
[1560s] pursue10: best 52  red 115  solved 0                                   flips 464224610  restarts 96
[1680s] pursue10: best 52  red 117  solved 0                                   flips 500641078  restarts 104
[1800s] pursue10: best 52  red 119  solved 0                                   flips 536879875  restarts 112
[1920s] pursue10: best 52  red 120  solved 0                                   flips 572866076  restarts 120
[2040s] pursue10: best 52  red 123  solved 0                                   flips 609084065  restarts 128
[2160s] pursue10: best 52  red 125  solved 0                                   flips 645547309  restarts 136
[2280s] pursue10: best 52  red 126  solved 0                                   flips 682046478  restarts 141
[2400s] pursue10: best 52  red 127  solved 0                                   flips 718826910  restarts 147
[2520s] pursue10: best 52  red 130  solved 0                                   flips 755310464  restarts 152
[2640s] pursue10: best 52  red 132  solved 0                                   flips 791622080  restarts 160
[2760s] pursue10: best 52  red 134  solved 0                                   flips 827786115  restarts 168
[2880s] pursue10: best 52  red 136  solved 0                                   flips 864424090  restarts 176
[3000s] pursue10: best 52  red 137  solved 0                                   flips 900718219  restarts 184
[3120s] pursue10: best 52  red 137  solved 0                                   flips 937096522  restarts 192
[3240s] pursue10: best 52  red 141  solved 0                                   flips 973629684  restarts 200
[3360s] pursue10: best 52  red 144  solved 0                                   flips 1010282299  restarts 208
[3480s] pursue10: best 52  red 147  solved 0                                   flips 1047037677  restarts 216
[3600s] pursue10: best 52  red 149  solved 0                                   flips 1083830094  restarts 223
[3720s] pursue10: best 52  red 150  solved 0                                   flips 1120448147  restarts 228
[3840s] pursue10: best 52  red 151  solved 0                                   flips 1156621105  restarts 233
[3960s] pursue10: best 52  red 152  solved 0                                   flips 1193350083  restarts 240
[4080s] pursue10: best 52  red 158  solved 0                                   flips 1230017924  restarts 248
[4200s] pursue10: best 52  red 162  solved 0                                   flips 1267061310  restarts 256
[4320s] pursue10: best 52  red 165  solved 0                                   flips 1304197651  restarts 264
[4440s] pursue10: best 52  red 168  solved 0                                   flips 1340810019  restarts 272
[4560s] pursue10: best 52  red 171  solved 0                                   flips 1377029484  restarts 280
[4680s] pursue10: best 52  red 175  solved 0                                   flips 1413610071  restarts 288
[4800s] pursue10: best 52  red 178  solved 0                                   flips 1450192290  restarts 296
[4920s] pursue10: best 52  red 181  solved 0                                   flips 1486813302  restarts 303
[5040s] pursue10: best 52  red 185  solved 0                                   flips 1523802380  restarts 310
[5160s] pursue10: best 52  red 188  solved 0                                   flips 1560879254  restarts 317
[5280s] pursue10: best 52  red 189  solved 0                                   flips 1597914967  restarts 322
[5400s] pursue10: best 52  red 191  solved 0                                   flips 1634408201  restarts 329
[5520s] pursue10: best 52  red 193  solved 0                                   flips 1670965927  restarts 336
[5640s] pursue10: best 52  red 196  solved 0                                   flips 1707317866  restarts 344
[5760s] pursue10: best 52  red 198  solved 0                                   flips 1743634678  restarts 352
[5880s] pursue10: best 52  red 201  solved 0                                   flips 1780210189  restarts 360
[6000s] pursue10: best 52  red 204  solved 0                                   flips 1817014883  restarts 368
[6120s] pursue10: best 52  red 207  solved 0                                   flips 1853723234  restarts 376
[6240s] pursue10: best 52  red 210  solved 0                                   flips 1890400289  restarts 384
[6360s] pursue10: best 52  red 212  solved 0                                   flips 1927072192  restarts 392
[6480s] pursue10: best 52  red 214  solved 0                                   flips 1963581066  restarts 397
[6600s] pursue10: best 52  red 216  solved 0                                   flips 2000115909  restarts 403
[6720s] pursue10: best 52  red 221  solved 0                                   flips 2036802574  restarts 410
[6840s] pursue10: best 52  red 223  solved 0                                   flips 2073150710  restarts 417
[6960s] pursue10: best 52  red 226  solved 0                                   flips 2109512175  restarts 425
[7080s] pursue10: best 52  red 228  solved 0                                   flips 2146093015  restarts 433
[7200s] pursue10: best 52  red 231  solved 0                                   flips 2182845980  restarts 440
[7320s] pursue10: best 52  red 232  solved 0                                   flips 2219782969  restarts 448
[7440s] pursue10: best 52  red 235  solved 0                                   flips 2256255814  restarts 456
[7560s] pursue10: best 52  red 238  solved 0                                   flips 2292695063  restarts 464
[7680s] pursue10: best 52  red 239  solved 0                                   flips 2328981066  restarts 471
[7800s] pursue10: best 52  red 240  solved 0                                   flips 2365073594  restarts 478
[7920s] pursue10: best 52  red 244  solved 0                                   flips 2400596629  restarts 484
[8040s] pursue10: best 52  red 248  solved 0                                   flips 2436670599  restarts 490
[8160s] pursue10: best 52  red 248  solved 0                                   flips 2472644569  restarts 497
[8280s] pursue10: best 52  red 250  solved 0                                   flips 2508449920  restarts 505
[8400s] pursue10: best 52  red 254  solved 0                                   flips 2544235960  restarts 512
[8520s] pursue10: best 52  red 256  solved 0                                   flips 2580671532  restarts 520
[8640s] pursue10: best 52  red 258  solved 0                                   flips 2616706855  restarts 528
[8760s] pursue10: best 52  red 261  solved 0                                   flips 2652714911  restarts 536
[8880s] pursue10: best 52  red 268  solved 0                                   flips 2689025003  restarts 543
[9000s] pursue10: best 52  red 270  solved 0                                   flips 2726103906  restarts 550
[9120s] pursue10: best 52  red 274  solved 0                                   flips 2762962891  restarts 557
[9240s] pursue10: best 52  red 276  solved 0                                   flips 2799680068  restarts 563
[9360s] pursue10: best 52  red 281  solved 0                                   flips 2836091645  restarts 570
[9480s] pursue10: best 52  red 281  solved 0                                   flips 2872904005  restarts 577
[9600s] pursue10: best 52  red 283  solved 0                                   flips 2910447395  restarts 585
[9720s] pursue10: best 52  red 286  solved 0                                   flips 2947791817  restarts 593
[9840s] pursue10: best 52  red 287  solved 0                                   flips 2985050495  restarts 601
[9960s] pursue10: best 52  red 290  solved 0                                   flips 3022288382  restarts 608
[10080s] pursue10: best 52  red 295  solved 0                                   flips 3059507180  restarts 616
[10200s] pursue10: best 52  red 299  solved 0                                   flips 3096286456  restarts 624
[10320s] pursue10: best 52  red 301  solved 0                                   flips 3133224284  restarts 632
[10440s] pursue10: best 52  red 304  solved 0                                   flips 3170407579  restarts 639
[10560s] pursue10: best 52  red 306  solved 0                                   flips 3207414199  restarts 646
[10680s] pursue10: best 52  red 309  solved 0                                   flips 3244058909  restarts 653
[10800s] pursue10: best 52  red 312  solved 0                                   flips 3280919823  restarts 660
[10920s] pursue10: best 52  red 313  solved 0                                   flips 3317404681  restarts 666
[11040s] pursue10: best 52  red 319  solved 0                                   flips 3354361737  restarts 674
[11160s] pursue10: best 52  red 322  solved 0                                   flips 3391312658  restarts 682
[11280s] pursue10: best 52  red 323  solved 0                                   flips 3428096454  restarts 689
[11400s] pursue10: best 52  red 325  solved 0                                   flips 3465212183  restarts 697
[11520s] pursue10: best 52  red 326  solved 0                                   flips 3502240173  restarts 704
[11640s] pursue10: best 52  red 328  solved 0                                   flips 3539032177  restarts 712
[11760s] pursue10: best 52  red 329  solved 0                                   flips 3575732790  restarts 719
[11880s] pursue10: best 52  red 333  solved 0                                   flips 3612341492  restarts 727
[12000s] pursue10: best 52  red 337  solved 0                                   flips 3649561978  restarts 735
[12120s] pursue10: best 52  red 340  solved 0                                   flips 3686510350  restarts 743
[12240s] pursue10: best 52  red 341  solved 0                                   flips 3723665921  restarts 750
[12360s] pursue10: best 52  red 344  solved 0                                   flips 3760460442  restarts 756
[12480s] pursue10: best 52  red 347  solved 0                                   flips 3797184724  restarts 763
[12600s] pursue10: best 52  red 350  solved 0                                   flips 3834197732  restarts 770
[12720s] pursue10: best 52  red 356  solved 0                                   flips 3871214488  restarts 778
[12840s] pursue10: best 52  red 358  solved 0                                   flips 3908354502  restarts 785
[12960s] pursue10: best 52  red 360  solved 0                                   flips 3945359774  restarts 793
[13080s] pursue10: best 52  red 361  solved 0                                   flips 3982474974  restarts 800
[13200s] pursue10: best 52  red 366  solved 0                                   flips 4019224894  restarts 808
[13320s] pursue10: best 52  red 368  solved 0                                   flips 4056022996  restarts 815
[13440s] pursue10: best 52  red 371  solved 0                                   flips 4093036918  restarts 823
[13560s] pursue10: best 52  red 374  solved 0                                   flips 4129970217  restarts 831
[13680s] pursue10: best 52  red 376  solved 0                                   flips 4166699486  restarts 839
[13800s] pursue10: best 52  red 380  solved 0                                   flips 4203662861  restarts 846
[13920s] pursue10: best 52  red 383  solved 0                                   flips 4240966891  restarts 852
[14040s] pursue10: best 52  red 387  solved 0                                   flips 4277894430  restarts 859
[14160s] pursue10: best 52  red 391  solved 0                                   flips 4314688260  restarts 866
[14280s] pursue10: best 52  red 395  solved 0                                   flips 4351469995  restarts 874
[14400s] pursue10: best 52  red 399  solved 0                                   flips 4388694644  restarts 882
[14520s] pursue10: best 52  red 401  solved 0                                   flips 4425523914  restarts 889
[14640s] pursue10: best 52  red 402  solved 0                                   flips 4462583537  restarts 895
[14760s] pursue10: best 52  red 403  solved 0                                   flips 4499718168  restarts 903
[14880s] pursue10: best 52  red 405  solved 0                                   flips 4536839659  restarts 911
[15000s] pursue10: best 52  red 407  solved 0                                   flips 4573951286  restarts 919
[15120s] pursue10: best 52  red 411  solved 0                                   flips 4610896726  restarts 927
[15240s] pursue10: best 52  red 412  solved 0                                   flips 4647875003  restarts 934
[15360s] pursue10: best 52  red 415  solved 0                                   flips 4684785983  restarts 941
[15480s] pursue10: best 52  red 419  solved 0                                   flips 4722416900  restarts 949
[15600s] pursue10: best 52  red 423  solved 0                                   flips 4759736036  restarts 956
[15720s] pursue10: best 52  red 426  solved 0                                   flips 4796186846  restarts 962
[15840s] pursue10: best 52  red 430  solved 0                                   flips 4832780992  restarts 970
[15960s] pursue10: best 52  red 434  solved 0                                   flips 4869264426  restarts 978
[16080s] pursue10: best 52  red 437  solved 0                                   flips 4906186710  restarts 985
[16200s] pursue10: best 52  red 442  solved 0                                   flips 4943141561  restarts 992
[16320s] pursue10: best 52  red 447  solved 0                                   flips 4980205417  restarts 999
[16440s] pursue10: best 52  red 449  solved 0                                   flips 5017241778  restarts 1007
[16560s] pursue10: best 52  red 450  solved 0                                   flips 5054232643  restarts 1015
[16680s] pursue10: best 52  red 451  solved 0                                   flips 5091545542  restarts 1023
[16800s] pursue10: best 52  red 454  solved 0                                   flips 5129005110  restarts 1031
[16920s] pursue10: best 52  red 458  solved 0                                   flips 5166390761  restarts 1039
[17040s] pursue10: best 52  red 462  solved 0                                   flips 5203417769  restarts 1045
[17160s] pursue10: best 52  red 465  solved 0                                   flips 5240659175  restarts 1052
[17280s] pursue10: best 52  red 468  solved 0                                   flips 5278093344  restarts 1059
[17400s] pursue10: best 52  red 470  solved 0                                   flips 5315004741  restarts 1066
[17520s] pursue10: best 52  red 474  solved 0                                   flips 5352119602  restarts 1074
[17640s] pursue10: best 52  red 476  solved 0                                   flips 5389446599  restarts 1082
[17760s] pursue10: best 52  red 483  solved 0                                   flips 5426636788  restarts 1089
[17880s] pursue10: best 52  red 487  solved 0                                   flips 5463667249  restarts 1097
[18000s] pursue10: best 52  red 488  solved 0                                   flips 5501226778  restarts 1103
[18120s] pursue10: best 52  red 491  solved 0                                   flips 5538255968  restarts 1111
[18240s] pursue10: best 52  red 497  solved 0                                   flips 5575398931  restarts 1119
[18360s] pursue10: best 52  red 502  solved 0                                   flips 5612565386  restarts 1127
[18480s] pursue10: best 52  red 505  solved 0                                   flips 5649674303  restarts 1135
[18600s] pursue10: best 52  red 509  solved 0                                   flips 5686990704  restarts 1142
[18720s] pursue10: best 52  red 512  solved 0                                   flips 5724221873  restarts 1150
[18840s] pursue10: best 52  red 512  solved 0                                   flips 5760716681  restarts 1156
[18960s] pursue10: best 52  red 519  solved 0                                   flips 5797246985  restarts 1164
[19080s] pursue10: best 52  red 523  solved 0                                   flips 5833944100  restarts 1170
[19200s] pursue10: best 52  red 524  solved 0                                   flips 5870958499  restarts 1177
[19320s] pursue10: best 52  red 527  solved 0                                   flips 5907607388  restarts 1185
[19440s] pursue10: best 52  red 528  solved 0                                   flips 5944103034  restarts 1192
[19560s] pursue10: best 52  red 529  solved 0                                   flips 5980440338  restarts 1200
[19680s] pursue10: best 52  red 530  solved 0                                   flips 6017084920  restarts 1207
[19800s] pursue10: best 52  red 533  solved 0                                   flips 6053707972  restarts 1215
[19920s] pursue10: best 52  red 536  solved 0                                   flips 6090317281  restarts 1223
[20040s] pursue10: best 52  red 537  solved 0                                   flips 6127019877  restarts 1230
[20160s] pursue10: best 52  red 540  solved 0                                   flips 6163522932  restarts 1238
[20280s] pursue10: best 52  red 543  solved 0                                   flips 6199806989  restarts 1245
[20400s] pursue10: best 52  red 545  solved 0                                   flips 6235048907  restarts 1251
[20520s] pursue10: best 52  red 546  solved 0                                   flips 6270728021  restarts 1257
[20640s] pursue10: best 52  red 547  solved 0                                   flips 6306933557  restarts 1264
[20760s] pursue10: best 52  red 551  solved 0                                   flips 6343606680  restarts 1272
[20880s] pursue10: best 52  red 554  solved 0                                   flips 6380709764  restarts 1280
[21000s] pursue10: best 52  red 554  solved 0                                   flips 6417331023  restarts 1287
[21120s] pursue10: best 52  red 557  solved 0                                   flips 6454236541  restarts 1295
[21240s] pursue10: best 52  red 559  solved 0                                   flips 6491472462  restarts 1303
[21360s] pursue10: best 52  red 562  solved 0                                   flips 6528101482  restarts 1310
[21480s] pursue10: best 52  red 567  solved 0                                   flips 6564356923  restarts 1318
[21600s] pursue10: best 52  red 570  solved 0                                   flips 6601420518  restarts 1325
pursue10: best rank 52 in 21600s; reductions 570  solved-flips 0               random-flips 6601420520  restarts 1325
