note: seed rank 64 != module default 48 (fine for pursue9/census)
seed loaded + exactly verified over F_p, p = 18446744069414584321 (48 summands)
[120s] pursue9: best rank 64  reductions 0                               flips 3380903  splits 0
[240s] pursue9: best rank 64  reductions 0                               flips 6798696  splits 0
[360s] pursue9: best rank 64  reductions 0                               flips 10264113  splits 0
[480s] pursue9: best rank 64  reductions 0                               flips 13746877  splits 0
[600s] pursue9: best rank 64  reductions 0                               flips 17242942  splits 0
note: seed rank 64 != module default 48 (fine for pursue9/census)
seed loaded + exactly verified over F_p, p = 18446744069414584321 (48 summands)
[120s] pursue9: best rank 64  reductions 0                               flips 3546777  splits 0
[240s] pursue9: best rank 64  reductions 0                               flips 7088955  splits 0
[360s] pursue9: best rank 64  reductions 0                               flips 10627071  splits 0
[480s] pursue9: best rank 64  reductions 0                               flips 14173077  splits 0
[600s] pursue9: best rank 64  reductions 0                               flips 17795821  splits 0
[720s] pursue9: best rank 64  reductions 0                               flips 21428107  splits 0
[840s] pursue9: best rank 64  reductions 0                               flips 25115825  splits 0
[960s] pursue9: best rank 64  reductions 0                               flips 28816784  splits 0
[1080s] pursue9: best rank 64  reductions 0                               flips 32510069  splits 0
[1200s] pursue9: best rank 64  reductions 0                               flips 36210565  splits 0
[1320s] pursue9: best rank 64  reductions 0                               flips 39903541  splits 0
[1440s] pursue9: best rank 64  reductions 0                               flips 43604513  splits 0
[1560s] pursue9: best rank 64  reductions 0                               flips 47297595  splits 0
[1680s] pursue9: best rank 64  reductions 0                               flips 50968128  splits 0
[1800s] pursue9: best rank 64  reductions 0                               flips 54641528  splits 0
[1920s] pursue9: best rank 64  reductions 0                               flips 58313916  splits 0
[2040s] pursue9: best rank 64  reductions 0                               flips 61992292  splits 0
[2160s] pursue9: best rank 64  reductions 0                               flips 65688377  splits 0
[2280s] pursue9: best rank 64  reductions 0                               flips 69408407  splits 0
[2400s] pursue9: best rank 64  reductions 0                               flips 73126060  splits 0
[2520s] pursue9: best rank 64  reductions 0                               flips 76844189  splits 0
[2640s] pursue9: best rank 64  reductions 0                               flips 80561442  splits 0
[2760s] pursue9: best rank 64  reductions 0                               flips 84282867  splits 0
[2880s] pursue9: best rank 64  reductions 0                               flips 88010508  splits 0
[3000s] pursue9: best rank 64  reductions 0                               flips 91730014  splits 0
[3120s] pursue9: best rank 64  reductions 0                               flips 95448819  splits 0
[3240s] pursue9: best rank 64  reductions 0                               flips 99165223  splits 0
[3360s] pursue9: best rank 64  reductions 0                               flips 102881735  splits 0
[3480s] pursue9: best rank 64  reductions 0                               flips 106597247  splits 0
[3600s] pursue9: best rank 64  reductions 0                               flips 110313548  splits 0
[3720s] pursue9: best rank 64  reductions 0                               flips 114044022  splits 0
[3840s] pursue9: best rank 64  reductions 0                               flips 117767011  splits 0
[3960s] pursue9: best rank 64  reductions 0                               flips 121491395  splits 0
[4080s] pursue9: best rank 64  reductions 0                               flips 125215139  splits 0
[4200s] pursue9: best rank 64  reductions 0                               flips 128941433  splits 0
[4320s] pursue9: best rank 64  reductions 0                               flips 132666853  splits 0
[4440s] pursue9: best rank 64  reductions 0                               flips 136387233  splits 0
[4560s] pursue9: best rank 64  reductions 0                               flips 140111082  splits 0
[4680s] pursue9: best rank 64  reductions 0                               flips 143837579  splits 0
[4800s] pursue9: best rank 64  reductions 0                               flips 147559916  splits 0
[4920s] pursue9: best rank 64  reductions 0                               flips 151280824  splits 0
[5040s] pursue9: best rank 64  reductions 0                               flips 155006783  splits 0
[5160s] pursue9: best rank 64  reductions 0                               flips 158727531  splits 0
[5280s] pursue9: best rank 64  reductions 0                               flips 162452607  splits 0
[5400s] pursue9: best rank 64  reductions 0                               flips 166181698  splits 0
[5520s] pursue9: best rank 64  reductions 0                               flips 169900979  splits 0
[5640s] pursue9: best rank 64  reductions 0                               flips 173620953  splits 0
[5760s] pursue9: best rank 64  reductions 0                               flips 177339303  splits 0
[5880s] pursue9: best rank 64  reductions 0                               flips 181063456  splits 0
[6000s] pursue9: best rank 64  reductions 0                               flips 184788701  splits 0
[6120s] pursue9: best rank 64  reductions 0                               flips 188512657  splits 0
[6240s] pursue9: best rank 64  reductions 0                               flips 192240419  splits 0
[6360s] pursue9: best rank 64  reductions 0                               flips 195960281  splits 0
[6480s] pursue9: best rank 64  reductions 0                               flips 199651628  splits 0
[6600s] pursue9: best rank 64  reductions 0                               flips 203380738  splits 0
[6720s] pursue9: best rank 64  reductions 0                               flips 207087218  splits 0
[6840s] pursue9: best rank 64  reductions 0                               flips 210779659  splits 0
[6960s] pursue9: best rank 64  reductions 0                               flips 214468365  splits 0
[7080s] pursue9: best rank 64  reductions 0                               flips 218158081  splits 0
[7200s] pursue9: best rank 64  reductions 0                               flips 221886882  splits 0
[7320s] pursue9: best rank 64  reductions 0                               flips 225616890  splits 0
[7440s] pursue9: best rank 64  reductions 0                               flips 229342123  splits 0
[7560s] pursue9: best rank 64  reductions 0                               flips 233068606  splits 0
[7680s] pursue9: best rank 64  reductions 0                               flips 236798758  splits 0
[7800s] pursue9: best rank 64  reductions 0                               flips 240532517  splits 0
[7920s] pursue9: best rank 64  reductions 0                               flips 244231245  splits 0
[8040s] pursue9: best rank 64  reductions 0                               flips 247892329  splits 0
[8160s] pursue9: best rank 64  reductions 0                               flips 251556568  splits 0
[8280s] pursue9: best rank 64  reductions 0                               flips 255202293  splits 0
[8400s] pursue9: best rank 64  reductions 0                               flips 258885812  splits 0
[8520s] pursue9: best rank 64  reductions 0                               flips 262563848  splits 0
[8640s] pursue9: best rank 64  reductions 0                               flips 266230143  splits 0
[8760s] pursue9: best rank 64  reductions 0                               flips 269936475  splits 0
[8880s] pursue9: best rank 64  reductions 0                               flips 273659889  splits 0
[9000s] pursue9: best rank 64  reductions 0                               flips 277384692  splits 0
[9120s] pursue9: best rank 64  reductions 0                               flips 281107098  splits 0
[9240s] pursue9: best rank 64  reductions 0                               flips 284828595  splits 0
[9360s] pursue9: best rank 64  reductions 0                               flips 288550253  splits 0
[9480s] pursue9: best rank 64  reductions 0                               flips 292267376  splits 0
[9600s] pursue9: best rank 64  reductions 0                               flips 295990693  splits 0
[9720s] pursue9: best rank 64  reductions 0                               flips 299707011  splits 0
[9840s] pursue9: best rank 64  reductions 0                               flips 303430687  splits 0
[9960s] pursue9: best rank 64  reductions 0                               flips 307164624  splits 0
[10080s] pursue9: best rank 64  reductions 0                               flips 310881586  splits 0
[10200s] pursue9: best rank 64  reductions 0                               flips 314596395  splits 0
[10320s] pursue9: best rank 64  reductions 0                               flips 318327892  splits 0
[10440s] pursue9: best rank 64  reductions 0                               flips 322058241  splits 0
[10560s] pursue9: best rank 64  reductions 0                               flips 325785644  splits 0
[10680s] pursue9: best rank 64  reductions 0                               flips 329504440  splits 0
[10800s] pursue9: best rank 64  reductions 0                               flips 333232627  splits 0
[10920s] pursue9: best rank 64  reductions 0                               flips 336962883  splits 0
[11040s] pursue9: best rank 64  reductions 0                               flips 340690860  splits 0
[11160s] pursue9: best rank 64  reductions 0                               flips 344415728  splits 0
[11280s] pursue9: best rank 64  reductions 0                               flips 348148354  splits 0
[11400s] pursue9: best rank 64  reductions 0                               flips 351882481  splits 0
[11520s] pursue9: best rank 64  reductions 0                               flips 355621568  splits 0
[11640s] pursue9: best rank 64  reductions 0                               flips 359353862  splits 0
[11760s] pursue9: best rank 64  reductions 0                               flips 363089927  splits 0
[11880s] pursue9: best rank 64  reductions 0                               flips 366820879  splits 0
[12000s] pursue9: best rank 64  reductions 0                               flips 370550710  splits 0
[12120s] pursue9: best rank 64  reductions 0                               flips 374279949  splits 0
[12240s] pursue9: best rank 64  reductions 0                               flips 378008824  splits 0
[12360s] pursue9: best rank 64  reductions 0                               flips 381738454  splits 0
[12480s] pursue9: best rank 64  reductions 0                               flips 385465031  splits 0
[12600s] pursue9: best rank 64  reductions 0                               flips 389198563  splits 0
[12720s] pursue9: best rank 64  reductions 0                               flips 392936020  splits 0
[12840s] pursue9: best rank 64  reductions 0                               flips 396669125  splits 0
[12960s] pursue9: best rank 64  reductions 0                               flips 400403582  splits 0
[13080s] pursue9: best rank 64  reductions 0                               flips 404136013  splits 0
[13200s] pursue9: best rank 64  reductions 0                               flips 407873435  splits 0
[13320s] pursue9: best rank 64  reductions 0                               flips 411608628  splits 0
[13440s] pursue9: best rank 64  reductions 0                               flips 415343784  splits 0
[13560s] pursue9: best rank 64  reductions 0                               flips 419082779  splits 0
[13680s] pursue9: best rank 64  reductions 0                               flips 422813553  splits 0
[13800s] pursue9: best rank 64  reductions 0                               flips 426918877  splits 0
[13920s] pursue9: best rank 64  reductions 0                               flips 431180750  splits 0
[14040s] pursue9: best rank 64  reductions 0                               flips 435438370  splits 0
[14160s] pursue9: best rank 64  reductions 0                               flips 439697405  splits 0
[14280s] pursue9: best rank 64  reductions 0                               flips 443955923  splits 0
[14400s] pursue9: best rank 64  reductions 0                               flips 448214073  splits 0
pursue9: best rank 64 in 14400s; reductions 0  flips 448214078  splits 0
per-trajectory best-rank histogram: {64: 6}
