=== SEARCHLANE START Wed Jul 15 18:44:55 EDT 2026 ===
ref=84
ref=84
ref=84
[bp L] seed 1 -> 288 (best 84)
ref=76
ref=76
ref=76
ref=124
ref=124
[bp L] seed 1 pm1 -> 288 (best 84)
ref=124
ref=84
ref=84
ref=84
ref=76
ref=76
[bp L] seed 2 -> 288 (best 84)
ref=76
ref=124
ref=124
ref=124
ref=84
ref=84
[bp L] seed 2 pm1 -> 288 (best 84)
ref=84
ref=76
ref=76
ref=76
ref=124
ref=124
[bp L] seed 3 -> 288 (best 84)
ref=124
ref=84
ref=84
[bp P] seed 1 -> 576 (best 124)
ref=84
ref=76
[bp L] seed 3 pm1 -> 288 (best 84)
ref=76
ref=76
ref=124
ref=124
[bp L] seed 4 -> 288 (best 84)
ref=124
ref=84
ref=84
ref=84
ref=76
ref=76
[bp L] seed 4 pm1 -> 288 (best 84)
ref=76
ref=124
ref=124
[bp L] seed 5 -> 288 (best 84)
ref=124
ref=84
ref=84
ref=84
ref=76
ref=76
[bp L] seed 5 pm1 -> 288 (best 84)
ref=76
ref=124
ref=124
ref=124
ref=84
ref=84
[bp L] seed 6 -> 288 (best 84)
ref=84
ref=76
ref=76
[bp P] seed 1 pm1 -> 576 (best 124)
ref=76
ref=124
[bp L] seed 6 pm1 -> 288 (best 84)
ref=124
ref=124
ref=84
ref=84
[bp L] seed 7 -> 288 (best 84)
ref=84
ref=76
ref=76
ref=76
ref=124
ref=124
[bp L] seed 7 pm1 -> 288 (best 84)
ref=124
ref=84
ref=84
ref=84
ref=76
ref=76
[bp L] seed 8 -> 288 (best 84)
ref=76
ref=124
ref=124
ref=124
[bp L] seed 8 pm1 -> 288 (best 84)
ref=84
ref=84
ref=84
ref=76
ref=76
[bp L] seed 9 -> 288 (best 84)
[bp P] seed 2 -> 576 (best 124)
ref=76
ref=124
ref=124
ref=124
ref=84
ref=84
[bp L] seed 9 pm1 -> 288 (best 84)
ref=84
ref=76
ref=76
ref=124
[bp L] seed 10 -> 288 (best 84)
ref=124
ref=124
ref=84
ref=84
[bp L] seed 10 pm1 -> 288 (best 84)
ref=84
ref=76
ref=76
ref=76
ref=124
[bp L] seed 11 -> 288 (best 84)
ref=124
ref=124
ref=84
ref=84
ref=84
ref=76
[bp L] seed 11 pm1 -> 288 (best 84)
ref=76
ref=76
ref=124
ref=124
[bp L] seed 12 -> 288 (best 84)
[bp P] seed 2 pm1 -> 576 (best 124)
ref=124
ref=84
ref=84
ref=84
ref=76
[bp L] seed 12 pm1 -> 288 (best 84)
ref=76
ref=76
ref=124
ref=124
[bp L] seed 13 -> 288 (best 84)
ref=124
ref=84
ref=84
ref=84
ref=76
ref=76
[bp L] seed 13 pm1 -> 288 (best 84)
ref=76
ref=124
ref=124
ref=124
ref=84
ref=84
[bp L] seed 14 -> 288 (best 84)
ref=84
ref=76
ref=76
ref=76
ref=124
ref=124
ref=124
[bp L] seed 14 pm1 -> 288 (best 84)
ref=84
ref=84
ref=84
ref=76
ref=76
[bp L] seed 15 -> 288 (best 84)
[bp P] seed 3 -> 576 (best 124)
ref=76
ref=124
ref=124
[bp L] seed 15 pm1 -> 288 (best 84)
ref=124
ref=84
ref=84
ref=84
ref=76
ref=76
[bp L] seed 16 -> 288 (best 84)
ref=76
ref=124
ref=124
[bp L] seed 16 pm1 -> 288 (best 84)
ref=124
ref=84
ref=84
ref=84
ref=76
ref=76
[bp L] seed 17 -> 288 (best 84)
ref=76
[bp R] seed 1 -> 999999 (best 76)
ref=124
ref=124
ref=124
ref=84
ref=84
[bp L] seed 17 pm1 -> 288 (best 84)
ref=84
ref=76
ref=76
ref=76
[bp L] seed 18 -> 288 (best 84)
ref=124
ref=124
ref=124
ref=84
ref=84
[bp P] seed 3 pm1 -> 576 (best 124)
[bp L] seed 18 pm1 -> 288 (best 84)
ref=84
ref=76
ref=76
ref=76
ref=124
[bp L] seed 19 -> 288 (best 84)
ref=124
ref=124
ref=84
ref=84
ref=84
[bp L] seed 19 pm1 -> 288 (best 84)
ref=76
ref=76
ref=76
ref=124
ref=124
[bp L] seed 20 -> 288 (best 84)
ref=124
ref=84
ref=84
ref=84
ref=76
ref=76
[bp L] seed 20 pm1 -> 288 (best 84)
ref=76
ref=124
ref=124
[bp L] seed 21 -> 288 (best 84)
ref=124
ref=84
ref=84
ref=84
ref=76
ref=76
[bp L] seed 21 pm1 -> 288 (best 84)
[bp P] seed 4 -> 576 (best 124)
ref=76
ref=124
ref=124
[bp L] seed 22 -> 288 (best 84)
ref=124
ref=84
ref=84
ref=84
ref=76
ref=76
[bp L] seed 22 pm1 -> 288 (best 84)
ref=76
ref=124
ref=124
[reopt] rep 25: L=84 R=76 P=124 total 284
[bp L] seed 23 -> 288 (best 84)
ref=124
ref=84
ref=84
ref=84
ref=76
ref=76
[bp L] seed 23 pm1 -> 288 (best 84)
ref=76
ref=124
ref=124
ref=124
ref=84
ref=84
[bp L] seed 24 -> 288 (best 84)
ref=84
ref=76
ref=76
[bp P] seed 4 pm1 -> 576 (best 124)
ref=76
[bp L] seed 24 pm1 -> 288 (best 84)
ref=124
ref=124
ref=124
ref=84
ref=84
ref=84
ref=76
ref=76
[bp L] seed 25 -> 288 (best 84)
ref=76
ref=124
ref=124
[bp L] seed 25 pm1 -> 288 (best 84)
ref=124
ref=84
ref=84
ref=84
ref=76
ref=76
[bp L] seed 26 -> 288 (best 84)
ref=76
ref=124
ref=124
[bp L] seed 26 pm1 -> 288 (best 84)
ref=124
ref=84
ref=84
ref=84
ref=76
ref=76
[bp L] seed 27 -> 288 (best 84)
ref=76
ref=124
ref=124
ref=124
ref=84
ref=84
[bp L] seed 27 pm1 -> 288 (best 84)
[bp P] seed 5 -> 576 (best 124)
ref=84
ref=76
ref=76
ref=76
[bp L] seed 28 -> 288 (best 84)
ref=124
ref=124
ref=124
ref=84
ref=84
[bp L] seed 28 pm1 -> 288 (best 84)
ref=84
ref=76
ref=76
ref=76
[bp L] seed 29 -> 288 (best 84)
ref=124
ref=124
ref=124
ref=84
ref=84
[bp L] seed 29 pm1 -> 288 (best 84)
ref=84
ref=76
ref=76
ref=76
ref=124
[bp L] seed 30 -> 288 (best 84)
ref=124
ref=124
ref=84
ref=84
ref=84
ref=76
ref=76
[bp L] seed 30 pm1 -> 288 (best 84)
[bp P] seed 5 pm1 -> 576 (best 124)
ref=76
ref=124
ref=124
ref=124
ref=84
[bp L] seed 31 -> 288 (best 84)
ref=84
ref=84
ref=76
ref=76
[bp L] seed 31 pm1 -> 288 (best 84)
ref=76
ref=124
ref=124
ref=124
ref=84
ref=84
[bp L] seed 32 -> 288 (best 84)
ref=84
ref=76
ref=76
[bp L] seed 32 pm1 -> 288 (best 84)
ref=76
ref=124
ref=124
ref=124
ref=84
ref=84
ref=84
[bp L] seed 33 -> 288 (best 84)
ref=76
ref=76
ref=76
ref=124
ref=124
ref=124
[bp L] seed 33 pm1 -> 288 (best 84)
ref=84
ref=84
ref=84
[bp P] seed 6 -> 576 (best 124)
ref=76
ref=76
[bp L] seed 34 -> 288 (best 84)
ref=76
ref=124
[bp R] seed 1 pm1 -> 999999 (best 76)
ref=124
[bp L] seed 34 pm1 -> 288 (best 84)
ref=124
ref=84
ref=84
ref=84
ref=76
[bp L] seed 35 -> 288 (best 84)
ref=76
ref=76
ref=124
ref=124
[bp L] seed 35 pm1 -> 288 (best 84)
ref=124
ref=84
ref=84
ref=84
[bp L] seed 36 -> 288 (best 84)
ref=76
ref=76
ref=76
ref=124
[bp L] seed 36 pm1 -> 288 (best 84)
ref=124
ref=124
ref=84
ref=84
[bp P] seed 6 pm1 -> 576 (best 124)
[bp L] seed 37 -> 288 (best 84)
ref=84
ref=76
ref=76
[bp L] seed 37 pm1 -> 288 (best 84)
ref=76
ref=124
ref=124
ref=124
ref=84
ref=84
[bp L] seed 38 -> 288 (best 84)
ref=84
ref=76
ref=76
ref=76
[bp L] seed 38 pm1 -> 288 (best 84)
ref=124
ref=124
ref=124
ref=84
ref=84
[bp L] seed 39 -> 288 (best 84)
ref=84
ref=76
ref=76
ref=76
ref=124
[bp L] seed 39 pm1 -> 288 (best 84)
ref=124
ref=124
ref=84
ref=84
ref=84
ref=76
ref=76
[bp L] seed 40 -> 288 (best 84)
[bp P] seed 7 -> 576 (best 124)
ref=76
ref=124
ref=124
[bp L] seed 40 pm1 -> 288 (best 84)
ref=124
ref=84
ref=84
ref=84
ref=76
ref=76
[bp L] seed 41 -> 288 (best 84)
ref=76
ref=124
ref=124
[bp L] seed 41 pm1 -> 288 (best 84)
ref=124
ref=84
ref=84
ref=84
ref=76
ref=76
[bp L] seed 42 -> 288 (best 84)
ref=76
ref=124
ref=124
[bp L] seed 42 pm1 -> 288 (best 84)
ref=124
ref=84
ref=84
ref=84
ref=76
ref=76
[bp L] seed 43 -> 288 (best 84)
ref=76
[bp P] seed 7 pm1 -> 576 (best 124)
ref=124
ref=124
ref=124
ref=84
[bp L] seed 43 pm1 -> 288 (best 84)
ref=84
ref=84
ref=76
ref=76
[bp L] seed 44 -> 288 (best 84)
ref=76
ref=124
ref=124
[bp L] seed 44 pm1 -> 288 (best 84)
ref=124
ref=84
ref=84
ref=84
ref=76
ref=76
[bp L] seed 45 -> 288 (best 84)
ref=76
ref=124
ref=124
ref=124
ref=84
ref=84
[bp L] seed 45 pm1 -> 288 (best 84)
ref=84
ref=76
ref=76
[bp L] seed 46 -> 288 (best 84)
ref=76
ref=124
ref=124
[reopt] rep 50: L=84 R=76 P=124 total 284
ref=124
ref=84
ref=84
[bp P] seed 8 -> 576 (best 124)
[bp L] seed 46 pm1 -> 288 (best 84)
ref=84
ref=76
ref=76
ref=76
ref=124
[bp L] seed 47 -> 288 (best 84)
ref=124
ref=124
ref=84
ref=84
ref=84
ref=76
[bp L] seed 47 pm1 -> 288 (best 84)
ref=76
ref=76
ref=124
[bp L] seed 48 -> 288 (best 84)
ref=124
ref=124
ref=84
ref=84
[bp L] seed 48 pm1 -> 288 (best 84)
ref=84
ref=76
ref=76
ref=76
ref=124
[bp L] seed 49 -> 288 (best 84)
ref=124
[bp P] seed 8 pm1 -> 576 (best 124)
ref=124
ref=84
ref=84
ref=84
ref=76
[bp L] seed 49 pm1 -> 288 (best 84)
ref=76
ref=76
ref=124
ref=124
[bp L] seed 50 -> 288 (best 84)
ref=124
ref=84
ref=84
ref=76
ref=76
[bp L] seed 50 pm1 -> 288 (best 84)
ref=76
ref=124
ref=124
ref=124
ref=84
ref=84
[bp L] seed 51 -> 288 (best 84)
ref=84
ref=76
[bp R] seed 2 -> 999999 (best 76)
ref=76
ref=124
[bp L] seed 51 pm1 -> 288 (best 84)
ref=124
ref=124
ref=84
ref=84
ref=84
[bp L] seed 52 -> 288 (best 84)
ref=76
ref=76
[bp P] seed 9 -> 576 (best 124)
ref=76
ref=124
[bp L] seed 52 pm1 -> 288 (best 84)
ref=124
ref=124
ref=84
ref=84
ref=84
ref=76
[bp L] seed 53 -> 288 (best 84)
ref=76
ref=76
ref=124
ref=124
[bp L] seed 53 pm1 -> 288 (best 84)
ref=124
ref=84
ref=84
ref=84
ref=76
ref=76
[bp L] seed 54 -> 288 (best 84)
ref=76
ref=124
ref=124
ref=124
ref=84
[bp L] seed 54 pm1 -> 288 (best 84)
ref=84
ref=84
ref=76
ref=76
[bp L] seed 55 -> 288 (best 84)
ref=76
ref=124
[bp P] seed 9 pm1 -> 576 (best 124)
ref=124
ref=124
ref=84
ref=84
[bp L] seed 55 pm1 -> 288 (best 84)
ref=84
ref=76
ref=76
ref=76
ref=124
[bp L] seed 56 -> 288 (best 84)
ref=124
ref=124
ref=84
ref=84
[bp L] seed 56 pm1 -> 288 (best 84)
ref=84
ref=76
ref=76
ref=76
ref=124
ref=124
[bp L] seed 57 -> 288 (best 84)
ref=124
ref=84
ref=84
ref=84
ref=76
[bp L] seed 57 pm1 -> 288 (best 84)
ref=76
ref=76
ref=124
ref=124
[bp L] seed 58 -> 288 (best 84)
ref=124
ref=84
ref=84
[bp P] seed 10 -> 576 (best 124)
ref=84
ref=76
ref=76
[bp L] seed 58 pm1 -> 288 (best 84)
ref=76
ref=124
ref=124
ref=124
ref=84
[bp L] seed 59 -> 288 (best 84)
ref=84
ref=84
ref=76
ref=76
[bp L] seed 59 pm1 -> 288 (best 84)
ref=76
ref=124
ref=124
ref=124
ref=84
ref=84
[bp L] seed 60 -> 288 (best 84)
ref=84
ref=76
ref=76
ref=76
[bp L] seed 60 pm1 -> 288 (best 84)
[bp L] lane done, best 84 (accurate side base 84)
ref=124
ref=124
ref=124
ref=84
ref=84
ref=84
ref=76
[bp P] seed 10 pm1 -> 576 (best 124)
ref=76
ref=76
ref=124
ref=124
ref=124
ref=84
ref=84
ref=84
ref=76
ref=76
ref=76
ref=124
ref=124
ref=124
ref=84
ref=84
ref=84
ref=76
ref=76
ref=76
ref=124
ref=124
ref=124
ref=84
ref=84
ref=84
ref=76
[bp P] seed 11 -> 576 (best 124)
ref=76
ref=76
ref=124
ref=124
ref=124
ref=84
ref=84
ref=84
ref=76
ref=76
ref=76
ref=124
ref=124
ref=124
ref=84
ref=84
ref=84
ref=76
ref=76
ref=76
ref=124
ref=124
ref=124
ref=84
ref=84
ref=84
ref=76
ref=76
[bp P] seed 11 pm1 -> 576 (best 124)
ref=76
ref=124
ref=124
ref=124
ref=84
ref=84
ref=84
ref=76
ref=76
ref=76
ref=124
ref=124
ref=124
[bp R] seed 2 pm1 -> 999999 (best 76)
ref=84
ref=84
ref=84
ref=76
ref=76
ref=76
ref=124
ref=124
[reopt] rep 75: L=84 R=76 P=124 total 284
ref=124
ref=84
ref=84
ref=84
ref=76
ref=76
ref=76
ref=124
[bp P] seed 12 -> 576 (best 124)
ref=124
ref=124
ref=84
ref=84
ref=84
ref=76
ref=76
ref=76
ref=124
ref=124
ref=124
ref=84
ref=84
ref=84
ref=76
ref=76
ref=76
ref=124
ref=124
ref=124
ref=84
ref=84
ref=84
ref=76
ref=76
ref=76
ref=124
ref=124
ref=124
ref=84
ref=84
[bp P] seed 12 pm1 -> 576 (best 124)
ref=84
ref=76
ref=76
ref=76
ref=124
ref=124
ref=124
ref=84
ref=84
ref=84
ref=76
ref=76
ref=76
ref=124
ref=124
ref=124
ref=84
ref=84
ref=84
ref=76
ref=76
ref=76
ref=124
ref=124
ref=124
ref=84
ref=84
[bp P] seed 13 -> 576 (best 124)
ref=84
ref=76
ref=76
ref=76
ref=124
ref=124
ref=124
ref=84
ref=84
ref=84
ref=76
ref=76
ref=76
ref=124
ref=124
ref=124
ref=84
ref=84
ref=84
ref=76
ref=76
ref=76
ref=124
ref=124
ref=124
ref=84
ref=84
ref=84
ref=76
ref=76
ref=76
[bp P] seed 13 pm1 -> 576 (best 124)
ref=124
ref=124
ref=124
ref=84
ref=84
ref=84
ref=76
ref=76
ref=76
ref=124
ref=124
ref=124
ref=84
ref=84
ref=84
ref=76
ref=76
ref=76
ref=124
ref=124
ref=124
ref=84
ref=84
ref=84
ref=76
ref=76
ref=76
ref=124
ref=124
[bp P] seed 14 -> 576 (best 124)
ref=124
ref=84
ref=84
ref=84
ref=76
ref=76
ref=76
ref=124
ref=124
ref=124
ref=84
ref=84
ref=84
ref=76
ref=76
ref=76
ref=124
ref=124
ref=124
ref=84
ref=84
ref=84
ref=76
ref=76
ref=76
ref=124
ref=124
ref=124
ref=84
ref=84
[bp P] seed 14 pm1 -> 576 (best 124)
ref=84
ref=76
ref=76
ref=76
ref=124
ref=124
ref=124
ref=84
ref=84
ref=84
ref=76
[bp R] seed 3 -> 999999 (best 76)
ref=76
ref=76
ref=124
ref=124
ref=124
ref=84
ref=84
ref=84
ref=76
ref=76
ref=76
ref=124
ref=124
ref=124
ref=84
ref=84
ref=84
ref=76
ref=76
[bp P] seed 15 -> 576 (best 124)
ref=76
ref=124
ref=124
ref=124
ref=84
ref=84
ref=84
ref=76
ref=76
ref=76
ref=124
ref=124
ref=124
ref=84
ref=84
ref=84
ref=76
ref=76
ref=76
ref=124
ref=124
ref=124
ref=84
ref=84
ref=84
ref=76
ref=76
ref=76
ref=124
ref=124
[bp P] seed 15 pm1 -> 576 (best 124)
ref=124
ref=84
ref=84
ref=84
ref=76
ref=76
ref=76
ref=124
ref=124
[reopt] rep 100: L=84 R=76 P=124 total 284
ref=124
ref=84
ref=84
ref=84
ref=76
ref=76
ref=76
ref=124
ref=124
ref=124
ref=84
ref=84
ref=84
ref=76
ref=76
ref=76
ref=124
ref=124
ref=124
ref=84
ref=84
ref=84
ref=76
ref=76
[bp P] seed 16 -> 576 (best 124)
ref=76
ref=124
ref=124
ref=124
ref=84
ref=84
ref=84
ref=76
ref=76
ref=76
ref=124
ref=124
ref=124
ref=84
ref=84
ref=84
ref=76
ref=76
ref=76
ref=124
ref=124
ref=124
ref=84
ref=84
ref=84
ref=76
ref=76
ref=76
[bp P] seed 16 pm1 -> 576 (best 124)
ref=124
ref=124
ref=124
ref=84
ref=84
ref=84
ref=76
ref=76
ref=76
ref=124
ref=124
ref=124
ref=84
ref=84
ref=84
ref=76
ref=76
ref=76
ref=124
ref=124
ref=124
ref=84
ref=84
ref=84
ref=76
ref=76
ref=76
ref=124
ref=124
[bp P] seed 17 -> 576 (best 124)
ref=124
ref=84
ref=84
ref=84
ref=76
ref=76
ref=76
ref=124
ref=124
ref=124
ref=84
ref=84
ref=84
ref=76
ref=76
ref=76
ref=124
ref=124
ref=124
ref=84
ref=84
ref=84
[bp R] seed 3 pm1 -> 999999 (best 76)
ref=76
ref=76
ref=76
ref=124
ref=124
ref=124
ref=84
ref=84
[bp P] seed 17 pm1 -> 576 (best 124)
ref=84
ref=76
ref=76
ref=76
ref=124
ref=124
ref=124
ref=84
ref=84
ref=84
ref=76
ref=76
ref=76
ref=124
ref=124
ref=124
ref=84
ref=84
ref=84
ref=76
ref=76
ref=76
ref=124
ref=124
ref=124
ref=84
ref=84
ref=84
ref=76
ref=76
ref=76
ref=124
ref=124
[bp P] seed 18 -> 576 (best 124)
ref=124
ref=84
ref=84
ref=84
ref=76
ref=76
ref=76
ref=124
ref=124
ref=124
ref=84
ref=84
ref=84
ref=76
ref=76
ref=76
ref=124
ref=124
ref=124
ref=84
ref=84
ref=84
ref=76
ref=76
ref=76
ref=124
ref=124
ref=84
ref=84
ref=84
ref=76
ref=76
[bp P] seed 18 pm1 -> 576 (best 124)
ref=76
ref=124
ref=124
ref=124
ref=84
ref=84
ref=84
ref=76
ref=76
ref=76
ref=124
ref=124
ref=124
ref=84
ref=84
ref=84
ref=76
ref=76
ref=76
ref=124
ref=124
ref=124
ref=84
ref=84
ref=84
ref=76
ref=76
ref=76
ref=124
ref=124
[bp P] seed 19 -> 576 (best 124)
ref=124
ref=84
ref=84
ref=84
ref=76
ref=76
ref=76
ref=124
ref=124
ref=124
ref=84
ref=84
ref=84
ref=76
ref=76
ref=76
ref=124
ref=124
[reopt] rep 125: L=84 R=76 P=124 total 284
ref=124
ref=84
ref=84
ref=84
ref=76
ref=76
ref=76
ref=124
ref=124
ref=124
ref=84
ref=84
ref=84
ref=76
ref=76
[bp P] seed 19 pm1 -> 576 (best 124)
ref=76
ref=124
ref=124
ref=124
ref=84
ref=84
ref=84
ref=76
ref=76
ref=76
ref=124
ref=124
ref=124
ref=84
ref=84
ref=84
ref=76
ref=76
ref=76
ref=124
ref=124
ref=124
ref=84
ref=84
ref=84
ref=76
ref=76
ref=76
ref=124
ref=124
ref=84
ref=84
[bp P] seed 20 -> 576 (best 124)
ref=84
ref=76
ref=76
ref=76
ref=124
ref=124
ref=124
ref=84
ref=84
[bp R] seed 4 -> 999999 (best 76)
ref=84
ref=76
ref=76
ref=76
ref=124
ref=124
ref=124
ref=84
ref=84
ref=84
ref=76
ref=76
ref=76
ref=124
ref=124
ref=124
ref=84
ref=84
ref=84
ref=76
ref=76
[bp P] seed 20 pm1 -> 576 (best 124)
ref=76
ref=124
ref=124
ref=124
ref=84
ref=84
ref=84
ref=76
ref=76
ref=76
ref=124
ref=124
ref=124
ref=84
ref=84
ref=84
ref=76
ref=76
ref=76
ref=124
ref=124
ref=124
ref=84
ref=84
ref=84
ref=76
ref=76
ref=76
ref=124
ref=124
[bp P] seed 21 -> 576 (best 124)
ref=124
ref=84
ref=84
ref=84
ref=76
ref=76
ref=76
ref=124
ref=124
ref=124
ref=84
ref=84
ref=84
ref=76
ref=76
ref=76
ref=124
ref=124
ref=124
ref=84
ref=84
ref=84
ref=76
ref=76
ref=76
ref=124
ref=124
ref=124
ref=84
ref=84
ref=84
ref=76
[bp P] seed 21 pm1 -> 576 (best 124)
ref=76
ref=76
ref=124
ref=124
ref=124
ref=84
ref=84
ref=84
ref=76
ref=76
ref=76
ref=124
ref=124
ref=124
ref=84
ref=84
ref=84
ref=76
ref=76
ref=76
ref=124
ref=124
ref=124
ref=84
ref=84
ref=84
ref=76
ref=76
ref=76
ref=124
[bp P] seed 22 -> 576 (best 124)
ref=124
ref=124
ref=84
ref=84
ref=84
ref=76
ref=76
ref=76
ref=124
ref=124
ref=124
ref=84
ref=84
ref=84
ref=76
ref=76
ref=76
ref=124
ref=124
ref=124
ref=84
ref=84
ref=84
ref=76
ref=76
ref=76
ref=124
ref=124
ref=124
[bp P] seed 22 pm1 -> 576 (best 124)
ref=84
ref=84
ref=84
ref=76
ref=76
ref=76
ref=124
ref=124
ref=124
ref=84
ref=84
ref=84
ref=76
ref=76
ref=76
ref=124
ref=124
ref=124
ref=84
ref=84
ref=84
ref=76
ref=76
ref=76
ref=124
ref=124
[reopt] rep 150: L=84 R=76 P=124 total 284
ref=124
ref=84
ref=84
ref=84
ref=76
ref=76
[bp P] seed 23 -> 576 (best 124)
ref=76
ref=124
ref=124
ref=124
ref=84
ref=84
[bp R] seed 4 pm1 -> 999999 (best 76)
ref=84
ref=76
ref=76
ref=76
ref=124
ref=124
ref=124
ref=84
ref=84
ref=84
ref=76
ref=76
ref=76
ref=124
ref=124
ref=124
ref=84
ref=84
ref=84
ref=76
ref=76
ref=76
ref=124
ref=124
[bp P] seed 23 pm1 -> 576 (best 124)
ref=124
ref=84
ref=84
ref=84
ref=76
ref=76
ref=76
ref=124
ref=124
ref=124
ref=84
ref=84
ref=84
ref=76
ref=76
ref=76
ref=124
ref=124
ref=124
ref=84
ref=84
ref=84
ref=76
ref=76
ref=76
ref=124
ref=124
ref=124
ref=84
ref=84
[bp P] seed 24 -> 576 (best 124)
ref=84
ref=76
ref=76
ref=76
ref=124
ref=124
ref=124
ref=84
ref=84
ref=84
ref=76
ref=76
ref=76
ref=124
ref=124
ref=124
ref=84
ref=84
ref=84
ref=76
ref=76
ref=76
ref=124
ref=124
ref=124
ref=84
ref=84
ref=84
ref=76
ref=76
ref=76
[bp P] seed 24 pm1 -> 576 (best 124)
ref=124
ref=124
ref=124
ref=84
ref=84
ref=84
ref=76
ref=76
ref=76
ref=124
ref=124
ref=124
ref=84
ref=84
ref=84
ref=76
ref=76
ref=76
ref=124
ref=124
ref=124
ref=84
ref=84
ref=84
ref=76
ref=76
ref=76
ref=124
ref=124
ref=124
ref=84
ref=84
[bp P] seed 25 -> 576 (best 124)
ref=84
ref=76
ref=76
ref=76
ref=124
ref=124
ref=124
ref=84
ref=84
ref=84
ref=76
ref=76
ref=76
ref=124
ref=124
ref=124
ref=84
ref=84
ref=84
ref=76
ref=76
ref=76
ref=124
ref=124
ref=124
ref=84
ref=84
ref=84
ref=76
ref=76
[bp P] seed 25 pm1 -> 576 (best 124)
ref=76
ref=124
ref=124
ref=124
ref=84
ref=84
ref=84
ref=76
ref=76
ref=76
ref=124
ref=124
ref=124
ref=84
ref=84
ref=84
ref=76
ref=76
ref=76
ref=124
ref=124
ref=124
ref=84
ref=84
ref=84
ref=76
ref=76
ref=76
ref=124
ref=124
[bp P] seed 26 -> 576 (best 124)
ref=124
ref=84
ref=84
ref=84
ref=76
ref=76
ref=76
ref=124
ref=124
ref=124
ref=84
ref=84
[bp R] seed 5 -> 999999 (best 76)
ref=84
ref=76
ref=76
ref=76
ref=124
ref=124
ref=124
ref=84
ref=84
ref=84
ref=76
ref=76
ref=76
ref=124
ref=124
ref=124
ref=84
ref=84
[bp P] seed 26 pm1 -> 576 (best 124)
ref=84
ref=76
ref=76
ref=76
ref=124
ref=124
[reopt] rep 175: L=84 R=76 P=124 total 284
ref=124
ref=84
ref=84
ref=84
ref=76
ref=76
ref=76
ref=124
ref=124
ref=124
ref=84
ref=84
ref=84
ref=76
ref=76
ref=76
ref=124
ref=124
ref=124
ref=84
ref=84
[bp P] seed 27 -> 576 (best 124)
ref=84
ref=76
ref=76
ref=76
ref=124
ref=124
ref=124
ref=84
ref=84
ref=84
ref=76
ref=76
ref=76
ref=124
ref=124
ref=124
ref=84
ref=84
ref=84
ref=76
ref=76
ref=76
ref=124
ref=124
ref=124
ref=84
ref=84
ref=84
ref=76
ref=76
ref=76
ref=124
ref=124
[bp P] seed 27 pm1 -> 576 (best 124)
ref=124
ref=84
ref=84
ref=84
ref=76
ref=76
ref=76
ref=124
ref=124
ref=124
ref=84
ref=84
ref=84
ref=76
ref=76
ref=76
ref=124
ref=124
ref=124
ref=84
ref=84
ref=84
ref=76
ref=76
ref=76
ref=124
ref=124
ref=124
ref=84
ref=84
ref=84
ref=76
ref=76
[bp P] seed 28 -> 576 (best 124)
ref=76
ref=124
ref=124
ref=124
ref=84
ref=84
ref=84
ref=76
ref=76
ref=76
ref=124
ref=124
ref=124
ref=84
ref=84
ref=84
ref=76
ref=76
ref=76
ref=124
ref=124
ref=124
ref=84
ref=84
ref=84
ref=76
ref=76
ref=76
ref=124
ref=124
ref=124
ref=84
ref=84
[bp P] seed 28 pm1 -> 576 (best 124)
ref=84
ref=76
ref=76
ref=76
ref=124
ref=124
ref=124
ref=84
ref=84
ref=84
ref=76
ref=76
ref=76
ref=124
ref=124
ref=124
ref=84
ref=84
ref=84
ref=76
ref=76
ref=76
ref=124
ref=124
[bp R] seed 5 pm1 -> 999999 (best 76)
ref=124
ref=84
ref=84
ref=84
ref=76
ref=76
[bp P] seed 29 -> 576 (best 124)
ref=76
ref=124
ref=124
ref=124
ref=84
ref=84
ref=84
ref=76
ref=76
ref=76
ref=124
ref=124
ref=124
ref=84
ref=84
ref=84
ref=76
ref=76
ref=76
ref=124
ref=124
ref=124
ref=84
ref=84
ref=84
ref=76
ref=76
ref=76
ref=124
ref=124
[bp P] seed 29 pm1 -> 576 (best 124)
ref=124
ref=84
ref=84
ref=84
ref=76
ref=76
ref=76
ref=124
ref=124
ref=124
ref=84
ref=84
ref=84
ref=76
ref=76
ref=76
ref=124
ref=124
ref=84
ref=84
ref=84
ref=76
ref=76
ref=76
ref=124
ref=124
ref=124
ref=84
ref=84
ref=84
ref=76
ref=76
[bp P] seed 30 -> 576 (best 124)
ref=76
ref=124
ref=124
ref=124
ref=84
ref=84
ref=84
ref=76
ref=76
ref=76
ref=124
ref=124
[reopt] rep 200: L=84 R=76 P=124 total 284
ref=124
ref=84
ref=84
ref=84
ref=76
ref=76
ref=76
ref=124
ref=124
ref=124
ref=84
ref=84
ref=84
ref=76
ref=76
[bp P] seed 30 pm1 -> 576 (best 124)
ref=76
ref=124
ref=124
ref=124
ref=84
ref=84
ref=84
ref=76
ref=76
ref=76
ref=124
ref=124
ref=124
ref=84
ref=84
ref=84
ref=76
ref=76
ref=76
ref=124
ref=124
ref=124
ref=84
ref=84
ref=84
ref=76
ref=76
ref=76
ref=124
ref=124
[bp P] seed 31 -> 576 (best 124)
ref=124
ref=84
ref=84
ref=84
ref=76
ref=76
ref=76
ref=124
ref=124
ref=124
ref=84
ref=84
ref=84
ref=76
ref=76
ref=76
ref=124
ref=124
ref=124
ref=84
ref=84
ref=84
ref=76
ref=76
ref=76
ref=124
ref=124
ref=124
ref=84
ref=84
ref=84
ref=76
ref=76
[bp P] seed 31 pm1 -> 576 (best 124)
ref=76
ref=124
ref=124
ref=124
ref=84
ref=84
ref=84
ref=76
ref=76
ref=76
ref=124
ref=124
ref=124
ref=84
ref=84
[bp R] seed 6 -> 999999 (best 76)
ref=84
ref=76
ref=76
ref=76
ref=124
ref=124
ref=124
ref=84
ref=84
ref=84
ref=76
ref=76
ref=76
ref=124
ref=124
ref=124
ref=84
ref=84
[bp P] seed 32 -> 576 (best 124)
ref=84
ref=76
ref=76
ref=76
ref=124
ref=124
ref=124
ref=84
ref=84
ref=84
ref=76
ref=76
ref=76
ref=124
ref=124
ref=124
ref=84
ref=84
ref=84
ref=76
ref=76
ref=76
ref=124
ref=124
ref=124
ref=84
ref=84
[bp P] seed 32 pm1 -> 576 (best 124)
ref=84
ref=76
ref=76
ref=76
ref=124
ref=124
ref=124
ref=84
ref=84
ref=84
ref=76
ref=76
ref=76
ref=124
ref=124
ref=124
ref=84
ref=84
ref=84
ref=76
ref=76
ref=76
ref=124
ref=124
ref=124
ref=84
ref=84
ref=84
ref=76
ref=76
[bp P] seed 33 -> 576 (best 124)
ref=76
ref=124
ref=124
ref=124
ref=84
ref=84
ref=84
ref=76
ref=76
ref=76
ref=124
ref=124
ref=124
ref=84
ref=84
ref=84
ref=76
ref=76
ref=76
ref=124
ref=124
ref=124
ref=84
ref=84
ref=84
ref=76
ref=76
ref=76
ref=124
[bp P] seed 33 pm1 -> 576 (best 124)
ref=124
ref=124
ref=84
ref=84
ref=84
ref=76
ref=76
ref=76
ref=124
ref=124
ref=124
ref=84
ref=84
ref=84
ref=76
ref=76
ref=76
ref=124
ref=124
ref=124
ref=84
ref=84
ref=84
ref=76
ref=76
ref=76
ref=124
ref=124
[reopt] rep 225: L=84 R=76 P=124 total 284
ref=124
[bp P] seed 34 -> 576 (best 124)
ref=84
ref=84
ref=84
ref=76
ref=76
ref=76
ref=124
ref=124
ref=124
ref=84
ref=84
ref=84
ref=76
ref=76
ref=76
ref=124
ref=124
ref=124
ref=84
ref=84
ref=84
ref=76
ref=76
[bp R] seed 6 pm1 -> 999999 (best 76)
ref=76
ref=124
ref=124
ref=124
ref=84
ref=84
ref=84
ref=76
ref=76
[bp P] seed 34 pm1 -> 576 (best 124)
ref=76
ref=124
ref=124
ref=124
ref=84
ref=84
ref=84
ref=76
ref=76
ref=76
ref=124
ref=124
ref=124
ref=84
ref=84
ref=84
ref=76
ref=76
ref=76
ref=124
ref=124
ref=124
ref=84
ref=84
ref=84
ref=76
ref=76
ref=76
ref=124
ref=124
[bp P] seed 35 -> 576 (best 124)
ref=124
ref=84
ref=84
ref=84
ref=76
ref=76
ref=76
ref=124
ref=124
ref=124
ref=84
ref=84
ref=84
ref=76
ref=76
ref=76
ref=124
ref=124
ref=124
ref=84
ref=84
ref=84
ref=76
ref=76
ref=76
ref=124
ref=124
ref=124
ref=84
ref=84
ref=84
ref=76
ref=76
[bp P] seed 35 pm1 -> 576 (best 124)
ref=76
ref=124
ref=124
ref=124
ref=84
ref=84
ref=84
ref=76
ref=76
ref=76
ref=124
ref=124
ref=124
ref=84
ref=84
ref=84
ref=76
ref=76
ref=76
ref=124
ref=124
ref=124
ref=84
ref=84
ref=84
ref=76
ref=76
ref=76
[bp P] seed 36 -> 576 (best 124)
ref=124
ref=124
ref=124
ref=84
ref=84
ref=84
ref=76
ref=76
ref=76
ref=124
ref=124
ref=124
ref=84
ref=84
ref=84
ref=76
ref=76
ref=76
ref=124
ref=124
ref=124
ref=84
ref=84
ref=84
ref=76
ref=76
ref=76
ref=124
ref=124
ref=124
ref=84
ref=84
[bp P] seed 36 pm1 -> 576 (best 124)
ref=84
ref=76
ref=76
ref=76
ref=124
ref=124
ref=124
ref=84
ref=84
ref=84
ref=76
ref=76
ref=76
ref=124
ref=124
ref=124
ref=84
ref=84
ref=84
ref=76
ref=76
ref=76
ref=124
ref=124
ref=124
ref=84
ref=84
ref=84
ref=76
ref=76
[bp P] seed 37 -> 576 (best 124)
ref=76
ref=124
ref=124
ref=124
ref=84
ref=84
[bp R] seed 7 -> 999999 (best 76)
ref=84
ref=76
ref=76
ref=76
ref=124
ref=124
ref=124
ref=84
ref=84
ref=84
ref=76
ref=76
ref=76
ref=124
ref=124
ref=124
ref=84
ref=84
ref=84
ref=76
ref=76
ref=76
ref=124
ref=124
ref=124
[bp P] seed 37 pm1 -> 576 (best 124)
ref=84
ref=84
ref=84
ref=76
ref=76
ref=76
ref=124
ref=124
[reopt] rep 250: L=84 R=76 P=124 total 284
ref=124
ref=84
ref=84
ref=84
ref=76
ref=76
ref=76
ref=124
ref=124
ref=124
ref=84
ref=84
ref=84
ref=76
ref=76
ref=76
ref=124
ref=124
ref=124
ref=84
ref=84
ref=84
ref=76
ref=76
[bp P] seed 38 -> 576 (best 124)
ref=76
ref=124
ref=124
ref=124
ref=84
ref=84
ref=84
ref=76
ref=76
ref=76
ref=124
ref=124
ref=124
ref=84
ref=84
ref=76
ref=76
ref=76
ref=124
ref=124
ref=124
ref=84
ref=84
ref=84
ref=76
ref=76
ref=76
ref=124
ref=124
ref=124
[bp P] seed 38 pm1 -> 576 (best 124)
ref=84
ref=84
ref=84
ref=76
ref=76
ref=76
ref=124
ref=124
ref=124
ref=84
ref=84
ref=84
ref=76
ref=76
ref=76
ref=124
ref=124
ref=124
ref=84
ref=84
ref=84
ref=76
ref=76
ref=76
ref=124
ref=124
ref=124
ref=84
ref=84
[bp P] seed 39 -> 576 (best 124)
ref=84
ref=76
ref=76
ref=76
ref=124
ref=124
ref=124
ref=84
ref=84
ref=84
ref=76
ref=76
ref=76
ref=124
ref=124
ref=124
ref=84
ref=84
ref=84
ref=76
ref=76
ref=76
ref=124
ref=124
ref=124
ref=84
ref=84
ref=84
ref=76
[bp P] seed 39 pm1 -> 576 (best 124)
ref=76
ref=76
ref=124
ref=124
ref=124
ref=84
ref=84
ref=84
ref=76
ref=76
ref=76
ref=124
ref=124
ref=124
ref=84
ref=84
ref=84
ref=76
ref=76
ref=76
ref=124
ref=124
ref=124
[bp R] seed 7 pm1 -> 999999 (best 76)
ref=84
ref=84
ref=84
ref=76
ref=76
ref=76
[bp P] seed 40 -> 576 (best 124)
ref=124
ref=124
ref=124
ref=84
ref=84
ref=84
ref=76
ref=76
ref=76
ref=124
ref=124
ref=124
ref=84
ref=84
ref=84
ref=76
ref=76
ref=76
ref=124
ref=124
ref=124
ref=84
ref=84
ref=84
ref=76
ref=76
ref=76
ref=124
ref=124
[bp P] seed 40 pm1 -> 576 (best 124)
ref=124
ref=84
ref=84
ref=84
ref=76
ref=76
ref=76
ref=124
ref=124
ref=124
ref=84
ref=84
ref=84
ref=76
ref=76
ref=76
ref=124
ref=124
ref=124
ref=84
ref=84
ref=84
ref=76
ref=76
ref=76
ref=124
ref=124
ref=124
ref=84
ref=84
ref=84
ref=76
ref=76
[bp P] seed 41 -> 576 (best 124)
ref=76
ref=124
ref=124
ref=124
ref=84
ref=84
ref=84
ref=76
ref=76
ref=76
ref=124
ref=124
ref=124
ref=84
ref=84
ref=84
ref=76
ref=76
ref=76
ref=124
ref=124
[reopt] rep 275: L=84 R=76 P=124 total 284
ref=124
ref=84
ref=84
ref=84
ref=76
ref=76
ref=76
ref=124
ref=124
[bp P] seed 41 pm1 -> 576 (best 124)
ref=124
ref=84
ref=84
ref=84
ref=76
ref=76
ref=76
ref=124
ref=124
ref=124
ref=84
ref=84
ref=84
ref=76
ref=76
ref=76
ref=124
ref=124
ref=124
ref=84
ref=84
ref=84
ref=76
ref=76
ref=76
ref=124
ref=124
[bp P] seed 42 -> 576 (best 124)
ref=124
ref=84
ref=84
ref=84
ref=76
ref=76
ref=76
ref=124
ref=124
ref=124
ref=84
ref=84
ref=84
ref=76
ref=76
ref=76
ref=124
ref=124
ref=124
ref=84
ref=84
ref=84
ref=76
ref=76
ref=76
ref=124
ref=124
ref=124
ref=84
[bp P] seed 42 pm1 -> 576 (best 124)
ref=84
ref=84
ref=76
ref=76
ref=76
ref=124
ref=124
ref=124
ref=84
ref=84
[bp R] seed 8 -> 999999 (best 76)
ref=84
ref=76
ref=76
ref=76
ref=124
ref=124
ref=124
ref=84
ref=84
ref=84
ref=76
ref=76
ref=76
ref=124
ref=124
ref=124
ref=84
ref=84
ref=84
[bp P] seed 43 -> 576 (best 124)
ref=76
ref=76
ref=76
ref=124
ref=124
ref=124
ref=84
ref=84
ref=76
ref=76
ref=76
ref=124
ref=124
ref=124
ref=84
ref=84
ref=84
ref=76
ref=76
ref=76
ref=124
ref=124
ref=124
ref=84
ref=84
ref=84
ref=76
ref=76
ref=76
ref=124
ref=124
[bp P] seed 43 pm1 -> 576 (best 124)
ref=124
ref=84
ref=84
ref=84
ref=76
ref=76
ref=76
ref=124
ref=124
ref=124
ref=84
ref=84
ref=84
ref=76
ref=76
ref=76
ref=124
ref=124
ref=124
ref=84
ref=84
ref=84
ref=76
ref=76
ref=76
ref=124
ref=124
ref=124
ref=84
ref=84
[bp P] seed 44 -> 576 (best 124)
ref=84
ref=76
ref=76
ref=76
ref=124
ref=124
ref=124
ref=84
ref=84
ref=84
ref=76
ref=76
ref=76
ref=124
ref=124
ref=124
ref=84
ref=84
ref=84
ref=76
ref=76
ref=76
ref=124
ref=124
ref=124
ref=84
ref=84
ref=84
ref=76
ref=76
ref=76
ref=124
[bp P] seed 44 pm1 -> 576 (best 124)
ref=124
ref=124
ref=84
ref=84
ref=84
ref=76
ref=76
ref=76
ref=124
ref=124
ref=124
ref=84
ref=84
ref=84
ref=76
ref=76
ref=76
ref=124
ref=124
ref=124
ref=84
ref=84
ref=84
ref=76
ref=76
ref=76
ref=124
ref=124
ref=124
ref=84
ref=84
[bp P] seed 45 -> 576 (best 124)
ref=84
ref=76
ref=76
ref=76
ref=124
ref=124
[reopt] rep 300: L=84 R=76 P=124 total 284
ref=124
ref=84
ref=84
ref=84
ref=76
ref=76
ref=76
ref=124
ref=124
ref=124
ref=84
ref=84
ref=84
ref=76
ref=76
ref=76
ref=124
ref=124
ref=124
ref=84
ref=84
ref=84
ref=76
ref=76
ref=76
ref=124
[bp P] seed 45 pm1 -> 576 (best 124)
ref=124
[bp R] seed 8 pm1 -> 999999 (best 76)
ref=124
ref=84
ref=84
ref=84
ref=76
ref=76
ref=76
ref=124
ref=124
ref=124
ref=84
ref=84
ref=84
ref=76
ref=76
ref=76
ref=124
ref=124
ref=124
ref=84
ref=84
ref=84
ref=76
ref=76
ref=76
ref=124
ref=124
ref=124
ref=84
ref=84
ref=84
ref=76
ref=76
[bp P] seed 46 -> 576 (best 124)
ref=76
ref=124
ref=124
ref=124
ref=84
ref=84
ref=84
ref=76
ref=76
ref=124
ref=124
ref=124
ref=84
ref=84
ref=84
ref=76
ref=76
ref=76
ref=124
ref=124
ref=124
ref=84
ref=84
ref=84
ref=76
ref=76
ref=76
[bp P] seed 46 pm1 -> 576 (best 124)
ref=124
ref=124
ref=124
ref=84
ref=84
ref=84
ref=76
ref=76
ref=76
ref=124
ref=124
ref=124
ref=84
ref=84
ref=84
ref=76
ref=76
ref=76
ref=124
ref=124
ref=124
ref=84
ref=84
ref=84
ref=76
ref=76
ref=76
ref=124
ref=124
ref=124
ref=84
ref=84
[bp P] seed 47 -> 576 (best 124)
ref=84
ref=76
ref=76
ref=76
ref=124
ref=124
ref=124
ref=84
ref=84
ref=84
ref=76
ref=76
ref=76
ref=124
ref=124
ref=124
ref=84
ref=84
ref=84
ref=76
ref=76
ref=76
ref=124
ref=124
ref=124
ref=84
ref=84
ref=84
ref=76
ref=76
ref=76
ref=124
[bp P] seed 47 pm1 -> 576 (best 124)
ref=124
ref=124
ref=84
ref=84
ref=84
ref=76
ref=76
ref=76
ref=124
ref=124
ref=124
ref=84
ref=84
ref=84
ref=76
ref=76
ref=76
ref=124
ref=124
ref=124
ref=84
ref=84
ref=84
ref=76
ref=76
ref=76
ref=124
ref=124
[bp P] seed 48 -> 576 (best 124)
ref=124
ref=84
ref=84
ref=84
ref=76
ref=76
ref=76
ref=124
ref=124
ref=124
ref=84
ref=84
ref=84
ref=76
ref=76
ref=76
ref=124
ref=124
ref=124
ref=84
ref=84
ref=84
ref=76
ref=76
ref=76
ref=124
ref=124
ref=124
ref=84
[bp P] seed 48 pm1 -> 576 (best 124)
ref=84
[bp R] seed 9 -> 999999 (best 76)
ref=84
ref=76
ref=76
ref=76
ref=124
ref=124
ref=124
ref=84
ref=84
ref=84
ref=76
ref=76
ref=76
ref=124
ref=124
[reopt] rep 325: L=84 R=76 P=124 total 284
ref=124
ref=84
ref=84
ref=84
ref=76
ref=76
ref=76
ref=124
ref=124
ref=124
[bp P] seed 49 -> 576 (best 124)
ref=84
ref=84
ref=76
ref=76
ref=76
ref=124
ref=124
ref=124
ref=84
ref=84
ref=84
ref=76
ref=76
ref=76
ref=124
ref=124
ref=124
ref=84
ref=84
ref=84
ref=76
ref=76
ref=76
ref=124
ref=124
ref=124
ref=84
ref=84
[bp P] seed 49 pm1 -> 576 (best 124)
ref=84
ref=76
ref=76
ref=76
ref=124
ref=124
ref=124
ref=84
ref=84
ref=84
ref=76
ref=76
ref=76
ref=124
ref=124
ref=124
ref=84
ref=84
ref=84
ref=76
ref=76
ref=76
ref=124
ref=124
ref=124
ref=84
ref=84
ref=84
ref=76
ref=76
[bp P] seed 50 -> 576 (best 124)
ref=76
ref=124
ref=124
ref=124
ref=84
ref=84
ref=84
ref=76
ref=76
ref=76
ref=124
ref=124
ref=124
ref=84
ref=84
ref=84
ref=76
ref=76
ref=76
ref=124
ref=124
ref=124
ref=84
ref=84
ref=84
ref=76
ref=76
ref=76
ref=124
ref=124
ref=124
ref=84
[bp P] seed 50 pm1 -> 576 (best 124)
ref=84
ref=84
ref=76
ref=76
ref=76
ref=124
ref=124
ref=124
ref=84
ref=84
ref=84
ref=76
ref=76
ref=76
ref=124
ref=124
ref=124
ref=84
ref=84
ref=84
ref=76
ref=76
ref=76
ref=124
ref=124
ref=124
ref=84
ref=84
[bp P] seed 51 -> 576 (best 124)
ref=84
ref=76
ref=76
ref=76
ref=124
ref=124
ref=124
ref=84
ref=84
ref=84
ref=76
ref=76
ref=76
ref=124
ref=124
ref=124
ref=84
[bp R] seed 9 pm1 -> 999999 (best 76)
ref=84
ref=84
ref=76
ref=76
ref=76
ref=124
ref=124
ref=124
ref=84
ref=84
ref=84
ref=76
ref=76
[bp P] seed 51 pm1 -> 576 (best 124)
ref=76
ref=124
ref=124
ref=124
ref=84
ref=84
ref=84
ref=76
ref=76
ref=76
ref=124
ref=124
ref=124
ref=84
ref=84
ref=84
ref=76
ref=76
ref=76
ref=124
ref=124
ref=124
ref=84
ref=84
ref=84
ref=76
ref=76
ref=76
ref=124
ref=124
ref=124
ref=84
[bp P] seed 52 -> 576 (best 124)
ref=84
ref=84
ref=76
ref=76
ref=76
ref=124
ref=124
ref=124
ref=84
ref=84
ref=84
ref=76
ref=76
ref=76
ref=124
ref=124
ref=124
ref=84
ref=84
ref=84
ref=76
ref=76
ref=76
ref=124
ref=124
ref=124
ref=84
ref=84
[bp P] seed 52 pm1 -> 576 (best 124)
ref=84
ref=76
ref=76
ref=76
ref=124
ref=124
[reopt] rep 350: L=84 R=76 P=124 total 284
ref=124
ref=84
ref=84
ref=84
ref=76
ref=76
ref=76
ref=124
ref=124
ref=124
ref=84
ref=84
ref=84
ref=76
ref=76
ref=76
ref=124
ref=124
ref=124
ref=84
ref=84
ref=84
ref=76
ref=76
[bp P] seed 53 -> 576 (best 124)
ref=76
ref=124
ref=124
ref=124
ref=84
ref=84
ref=84
ref=76
ref=76
ref=76
ref=124
ref=124
ref=124
ref=84
ref=84
ref=84
ref=76
ref=76
ref=76
ref=124
ref=124
ref=124
ref=84
ref=84
ref=84
ref=76
ref=76
ref=76
ref=124
ref=124
[bp P] seed 53 pm1 -> 576 (best 124)
ref=124
ref=84
ref=84
ref=84
ref=76
ref=76
ref=76
ref=124
ref=124
ref=124
ref=84
ref=84
ref=84
ref=76
ref=76
ref=76
ref=124
ref=124
ref=124
ref=84
ref=84
ref=84
ref=76
ref=76
ref=76
ref=124
ref=124
ref=124
ref=84
ref=84
[bp P] seed 54 -> 576 (best 124)
ref=84
ref=76
ref=76
ref=76
ref=124
ref=124
ref=124
ref=84
ref=84
ref=84
ref=76
ref=76
ref=76
ref=124
ref=124
ref=124
ref=84
ref=84
ref=84
ref=76
ref=76
[bp R] seed 10 -> 999999 (best 76)
ref=76
ref=124
ref=124
ref=124
ref=84
ref=84
ref=84
ref=76
ref=76
[bp P] seed 54 pm1 -> 576 (best 124)
ref=76
ref=124
ref=124
ref=124
ref=84
ref=84
ref=84
ref=76
ref=76
ref=76
ref=124
ref=124
ref=124
ref=84
ref=84
ref=84
ref=76
ref=76
ref=76
ref=124
ref=124
ref=124
ref=84
ref=84
ref=84
ref=76
ref=76
ref=76
ref=124
[bp P] seed 55 -> 576 (best 124)
ref=124
ref=124
ref=84
ref=84
ref=84
ref=76
ref=76
ref=76
ref=124
ref=124
ref=124
ref=84
ref=84
ref=84
ref=76
ref=76
ref=76
ref=124
ref=124
ref=124
ref=84
ref=84
ref=84
ref=76
ref=76
ref=76
ref=124
ref=124
ref=124
ref=84
ref=84
[bp P] seed 55 pm1 -> 576 (best 124)
ref=84
ref=76
ref=76
ref=76
ref=124
ref=124
ref=124
ref=84
ref=84
ref=84
ref=76
ref=76
ref=76
ref=124
ref=124
ref=124
ref=84
ref=84
ref=84
ref=76
ref=76
ref=76
ref=124
ref=124
ref=124
ref=84
ref=84
ref=84
ref=76
ref=76
[bp P] seed 56 -> 576 (best 124)
ref=76
ref=124
ref=124
ref=124
ref=84
ref=84
ref=84
ref=76
ref=76
ref=76
ref=124
ref=124
ref=124
ref=84
ref=84
ref=84
ref=76
ref=76
ref=76
ref=124
ref=124
[reopt] rep 375: L=84 R=76 P=124 total 284
ref=124
ref=84
ref=84
ref=84
ref=76
ref=76
[bp P] seed 56 pm1 -> 576 (best 124)
ref=76
ref=124
ref=124
ref=124
ref=84
ref=84
ref=84
ref=76
ref=76
ref=76
ref=124
ref=124
ref=84
ref=84
ref=84
ref=76
ref=76
ref=76
ref=124
ref=124
ref=124
ref=84
ref=84
ref=84
ref=76
ref=76
ref=76
ref=124
ref=124
ref=124
ref=84
ref=84
[bp P] seed 57 -> 576 (best 124)
ref=84
ref=76
ref=76
ref=76
ref=124
ref=124
ref=124
ref=84
ref=84
ref=84
ref=76
[bp R] seed 10 pm1 -> 999999 (best 76)
ref=76
ref=76
ref=124
ref=124
ref=124
ref=84
ref=84
ref=84
ref=76
ref=76
ref=76
ref=124
ref=124
ref=124
ref=84
ref=84
ref=84
ref=76
ref=76
[bp P] seed 57 pm1 -> 576 (best 124)
ref=76
ref=124
ref=124
ref=124
ref=84
ref=84
ref=84
ref=76
ref=76
ref=76
ref=124
ref=124
ref=124
ref=84
ref=84
ref=84
ref=76
ref=76
ref=76
ref=124
ref=124
ref=124
ref=84
ref=84
ref=84
ref=76
ref=76
[bp P] seed 58 -> 576 (best 124)
ref=76
ref=124
ref=124
ref=124
ref=84
ref=84
ref=84
ref=76
ref=76
ref=76
ref=124
ref=124
ref=124
ref=84
ref=84
ref=84
ref=76
ref=76
ref=76
ref=124
ref=124
ref=124
ref=84
ref=84
ref=84
ref=76
ref=76
ref=76
ref=124
ref=124
ref=124
[bp P] seed 58 pm1 -> 576 (best 124)
ref=84
ref=84
ref=84
ref=76
ref=76
ref=76
ref=124
ref=124
ref=124
ref=84
ref=84
ref=84
ref=76
ref=76
ref=76
ref=124
ref=124
ref=124
ref=84
ref=84
ref=84
ref=76
ref=76
ref=76
ref=124
ref=124
ref=124
ref=84
ref=84
ref=84
[bp P] seed 59 -> 576 (best 124)
ref=76
ref=76
ref=76
ref=124
ref=124
ref=124
ref=84
ref=84
ref=84
ref=76
ref=76
ref=76
ref=124
ref=124
ref=124
ref=84
ref=84
ref=84
ref=76
ref=76
ref=76
ref=124
ref=124
ref=124
ref=84
ref=84
[bp P] seed 59 pm1 -> 576 (best 124)
ref=84
ref=76
ref=76
ref=76
ref=124
ref=124
ref=124
ref=84
ref=84
ref=84
ref=76
ref=76
ref=76
ref=124
ref=124
ref=124
ref=84
ref=84
ref=84
ref=76
ref=76
ref=76
ref=124
ref=124
ref=124
ref=84
ref=84
ref=84
[bp P] seed 60 -> 576 (best 124)
ref=76
ref=76
ref=76
ref=124
ref=124
ref=124
ref=84
ref=84
ref=84
[bp R] seed 11 -> 999999 (best 76)
ref=76
ref=76
ref=76
ref=124
ref=124
[reopt] rep 400: L=84 R=76 P=124 total 284
[reopt] done: L=84 R=76 P=124 total 284 (record 284)
[bp P] seed 60 pm1 -> 576 (best 124)
[bp P] lane done, best 124 (accurate side base 124)
[bp R] seed 11 pm1 -> 999999 (best 76)
[bp R] seed 12 -> 999999 (best 76)
[bp R] seed 12 pm1 -> 999999 (best 76)
[bp R] seed 13 -> 999999 (best 76)
[bp R] seed 13 pm1 -> 999999 (best 76)
[bp R] seed 14 -> 999999 (best 76)
[bp R] seed 14 pm1 -> 999999 (best 76)
[bp R] seed 15 -> 999999 (best 76)
[bp R] seed 15 pm1 -> 999999 (best 76)
[bp R] seed 16 -> 999999 (best 76)
[bp R] seed 16 pm1 -> 999999 (best 76)
[bp R] seed 17 -> 999999 (best 76)
[bp R] seed 17 pm1 -> 999999 (best 76)
[bp R] seed 18 -> 999999 (best 76)
[bp R] seed 18 pm1 -> 999999 (best 76)
[bp R] seed 19 -> 999999 (best 76)
[bp R] seed 19 pm1 -> 999999 (best 76)
[bp R] seed 20 -> 999999 (best 76)
[bp R] seed 20 pm1 -> 999999 (best 76)
[bp R] seed 21 -> 999999 (best 76)
[bp R] seed 21 pm1 -> 999999 (best 76)
[bp R] seed 22 -> 999999 (best 76)
[bp R] seed 22 pm1 -> 999999 (best 76)
[bp R] seed 23 -> 999999 (best 76)
[bp R] seed 23 pm1 -> 999999 (best 76)
[bp R] seed 24 -> 999999 (best 76)
[bp R] seed 24 pm1 -> 999999 (best 76)
[bp R] seed 25 -> 999999 (best 76)
[bp R] seed 25 pm1 -> 999999 (best 76)
[bp R] seed 26 -> 999999 (best 76)
[bp R] seed 26 pm1 -> 999999 (best 76)
[bp R] seed 27 -> 999999 (best 76)
[bp R] seed 27 pm1 -> 999999 (best 76)
[bp R] seed 28 -> 999999 (best 76)
[bp R] seed 28 pm1 -> 999999 (best 76)
[bp R] seed 29 -> 999999 (best 76)
[bp R] seed 29 pm1 -> 999999 (best 76)
[bp R] seed 30 -> 999999 (best 76)
[bp R] seed 30 pm1 -> 999999 (best 76)
[bp R] seed 31 -> 999999 (best 76)
[bp R] seed 31 pm1 -> 999999 (best 76)
[bp R] seed 32 -> 999999 (best 76)
[bp R] seed 32 pm1 -> 999999 (best 76)
[bp R] seed 33 -> 999999 (best 76)
[bp R] seed 33 pm1 -> 999999 (best 76)
[bp R] seed 34 -> 999999 (best 76)
[bp R] seed 34 pm1 -> 999999 (best 76)
[bp R] seed 35 -> 999999 (best 76)
[bp R] seed 35 pm1 -> 999999 (best 76)
[bp R] seed 36 -> 999999 (best 76)
[bp R] seed 36 pm1 -> 999999 (best 76)
[bp R] seed 37 -> 999999 (best 76)
[bp R] seed 37 pm1 -> 999999 (best 76)
[bp R] seed 38 -> 999999 (best 76)
[bp R] seed 38 pm1 -> 999999 (best 76)
[bp R] seed 39 -> 999999 (best 76)
[bp R] seed 39 pm1 -> 999999 (best 76)
[bp R] seed 40 -> 999999 (best 76)
[bp R] seed 40 pm1 -> 999999 (best 76)
[bp R] seed 41 -> 999999 (best 76)
[bp R] seed 41 pm1 -> 999999 (best 76)
[bp R] seed 42 -> 999999 (best 76)
[bp R] seed 42 pm1 -> 999999 (best 76)
[bp R] seed 43 -> 999999 (best 76)
[bp R] seed 43 pm1 -> 999999 (best 76)
[bp R] seed 44 -> 999999 (best 76)
[bp R] seed 44 pm1 -> 999999 (best 76)
[bp R] seed 45 -> 999999 (best 76)
[bp R] seed 45 pm1 -> 999999 (best 76)
[bp R] seed 46 -> 999999 (best 76)
[bp R] seed 46 pm1 -> 999999 (best 76)
[bp R] seed 47 -> 999999 (best 76)
[bp R] seed 47 pm1 -> 999999 (best 76)
[bp R] seed 48 -> 999999 (best 76)
[bp R] seed 48 pm1 -> 999999 (best 76)
[bp R] seed 49 -> 999999 (best 76)
[bp R] seed 49 pm1 -> 999999 (best 76)
[bp R] seed 50 -> 999999 (best 76)
[bp R] seed 50 pm1 -> 999999 (best 76)
[bp R] seed 51 -> 999999 (best 76)
[bp R] seed 51 pm1 -> 999999 (best 76)
[bp R] seed 52 -> 999999 (best 76)
[bp R] seed 52 pm1 -> 999999 (best 76)
[bp R] seed 53 -> 999999 (best 76)
[bp R] seed 53 pm1 -> 999999 (best 76)
[bp R] seed 54 -> 999999 (best 76)
[bp R] seed 54 pm1 -> 999999 (best 76)
[bp R] seed 55 -> 999999 (best 76)
[bp R] seed 55 pm1 -> 999999 (best 76)
[bp R] seed 56 -> 999999 (best 76)
[bp R] seed 56 pm1 -> 999999 (best 76)
[bp R] seed 57 -> 999999 (best 76)
[bp R] seed 57 pm1 -> 999999 (best 76)
[bp R] seed 58 -> 999999 (best 76)
[bp R] seed 58 pm1 -> 999999 (best 76)
[bp R] seed 59 -> 999999 (best 76)
[bp R] seed 59 pm1 -> 999999 (best 76)
[bp R] seed 60 -> 999999 (best 76)
[bp R] seed 60 pm1 -> 999999 (best 76)
[bp R] lane done, best 76 (accurate side base 76)
=== SEARCHLANE DONE Wed Jul 15 19:13:35 EDT 2026 ===
