walk-00132,1,300,1,8.0,4,0
walk-00102,15,300,2,8.0,7,0
walk-00097,4,250,3,8.0,9,0
walk-00161,22,280,4,8.0,6,0
walk-00043,21,300,5,8.0,8,0
walk-00115,13,300,6,8.0,1,0
walk-00147,14,300,7,8.0,8,0
db-i106w191c23ci-000,0,250,8,8.0,12,0
oh-kim-moon,0,320,9,8.0,9,0
walk-00041,8,250,1,45.0,8,0
walk-00145,20,320,2,45.0,8,0
PLAIN,-1,0,3,120.0,8,0
walk-00124,13,250,4,45.0,3,0
walk-00083,18,250,5,45.0,4,0
PLAIN,-1,0,6,120.0,7,0
walk-00027,12,280,7,45.0,4,0
walk-00160,7,320,8,45.0,4,0
walk-00113,7,280,9,45.0,14,0
walk-00030,13,250,10,45.0,6,0
walk-00100,3,300,11,45.0,7,0
walk-00073,9,300,12,45.0,4,0
walk-00154,12,250,13,45.0,4,0
walk-00128,13,280,14,45.0,5,0
walk-00120,2,320,15,45.0,6,0
walk-00158,12,300,16,45.0,4,0
walk-00145,1,300,17,45.0,9,0
walk-00068,16,280,18,45.0,6,0
courtois-bard-hulme,17,280,19,45.0,11,0
db-i173w239c4ehp-000,11,320,20,45.0,7,0
db-i76w219c48ae-000,0,320,21,45.0,7,0
db-i130w199c238h-000,6,320,22,45.0,12,0
walk-00118,18,280,23,45.0,6,0
walk-00116,13,300,24,45.0,2,0
laderman,19,300,25,45.0,1,0
walk-00083,20,280,26,45.0,7,0
db-i111w221c236f-000,8,250,27,45.0,2,0
PLAIN,-1,0,28,120.0,7,0
walk-00096,7,300,29,45.0,6,0
walk-00072,11,300,30,45.0,8,0
walk-00090,16,280,31,45.0,2,0
walk-00100,14,300,32,45.0,2,0
walk-00031,9,320,33,45.0,1,0
walk-00073,8,250,34,45.0,2,0
walk-00155,6,320,35,45.0,6,0
walk-00126,4,250,36,45.0,3,0
walk-00154,21,320,37,45.0,6,0
smirnov,22,320,38,45.0,2,0
walk-00032,12,300,39,45.0,2,0
PLAIN,-1,0,40,120.0,8,0
walk-00079,1,300,41,45.0,5,0
walk-00104,9,280,42,45.0,6,0
walk-00058,0,250,43,45.0,19,0
db-i15w207c35eh-000,14,280,44,45.0,7,0
walk-00113,3,280,45,45.0,4,0
walk-00151,3,320,46,45.0,12,0
walk-00029,10,320,47,45.0,5,0
PLAIN,-1,0,48,120.0,6,0
db-i142w229c34aj-000,4,300,49,45.0,7,0
walk-00049,12,300,50,45.0,6,0
walk-00161,7,250,51,45.0,3,0
PLAIN,-1,0,52,120.0,7,0
walk-00162,6,300,53,45.0,7,0
walk-00090,11,300,54,45.0,6,0
walk-00085,19,320,55,45.0,4,0
walk-00051,10,250,56,45.0,2,0
PLAIN,-1,0,57,120.0,7,0
walk-00112,3,320,58,45.0,4,0
walk-00082,18,250,59,45.0,8,0
walk-00100,18,250,60,45.0,3,0
walk-00052,1,300,61,45.0,5,0
walk-00028,2,320,62,45.0,3,0
walk-00035,6,280,63,45.0,7,0
walk-00140,5,280,64,45.0,3,0
walk-00051,13,320,65,45.0,5,0
walk-00147,10,250,66,45.0,2,0
walk-00035,0,250,67,45.0,3,0
walk-00106,14,320,68,45.0,2,0
walk-00041,10,320,69,45.0,5,0
db-i99w215c23ci-000,17,320,70,45.0,5,0
courtois-bard-hulme,6,300,71,45.0,7,0
walk-00045,8,250,72,45.0,12,0
PLAIN,-1,0,73,120.0,7,0
walk-00124,9,250,74,45.0,1,0
db-i189w249c356f-000,9,280,75,45.0,1,0
db-i86w239c23ci-000,18,250,76,45.0,5,0
walk-00087,12,250,77,45.0,4,0
walk-00043,2,250,78,45.0,4,0
walk-00116,15,320,79,45.0,2,0
walk-00108,2,280,80,45.0,3,0
walk-00061,10,300,81,45.0,2,0
db-i4w191c467g-000,9,280,82,45.0,1,0
walk-00033,10,280,83,45.0,2,0
walk-00162,5,250,84,45.0,11,0
walk-00041,21,320,85,45.0,4,0
courtois-bard-hulme,14,320,86,45.0,6,0
walk-00111,5,300,87,45.0,3,0
PLAIN,-1,0,88,120.0,7,0
walk-00029,1,300,89,45.0,5,0
walk-00060,8,300,90,45.0,6,0
walk-00069,19,250,91,45.0,3,0
walk-00070,16,300,92,45.0,8,0
walk-00082,7,300,93,45.0,6,0
walk-00082,22,320,94,45.0,6,0
walk-00095,20,280,95,45.0,2,0
walk-00155,20,300,96,45.0,3,0
walk-00077,9,300,97,45.0,8,0
walk-00120,5,320,98,45.0,8,0
db-i76w219c48ae-000,16,320,99,45.0,6,0
walk-00134,6,250,100,45.0,4,0
walk-00114,12,280,101,45.0,4,0
walk-00048,8,250,102,45.0,11,0
walk-00046,4,250,103,45.0,12,0
walk-00086,12,320,104,45.0,2,0
walk-00108,14,280,105,45.0,8,0
walk-00055,13,320,106,45.0,10,0
walk-00096,7,320,107,45.0,13,0
walk-00160,14,250,108,45.0,5,0
db-i76w219c48ae-000,7,300,109,45.0,4,0
walk-00062,17,280,110,45.0,2,0
walk-00089,21,320,111,45.0,9,0
walk-00150,13,250,112,45.0,2,0
walk-00123,6,300,113,45.0,7,0
walk-00031,3,250,114,45.0,4,0
walk-00059,2,300,115,45.0,8,0
walk-00116,16,300,116,45.0,8,0
walk-00140,11,300,117,45.0,8,0
db-i167w203c46ef-000,15,250,118,45.0,8,0
db-i126w211c347g-000,0,300,119,45.0,12,0
walk-00143,19,320,120,45.0,2,0
walk-00140,19,280,121,45.0,3,0
walk-00124,18,320,122,45.0,6,0
laderman,18,250,123,45.0,1,0
walk-00088,20,300,124,45.0,5,0
smirnov,4,320,125,45.0,6,0
walk-00043,19,250,126,45.0,3,0
walk-00130,21,300,127,45.0,6,0
walk-00091,15,280,128,45.0,4,0
walk-00094,16,250,129,45.0,1,0
PLAIN,-1,0,130,120.0,7,0
walk-00030,5,280,131,45.0,6,0
walk-00095,19,300,132,45.0,8,0
walk-00085,10,300,133,45.0,6,0
PLAIN,-1,0,134,120.0,7,0
db-i126w211c347g-000,1,280,135,45.0,5,0
db-i126w211c347g-000,8,300,136,45.0,6,0
walk-00127,5,320,137,45.0,6,0
walk-00109,22,280,138,45.0,4,0
walk-00087,21,250,139,45.0,5,0
walk-00135,7,300,140,45.0,4,0
PLAIN,-1,0,141,120.0,7,0
db-i189w249c356f-000,14,280,142,45.0,8,0
walk-00066,4,280,143,45.0,6,0
walk-00127,7,250,144,45.0,15,0
walk-00103,2,250,145,45.0,5,0
walk-00151,3,280,146,45.0,7,0
PLAIN,-1,0,147,120.0,7,0
walk-00080,21,250,148,45.0,4,0
db-i86w239c23ci-000,14,300,149,45.0,3,0
walk-00069,3,280,150,45.0,4,0
walk-00140,12,280,151,45.0,5,0
walk-00097,14,320,152,45.0,4,0
walk-00091,10,320,153,45.0,4,0
walk-00045,1,250,154,45.0,7,0
walk-00106,12,300,155,45.0,7,0
walk-00063,0,250,156,45.0,7,0
courtois-bard-hulme,1,320,157,45.0,12,0
walk-00143,20,300,158,45.0,13,0
PLAIN,-1,0,159,120.0,7,0
walk-00058,1,300,160,45.0,7,0
walk-00073,0,320,161,45.0,9,0
walk-00074,21,320,162,45.0,9,0
walk-00093,8,280,163,45.0,6,0
PLAIN,-1,0,164,120.0,7,0
db-i4w191c467g-000,22,250,165,45.0,3,0
walk-00162,6,320,166,45.0,10,0
db-i86w239c23ci-000,2,300,167,45.0,3,0
walk-00063,1,280,168,45.0,4,0
walk-00038,20,250,169,45.0,18,0
walk-00050,10,250,170,45.0,9,0
walk-00138,21,280,171,45.0,2,0
walk-00139,0,300,172,45.0,7,0
walk-00108,2,300,173,45.0,3,0
walk-00039,8,300,174,45.0,5,0
walk-00122,3,300,175,45.0,8,0
walk-00087,16,280,176,45.0,2,0
walk-00155,12,320,177,45.0,4,0
walk-00139,16,250,178,45.0,2,0
walk-00076,11,320,179,45.0,4,0
PLAIN,-1,0,180,120.0,7,0
walk-00041,1,300,181,45.0,5,0
walk-00106,11,300,182,45.0,7,0
walk-00158,16,250,183,45.0,2,0
walk-00108,10,250,184,45.0,4,0
walk-00147,14,300,185,45.0,7,0
walk-00045,18,250,186,45.0,4,0
PLAIN,-1,0,187,120.0,7,0
walk-00089,7,300,188,45.0,8,0
walk-00119,12,300,189,45.0,7,0
walk-00112,17,280,190,45.0,2,0
walk-00081,18,280,191,45.0,3,0
walk-00130,19,250,192,45.0,1,0
walk-00093,22,250,193,45.0,4,0
smirnov,18,250,194,45.0,6,0
walk-00080,20,280,195,45.0,8,0
PLAIN,-1,0,196,120.0,7,0
walk-00149,22,300,197,45.0,7,0
db-i47w215c36ef-000,15,280,198,45.0,3,0
walk-00118,17,280,199,45.0,4,0
walk-00090,13,280,200,45.0,3,0
walk-00122,16,320,201,45.0,4,0
walk-00155,18,320,202,45.0,7,0
walk-00142,0,280,203,45.0,6,0
walk-00026,17,250,204,45.0,10,0
walk-00105,17,300,205,45.0,4,0
walk-00157,13,300,206,45.0,6,0
walk-00154,14,280,207,45.0,8,0
walk-00027,13,250,208,45.0,5,0
walk-00097,21,250,209,45.0,3,0
walk-00026,12,300,210,45.0,6,0
PLAIN,-1,0,1,15.0,10,0
PAIR22,-2,0,2,15.0,15,0
walk-00026,4,250,3,10.0,5,0
walk-00045,7,250,4,10.0,4,0
walk-00068,14,250,5,10.0,8,0
PAIR22,-2,0,6,15.0,16,0
PAIR22,-2,0,7,15.0,14,0
walk-00039,0,150,1,60.0,15,0
walk-00103,20,250,2,60.0,11,0
db-i189w249c356f-000,3,200,3,60.0,19,0
walk-00155,5,250,4,60.0,8,0
PLAIN,-1,0,5,120.0,6,0
walk-00118,14,200,6,60.0,18,0
PLAIN,-1,0,7,120.0,6,0
PLAIN,-1,0,8,120.0,7,0
PAIR22,-2,0,9,120.0,13,0
PAIR22,-2,0,10,120.0,11,0
PLAIN,-1,0,11,120.0,7,0
db-i130w199c238h-000,1,200,12,60.0,10,0
walk-00118,5,200,13,60.0,13,0
PAIR22,-2,0,14,120.0,13,0
walk-00143,1,200,15,60.0,14,0
walk-00153,12,250,16,60.0,5,0
walk-00143,6,250,17,60.0,4,0
PLAIN,-1,0,18,120.0,7,0
walk-00067,7,200,19,60.0,14,0
PAIR22,-2,0,20,120.0,13,0
PAIR22,-2,0,21,120.0,13,0
PLAIN,-1,0,22,120.0,7,0
laderman,3,200,23,60.0,8,0
walk-00073,1,150,24,60.0,16,0
PAIR22,-2,0,25,120.0,15,0
walk-00052,6,200,26,60.0,14,0
walk-00040,16,250,27,60.0,3,0
PAIR22,-2,0,28,120.0,14,0
PAIR22,-2,0,29,120.0,11,0
PAIR22,-2,0,30,120.0,13,0
PAIR22,-2,0,31,120.0,11,0
PAIR22,-2,0,32,120.0,13,0
walk-00065,6,250,33,60.0,9,0
PAIR22,-2,0,34,120.0,11,0
walk-00088,5,150,35,60.0,14,0
PAIR22,-2,0,36,120.0,13,0
PAIR22,-2,0,37,120.0,14,0
PAIR22,-2,0,38,120.0,13,0
PLAIN,-1,0,39,120.0,6,0
walk-00127,6,200,40,60.0,14,0
PAIR22,-2,0,41,120.0,12,0
walk-00031,14,150,42,60.0,14,0
PLAIN,-1,0,43,120.0,7,0
PAIR22,-2,0,44,120.0,12,0
PAIR22,-2,0,45,120.0,14,0
db-i126w211c347g-000,2,250,46,60.0,11,0
PAIR22,-2,0,47,120.0,10,0
PAIR22,-2,0,48,120.0,13,0
PLAIN,-1,0,49,120.0,7,0
PLAIN,-1,0,50,120.0,7,0
walk-00084,13,150,51,60.0,12,0
PAIR22,-2,0,52,120.0,11,0
laderman,11,200,53,60.0,5,0
PAIR22,-2,0,54,120.0,13,0
PAIR22,-2,0,55,120.0,13,0
PLAIN,-1,0,56,120.0,6,0
PLAIN,-1,0,57,120.0,7,0
PAIR22,-2,0,58,120.0,12,0
PAIR22,-2,0,59,120.0,9,0
PAIR22,-2,0,60,120.0,14,0
PLAIN,-1,0,61,120.0,7,0
PLAIN,-1,0,62,120.0,6,0
PAIR22,-2,0,63,120.0,11,0
walk-00136,13,250,64,60.0,20,0
PLAIN,-1,0,65,120.0,8,0
walk-00159,1,150,66,60.0,13,0
PAIR22,-2,0,67,120.0,13,0
walk-00099,4,200,68,60.0,11,0
walk-00130,2,150,69,60.0,13,0
PAIR22,-2,0,70,120.0,14,0
walk-00040,16,250,71,60.0,5,0
PLAIN,-1,0,72,120.0,7,0
PAIR22,-2,0,73,120.0,11,0
PAIR22,-2,0,74,120.0,11,0
PAIR22,-2,0,75,120.0,13,0
PAIR22,-2,0,76,120.0,11,0
PAIR22,-2,0,77,120.0,12,0
PAIR22,-2,0,78,120.0,11,0
PAIR22,-2,0,79,120.0,13,0
PAIR22,-2,0,80,120.0,10,0
PAIR22,-2,0,81,120.0,12,0
walk-00079,0,150,82,60.0,12,0
walk-00152,12,200,83,60.0,13,0
PAIR22,-2,0,84,120.0,11,0
PAIR22,-2,0,85,120.0,10,0
walk-00132,20,250,86,60.0,14,0
PAIR22,-2,0,87,120.0,12,0
PLAIN,-1,0,88,120.0,7,0
PLAIN,-1,0,89,120.0,7,0
PLAIN,-1,0,90,120.0,7,0
PAIR22,-2,0,91,120.0,11,0
walk-00062,14,150,92,60.0,13,0
walk-00034,1,200,93,60.0,13,0
PAIR22,-2,0,94,120.0,12,0
PLAIN,-1,0,95,120.0,7,0
PAIR22,-2,0,96,120.0,13,0
PAIR22,-2,0,97,120.0,15,0
walk-00090,6,150,98,60.0,17,0
walk-00085,13,200,99,60.0,15,0
PLAIN,-1,0,100,120.0,7,0
walk-00123,4,200,101,60.0,10,0
PLAIN,-1,0,102,120.0,8,0
PAIR22,-2,0,103,120.0,10,0
walk-00145,4,250,104,60.0,6,0
walk-00045,6,250,105,60.0,11,0
PLAIN,-1,0,106,120.0,7,0
walk-00027,6,200,107,60.0,15,0
walk-00049,2,200,108,60.0,16,0
db-i76w219c48ae-000,12,150,109,60.0,15,0
PAIR22,-2,0,110,120.0,14,0
PAIR22,-2,0,111,120.0,10,0
PLAIN,-1,0,112,120.0,8,0
PAIR22,-2,0,113,120.0,12,0
PLAIN,-1,0,114,120.0,6,0
PLAIN,-1,0,115,120.0,6,0
walk-00043,5,150,116,60.0,13,0
PLAIN,-1,0,117,120.0,7,0
walk-00149,8,200,118,60.0,14,0
walk-00142,1,150,119,60.0,9,0
PAIR22,-2,0,120,120.0,12,0
